[0.003s][info][gc,init] CardTable entry size: 512
[0.003s][info][gc     ] Using Parallel
[0.005s][info][gc,init] Version: 21.0.7+6-LTS (release)
[0.005s][info][gc,init] CPUs: 4 total, 4 available
[0.005s][info][gc,init] Memory: 15995M
[0.005s][info][gc,init] Large Page Support: Disabled
[0.005s][info][gc,init] NUMA Support: Disabled
[0.005s][info][gc,init] Compressed Oops: Enabled (Zero based)
[0.005s][info][gc,init] Alignments: Space 512K, Generation 512K, Heap 2M
[0.005s][info][gc,init] Heap Min Capacity: 2054M
[0.005s][info][gc,init] Heap Initial Capacity: 2054M
[0.005s][info][gc,init] Heap Max Capacity: 5G
[0.005s][info][gc,init] Pre-touch: Disabled
[0.005s][info][gc,init] Parallel Workers: 4
[0.013s][info][gc,metaspace] CDS archive(s) mapped at: [0x00007fefb0000000-0x00007fefb0c97000-0x00007fefb0c97000), size 13201408, SharedBaseAddress: 0x00007fefb0000000, ArchiveRelocationMode: 1.
[0.014s][info][gc,metaspace] Compressed class space mapped at: 0x00007fefb1000000-0x00007feff1000000, reserved size: 1073741824
[0.014s][info][gc,metaspace] Narrow klass base: 0x00007fefb0000000, Narrow klass shift: 0, Narrow klass range: 0x100000000
[0.241s][info][safepoint   ] Safepoint "ICBufferFull", Time since last: 220859594 ns, Reaching safepoint: 83603 ns, Cleanup: 94204 ns, At safepoint: 12400 ns, Total: 190207 ns
[0.382s][info][safepoint   ] Safepoint "RedefineClasses", Time since last: 134776723 ns, Reaching safepoint: 3800 ns, Cleanup: 67103 ns, At safepoint: 5649014 ns, Total: 5719917 ns
[0.525s][info][safepoint   ] Safepoint "JFRCheckpoint", Time since last: 143278446 ns, Reaching safepoint: 97904 ns, Cleanup: 50402 ns, At safepoint: 12600 ns, Total: 160906 ns
[1.254s][info][safepoint   ] Safepoint "ICBufferFull", Time since last: 729170615 ns, Reaching safepoint: 3800 ns, Cleanup: 111104 ns, At safepoint: 2500 ns, Total: 117404 ns
[1.669s][info][safepoint   ] Safepoint "ICBufferFull", Time since last: 414793766 ns, Reaching safepoint: 3800 ns, Cleanup: 119104 ns, At safepoint: 1700 ns, Total: 124604 ns
[1.936s][info][gc,start    ] GC(0) Pause Young (Metadata GC Threshold)
[1.955s][debug][gc,phases   ] GC(0) Scavenge 18.555ms
[1.955s][debug][gc,ref      ] GC(0) ReferenceProcessor::execute queues: 3, RefProcThreadModel::Multi, marks_oops_alive: false
[1.955s][debug][gc,ref      ] GC(0) ReferenceProcessor::execute queues: 4, RefProcThreadModel::Multi, marks_oops_alive: true
[1.955s][debug][gc,ref      ] GC(0) ReferenceProcessor::execute queues: 1, RefProcThreadModel::Single, marks_oops_alive: false
[1.956s][debug][gc,phases   ] GC(0) Reference Processing 0.373ms
[1.956s][debug][gc,phases   ] GC(0)   VM Weak                        Min:  0.0, Avg:  0.0, Max:  0.0, Diff:  0.0, Sum:  0.0, Workers: 4
[1.956s][debug][gc,phases   ] GC(0)     Dead                           Min: 0, Avg:  0.0, Max: 0, Diff: 0, Sum: 0, Workers: 4
[1.956s][debug][gc,phases   ] GC(0)     Total                          Min: 0, Avg: 59.5, Max: 192, Diff: 192, Sum: 238, Workers: 4
[1.956s][debug][gc,phases   ] GC(0)   ObjectSynchronizer Weak        Min:  0.0, Avg:  0.0, Max:  0.0, Diff:  0.0, Sum:  0.0, Workers: 4
[1.956s][debug][gc,phases   ] GC(0)     Dead                           Min: 0, Avg:  0.2, Max: 1, Diff: 1, Sum: 1, Workers: 4
[1.956s][debug][gc,phases   ] GC(0)     Total                          Min: 0, Avg:  2.2, Max: 9, Diff: 9, Sum: 9, Workers: 4
[1.956s][debug][gc,phases   ] GC(0)   JVMTI Tag Weak OopStorage      Min:  0.0, Avg:  0.0, Max:  0.0, Diff:  0.0, Sum:  0.0, Workers: 4
[1.956s][debug][gc,phases   ] GC(0)     Dead                           Min: 0, Avg:  0.0, Max: 0, Diff: 0, Sum: 0, Workers: 4
[1.956s][debug][gc,phases   ] GC(0)     Total                          Min: 0, Avg:  0.0, Max: 0, Diff: 0, Sum: 0, Workers: 4
[1.956s][debug][gc,phases   ] GC(0)   StringTable Weak               Min:  0.0, Avg:  0.1, Max:  0.1, Diff:  0.1, Sum:  0.2, Workers: 4
[1.956s][debug][gc,phases   ] GC(0)     Dead                           Min: 0, Avg:  7.5, Max: 20, Diff: 20, Sum: 30, Workers: 4
[1.956s][debug][gc,phases   ] GC(0)     Total                          Min: 0, Avg: 2001.8, Max: 3591, Diff: 3591, Sum: 8007, Workers: 4
[1.956s][debug][gc,phases   ] GC(0)   ResolvedMethodTable Weak       Min:  0.0, Avg:  0.0, Max:  0.0, Diff:  0.0, Sum:  0.1, Workers: 4
[1.956s][debug][gc,phases   ] GC(0)     Dead                           Min: 0, Avg: 96.5, Max: 161, Diff: 161, Sum: 386, Workers: 4
[1.956s][debug][gc,phases   ] GC(0)     Total                          Min: 0, Avg: 469.5, Max: 854, Diff: 854, Sum: 1878, Workers: 4
[1.956s][debug][gc,phases   ] GC(0)   JNI Weak                       Min:  0.0, Avg:  0.0, Max:  0.0, Diff:  0.0, Sum:  0.0, Workers: 4
[1.956s][debug][gc,phases   ] GC(0)     Dead                           Min: 0, Avg:  0.0, Max: 0, Diff: 0, Sum: 0, Workers: 4
[1.956s][debug][gc,phases   ] GC(0)     Total                          Min: 0, Avg: 12.2, Max: 49, Diff: 49, Sum: 49, Workers: 4
[1.956s][debug][gc,phases   ] GC(0)   StringDedup Table Weak         Min:  0.0, Avg:  0.0, Max:  0.0, Diff:  0.0, Sum:  0.0, Workers: 4
[1.956s][debug][gc,phases   ] GC(0)     Dead                           Min: 0, Avg:  0.0, Max: 0, Diff: 0, Sum: 0, Workers: 4
[1.956s][debug][gc,phases   ] GC(0)     Total                          Min: 0, Avg:  0.0, Max: 0, Diff: 0, Sum: 0, Workers: 4
[1.956s][debug][gc,phases   ] GC(0)   StringDedup Requests0 Weak     Min:  0.0, Avg:  0.0, Max:  0.0, Diff:  0.0, Sum:  0.0, Workers: 4
[1.956s][debug][gc,phases   ] GC(0)     Dead                           Min: 0, Avg:  0.0, Max: 0, Diff: 0, Sum: 0, Workers: 4
[1.956s][debug][gc,phases   ] GC(0)     Total                          Min: 0, Avg:  0.0, Max: 0, Diff: 0, Sum: 0, Workers: 4
[1.956s][debug][gc,phases   ] GC(0)   StringDedup Requests1 Weak     Min:  0.0, Avg:  0.0, Max:  0.0, Diff:  0.0, Sum:  0.0, Workers: 4
[1.956s][debug][gc,phases   ] GC(0)     Dead                           Min: 0, Avg:  0.0, Max: 0, Diff: 0, Sum: 0, Workers: 4
[1.956s][debug][gc,phases   ] GC(0)     Total                          Min: 0, Avg:  0.0, Max: 0, Diff: 0, Sum: 0, Workers: 4
[1.956s][debug][gc,phases   ] GC(0)   Weak JFR Old Object Samples    Min:  0.0, Avg:  0.0, Max:  0.0, Diff:  0.0, Sum:  0.0, Workers: 4
[1.956s][debug][gc,phases   ] GC(0)     Dead                           Min: 0, Avg:  0.0, Max: 0, Diff: 0, Sum: 0, Workers: 4
[1.956s][debug][gc,phases   ] GC(0)     Total                          Min: 0, Avg:  0.0, Max: 0, Diff: 0, Sum: 0, Workers: 4
[1.956s][debug][gc,phases   ] GC(0) Weak Processing 0.311ms
[1.956s][debug][gc,age      ] GC(0) Desired survivor size 536870912 bytes, new threshold 7 (max threshold 15)
[1.956s][info ][gc,heap     ] GC(0) PSYoungGen: 393177K(1572864K)->37866K(1572864K) Eden: 393177K(1048576K)->0K(1048576K) From: 0K(524288K)->37866K(524288K)
[1.956s][info ][gc,heap     ] GC(0) ParOldGen: 1073K(6144K)->1145K(6144K)
[1.956s][info ][gc,metaspace] GC(0) Metaspace: 21146K(21504K)->21146K(21504K) NonClass: 18820K(19008K)->18820K(19008K) Class: 2326K(2496K)->2326K(2496K)
[1.956s][info ][gc          ] GC(0) Pause Young (Metadata GC Threshold) 385M->38M(1542M) 19.796ms
[1.956s][info ][gc,cpu      ] GC(0) User=0.06s Sys=0.02s Real=0.02s
[1.956s][debug][gc,phases   ] GC(1) Pre Compact 0.009ms
[1.956s][info ][gc,start    ] GC(1) Pause Full (Metadata GC Threshold)
[1.956s][info ][gc,phases,start] GC(1) Marking Phase
[1.968s][debug][gc,phases      ] GC(1) Par Mark 11.553ms
[1.968s][debug][gc,ref         ] GC(1) ReferenceProcessor::execute queues: 1, RefProcThreadModel::Single, marks_oops_alive: false
[1.968s][debug][gc,ref         ] GC(1) ReferenceProcessor::execute queues: 4, RefProcThreadModel::Multi, marks_oops_alive: true
[1.968s][debug][gc,ref         ] GC(1) ReferenceProcessor::execute queues: 1, RefProcThreadModel::Single, marks_oops_alive: false
[1.968s][debug][gc,phases      ] GC(1) Reference Processing 0.149ms
[1.968s][debug][gc,phases      ] GC(1)   VM Weak                        Min:  0.0, Avg:  0.0, Max:  0.0, Diff:  0.0, Sum:  0.0, Workers: 4
[1.968s][debug][gc,phases      ] GC(1)     Dead                           Min: 0, Avg:  0.0, Max: 0, Diff: 0, Sum: 0, Workers: 4
[1.968s][debug][gc,phases      ] GC(1)     Total                          Min: 0, Avg: 59.5, Max: 128, Diff: 128, Sum: 238, Workers: 4
[1.968s][debug][gc,phases      ] GC(1)   ObjectSynchronizer Weak        Min:  0.0, Avg:  0.0, Max:  0.0, Diff:  0.0, Sum:  0.0, Workers: 4
[1.968s][debug][gc,phases      ] GC(1)     Dead                           Min: 0, Avg:  0.0, Max: 0, Diff: 0, Sum: 0, Workers: 4
[1.968s][debug][gc,phases      ] GC(1)     Total                          Min: 0, Avg:  2.2, Max: 9, Diff: 9, Sum: 9, Workers: 4
[1.968s][debug][gc,phases      ] GC(1)   JVMTI Tag Weak OopStorage      Min:  0.0, Avg:  0.0, Max:  0.0, Diff:  0.0, Sum:  0.0, Workers: 4
[1.968s][debug][gc,phases      ] GC(1)     Dead                           Min: 0, Avg:  0.0, Max: 0, Diff: 0, Sum: 0, Workers: 4
[1.968s][debug][gc,phases      ] GC(1)     Total                          Min: 0, Avg:  0.0, Max: 0, Diff: 0, Sum: 0, Workers: 4
[1.968s][debug][gc,phases      ] GC(1)   StringTable Weak               Min:  0.0, Avg:  0.0, Max:  0.0, Diff:  0.0, Sum:  0.1, Workers: 4
[1.968s][debug][gc,phases      ] GC(1)     Dead                           Min: 0, Avg:  0.0, Max: 0, Diff: 0, Sum: 0, Workers: 4
[1.968s][debug][gc,phases      ] GC(1)     Total                          Min: 0, Avg: 2001.8, Max: 2816, Diff: 2816, Sum: 8007, Workers: 4
[1.968s][debug][gc,phases      ] GC(1)   ResolvedMethodTable Weak       Min:  0.0, Avg:  0.0, Max:  0.0, Diff:  0.0, Sum:  0.0, Workers: 4
[1.968s][debug][gc,phases      ] GC(1)     Dead                           Min: 0, Avg:  0.0, Max: 0, Diff: 0, Sum: 0, Workers: 4
[1.968s][debug][gc,phases      ] GC(1)     Total                          Min: 0, Avg: 469.5, Max: 640, Diff: 640, Sum: 1878, Workers: 4
[1.968s][debug][gc,phases      ] GC(1)   JNI Weak                       Min:  0.0, Avg:  0.0, Max:  0.0, Diff:  0.0, Sum:  0.0, Workers: 4
[1.968s][debug][gc,phases      ] GC(1)     Dead                           Min: 0, Avg:  0.0, Max: 0, Diff: 0, Sum: 0, Workers: 4
[1.968s][debug][gc,phases      ] GC(1)     Total                          Min: 0, Avg: 12.2, Max: 49, Diff: 49, Sum: 49, Workers: 4
[1.968s][debug][gc,phases      ] GC(1)   StringDedup Table Weak         Min:  0.0, Avg:  0.0, Max:  0.0, Diff:  0.0, Sum:  0.0, Workers: 4
[1.968s][debug][gc,phases      ] GC(1)     Dead                           Min: 0, Avg:  0.0, Max: 0, Diff: 0, Sum: 0, Workers: 4
[1.968s][debug][gc,phases      ] GC(1)     Total                          Min: 0, Avg:  0.0, Max: 0, Diff: 0, Sum: 0, Workers: 4
[1.968s][debug][gc,phases      ] GC(1)   StringDedup Requests0 Weak     Min:  0.0, Avg:  0.0, Max:  0.0, Diff:  0.0, Sum:  0.0, Workers: 4
[1.968s][debug][gc,phases      ] GC(1)     Dead                           Min: 0, Avg:  0.0, Max: 0, Diff: 0, Sum: 0, Workers: 4
[1.968s][debug][gc,phases      ] GC(1)     Total                          Min: 0, Avg:  0.0, Max: 0, Diff: 0, Sum: 0, Workers: 4
[1.968s][debug][gc,phases      ] GC(1)   StringDedup Requests1 Weak     Min:  0.0, Avg:  0.0, Max:  0.0, Diff:  0.0, Sum:  0.0, Workers: 4
[1.968s][debug][gc,phases      ] GC(1)     Dead                           Min: 0, Avg:  0.0, Max: 0, Diff: 0, Sum: 0, Workers: 4
[1.968s][debug][gc,phases      ] GC(1)     Total                          Min: 0, Avg:  0.0, Max: 0, Diff: 0, Sum: 0, Workers: 4
[1.968s][debug][gc,phases      ] GC(1)   Weak JFR Old Object Samples    Min:  0.0, Avg:  0.0, Max:  0.0, Diff:  0.0, Sum:  0.0, Workers: 4
[1.968s][debug][gc,phases      ] GC(1)     Dead                           Min: 0, Avg:  0.0, Max: 0, Diff: 0, Sum: 0, Workers: 4
[1.968s][debug][gc,phases      ] GC(1)     Total                          Min: 0, Avg:  0.0, Max: 0, Diff: 0, Sum: 0, Workers: 4
[1.968s][debug][gc,phases      ] GC(1) Weak Processing 0.250ms
[1.968s][debug][gc,phases      ] GC(1) ClassLoaderData 0.031ms
[1.968s][debug][gc,phases      ] GC(1) Trigger cleanups 0.000ms
[1.974s][debug][gc,phases      ] GC(1) Purge Unlinked NMethods 0.002ms
[1.974s][debug][gc,phases      ] GC(1) Unregister NMethods 0.014ms
[1.974s][debug][gc,phases      ] GC(1) Free Code Blobs 0.001ms
[1.974s][debug][gc,phases      ] GC(1) Class Unloading 5.818ms
[1.974s][debug][gc,phases      ] GC(1) Report Object Count 0.002ms
[1.974s][info ][gc,phases      ] GC(1) Marking Phase 17.845ms
[1.974s][info ][gc,phases,start] GC(1) Summary Phase
[1.974s][info ][gc,phases      ] GC(1) Summary Phase 0.005ms
[1.974s][info ][gc,phases,start] GC(1) Adjust Roots
[1.979s][info ][gc,phases      ] GC(1) Adjust Roots 4.897ms
[1.979s][info ][gc,phases,start] GC(1) Compaction Phase
[1.999s][info ][gc,phases      ] GC(1) Compaction Phase 19.766ms
[1.999s][info ][gc,phases,start] GC(1) Post Compact
[2.000s][debug][gc,phases      ] GC(1) Purge Class Loader Data 0.945ms
[2.000s][info ][gc,phases      ] GC(1) Post Compact 1.942ms
[2.001s][info ][gc,heap        ] GC(1) PSYoungGen: 37866K(1572864K)->32619K(1572864K) Eden: 0K(1048576K)->0K(1048576K) From: 37866K(524288K)->32619K(524288K)
[2.001s][info ][gc,heap        ] GC(1) ParOldGen: 1145K(6144K)->6078K(6144K)
[2.001s][info ][gc,metaspace   ] GC(1) Metaspace: 21146K(21504K)->21146K(21504K) NonClass: 18820K(19008K)->18820K(19008K) Class: 2326K(2496K)->2326K(2496K)
[2.001s][info ][gc             ] GC(1) Pause Full (Metadata GC Threshold) 38M->37M(1542M) 44.599ms
[2.001s][info ][gc,cpu         ] GC(1) User=0.12s Sys=0.00s Real=0.04s
[2.001s][info ][safepoint      ] Safepoint "CollectForMetadataAllocation", Time since last: 266644135 ns, Reaching safepoint: 3500 ns, Cleanup: 90704 ns, At safepoint: 64505951 ns, Total: 64600155 ns
[2.366s][info ][safepoint      ] Safepoint "ICBufferFull", Time since last: 365273784 ns, Reaching safepoint: 81303 ns, Cleanup: 126405 ns, At safepoint: 9200 ns, Total: 216908 ns
[2.622s][info ][safepoint      ] Safepoint "ICBufferFull", Time since last: 256014631 ns, Reaching safepoint: 4500 ns, Cleanup: 109904 ns, At safepoint: 7100 ns, Total: 121504 ns
[2.762s][info ][safepoint      ] Safepoint "ICBufferFull", Time since last: 139424700 ns, Reaching safepoint: 5000 ns, Cleanup: 146205 ns, At safepoint: 2300 ns, Total: 153505 ns
[3.035s][info ][safepoint      ] Safepoint "ICBufferFull", Time since last: 273391292 ns, Reaching safepoint: 4500 ns, Cleanup: 139405 ns, At safepoint: 2800 ns, Total: 146705 ns
[3.341s][info ][gc,start       ] GC(2) Pause Young (Metadata GC Threshold)
[3.379s][debug][gc,phases      ] GC(2) Scavenge 37.023ms
[3.379s][debug][gc,ref         ] GC(2) ReferenceProcessor::execute queues: 4, RefProcThreadModel::Multi, marks_oops_alive: false
[3.379s][debug][gc,ref         ] GC(2) ReferenceProcessor::execute queues: 4, RefProcThreadModel::Multi, marks_oops_alive: true
[3.379s][debug][gc,ref         ] GC(2) ReferenceProcessor::execute queues: 2, RefProcThreadModel::Multi, marks_oops_alive: false
[3.379s][debug][gc,phases      ] GC(2) Reference Processing 0.738ms
[3.380s][debug][gc,phases      ] GC(2)   VM Weak                        Min:  0.0, Avg:  0.0, Max:  0.0, Diff:  0.0, Sum:  0.0, Workers: 4
[3.380s][debug][gc,phases      ] GC(2)     Dead                           Min: 0, Avg:  0.0, Max: 0, Diff: 0, Sum: 0, Workers: 4
[3.380s][debug][gc,phases      ] GC(2)     Total                          Min: 0, Avg: 72.2, Max: 128, Diff: 128, Sum: 289, Workers: 4
[3.380s][debug][gc,phases      ] GC(2)   ObjectSynchronizer Weak        Min:  0.0, Avg:  0.0, Max:  0.0, Diff:  0.0, Sum:  0.0, Workers: 4
[3.380s][debug][gc,phases      ] GC(2)     Dead                           Min: 0, Avg:  0.0, Max: 0, Diff: 0, Sum: 0, Workers: 4
[3.380s][debug][gc,phases      ] GC(2)     Total                          Min: 0, Avg:  2.8, Max: 11, Diff: 11, Sum: 11, Workers: 4
[3.380s][debug][gc,phases      ] GC(2)   JVMTI Tag Weak OopStorage      Min:  0.0, Avg:  0.0, Max:  0.0, Diff:  0.0, Sum:  0.0, Workers: 4
[3.380s][debug][gc,phases      ] GC(2)     Dead                           Min: 0, Avg:  0.0, Max: 0, Diff: 0, Sum: 0, Workers: 4
[3.380s][debug][gc,phases      ] GC(2)     Total                          Min: 0, Avg:  0.0, Max: 0, Diff: 0, Sum: 0, Workers: 4
[3.380s][debug][gc,phases      ] GC(2)   StringTable Weak               Min:  0.1, Avg:  0.1, Max:  0.1, Diff:  0.0, Sum:  0.6, Workers: 4
[3.380s][debug][gc,phases      ] GC(2)     Dead                           Min: 1, Avg:  2.8, Max: 6, Diff: 5, Sum: 11, Workers: 4
[3.380s][debug][gc,phases      ] GC(2)     Total                          Min: 3328, Avg: 3686.2, Max: 4288, Diff: 960, Sum: 14745, Workers: 4
[3.380s][debug][gc,phases      ] GC(2)   ResolvedMethodTable Weak       Min:  0.1, Avg:  0.1, Max:  0.1, Diff:  0.0, Sum:  0.2, Workers: 4
[3.380s][debug][gc,phases      ] GC(2)     Dead                           Min: 351, Avg: 433.5, Max: 609, Diff: 258, Sum: 1734, Workers: 4
[3.380s][debug][gc,phases      ] GC(2)     Total                          Min: 1151, Avg: 1193.2, Max: 1280, Diff: 129, Sum: 4773, Workers: 4
[3.380s][debug][gc,phases      ] GC(2)   JNI Weak                       Min:  0.0, Avg:  0.0, Max:  0.0, Diff:  0.0, Sum:  0.0, Workers: 4
[3.380s][debug][gc,phases      ] GC(2)     Dead                           Min: 0, Avg:  0.0, Max: 0, Diff: 0, Sum: 0, Workers: 4
[3.380s][debug][gc,phases      ] GC(2)     Total                          Min: 0, Avg: 13.8, Max: 55, Diff: 55, Sum: 55, Workers: 4
[3.380s][debug][gc,phases      ] GC(2)   StringDedup Table Weak         Min:  0.0, Avg:  0.0, Max:  0.0, Diff:  0.0, Sum:  0.0, Workers: 4
[3.380s][debug][gc,phases      ] GC(2)     Dead                           Min: 0, Avg:  0.0, Max: 0, Diff: 0, Sum: 0, Workers: 4
[3.380s][debug][gc,phases      ] GC(2)     Total                          Min: 0, Avg:  0.0, Max: 0, Diff: 0, Sum: 0, Workers: 4
[3.380s][debug][gc,phases      ] GC(2)   StringDedup Requests0 Weak     Min:  0.0, Avg:  0.0, Max:  0.0, Diff:  0.0, Sum:  0.0, Workers: 4
[3.380s][debug][gc,phases      ] GC(2)     Dead                           Min: 0, Avg:  0.0, Max: 0, Diff: 0, Sum: 0, Workers: 4
[3.380s][debug][gc,phases      ] GC(2)     Total                          Min: 0, Avg:  0.0, Max: 0, Diff: 0, Sum: 0, Workers: 4
[3.380s][debug][gc,phases      ] GC(2)   StringDedup Requests1 Weak     Min:  0.0, Avg:  0.0, Max:  0.0, Diff:  0.0, Sum:  0.0, Workers: 4
[3.380s][debug][gc,phases      ] GC(2)     Dead                           Min: 0, Avg:  0.0, Max: 0, Diff: 0, Sum: 0, Workers: 4
[3.380s][debug][gc,phases      ] GC(2)     Total                          Min: 0, Avg:  0.0, Max: 0, Diff: 0, Sum: 0, Workers: 4
[3.380s][debug][gc,phases      ] GC(2)   Weak JFR Old Object Samples    Min:  0.0, Avg:  0.0, Max:  0.0, Diff:  0.0, Sum:  0.0, Workers: 4
[3.380s][debug][gc,phases      ] GC(2)     Dead                           Min: 0, Avg:  0.0, Max: 0, Diff: 0, Sum: 0, Workers: 4
[3.380s][debug][gc,phases      ] GC(2)     Total                          Min: 0, Avg:  0.0, Max: 0, Diff: 0, Sum: 0, Workers: 4
[3.380s][debug][gc,phases      ] GC(2) Weak Processing 0.388ms
[3.380s][debug][gc,age         ] GC(2) Desired survivor size 536870912 bytes, new threshold 7 (max threshold 15)
[3.380s][info ][gc,heap        ] GC(2) PSYoungGen: 556971K(1572864K)->55582K(1572864K) Eden: 524352K(1048576K)->0K(1048576K) From: 32619K(524288K)->55582K(524288K)
[3.380s][info ][gc,heap        ] GC(2) ParOldGen: 6078K(6144K)->6086K(6144K)
[3.380s][info ][gc,metaspace   ] GC(2) Metaspace: 35372K(35840K)->35372K(35840K) NonClass: 30853K(31104K)->30853K(31104K) Class: 4518K(4736K)->4518K(4736K)
[3.380s][info ][gc             ] GC(2) Pause Young (Metadata GC Threshold) 549M->60M(1542M) 38.283ms
[3.380s][info ][gc,cpu         ] GC(2) User=0.12s Sys=0.02s Real=0.04s
[3.380s][debug][gc,phases      ] GC(3) Pre Compact 0.008ms
[3.380s][info ][gc,start       ] GC(3) Pause Full (Metadata GC Threshold)
[3.380s][info ][gc,phases,start] GC(3) Marking Phase
[3.401s][debug][gc,phases      ] GC(3) Par Mark 21.303ms
[3.401s][debug][gc,ref         ] GC(3) ReferenceProcessor::execute queues: 4, RefProcThreadModel::Multi, marks_oops_alive: false
[3.402s][debug][gc,ref         ] GC(3) ReferenceProcessor::execute queues: 4, RefProcThreadModel::Multi, marks_oops_alive: true
[3.402s][debug][gc,ref         ] GC(3) ReferenceProcessor::execute queues: 1, RefProcThreadModel::Single, marks_oops_alive: false
[3.402s][debug][gc,phases      ] GC(3) Reference Processing 0.469ms
[3.402s][debug][gc,phases      ] GC(3)   VM Weak                        Min:  0.0, Avg:  0.0, Max:  0.0, Diff:  0.0, Sum:  0.0, Workers: 4
[3.402s][debug][gc,phases      ] GC(3)     Dead                           Min: 0, Avg:  0.0, Max: 0, Diff: 0, Sum: 0, Workers: 4
[3.402s][debug][gc,phases      ] GC(3)     Total                          Min: 0, Avg: 72.2, Max: 161, Diff: 161, Sum: 289, Workers: 4
[3.402s][debug][gc,phases      ] GC(3)   ObjectSynchronizer Weak        Min:  0.0, Avg:  0.0, Max:  0.0, Diff:  0.0, Sum:  0.0, Workers: 4
[3.402s][debug][gc,phases      ] GC(3)     Dead                           Min: 0, Avg:  0.2, Max: 1, Diff: 1, Sum: 1, Workers: 4
[3.402s][debug][gc,phases      ] GC(3)     Total                          Min: 0, Avg:  2.8, Max: 11, Diff: 11, Sum: 11, Workers: 4
[3.402s][debug][gc,phases      ] GC(3)   JVMTI Tag Weak OopStorage      Min:  0.0, Avg:  0.0, Max:  0.0, Diff:  0.0, Sum:  0.0, Workers: 4
[3.402s][debug][gc,phases      ] GC(3)     Dead                           Min: 0, Avg:  0.0, Max: 0, Diff: 0, Sum: 0, Workers: 4
[3.402s][debug][gc,phases      ] GC(3)     Total                          Min: 0, Avg:  0.0, Max: 0, Diff: 0, Sum: 0, Workers: 4
[3.402s][debug][gc,phases      ] GC(3)   StringTable Weak               Min:  0.0, Avg:  0.0, Max:  0.1, Diff:  0.1, Sum:  0.2, Workers: 4
[3.402s][debug][gc,phases      ] GC(3)     Dead                           Min: 0, Avg:  0.0, Max: 0, Diff: 0, Sum: 0, Workers: 4
[3.402s][debug][gc,phases      ] GC(3)     Total                          Min: 0, Avg: 3686.2, Max: 5209, Diff: 5209, Sum: 14745, Workers: 4
[3.402s][debug][gc,phases      ] GC(3)   ResolvedMethodTable Weak       Min:  0.0, Avg:  0.0, Max:  0.0, Diff:  0.0, Sum:  0.1, Workers: 4
[3.402s][debug][gc,phases      ] GC(3)     Dead                           Min: 0, Avg:  0.0, Max: 0, Diff: 0, Sum: 0, Workers: 4
[3.402s][debug][gc,phases      ] GC(3)     Total                          Min: 0, Avg: 1193.2, Max: 1663, Diff: 1663, Sum: 4773, Workers: 4
[3.402s][debug][gc,phases      ] GC(3)   JNI Weak                       Min:  0.0, Avg:  0.0, Max:  0.0, Diff:  0.0, Sum:  0.0, Workers: 4
[3.402s][debug][gc,phases      ] GC(3)     Dead                           Min: 0, Avg:  0.0, Max: 0, Diff: 0, Sum: 0, Workers: 4
[3.402s][debug][gc,phases      ] GC(3)     Total                          Min: 0, Avg: 13.8, Max: 48, Diff: 48, Sum: 55, Workers: 4
[3.402s][debug][gc,phases      ] GC(3)   StringDedup Table Weak         Min:  0.0, Avg:  0.0, Max:  0.0, Diff:  0.0, Sum:  0.0, Workers: 4
[3.402s][debug][gc,phases      ] GC(3)     Dead                           Min: 0, Avg:  0.0, Max: 0, Diff: 0, Sum: 0, Workers: 4
[3.402s][debug][gc,phases      ] GC(3)     Total                          Min: 0, Avg:  0.0, Max: 0, Diff: 0, Sum: 0, Workers: 4
[3.402s][debug][gc,phases      ] GC(3)   StringDedup Requests0 Weak     Min:  0.0, Avg:  0.0, Max:  0.0, Diff:  0.0, Sum:  0.0, Workers: 4
[3.402s][debug][gc,phases      ] GC(3)     Dead                           Min: 0, Avg:  0.0, Max: 0, Diff: 0, Sum: 0, Workers: 4
[3.402s][debug][gc,phases      ] GC(3)     Total                          Min: 0, Avg:  0.0, Max: 0, Diff: 0, Sum: 0, Workers: 4
[3.402s][debug][gc,phases      ] GC(3)   StringDedup Requests1 Weak     Min:  0.0, Avg:  0.0, Max:  0.0, Diff:  0.0, Sum:  0.0, Workers: 4
[3.402s][debug][gc,phases      ] GC(3)     Dead                           Min: 0, Avg:  0.0, Max: 0, Diff: 0, Sum: 0, Workers: 4
[3.402s][debug][gc,phases      ] GC(3)     Total                          Min: 0, Avg:  0.0, Max: 0, Diff: 0, Sum: 0, Workers: 4
[3.402s][debug][gc,phases      ] GC(3)   Weak JFR Old Object Samples    Min:  0.0, Avg:  0.0, Max:  0.0, Diff:  0.0, Sum:  0.0, Workers: 4
[3.402s][debug][gc,phases      ] GC(3)     Dead                           Min: 0, Avg:  0.0, Max: 0, Diff: 0, Sum: 0, Workers: 4
[3.402s][debug][gc,phases      ] GC(3)     Total                          Min: 0, Avg:  0.0, Max: 0, Diff: 0, Sum: 0, Workers: 4
[3.402s][debug][gc,phases      ] GC(3) Weak Processing 0.267ms
[3.402s][debug][gc,phases      ] GC(3) ClassLoaderData 0.055ms
[3.402s][debug][gc,phases      ] GC(3) Trigger cleanups 0.000ms
[3.410s][debug][gc,phases      ] GC(3) Purge Unlinked NMethods 0.503ms
[3.410s][debug][gc,phases      ] GC(3) Unregister NMethods 0.037ms
[3.410s][debug][gc,phases      ] GC(3) Free Code Blobs 0.090ms
[3.410s][debug][gc,phases      ] GC(3) Class Unloading 8.187ms
[3.410s][debug][gc,phases      ] GC(3) Report Object Count 0.001ms
[3.410s][info ][gc,phases      ] GC(3) Marking Phase 30.292ms
[3.410s][info ][gc,phases,start] GC(3) Summary Phase
[3.410s][info ][gc,phases      ] GC(3) Summary Phase 0.007ms
[3.410s][info ][gc,phases,start] GC(3) Adjust Roots
[3.415s][info ][gc,phases      ] GC(3) Adjust Roots 5.183ms
[3.415s][info ][gc,phases,start] GC(3) Compaction Phase
[3.597s][info ][gc,phases      ] GC(3) Compaction Phase 181.927ms
[3.597s][info ][gc,phases,start] GC(3) Post Compact
[3.599s][debug][gc,phases      ] GC(3) Purge Class Loader Data 1.313ms
[3.600s][info ][gc,phases      ] GC(3) Post Compact 2.384ms
[3.600s][info ][gc,heap        ] GC(3) PSYoungGen: 55582K(1572864K)->55367K(1572864K) Eden: 0K(1048576K)->0K(1048576K) From: 55582K(524288K)->55367K(524288K)
[3.600s][info ][gc,heap        ] GC(3) ParOldGen: 6086K(6144K)->5969K(6144K)
[3.600s][info ][gc,metaspace   ] GC(3) Metaspace: 35372K(35840K)->35372K(35840K) NonClass: 30853K(31104K)->30853K(31104K) Class: 4518K(4736K)->4518K(4736K)
[3.600s][info ][gc             ] GC(3) Pause Full (Metadata GC Threshold) 60M->59M(1542M) 219.910ms
[3.600s][info ][gc,cpu         ] GC(3) User=0.47s Sys=0.01s Real=0.22s
[3.600s][info ][safepoint      ] Safepoint "CollectForMetadataAllocation", Time since last: 305959129 ns, Reaching safepoint: 4400 ns, Cleanup: 159506 ns, At safepoint: 258536827 ns, Total: 258700733 ns
[3.740s][info ][safepoint      ] Safepoint "ICBufferFull", Time since last: 140362835 ns, Reaching safepoint: 3700 ns, Cleanup: 130205 ns, At safepoint: 5300 ns, Total: 139205 ns
[3.945s][info ][safepoint      ] Safepoint "ICBufferFull", Time since last: 204513873 ns, Reaching safepoint: 5100 ns, Cleanup: 154306 ns, At safepoint: 3600 ns, Total: 163006 ns
[4.110s][info ][safepoint      ] Safepoint "ICBufferFull", Time since last: 164261944 ns, Reaching safepoint: 4500 ns, Cleanup: 121505 ns, At safepoint: 2000 ns, Total: 128005 ns
[4.555s][info ][safepoint      ] Safepoint "ICBufferFull", Time since last: 445247223 ns, Reaching safepoint: 80503 ns, Cleanup: 136005 ns, At safepoint: 8000 ns, Total: 224508 ns
[4.688s][info ][safepoint      ] Safepoint "ICBufferFull", Time since last: 132461735 ns, Reaching safepoint: 80503 ns, Cleanup: 111204 ns, At safepoint: 8200 ns, Total: 199907 ns
[4.977s][info ][safepoint      ] Safepoint "ICBufferFull", Time since last: 289572306 ns, Reaching safepoint: 4701 ns, Cleanup: 146105 ns, At safepoint: 2400 ns, Total: 153206 ns
[5.205s][info ][safepoint      ] Safepoint "ICBufferFull", Time since last: 226964127 ns, Reaching safepoint: 4800 ns, Cleanup: 132305 ns, At safepoint: 4700 ns, Total: 141805 ns
[5.782s][info ][safepoint      ] Safepoint "ICBufferFull", Time since last: 577391846 ns, Reaching safepoint: 4100 ns, Cleanup: 157206 ns, At safepoint: 5300 ns, Total: 166606 ns
[5.808s][info ][gc,start       ] GC(4) Pause Young (Metadata GC Threshold)
[5.852s][debug][gc,phases      ] GC(4) Scavenge 43.347ms
[5.852s][debug][gc,ref         ] GC(4) ReferenceProcessor::execute queues: 4, RefProcThreadModel::Multi, marks_oops_alive: false
[5.853s][debug][gc,ref         ] GC(4) Skipped KeepAliveFinalRefsPhase of Reference Processing: no references
[5.853s][debug][gc,ref         ] GC(4) ReferenceProcessor::execute queues: 4, RefProcThreadModel::Multi, marks_oops_alive: false
[5.853s][debug][gc,phases      ] GC(4) Reference Processing 1.020ms
[5.853s][debug][gc,phases      ] GC(4)   VM Weak                        Min:  0.0, Avg:  0.0, Max:  0.0, Diff:  0.0, Sum:  0.0, Workers: 4
[5.853s][debug][gc,phases      ] GC(4)     Dead                           Min: 0, Avg:  0.0, Max: 0, Diff: 0, Sum: 0, Workers: 4
[5.853s][debug][gc,phases      ] GC(4)     Total                          Min: 0, Avg: 115.0, Max: 320, Diff: 320, Sum: 460, Workers: 4
[5.853s][debug][gc,phases      ] GC(4)   ObjectSynchronizer Weak        Min:  0.0, Avg:  0.0, Max:  0.0, Diff:  0.0, Sum:  0.0, Workers: 4
[5.853s][debug][gc,phases      ] GC(4)     Dead                           Min: 0, Avg:  0.0, Max: 0, Diff: 0, Sum: 0, Workers: 4
[5.853s][debug][gc,phases      ] GC(4)     Total                          Min: 0, Avg:  2.8, Max: 11, Diff: 11, Sum: 11, Workers: 4
[5.853s][debug][gc,phases      ] GC(4)   JVMTI Tag Weak OopStorage      Min:  0.0, Avg:  0.0, Max:  0.0, Diff:  0.0, Sum:  0.0, Workers: 4
[5.853s][debug][gc,phases      ] GC(4)     Dead                           Min: 0, Avg:  0.0, Max: 0, Diff: 0, Sum: 0, Workers: 4
[5.853s][debug][gc,phases      ] GC(4)     Total                          Min: 0, Avg:  0.0, Max: 0, Diff: 0, Sum: 0, Workers: 4
[5.853s][debug][gc,phases      ] GC(4)   StringTable Weak               Min:  0.2, Avg:  0.3, Max:  0.3, Diff:  0.1, Sum:  1.2, Workers: 4
[5.853s][debug][gc,phases      ] GC(4)     Dead                           Min: 1, Avg:  3.8, Max: 5, Diff: 4, Sum: 15, Workers: 4
[5.853s][debug][gc,phases      ] GC(4)     Total                          Min: 4672, Avg: 6964.2, Max: 7872, Diff: 3200, Sum: 27857, Workers: 4
[5.853s][debug][gc,phases      ] GC(4)   ResolvedMethodTable Weak       Min:  0.1, Avg:  0.1, Max:  0.1, Diff:  0.0, Sum:  0.5, Workers: 4
[5.853s][debug][gc,phases      ] GC(4)     Dead                           Min: 781, Avg: 976.0, Max: 1168, Diff: 387, Sum: 3904, Workers: 4
[5.853s][debug][gc,phases      ] GC(4)     Total                          Min: 2688, Avg: 2846.8, Max: 3008, Diff: 320, Sum: 11387, Workers: 4
[5.853s][debug][gc,phases      ] GC(4)   JNI Weak                       Min:  0.0, Avg:  0.0, Max:  0.0, Diff:  0.0, Sum:  0.0, Workers: 4
[5.853s][debug][gc,phases      ] GC(4)     Dead                           Min: 0, Avg:  0.0, Max: 0, Diff: 0, Sum: 0, Workers: 4
[5.853s][debug][gc,phases      ] GC(4)     Total                          Min: 0, Avg: 12.0, Max: 48, Diff: 48, Sum: 48, Workers: 4
[5.853s][debug][gc,phases      ] GC(4)   StringDedup Table Weak         Min:  0.0, Avg:  0.0, Max:  0.0, Diff:  0.0, Sum:  0.0, Workers: 4
[5.853s][debug][gc,phases      ] GC(4)     Dead                           Min: 0, Avg:  0.0, Max: 0, Diff: 0, Sum: 0, Workers: 4
[5.853s][debug][gc,phases      ] GC(4)     Total                          Min: 0, Avg:  0.0, Max: 0, Diff: 0, Sum: 0, Workers: 4
[5.853s][debug][gc,phases      ] GC(4)   StringDedup Requests0 Weak     Min:  0.0, Avg:  0.0, Max:  0.0, Diff:  0.0, Sum:  0.0, Workers: 4
[5.853s][debug][gc,phases      ] GC(4)     Dead                           Min: 0, Avg:  0.0, Max: 0, Diff: 0, Sum: 0, Workers: 4
[5.853s][debug][gc,phases      ] GC(4)     Total                          Min: 0, Avg:  0.0, Max: 0, Diff: 0, Sum: 0, Workers: 4
[5.853s][debug][gc,phases      ] GC(4)   StringDedup Requests1 Weak     Min:  0.0, Avg:  0.0, Max:  0.0, Diff:  0.0, Sum:  0.0, Workers: 4
[5.853s][debug][gc,phases      ] GC(4)     Dead                           Min: 0, Avg:  0.0, Max: 0, Diff: 0, Sum: 0, Workers: 4
[5.853s][debug][gc,phases      ] GC(4)     Total                          Min: 0, Avg:  0.0, Max: 0, Diff: 0, Sum: 0, Workers: 4
[5.853s][debug][gc,phases      ] GC(4)   Weak JFR Old Object Samples    Min:  0.0, Avg:  0.0, Max:  0.0, Diff:  0.0, Sum:  0.0, Workers: 4
[5.853s][debug][gc,phases      ] GC(4)     Dead                           Min: 0, Avg:  0.0, Max: 0, Diff: 0, Sum: 0, Workers: 4
[5.853s][debug][gc,phases      ] GC(4)     Total                          Min: 0, Avg:  0.0, Max: 0, Diff: 0, Sum: 0, Workers: 4
[5.853s][debug][gc,phases      ] GC(4) Weak Processing 0.665ms
[5.853s][debug][gc,age         ] GC(4) Desired survivor size 536870912 bytes, new threshold 7 (max threshold 15)
[5.853s][info ][gc,heap        ] GC(4) PSYoungGen: 450472K(1572864K)->77646K(1572864K) Eden: 395105K(1048576K)->0K(1048576K) From: 55367K(524288K)->77646K(524288K)
[5.853s][info ][gc,heap        ] GC(4) ParOldGen: 5969K(6144K)->5993K(6144K)
[5.853s][info ][gc,metaspace   ] GC(4) Metaspace: 59072K(59776K)->59072K(59776K) NonClass: 49617K(49984K)->49617K(49984K) Class: 9454K(9792K)->9454K(9792K)
[5.853s][info ][gc             ] GC(4) Pause Young (Metadata GC Threshold) 445M->81M(1542M) 45.166ms
[5.854s][info ][gc,cpu         ] GC(4) User=0.15s Sys=0.01s Real=0.04s
[5.854s][debug][gc,phases      ] GC(5) Pre Compact 0.008ms
[5.854s][info ][gc,start       ] GC(5) Pause Full (Metadata GC Threshold)
[5.854s][info ][gc,phases,start] GC(5) Marking Phase
[5.895s][debug][gc,phases      ] GC(5) Par Mark 41.430ms
[5.895s][debug][gc,ref         ] GC(5) ReferenceProcessor::execute queues: 4, RefProcThreadModel::Multi, marks_oops_alive: false
[5.896s][debug][gc,ref         ] GC(5) ReferenceProcessor::execute queues: 4, RefProcThreadModel::Multi, marks_oops_alive: true
[5.896s][debug][gc,ref         ] GC(5) ReferenceProcessor::execute queues: 1, RefProcThreadModel::Single, marks_oops_alive: false
[5.896s][debug][gc,phases      ] GC(5) Reference Processing 0.966ms
[5.896s][debug][gc,phases      ] GC(5)   VM Weak                        Min:  0.0, Avg:  0.0, Max:  0.0, Diff:  0.0, Sum:  0.0, Workers: 4
[5.896s][debug][gc,phases      ] GC(5)     Dead                           Min: 0, Avg:  0.0, Max: 0, Diff: 0, Sum: 0, Workers: 4
[5.896s][debug][gc,phases      ] GC(5)     Total                          Min: 0, Avg: 115.0, Max: 256, Diff: 256, Sum: 460, Workers: 4
[5.896s][debug][gc,phases      ] GC(5)   ObjectSynchronizer Weak        Min:  0.0, Avg:  0.0, Max:  0.0, Diff:  0.0, Sum:  0.0, Workers: 4
[5.896s][debug][gc,phases      ] GC(5)     Dead                           Min: 0, Avg:  0.0, Max: 0, Diff: 0, Sum: 0, Workers: 4
[5.896s][debug][gc,phases      ] GC(5)     Total                          Min: 0, Avg:  2.8, Max: 11, Diff: 11, Sum: 11, Workers: 4
[5.896s][debug][gc,phases      ] GC(5)   JVMTI Tag Weak OopStorage      Min:  0.0, Avg:  0.0, Max:  0.0, Diff:  0.0, Sum:  0.0, Workers: 4
[5.896s][debug][gc,phases      ] GC(5)     Dead                           Min: 0, Avg:  0.0, Max: 0, Diff: 0, Sum: 0, Workers: 4
[5.896s][debug][gc,phases      ] GC(5)     Total                          Min: 0, Avg:  0.0, Max: 0, Diff: 0, Sum: 0, Workers: 4
[5.896s][debug][gc,phases      ] GC(5)   StringTable Weak               Min:  0.0, Avg:  0.1, Max:  0.1, Diff:  0.1, Sum:  0.4, Workers: 4
[5.896s][debug][gc,phases      ] GC(5)     Dead                           Min: 0, Avg:  0.0, Max: 0, Diff: 0, Sum: 0, Workers: 4
[5.896s][debug][gc,phases      ] GC(5)     Total                          Min: 0, Avg: 6964.2, Max: 9664, Diff: 9664, Sum: 27857, Workers: 4
[5.896s][debug][gc,phases      ] GC(5)   ResolvedMethodTable Weak       Min:  0.0, Avg:  0.0, Max:  0.0, Diff:  0.0, Sum:  0.1, Workers: 4
[5.896s][debug][gc,phases      ] GC(5)     Dead                           Min: 0, Avg:  0.0, Max: 0, Diff: 0, Sum: 0, Workers: 4
[5.896s][debug][gc,phases      ] GC(5)     Total                          Min: 0, Avg: 2846.8, Max: 3963, Diff: 3963, Sum: 11387, Workers: 4
[5.896s][debug][gc,phases      ] GC(5)   JNI Weak                       Min:  0.0, Avg:  0.0, Max:  0.0, Diff:  0.0, Sum:  0.0, Workers: 4
[5.896s][debug][gc,phases      ] GC(5)     Dead                           Min: 0, Avg:  0.0, Max: 0, Diff: 0, Sum: 0, Workers: 4
[5.896s][debug][gc,phases      ] GC(5)     Total                          Min: 0, Avg: 12.0, Max: 48, Diff: 48, Sum: 48, Workers: 4
[5.896s][debug][gc,phases      ] GC(5)   StringDedup Table Weak         Min:  0.0, Avg:  0.0, Max:  0.0, Diff:  0.0, Sum:  0.0, Workers: 4
[5.896s][debug][gc,phases      ] GC(5)     Dead                           Min: 0, Avg:  0.0, Max: 0, Diff: 0, Sum: 0, Workers: 4
[5.896s][debug][gc,phases      ] GC(5)     Total                          Min: 0, Avg:  0.0, Max: 0, Diff: 0, Sum: 0, Workers: 4
[5.896s][debug][gc,phases      ] GC(5)   StringDedup Requests0 Weak     Min:  0.0, Avg:  0.0, Max:  0.0, Diff:  0.0, Sum:  0.0, Workers: 4
[5.896s][debug][gc,phases      ] GC(5)     Dead                           Min: 0, Avg:  0.0, Max: 0, Diff: 0, Sum: 0, Workers: 4
[5.896s][debug][gc,phases      ] GC(5)     Total                          Min: 0, Avg:  0.0, Max: 0, Diff: 0, Sum: 0, Workers: 4
[5.896s][debug][gc,phases      ] GC(5)   StringDedup Requests1 Weak     Min:  0.0, Avg:  0.0, Max:  0.0, Diff:  0.0, Sum:  0.0, Workers: 4
[5.896s][debug][gc,phases      ] GC(5)     Dead                           Min: 0, Avg:  0.0, Max: 0, Diff: 0, Sum: 0, Workers: 4
[5.896s][debug][gc,phases      ] GC(5)     Total                          Min: 0, Avg:  0.0, Max: 0, Diff: 0, Sum: 0, Workers: 4
[5.896s][debug][gc,phases      ] GC(5)   Weak JFR Old Object Samples    Min:  0.0, Avg:  0.0, Max:  0.0, Diff:  0.0, Sum:  0.0, Workers: 4
[5.896s][debug][gc,phases      ] GC(5)     Dead                           Min: 0, Avg:  0.0, Max: 0, Diff: 0, Sum: 0, Workers: 4
[5.896s][debug][gc,phases      ] GC(5)     Total                          Min: 0, Avg:  0.0, Max: 0, Diff: 0, Sum: 0, Workers: 4
[5.896s][debug][gc,phases      ] GC(5) Weak Processing 0.352ms
[5.896s][debug][gc,phases      ] GC(5) ClassLoaderData 0.064ms
[5.896s][debug][gc,phases      ] GC(5) Trigger cleanups 0.000ms
[5.905s][debug][gc,phases      ] GC(5) Purge Unlinked NMethods 0.186ms
[5.906s][debug][gc,phases      ] GC(5) Unregister NMethods 0.125ms
[5.906s][debug][gc,phases      ] GC(5) Free Code Blobs 0.040ms
[5.906s][debug][gc,phases      ] GC(5) Class Unloading 9.313ms
[5.906s][debug][gc,phases      ] GC(5) Report Object Count 0.001ms
[5.906s][info ][gc,phases      ] GC(5) Marking Phase 52.125ms
[5.906s][info ][gc,phases,start] GC(5) Summary Phase
[5.906s][info ][gc,phases      ] GC(5) Summary Phase 0.006ms
[5.906s][info ][gc,phases,start] GC(5) Adjust Roots
[5.916s][info ][gc,phases      ] GC(5) Adjust Roots 10.224ms
[5.916s][info ][gc,phases,start] GC(5) Compaction Phase
[6.228s][info ][gc,phases      ] GC(5) Compaction Phase 312.109ms
[6.228s][info ][gc,phases,start] GC(5) Post Compact
[6.229s][debug][gc,phases      ] GC(5) Purge Class Loader Data 0.308ms
[6.230s][info ][gc,phases      ] GC(5) Post Compact 1.652ms
[6.230s][info ][gc,heap        ] GC(5) PSYoungGen: 77646K(1572864K)->77467K(1572864K) Eden: 0K(1048576K)->0K(1048576K) From: 77646K(524288K)->77467K(524288K)
[6.230s][info ][gc,heap        ] GC(5) ParOldGen: 5993K(6144K)->5950K(6144K)
[6.230s][info ][gc,metaspace   ] GC(5) Metaspace: 59072K(59776K)->59072K(59776K) NonClass: 49617K(49984K)->49617K(49984K) Class: 9454K(9792K)->9454K(9792K)
[6.230s][info ][gc             ] GC(5) Pause Full (Metadata GC Threshold) 81M->81M(1542M) 376.259ms
[6.230s][info ][gc,cpu         ] GC(5) User=0.78s Sys=0.01s Real=0.38s
[6.230s][info ][safepoint      ] Safepoint "CollectForMetadataAllocation", Time since last: 26224297 ns, Reaching safepoint: 2800 ns, Cleanup: 12200 ns, At safepoint: 421535422 ns, Total: 421550422 ns
[6.654s][info ][safepoint      ] Safepoint "ICBufferFull", Time since last: 423769607 ns, Reaching safepoint: 3500 ns, Cleanup: 144306 ns, At safepoint: 1800 ns, Total: 149606 ns
[6.654s][info ][safepoint      ] Safepoint "ICBufferFull", Time since last: 72202 ns, Reaching safepoint: 75603 ns, Cleanup: 2700 ns, At safepoint: 4800 ns, Total: 83103 ns
[6.821s][info ][safepoint      ] Safepoint "ICBufferFull", Time since last: 166422772 ns, Reaching safepoint: 83703 ns, Cleanup: 122604 ns, At safepoint: 11301 ns, Total: 217608 ns
[6.877s][info ][safepoint      ] Safepoint "ICBufferFull", Time since last: 56449561 ns, Reaching safepoint: 84803 ns, Cleanup: 125305 ns, At safepoint: 11300 ns, Total: 221408 ns
[6.956s][info ][safepoint      ] Safepoint "ICBufferFull", Time since last: 78592109 ns, Reaching safepoint: 84203 ns, Cleanup: 120505 ns, At safepoint: 9300 ns, Total: 214008 ns
[7.035s][info ][safepoint      ] Safepoint "ICBufferFull", Time since last: 78775416 ns, Reaching safepoint: 5501 ns, Cleanup: 138305 ns, At safepoint: 4000 ns, Total: 147806 ns
[7.227s][info ][safepoint      ] Safepoint "ICBufferFull", Time since last: 192093654 ns, Reaching safepoint: 6000 ns, Cleanup: 115405 ns, At safepoint: 6600 ns, Total: 128005 ns
[7.431s][info ][safepoint      ] Safepoint "ICBufferFull", Time since last: 203221080 ns, Reaching safepoint: 5200 ns, Cleanup: 140006 ns, At safepoint: 6900 ns, Total: 152106 ns
[7.738s][info ][safepoint      ] Safepoint "ICBufferFull", Time since last: 307539174 ns, Reaching safepoint: 79503 ns, Cleanup: 125805 ns, At safepoint: 6500 ns, Total: 211808 ns
[7.890s][info ][safepoint      ] Safepoint "ICBufferFull", Time since last: 151838313 ns, Reaching safepoint: 78503 ns, Cleanup: 114204 ns, At safepoint: 5500 ns, Total: 198207 ns
[8.108s][info ][safepoint      ] Safepoint "ICBufferFull", Time since last: 217820240 ns, Reaching safepoint: 4100 ns, Cleanup: 137105 ns, At safepoint: 8700 ns, Total: 149905 ns
[8.574s][info ][safepoint      ] Safepoint "ICBufferFull", Time since last: 465796633 ns, Reaching safepoint: 5800 ns, Cleanup: 145006 ns, At safepoint: 9200 ns, Total: 160006 ns
[8.749s][info ][safepoint      ] Safepoint "ICBufferFull", Time since last: 174273572 ns, Reaching safepoint: 85803 ns, Cleanup: 126105 ns, At safepoint: 15701 ns, Total: 227609 ns
[9.028s][info ][safepoint      ] Safepoint "ICBufferFull", Time since last: 278567264 ns, Reaching safepoint: 84704 ns, Cleanup: 120004 ns, At safepoint: 16101 ns, Total: 220809 ns
[9.469s][info ][safepoint      ] Safepoint "ICBufferFull", Time since last: 441407299 ns, Reaching safepoint: 81003 ns, Cleanup: 117404 ns, At safepoint: 16601 ns, Total: 215008 ns
[10.469s][info ][safepoint      ] Safepoint "Cleanup", Time since last: 1000124889 ns, Reaching safepoint: 86703 ns, Cleanup: 93704 ns, At safepoint: 14100 ns, Total: 194507 ns
[11.470s][info ][safepoint      ] Safepoint "Cleanup", Time since last: 1000366398 ns, Reaching safepoint: 85404 ns, Cleanup: 13000 ns, At safepoint: 11000 ns, Total: 109404 ns
[12.471s][info ][safepoint      ] Safepoint "Cleanup", Time since last: 1000986922 ns, Reaching safepoint: 86704 ns, Cleanup: 9800 ns, At safepoint: 13601 ns, Total: 110105 ns
[13.544s][info ][safepoint      ] Safepoint "Cleanup", Time since last: 1072456858 ns, Reaching safepoint: 240509 ns, Cleanup: 15600 ns, At safepoint: 17601 ns, Total: 273710 ns
[13.783s][info ][safepoint      ] Safepoint "ICBufferFull", Time since last: 239454667 ns, Reaching safepoint: 4800 ns, Cleanup: 123905 ns, At safepoint: 8101 ns, Total: 136806 ns
[13.942s][info ][safepoint      ] Safepoint "ICBufferFull", Time since last: 158608572 ns, Reaching safepoint: 6100 ns, Cleanup: 133505 ns, At safepoint: 2400 ns, Total: 142005 ns
[14.153s][info ][safepoint      ] Safepoint "ICBufferFull", Time since last: 210417956 ns, Reaching safepoint: 3700 ns, Cleanup: 121405 ns, At safepoint: 2300 ns, Total: 127405 ns
[14.285s][info ][safepoint      ] Safepoint "ICBufferFull", Time since last: 131872648 ns, Reaching safepoint: 93404 ns, Cleanup: 127605 ns, At safepoint: 14100 ns, Total: 235109 ns
[14.406s][info ][safepoint      ] Safepoint "ICBufferFull", Time since last: 121372847 ns, Reaching safepoint: 7500 ns, Cleanup: 119605 ns, At safepoint: 15500 ns, Total: 142605 ns
[14.578s][info ][safepoint      ] Safepoint "ICBufferFull", Time since last: 171909482 ns, Reaching safepoint: 7000 ns, Cleanup: 121405 ns, At safepoint: 8200 ns, Total: 136605 ns
[14.935s][info ][safepoint      ] Safepoint "ICBufferFull", Time since last: 356256745 ns, Reaching safepoint: 6600 ns, Cleanup: 126605 ns, At safepoint: 6000 ns, Total: 139205 ns
[15.384s][info ][safepoint      ] Safepoint "ICBufferFull", Time since last: 449008400 ns, Reaching safepoint: 6100 ns, Cleanup: 114304 ns, At safepoint: 8101 ns, Total: 128505 ns
[16.084s][info ][safepoint      ] Safepoint "ICBufferFull", Time since last: 700141919 ns, Reaching safepoint: 6600 ns, Cleanup: 149806 ns, At safepoint: 2400 ns, Total: 158806 ns
[17.085s][info ][safepoint      ] Safepoint "Cleanup", Time since last: 1000123310 ns, Reaching safepoint: 84104 ns, Cleanup: 122304 ns, At safepoint: 5601 ns, Total: 212009 ns
[18.085s][info ][safepoint      ] Safepoint "Cleanup", Time since last: 1000130810 ns, Reaching safepoint: 8001 ns, Cleanup: 56202 ns, At safepoint: 8700 ns, Total: 72903 ns
[19.238s][info ][safepoint      ] Safepoint "ICBufferFull", Time since last: 1152931964 ns, Reaching safepoint: 6400 ns, Cleanup: 134805 ns, At safepoint: 8801 ns, Total: 150006 ns
[19.793s][info ][gc,start       ] GC(6) Pause Young (Metadata GC Threshold)
[19.880s][debug][gc,phases      ] GC(6) Scavenge 87.321ms
[19.881s][debug][gc,ref         ] GC(6) ReferenceProcessor::execute queues: 4, RefProcThreadModel::Multi, marks_oops_alive: false
[19.882s][debug][gc,ref         ] GC(6) Skipped KeepAliveFinalRefsPhase of Reference Processing: no references
[19.882s][debug][gc,ref         ] GC(6) ReferenceProcessor::execute queues: 4, RefProcThreadModel::Multi, marks_oops_alive: false
[19.882s][debug][gc,phases      ] GC(6) Reference Processing 1.291ms
[19.883s][debug][gc,phases      ] GC(6)   VM Weak                        Min:  0.0, Avg:  0.0, Max:  0.0, Diff:  0.0, Sum:  0.0, Workers: 4
[19.883s][debug][gc,phases      ] GC(6)     Dead                           Min: 0, Avg:  0.0, Max: 0, Diff: 0, Sum: 0, Workers: 4
[19.883s][debug][gc,phases      ] GC(6)     Total                          Min: 128, Avg: 217.2, Max: 421, Diff: 293, Sum: 869, Workers: 4
[19.883s][debug][gc,phases      ] GC(6)   ObjectSynchronizer Weak        Min:  0.0, Avg:  0.0, Max:  0.0, Diff:  0.0, Sum:  0.0, Workers: 4
[19.883s][debug][gc,phases      ] GC(6)     Dead                           Min: 0, Avg:  2.5, Max: 10, Diff: 10, Sum: 10, Workers: 4
[19.883s][debug][gc,phases      ] GC(6)     Total                          Min: 0, Avg: 10.2, Max: 41, Diff: 41, Sum: 41, Workers: 4
[19.883s][debug][gc,phases      ] GC(6)   JVMTI Tag Weak OopStorage      Min:  0.0, Avg:  0.0, Max:  0.0, Diff:  0.0, Sum:  0.0, Workers: 4
[19.883s][debug][gc,phases      ] GC(6)     Dead                           Min: 0, Avg:  0.0, Max: 0, Diff: 0, Sum: 0, Workers: 4
[19.883s][debug][gc,phases      ] GC(6)     Total                          Min: 0, Avg:  0.0, Max: 0, Diff: 0, Sum: 0, Workers: 4
[19.883s][debug][gc,phases      ] GC(6)   StringTable Weak               Min:  0.5, Avg:  0.5, Max:  0.5, Diff:  0.0, Sum:  2.0, Workers: 4
[19.883s][debug][gc,phases      ] GC(6)     Dead                           Min: 4, Avg:  8.8, Max: 12, Diff: 8, Sum: 35, Workers: 4
[19.883s][debug][gc,phases      ] GC(6)     Total                          Min: 10880, Avg: 11239.0, Max: 11712, Diff: 832, Sum: 44956, Workers: 4
[19.883s][debug][gc,phases      ] GC(6)   ResolvedMethodTable Weak       Min:  0.2, Avg:  0.2, Max:  0.2, Diff:  0.0, Sum:  0.8, Workers: 4
[19.883s][debug][gc,phases      ] GC(6)     Dead                           Min: 944, Avg: 1045.0, Max: 1169, Diff: 225, Sum: 4180, Workers: 4
[19.883s][debug][gc,phases      ] GC(6)     Total                          Min: 4352, Avg: 4498.2, Max: 4608, Diff: 256, Sum: 17993, Workers: 4
[19.883s][debug][gc,phases      ] GC(6)   JNI Weak                       Min:  0.0, Avg:  0.0, Max:  0.0, Diff:  0.0, Sum:  0.0, Workers: 4
[19.883s][debug][gc,phases      ] GC(6)     Dead                           Min: 0, Avg:  0.0, Max: 0, Diff: 0, Sum: 0, Workers: 4
[19.883s][debug][gc,phases      ] GC(6)     Total                          Min: 0, Avg: 13.0, Max: 52, Diff: 52, Sum: 52, Workers: 4
[19.883s][debug][gc,phases      ] GC(6)   StringDedup Table Weak         Min:  0.0, Avg:  0.0, Max:  0.0, Diff:  0.0, Sum:  0.0, Workers: 4
[19.883s][debug][gc,phases      ] GC(6)     Dead                           Min: 0, Avg:  0.0, Max: 0, Diff: 0, Sum: 0, Workers: 4
[19.883s][debug][gc,phases      ] GC(6)     Total                          Min: 0, Avg:  0.0, Max: 0, Diff: 0, Sum: 0, Workers: 4
[19.883s][debug][gc,phases      ] GC(6)   StringDedup Requests0 Weak     Min:  0.0, Avg:  0.0, Max:  0.0, Diff:  0.0, Sum:  0.0, Workers: 4
[19.883s][debug][gc,phases      ] GC(6)     Dead                           Min: 0, Avg:  0.0, Max: 0, Diff: 0, Sum: 0, Workers: 4
[19.883s][debug][gc,phases      ] GC(6)     Total                          Min: 0, Avg:  0.0, Max: 0, Diff: 0, Sum: 0, Workers: 4
[19.883s][debug][gc,phases      ] GC(6)   StringDedup Requests1 Weak     Min:  0.0, Avg:  0.0, Max:  0.0, Diff:  0.0, Sum:  0.0, Workers: 4
[19.883s][debug][gc,phases      ] GC(6)     Dead                           Min: 0, Avg:  0.0, Max: 0, Diff: 0, Sum: 0, Workers: 4
[19.883s][debug][gc,phases      ] GC(6)     Total                          Min: 0, Avg:  0.0, Max: 0, Diff: 0, Sum: 0, Workers: 4
[19.883s][debug][gc,phases      ] GC(6)   Weak JFR Old Object Samples    Min:  0.0, Avg:  0.0, Max:  0.0, Diff:  0.0, Sum:  0.0, Workers: 4
[19.883s][debug][gc,phases      ] GC(6)     Dead                           Min: 0, Avg:  0.0, Max: 0, Diff: 0, Sum: 0, Workers: 4
[19.883s][debug][gc,phases      ] GC(6)     Total                          Min: 0, Avg:  0.0, Max: 0, Diff: 0, Sum: 0, Workers: 4
[19.883s][debug][gc,phases      ] GC(6) Weak Processing 0.923ms
[19.883s][debug][gc,age         ] GC(6) Desired survivor size 536870912 bytes, new threshold 7 (max threshold 15)
[19.883s][info ][gc,heap        ] GC(6) PSYoungGen: 973535K(1572864K)->138142K(1572864K) Eden: 896068K(1048576K)->0K(1048576K) From: 77467K(524288K)->138142K(524288K)
[19.883s][info ][gc,heap        ] GC(6) ParOldGen: 5950K(6144K)->5994K(6144K)
[19.883s][info ][gc,metaspace   ] GC(6) Metaspace: 98521K(99648K)->98521K(99648K) NonClass: 83037K(83648K)->83037K(83648K) Class: 15484K(16000K)->15484K(16000K)
[19.883s][info ][gc             ] GC(6) Pause Young (Metadata GC Threshold) 956M->140M(1542M) 89.686ms
[19.883s][info ][gc,cpu         ] GC(6) User=0.29s Sys=0.04s Real=0.09s
[19.883s][debug][gc,phases      ] GC(7) Pre Compact 0.010ms
[19.883s][info ][gc,start       ] GC(7) Pause Full (Metadata GC Threshold)
[19.883s][info ][gc,phases,start] GC(7) Marking Phase
[19.946s][debug][gc,phases      ] GC(7) Par Mark 63.310ms
[19.946s][debug][gc,ref         ] GC(7) ReferenceProcessor::execute queues: 4, RefProcThreadModel::Multi, marks_oops_alive: false
[19.947s][debug][gc,ref         ] GC(7) Skipped KeepAliveFinalRefsPhase of Reference Processing: no references
[19.947s][debug][gc,ref         ] GC(7) ReferenceProcessor::execute queues: 1, RefProcThreadModel::Single, marks_oops_alive: false
[19.947s][debug][gc,phases      ] GC(7) Reference Processing 0.692ms
[19.947s][debug][gc,phases      ] GC(7)   VM Weak                        Min:  0.0, Avg:  0.0, Max:  0.0, Diff:  0.0, Sum:  0.0, Workers: 4
[19.947s][debug][gc,phases      ] GC(7)     Dead                           Min: 0, Avg:  0.5, Max: 2, Diff: 2, Sum: 2, Workers: 4
[19.947s][debug][gc,phases      ] GC(7)     Total                          Min: 0, Avg: 217.2, Max: 421, Diff: 421, Sum: 869, Workers: 4
[19.947s][debug][gc,phases      ] GC(7)   ObjectSynchronizer Weak        Min:  0.0, Avg:  0.0, Max:  0.0, Diff:  0.0, Sum:  0.0, Workers: 4
[19.947s][debug][gc,phases      ] GC(7)     Dead                           Min: 0, Avg:  0.0, Max: 0, Diff: 0, Sum: 0, Workers: 4
[19.947s][debug][gc,phases      ] GC(7)     Total                          Min: 0, Avg: 10.2, Max: 41, Diff: 41, Sum: 41, Workers: 4
[19.947s][debug][gc,phases      ] GC(7)   JVMTI Tag Weak OopStorage      Min:  0.0, Avg:  0.0, Max:  0.0, Diff:  0.0, Sum:  0.0, Workers: 4
[19.947s][debug][gc,phases      ] GC(7)     Dead                           Min: 0, Avg:  0.0, Max: 0, Diff: 0, Sum: 0, Workers: 4
[19.947s][debug][gc,phases      ] GC(7)     Total                          Min: 0, Avg:  0.0, Max: 0, Diff: 0, Sum: 0, Workers: 4
[19.947s][debug][gc,phases      ] GC(7)   StringTable Weak               Min:  0.2, Avg:  0.2, Max:  0.2, Diff:  0.0, Sum:  0.7, Workers: 4
[19.947s][debug][gc,phases      ] GC(7)     Dead                           Min: 0, Avg:  0.0, Max: 0, Diff: 0, Sum: 0, Workers: 4
[19.947s][debug][gc,phases      ] GC(7)     Total                          Min: 11072, Avg: 11239.0, Max: 11420, Diff: 348, Sum: 44956, Workers: 4
[19.947s][debug][gc,phases      ] GC(7)   ResolvedMethodTable Weak       Min:  0.1, Avg:  0.1, Max:  0.1, Diff:  0.0, Sum:  0.2, Workers: 4
[19.947s][debug][gc,phases      ] GC(7)     Dead                           Min: 0, Avg:  0.5, Max: 2, Diff: 2, Sum: 2, Workers: 4
[19.947s][debug][gc,phases      ] GC(7)     Total                          Min: 4480, Avg: 4498.2, Max: 4544, Diff: 64, Sum: 17993, Workers: 4
[19.947s][debug][gc,phases      ] GC(7)   JNI Weak                       Min:  0.0, Avg:  0.0, Max:  0.0, Diff:  0.0, Sum:  0.0, Workers: 4
[19.947s][debug][gc,phases      ] GC(7)     Dead                           Min: 0, Avg:  0.0, Max: 0, Diff: 0, Sum: 0, Workers: 4
[19.947s][debug][gc,phases      ] GC(7)     Total                          Min: 0, Avg: 13.0, Max: 52, Diff: 52, Sum: 52, Workers: 4
[19.947s][debug][gc,phases      ] GC(7)   StringDedup Table Weak         Min:  0.0, Avg:  0.0, Max:  0.0, Diff:  0.0, Sum:  0.0, Workers: 4
[19.947s][debug][gc,phases      ] GC(7)     Dead                           Min: 0, Avg:  0.0, Max: 0, Diff: 0, Sum: 0, Workers: 4
[19.947s][debug][gc,phases      ] GC(7)     Total                          Min: 0, Avg:  0.0, Max: 0, Diff: 0, Sum: 0, Workers: 4
[19.947s][debug][gc,phases      ] GC(7)   StringDedup Requests0 Weak     Min:  0.0, Avg:  0.0, Max:  0.0, Diff:  0.0, Sum:  0.0, Workers: 4
[19.947s][debug][gc,phases      ] GC(7)     Dead                           Min: 0, Avg:  0.0, Max: 0, Diff: 0, Sum: 0, Workers: 4
[19.947s][debug][gc,phases      ] GC(7)     Total                          Min: 0, Avg:  0.0, Max: 0, Diff: 0, Sum: 0, Workers: 4
[19.947s][debug][gc,phases      ] GC(7)   StringDedup Requests1 Weak     Min:  0.0, Avg:  0.0, Max:  0.0, Diff:  0.0, Sum:  0.0, Workers: 4
[19.947s][debug][gc,phases      ] GC(7)     Dead                           Min: 0, Avg:  0.0, Max: 0, Diff: 0, Sum: 0, Workers: 4
[19.947s][debug][gc,phases      ] GC(7)     Total                          Min: 0, Avg:  0.0, Max: 0, Diff: 0, Sum: 0, Workers: 4
[19.947s][debug][gc,phases      ] GC(7)   Weak JFR Old Object Samples    Min:  0.0, Avg:  0.0, Max:  0.0, Diff:  0.0, Sum:  0.0, Workers: 4
[19.947s][debug][gc,phases      ] GC(7)     Dead                           Min: 0, Avg:  0.0, Max: 0, Diff: 0, Sum: 0, Workers: 4
[19.947s][debug][gc,phases      ] GC(7)     Total                          Min: 0, Avg:  0.0, Max: 0, Diff: 0, Sum: 0, Workers: 4
[19.947s][debug][gc,phases      ] GC(7) Weak Processing 0.441ms
[19.948s][debug][gc,phases      ] GC(7) ClassLoaderData 0.209ms
[19.948s][debug][gc,phases      ] GC(7) Trigger cleanups 0.001ms
[19.972s][debug][gc,phases      ] GC(7) Purge Unlinked NMethods 0.383ms
[19.972s][debug][gc,phases      ] GC(7) Unregister NMethods 0.554ms
[19.972s][debug][gc,phases      ] GC(7) Free Code Blobs 0.056ms
[19.982s][debug][gc,phases      ] GC(7) Class Unloading 34.276ms
[19.982s][debug][gc,phases      ] GC(7) Report Object Count 0.001ms
[19.982s][info ][gc,phases      ] GC(7) Marking Phase 98.827ms
[19.982s][info ][gc,phases,start] GC(7) Summary Phase
[19.982s][info ][gc,phases      ] GC(7) Summary Phase 0.009ms
[19.982s][info ][gc,phases,start] GC(7) Adjust Roots
[19.999s][info ][gc,phases      ] GC(7) Adjust Roots 17.609ms
[19.999s][info ][gc,phases,start] GC(7) Compaction Phase
[20.552s][info ][gc,phases      ] GC(7) Compaction Phase 552.959ms
[20.552s][info ][gc,phases,start] GC(7) Post Compact
[20.554s][debug][gc,phases      ] GC(7) Purge Class Loader Data 1.426ms
[20.558s][info ][gc,phases      ] GC(7) Post Compact 5.678ms
[20.558s][info ][gc,heap        ] GC(7) PSYoungGen: 138142K(1572864K)->137723K(1572864K) Eden: 0K(1048576K)->0K(1048576K) From: 138142K(524288K)->137723K(524288K)
[20.558s][info ][gc,heap        ] GC(7) ParOldGen: 5994K(6144K)->5969K(6144K)
[20.558s][info ][gc,metaspace   ] GC(7) Metaspace: 98521K(99648K)->98518K(99648K) NonClass: 83037K(83648K)->83035K(83648K) Class: 15484K(16000K)->15483K(16000K)
[20.558s][info ][gc             ] GC(7) Pause Full (Metadata GC Threshold) 140M->140M(1542M) 675.236ms
[20.558s][info ][gc,cpu         ] GC(7) User=1.42s Sys=0.02s Real=0.68s
[20.558s][info ][safepoint      ] Safepoint "CollectForMetadataAllocation", Time since last: 555217668 ns, Reaching safepoint: 5200 ns, Cleanup: 46902 ns, At safepoint: 765054606 ns, Total: 765106708 ns
[20.829s][info ][safepoint      ] Safepoint "ICBufferFull", Time since last: 270518462 ns, Reaching safepoint: 83503 ns, Cleanup: 156106 ns, At safepoint: 7400 ns, Total: 247009 ns
[20.955s][info ][safepoint      ] Safepoint "ICBufferFull", Time since last: 125869122 ns, Reaching safepoint: 95004 ns, Cleanup: 177206 ns, At safepoint: 8501 ns, Total: 280711 ns
[20.955s][info ][safepoint      ] Safepoint "ICBufferFull", Time since last: 92703 ns, Reaching safepoint: 76503 ns, Cleanup: 3000 ns, At safepoint: 8501 ns, Total: 88004 ns
[21.009s][info ][safepoint      ] Safepoint "ICBufferFull", Time since last: 54026669 ns, Reaching safepoint: 101104 ns, Cleanup: 125105 ns, At safepoint: 16600 ns, Total: 242809 ns
[21.107s][info ][safepoint      ] Safepoint "ICBufferFull", Time since last: 96861911 ns, Reaching safepoint: 6900 ns, Cleanup: 136805 ns, At safepoint: 10101 ns, Total: 153806 ns
[21.240s][info ][safepoint      ] Safepoint "ICBufferFull", Time since last: 133356808 ns, Reaching safepoint: 6100 ns, Cleanup: 158406 ns, At safepoint: 7001 ns, Total: 171507 ns
[21.339s][info ][safepoint      ] Safepoint "ICBufferFull", Time since last: 98275564 ns, Reaching safepoint: 8300 ns, Cleanup: 169007 ns, At safepoint: 8100 ns, Total: 185407 ns
[21.451s][info ][safepoint      ] Safepoint "ICBufferFull", Time since last: 112140296 ns, Reaching safepoint: 6900 ns, Cleanup: 196908 ns, At safepoint: 10600 ns, Total: 214408 ns
[21.451s][info ][safepoint      ] Safepoint "ICBufferFull", Time since last: 119605 ns, Reaching safepoint: 83003 ns, Cleanup: 3500 ns, At safepoint: 9500 ns, Total: 96003 ns
[21.573s][info ][safepoint      ] Safepoint "ICBufferFull", Time since last: 121884369 ns, Reaching safepoint: 7400 ns, Cleanup: 145306 ns, At safepoint: 7100 ns, Total: 159806 ns
[21.573s][info ][safepoint      ] Safepoint "ICBufferFull", Time since last: 93104 ns, Reaching safepoint: 79003 ns, Cleanup: 3200 ns, At safepoint: 12500 ns, Total: 94703 ns
[21.706s][info ][safepoint      ] Safepoint "ICBufferFull", Time since last: 132224265 ns, Reaching safepoint: 82503 ns, Cleanup: 147906 ns, At safepoint: 12601 ns, Total: 243010 ns
[21.861s][info ][safepoint      ] Safepoint "ICBufferFull", Time since last: 154696325 ns, Reaching safepoint: 7001 ns, Cleanup: 150505 ns, At safepoint: 12501 ns, Total: 170007 ns
[21.981s][info ][safepoint      ] Safepoint "ICBufferFull", Time since last: 119959295 ns, Reaching safepoint: 6200 ns, Cleanup: 128305 ns, At safepoint: 2000 ns, Total: 136505 ns
[22.224s][info ][safepoint      ] Safepoint "ICBufferFull", Time since last: 242832702 ns, Reaching safepoint: 6900 ns, Cleanup: 136206 ns, At safepoint: 11900 ns, Total: 155006 ns
[22.428s][info ][safepoint      ] Safepoint "ICBufferFull", Time since last: 204289325 ns, Reaching safepoint: 5901 ns, Cleanup: 127605 ns, At safepoint: 6300 ns, Total: 139806 ns
[22.664s][info ][safepoint      ] Safepoint "ICBufferFull", Time since last: 235460919 ns, Reaching safepoint: 6601 ns, Cleanup: 133805 ns, At safepoint: 9500 ns, Total: 149906 ns
[22.979s][info ][safepoint      ] Safepoint "ICBufferFull", Time since last: 315408648 ns, Reaching safepoint: 6200 ns, Cleanup: 139804 ns, At safepoint: 6200 ns, Total: 152204 ns
[23.252s][info ][safepoint      ] Safepoint "ICBufferFull", Time since last: 272302373 ns, Reaching safepoint: 88203 ns, Cleanup: 168605 ns, At safepoint: 15000 ns, Total: 271808 ns
[23.530s][info ][safepoint      ] Safepoint "ICBufferFull", Time since last: 278393250 ns, Reaching safepoint: 7000 ns, Cleanup: 136104 ns, At safepoint: 6700 ns, Total: 149804 ns
[23.904s][info ][safepoint      ] Safepoint "ICBufferFull", Time since last: 373420597 ns, Reaching safepoint: 99903 ns, Cleanup: 131104 ns, At safepoint: 14900 ns, Total: 245907 ns
[23.906s][info ][safepoint      ] Safepoint "ICBufferFull", Time since last: 1873054 ns, Reaching safepoint: 81103 ns, Cleanup: 6000 ns, At safepoint: 9100 ns, Total: 96203 ns
[24.348s][info ][safepoint      ] Safepoint "ICBufferFull", Time since last: 441304660 ns, Reaching safepoint: 84802 ns, Cleanup: 137104 ns, At safepoint: 16101 ns, Total: 238007 ns
[24.967s][info ][safepoint      ] Safepoint "ICBufferFull", Time since last: 619339307 ns, Reaching safepoint: 6900 ns, Cleanup: 286608 ns, At safepoint: 10801 ns, Total: 304309 ns
[25.253s][info ][gc,start       ] GC(8) Pause Young (Allocation Failure)
[25.356s][debug][gc,phases      ] GC(8) Scavenge 103.264ms
[25.357s][debug][gc,ref         ] GC(8) ReferenceProcessor::execute queues: 4, RefProcThreadModel::Multi, marks_oops_alive: false
[25.357s][debug][gc,ref         ] GC(8) Skipped KeepAliveFinalRefsPhase of Reference Processing: no references
[25.357s][debug][gc,ref         ] GC(8) ReferenceProcessor::execute queues: 1, RefProcThreadModel::Single, marks_oops_alive: false
[25.357s][debug][gc,phases      ] GC(8) Reference Processing 0.833ms
[25.358s][debug][gc,phases      ] GC(8)   VM Weak                        Min:  0.0, Avg:  0.0, Max:  0.0, Diff:  0.0, Sum:  0.0, Workers: 4
[25.358s][debug][gc,phases      ] GC(8)     Dead                           Min: 0, Avg:  0.0, Max: 0, Diff: 0, Sum: 0, Workers: 4
[25.358s][debug][gc,phases      ] GC(8)     Total                          Min: 128, Avg: 233.2, Max: 384, Diff: 256, Sum: 933, Workers: 4
[25.358s][debug][gc,phases      ] GC(8)   ObjectSynchronizer Weak        Min:  0.0, Avg:  0.0, Max:  0.0, Diff:  0.0, Sum:  0.0, Workers: 4
[25.358s][debug][gc,phases      ] GC(8)     Dead                           Min: 0, Avg:  1.5, Max: 6, Diff: 6, Sum: 6, Workers: 4
[25.358s][debug][gc,phases      ] GC(8)     Total                          Min: 0, Avg: 12.2, Max: 49, Diff: 49, Sum: 49, Workers: 4
[25.358s][debug][gc,phases      ] GC(8)   JVMTI Tag Weak OopStorage      Min:  0.0, Avg:  0.0, Max:  0.0, Diff:  0.0, Sum:  0.0, Workers: 4
[25.358s][debug][gc,phases      ] GC(8)     Dead                           Min: 0, Avg:  0.0, Max: 0, Diff: 0, Sum: 0, Workers: 4
[25.358s][debug][gc,phases      ] GC(8)     Total                          Min: 0, Avg:  0.0, Max: 0, Diff: 0, Sum: 0, Workers: 4
[25.358s][debug][gc,phases      ] GC(8)   StringTable Weak               Min:  0.5, Avg:  0.5, Max:  0.5, Diff:  0.0, Sum:  2.0, Workers: 4
[25.358s][debug][gc,phases      ] GC(8)     Dead                           Min: 1, Avg:  3.2, Max: 5, Diff: 4, Sum: 13, Workers: 4
[25.358s][debug][gc,phases      ] GC(8)     Total                          Min: 10560, Avg: 11633.5, Max: 12032, Diff: 1472, Sum: 46534, Workers: 4
[25.358s][debug][gc,phases      ] GC(8)   ResolvedMethodTable Weak       Min:  0.2, Avg:  0.2, Max:  0.2, Diff:  0.0, Sum:  0.8, Workers: 4
[25.358s][debug][gc,phases      ] GC(8)     Dead                           Min: 103, Avg: 122.5, Max: 148, Diff: 45, Sum: 490, Workers: 4
[25.358s][debug][gc,phases      ] GC(8)     Total                          Min: 3669, Avg: 3787.5, Max: 3973, Diff: 304, Sum: 15150, Workers: 4
[25.358s][debug][gc,phases      ] GC(8)   JNI Weak                       Min:  0.0, Avg:  0.0, Max:  0.0, Diff:  0.0, Sum:  0.0, Workers: 4
[25.358s][debug][gc,phases      ] GC(8)     Dead                           Min: 0, Avg:  0.0, Max: 0, Diff: 0, Sum: 0, Workers: 4
[25.358s][debug][gc,phases      ] GC(8)     Total                          Min: 0, Avg: 16.5, Max: 52, Diff: 52, Sum: 66, Workers: 4
[25.358s][debug][gc,phases      ] GC(8)   StringDedup Table Weak         Min:  0.0, Avg:  0.0, Max:  0.0, Diff:  0.0, Sum:  0.0, Workers: 4
[25.358s][debug][gc,phases      ] GC(8)     Dead                           Min: 0, Avg:  0.0, Max: 0, Diff: 0, Sum: 0, Workers: 4
[25.358s][debug][gc,phases      ] GC(8)     Total                          Min: 0, Avg:  0.0, Max: 0, Diff: 0, Sum: 0, Workers: 4
[25.358s][debug][gc,phases      ] GC(8)   StringDedup Requests0 Weak     Min:  0.0, Avg:  0.0, Max:  0.0, Diff:  0.0, Sum:  0.0, Workers: 4
[25.358s][debug][gc,phases      ] GC(8)     Dead                           Min: 0, Avg:  0.0, Max: 0, Diff: 0, Sum: 0, Workers: 4
[25.358s][debug][gc,phases      ] GC(8)     Total                          Min: 0, Avg:  0.0, Max: 0, Diff: 0, Sum: 0, Workers: 4
[25.358s][debug][gc,phases      ] GC(8)   StringDedup Requests1 Weak     Min:  0.0, Avg:  0.0, Max:  0.0, Diff:  0.0, Sum:  0.0, Workers: 4
[25.358s][debug][gc,phases      ] GC(8)     Dead                           Min: 0, Avg:  0.0, Max: 0, Diff: 0, Sum: 0, Workers: 4
[25.358s][debug][gc,phases      ] GC(8)     Total                          Min: 0, Avg:  0.0, Max: 0, Diff: 0, Sum: 0, Workers: 4
[25.358s][debug][gc,phases      ] GC(8)   Weak JFR Old Object Samples    Min:  0.0, Avg:  0.0, Max:  0.0, Diff:  0.0, Sum:  0.0, Workers: 4
[25.358s][debug][gc,phases      ] GC(8)     Dead                           Min: 0, Avg:  0.0, Max: 0, Diff: 0, Sum: 0, Workers: 4
[25.358s][debug][gc,phases      ] GC(8)     Total                          Min: 0, Avg:  0.0, Max: 0, Diff: 0, Sum: 0, Workers: 4
[25.358s][debug][gc,phases      ] GC(8) Weak Processing 0.893ms
[25.358s][debug][gc,age         ] GC(8) Desired survivor size 222298112 bytes, new threshold 6 (max threshold 15)
[25.358s][info ][gc,heap        ] GC(8) PSYoungGen: 1186299K(1572864K)->202991K(1572864K) Eden: 1048576K(1048576K)->0K(1048576K) From: 137723K(524288K)->202991K(524288K)
[25.358s][info ][gc,heap        ] GC(8) ParOldGen: 5969K(6144K)->6006K(6144K)
[25.358s][info ][gc,metaspace   ] GC(8) Metaspace: 103755K(104960K)->103755K(104960K) NonClass: 87713K(88384K)->87713K(88384K) Class: 16042K(16576K)->16042K(16576K)
[25.358s][info ][gc             ] GC(8) Pause Young (Allocation Failure) 1164M->204M(1542M) 105.142ms
[25.358s][info ][gc,cpu         ] GC(8) User=0.30s Sys=0.09s Real=0.11s
[25.359s][info ][safepoint      ] Safepoint "ParallelGCFailedAllocation", Time since last: 285640059 ns, Reaching safepoint: 95302 ns, Cleanup: 69302 ns, At safepoint: 105701657 ns, Total: 105866261 ns
[25.741s][info ][safepoint      ] Safepoint "ICBufferFull", Time since last: 381521131 ns, Reaching safepoint: 85402 ns, Cleanup: 138004 ns, At safepoint: 13401 ns, Total: 236807 ns
[26.123s][info ][safepoint      ] Safepoint "ICBufferFull", Time since last: 381815989 ns, Reaching safepoint: 129205 ns, Cleanup: 135005 ns, At safepoint: 15400 ns, Total: 279610 ns
[26.693s][info ][safepoint      ] Safepoint "ICBufferFull", Time since last: 569903516 ns, Reaching safepoint: 5701 ns, Cleanup: 137205 ns, At safepoint: 2200 ns, Total: 145106 ns
[27.236s][info ][safepoint      ] Safepoint "ICBufferFull", Time since last: 543108990 ns, Reaching safepoint: 86204 ns, Cleanup: 151105 ns, At safepoint: 9701 ns, Total: 247010 ns
[27.730s][info ][safepoint      ] Safepoint "ICBufferFull", Time since last: 494230519 ns, Reaching safepoint: 6700 ns, Cleanup: 146506 ns, At safepoint: 5800 ns, Total: 159006 ns
[28.087s][info ][safepoint      ] Safepoint "ICBufferFull", Time since last: 355959526 ns, Reaching safepoint: 6200 ns, Cleanup: 125405 ns, At safepoint: 2000 ns, Total: 133605 ns
[28.638s][info ][safepoint      ] Safepoint "ICBufferFull", Time since last: 551813524 ns, Reaching safepoint: 6500 ns, Cleanup: 137205 ns, At safepoint: 2800 ns, Total: 146505 ns
[29.639s][info ][safepoint      ] Safepoint "Cleanup", Time since last: 1000133886 ns, Reaching safepoint: 83403 ns, Cleanup: 128905 ns, At safepoint: 8600 ns, Total: 220908 ns
[30.639s][info ][safepoint      ] Safepoint "Cleanup", Time since last: 1000137286 ns, Reaching safepoint: 82203 ns, Cleanup: 140705 ns, At safepoint: 10000 ns, Total: 232908 ns
[31.423s][info ][safepoint      ] Safepoint "ICBufferFull", Time since last: 783475844 ns, Reaching safepoint: 6601 ns, Cleanup: 150305 ns, At safepoint: 2400 ns, Total: 159306 ns
[32.149s][info ][safepoint      ] Safepoint "ICBufferFull", Time since last: 725959944 ns, Reaching safepoint: 7800 ns, Cleanup: 164207 ns, At safepoint: 2500 ns, Total: 174507 ns
[32.192s][info ][gc,start       ] GC(9) Pause Young (Allocation Failure)
[32.342s][debug][gc,phases      ] GC(9) Scavenge 150.454ms
[32.343s][debug][gc,ref         ] GC(9) ReferenceProcessor::execute queues: 4, RefProcThreadModel::Multi, marks_oops_alive: false
[32.343s][debug][gc,ref         ] GC(9) ReferenceProcessor::execute queues: 4, RefProcThreadModel::Multi, marks_oops_alive: true
[32.344s][debug][gc,ref         ] GC(9) ReferenceProcessor::execute queues: 1, RefProcThreadModel::Single, marks_oops_alive: false
[32.344s][debug][gc,phases      ] GC(9) Reference Processing 1.296ms
[32.344s][debug][gc,phases      ] GC(9)   VM Weak                        Min:  0.0, Avg:  0.0, Max:  0.0, Diff:  0.0, Sum:  0.0, Workers: 4
[32.344s][debug][gc,phases      ] GC(9)     Dead                           Min: 0, Avg:  0.0, Max: 0, Diff: 0, Sum: 0, Workers: 4
[32.344s][debug][gc,phases      ] GC(9)     Total                          Min: 0, Avg: 235.5, Max: 430, Diff: 430, Sum: 942, Workers: 4
[32.344s][debug][gc,phases      ] GC(9)   ObjectSynchronizer Weak        Min:  0.0, Avg:  0.0, Max:  0.0, Diff:  0.0, Sum:  0.0, Workers: 4
[32.344s][debug][gc,phases      ] GC(9)     Dead                           Min: 0, Avg:  0.0, Max: 0, Diff: 0, Sum: 0, Workers: 4
[32.344s][debug][gc,phases      ] GC(9)     Total                          Min: 0, Avg: 12.2, Max: 49, Diff: 49, Sum: 49, Workers: 4
[32.345s][debug][gc,phases      ] GC(9)   JVMTI Tag Weak OopStorage      Min:  0.0, Avg:  0.0, Max:  0.0, Diff:  0.0, Sum:  0.0, Workers: 4
[32.345s][debug][gc,phases      ] GC(9)     Dead                           Min: 0, Avg:  0.0, Max: 0, Diff: 0, Sum: 0, Workers: 4
[32.345s][debug][gc,phases      ] GC(9)     Total                          Min: 0, Avg:  0.0, Max: 0, Diff: 0, Sum: 0, Workers: 4
[32.345s][debug][gc,phases      ] GC(9)   StringTable Weak               Min:  0.0, Avg:  0.5, Max:  0.6, Diff:  0.6, Sum:  1.9, Workers: 4
[32.345s][debug][gc,phases      ] GC(9)     Dead                           Min: 0, Avg:  0.8, Max: 3, Diff: 3, Sum: 3, Workers: 4
[32.345s][debug][gc,phases      ] GC(9)     Total                          Min: 0, Avg: 11739.2, Max: 16000, Diff: 16000, Sum: 46957, Workers: 4
[32.345s][debug][gc,phases      ] GC(9)   ResolvedMethodTable Weak       Min:  0.0, Avg:  0.2, Max:  0.2, Diff:  0.2, Sum:  0.6, Workers: 4
[32.345s][debug][gc,phases      ] GC(9)     Dead                           Min: 0, Avg: 15.0, Max: 36, Diff: 36, Sum: 60, Workers: 4
[32.345s][debug][gc,phases      ] GC(9)     Total                          Min: 0, Avg: 3826.8, Max: 5183, Diff: 5183, Sum: 15307, Workers: 4
[32.345s][debug][gc,phases      ] GC(9)   JNI Weak                       Min:  0.0, Avg:  0.0, Max:  0.0, Diff:  0.0, Sum:  0.0, Workers: 4
[32.345s][debug][gc,phases      ] GC(9)     Dead                           Min: 0, Avg:  0.0, Max: 0, Diff: 0, Sum: 0, Workers: 4
[32.345s][debug][gc,phases      ] GC(9)     Total                          Min: 0, Avg: 16.0, Max: 64, Diff: 64, Sum: 64, Workers: 4
[32.345s][debug][gc,phases      ] GC(9)   StringDedup Table Weak         Min:  0.0, Avg:  0.0, Max:  0.0, Diff:  0.0, Sum:  0.0, Workers: 4
[32.345s][debug][gc,phases      ] GC(9)     Dead                           Min: 0, Avg:  0.0, Max: 0, Diff: 0, Sum: 0, Workers: 4
[32.345s][debug][gc,phases      ] GC(9)     Total                          Min: 0, Avg:  0.0, Max: 0, Diff: 0, Sum: 0, Workers: 4
[32.345s][debug][gc,phases      ] GC(9)   StringDedup Requests0 Weak     Min:  0.0, Avg:  0.0, Max:  0.0, Diff:  0.0, Sum:  0.0, Workers: 4
[32.345s][debug][gc,phases      ] GC(9)     Dead                           Min: 0, Avg:  0.0, Max: 0, Diff: 0, Sum: 0, Workers: 4
[32.345s][debug][gc,phases      ] GC(9)     Total                          Min: 0, Avg:  0.0, Max: 0, Diff: 0, Sum: 0, Workers: 4
[32.345s][debug][gc,phases      ] GC(9)   StringDedup Requests1 Weak     Min:  0.0, Avg:  0.0, Max:  0.0, Diff:  0.0, Sum:  0.0, Workers: 4
[32.345s][debug][gc,phases      ] GC(9)     Dead                           Min: 0, Avg:  0.0, Max: 0, Diff: 0, Sum: 0, Workers: 4
[32.345s][debug][gc,phases      ] GC(9)     Total                          Min: 0, Avg:  0.0, Max: 0, Diff: 0, Sum: 0, Workers: 4
[32.345s][debug][gc,phases      ] GC(9)   Weak JFR Old Object Samples    Min:  0.0, Avg:  0.0, Max:  0.0, Diff:  0.0, Sum:  0.0, Workers: 4
[32.345s][debug][gc,phases      ] GC(9)     Dead                           Min: 0, Avg:  0.0, Max: 0, Diff: 0, Sum: 0, Workers: 4
[32.345s][debug][gc,phases      ] GC(9)     Total                          Min: 0, Avg:  0.0, Max: 0, Diff: 0, Sum: 0, Workers: 4
[32.345s][debug][gc,phases      ] GC(9) Weak Processing 1.042ms
[32.345s][debug][gc,age         ] GC(9) Desired survivor size 274726912 bytes, new threshold 5 (max threshold 15)
[32.345s][info ][gc,heap        ] GC(9) PSYoungGen: 1251567K(1572864K)->217087K(1777664K) Eden: 1048576K(1048576K)->0K(1560576K) From: 202991K(524288K)->217087K(217088K)
[32.345s][info ][gc,heap        ] GC(9) ParOldGen: 6006K(6144K)->14334K(14336K)
[32.345s][info ][gc,metaspace   ] GC(9) Metaspace: 104732K(106048K)->104732K(106048K) NonClass: 88619K(89344K)->88619K(89344K) Class: 16113K(16704K)->16113K(16704K)
[32.345s][info ][gc             ] GC(9) Pause Young (Allocation Failure) 1228M->225M(1750M) 152.937ms
[32.345s][info ][gc,cpu         ] GC(9) User=0.49s Sys=0.08s Real=0.15s
[32.345s][info ][safepoint      ] Safepoint "ParallelGCFailedAllocation", Time since last: 42689925 ns, Reaching safepoint: 9901 ns, Cleanup: 13700 ns, At safepoint: 153020727 ns, Total: 153044328 ns
[32.785s][info ][safepoint      ] Safepoint "ICBufferFull", Time since last: 439686843 ns, Reaching safepoint: 6400 ns, Cleanup: 153306 ns, At safepoint: 2800 ns, Total: 162506 ns
[33.785s][info ][safepoint      ] Safepoint "Cleanup", Time since last: 1000109283 ns, Reaching safepoint: 78903 ns, Cleanup: 119504 ns, At safepoint: 6800 ns, Total: 205207 ns
[34.485s][info ][safepoint      ] Safepoint "ICBufferFull", Time since last: 700022456 ns, Reaching safepoint: 6401 ns, Cleanup: 171206 ns, At safepoint: 2200 ns, Total: 179807 ns
[35.409s][info ][safepoint      ] Safepoint "ICBufferFull", Time since last: 924079288 ns, Reaching safepoint: 87503 ns, Cleanup: 179807 ns, At safepoint: 16501 ns, Total: 283811 ns
[35.641s][info ][safepoint      ] Safepoint "ICBufferFull", Time since last: 231340709 ns, Reaching safepoint: 5500 ns, Cleanup: 127205 ns, At safepoint: 2700 ns, Total: 135405 ns
[36.394s][info ][safepoint      ] Safepoint "ICBufferFull", Time since last: 753360387 ns, Reaching safepoint: 7800 ns, Cleanup: 177807 ns, At safepoint: 2500 ns, Total: 188107 ns
[37.385s][info ][safepoint      ] Safepoint "ICBufferFull", Time since last: 990859131 ns, Reaching safepoint: 6400 ns, Cleanup: 146805 ns, At safepoint: 2100 ns, Total: 155305 ns
[38.386s][info ][safepoint      ] Safepoint "Cleanup", Time since last: 1000119184 ns, Reaching safepoint: 87303 ns, Cleanup: 96204 ns, At safepoint: 8500 ns, Total: 192007 ns
[39.386s][info ][safepoint      ] Safepoint "Cleanup", Time since last: 1000116069 ns, Reaching safepoint: 82503 ns, Cleanup: 63403 ns, At safepoint: 8900 ns, Total: 154806 ns
[41.136s][info ][safepoint      ] Safepoint "Cleanup", Time since last: 1749657480 ns, Reaching safepoint: 83603 ns, Cleanup: 124805 ns, At safepoint: 8100 ns, Total: 216508 ns
[42.136s][info ][safepoint      ] Safepoint "Cleanup", Time since last: 1000137073 ns, Reaching safepoint: 83203 ns, Cleanup: 63102 ns, At safepoint: 10801 ns, Total: 157106 ns
[43.137s][info ][safepoint      ] Safepoint "Cleanup", Time since last: 1000124672 ns, Reaching safepoint: 80503 ns, Cleanup: 110004 ns, At safepoint: 6100 ns, Total: 196607 ns
[44.389s][info ][safepoint      ] Safepoint "Cleanup", Time since last: 1252271095 ns, Reaching safepoint: 77803 ns, Cleanup: 102504 ns, At safepoint: 5900 ns, Total: 186207 ns
[45.389s][info ][safepoint      ] Safepoint "Cleanup", Time since last: 1000117172 ns, Reaching safepoint: 82903 ns, Cleanup: 66702 ns, At safepoint: 7601 ns, Total: 157206 ns
[46.390s][info ][safepoint      ] Safepoint "Cleanup", Time since last: 1000126772 ns, Reaching safepoint: 82303 ns, Cleanup: 55202 ns, At safepoint: 7900 ns, Total: 145405 ns
[47.390s][info ][safepoint      ] Safepoint "Cleanup", Time since last: 1000121549 ns, Reaching safepoint: 78603 ns, Cleanup: 28401 ns, At safepoint: 9201 ns, Total: 116205 ns
[48.390s][info ][safepoint      ] Safepoint "Cleanup", Time since last: 1000129779 ns, Reaching safepoint: 83403 ns, Cleanup: 43702 ns, At safepoint: 8000 ns, Total: 135105 ns
[49.390s][info ][safepoint      ] Safepoint "Cleanup", Time since last: 1000146580 ns, Reaching safepoint: 86604 ns, Cleanup: 39501 ns, At safepoint: 5500 ns, Total: 131605 ns
[50.391s][info ][safepoint      ] Safepoint "Cleanup", Time since last: 1000110679 ns, Reaching safepoint: 84203 ns, Cleanup: 33402 ns, At safepoint: 6800 ns, Total: 124405 ns
[51.391s][info ][safepoint      ] Safepoint "Cleanup", Time since last: 1000112679 ns, Reaching safepoint: 79503 ns, Cleanup: 32501 ns, At safepoint: 6200 ns, Total: 118204 ns
[52.391s][info ][safepoint      ] Safepoint "Cleanup", Time since last: 1000117779 ns, Reaching safepoint: 84204 ns, Cleanup: 43701 ns, At safepoint: 7501 ns, Total: 135406 ns
[53.281s][info ][gc,start       ] GC(10) Pause Young (Allocation Failure)
[53.384s][debug][gc,phases      ] GC(10) Scavenge 103.308ms
[53.384s][debug][gc,ref         ] GC(10) ReferenceProcessor::execute queues: 4, RefProcThreadModel::Multi, marks_oops_alive: false
[53.385s][debug][gc,ref         ] GC(10) ReferenceProcessor::execute queues: 4, RefProcThreadModel::Multi, marks_oops_alive: true
[53.385s][debug][gc,ref         ] GC(10) ReferenceProcessor::execute queues: 1, RefProcThreadModel::Single, marks_oops_alive: false
[53.385s][debug][gc,phases      ] GC(10) Reference Processing 0.936ms
[53.386s][debug][gc,phases      ] GC(10)   VM Weak                        Min:  0.0, Avg:  0.0, Max:  0.0, Diff:  0.0, Sum:  0.0, Workers: 4
[53.386s][debug][gc,phases      ] GC(10)     Dead                           Min: 0, Avg:  0.0, Max: 0, Diff: 0, Sum: 0, Workers: 4
[53.386s][debug][gc,phases      ] GC(10)     Total                          Min: 128, Avg: 239.2, Max: 448, Diff: 320, Sum: 957, Workers: 4
[53.386s][debug][gc,phases      ] GC(10)   ObjectSynchronizer Weak        Min:  0.0, Avg:  0.0, Max:  0.0, Diff:  0.0, Sum:  0.0, Workers: 4
[53.386s][debug][gc,phases      ] GC(10)     Dead                           Min: 0, Avg:  0.0, Max: 0, Diff: 0, Sum: 0, Workers: 4
[53.386s][debug][gc,phases      ] GC(10)     Total                          Min: 0, Avg: 12.2, Max: 49, Diff: 49, Sum: 49, Workers: 4
[53.386s][debug][gc,phases      ] GC(10)   JVMTI Tag Weak OopStorage      Min:  0.0, Avg:  0.0, Max:  0.0, Diff:  0.0, Sum:  0.0, Workers: 4
[53.386s][debug][gc,phases      ] GC(10)     Dead                           Min: 0, Avg:  0.0, Max: 0, Diff: 0, Sum: 0, Workers: 4
[53.386s][debug][gc,phases      ] GC(10)     Total                          Min: 0, Avg:  0.0, Max: 0, Diff: 0, Sum: 0, Workers: 4
[53.386s][debug][gc,phases      ] GC(10)   StringTable Weak               Min:  0.5, Avg:  0.5, Max:  0.5, Diff:  0.0, Sum:  2.0, Workers: 4
[53.386s][debug][gc,phases      ] GC(10)     Dead                           Min: 0, Avg:  0.5, Max: 1, Diff: 1, Sum: 2, Workers: 4
[53.386s][debug][gc,phases      ] GC(10)     Total                          Min: 11626, Avg: 11818.5, Max: 12096, Diff: 470, Sum: 47274, Workers: 4
[53.386s][debug][gc,phases      ] GC(10)   ResolvedMethodTable Weak       Min:  0.2, Avg:  0.2, Max:  0.2, Diff:  0.0, Sum:  0.6, Workers: 4
[53.386s][debug][gc,phases      ] GC(10)     Dead                           Min: 0, Avg:  5.2, Max: 11, Diff: 11, Sum: 21, Workers: 4
[53.386s][debug][gc,phases      ] GC(10)     Total                          Min: 3756, Avg: 3863.8, Max: 4003, Diff: 247, Sum: 15455, Workers: 4
[53.386s][debug][gc,phases      ] GC(10)   JNI Weak                       Min:  0.0, Avg:  0.0, Max:  0.0, Diff:  0.0, Sum:  0.0, Workers: 4
[53.386s][debug][gc,phases      ] GC(10)     Dead                           Min: 0, Avg:  0.0, Max: 0, Diff: 0, Sum: 0, Workers: 4
[53.386s][debug][gc,phases      ] GC(10)     Total                          Min: 0, Avg: 13.0, Max: 52, Diff: 52, Sum: 52, Workers: 4
[53.386s][debug][gc,phases      ] GC(10)   StringDedup Table Weak         Min:  0.0, Avg:  0.0, Max:  0.0, Diff:  0.0, Sum:  0.0, Workers: 4
[53.386s][debug][gc,phases      ] GC(10)     Dead                           Min: 0, Avg:  0.0, Max: 0, Diff: 0, Sum: 0, Workers: 4
[53.386s][debug][gc,phases      ] GC(10)     Total                          Min: 0, Avg:  0.0, Max: 0, Diff: 0, Sum: 0, Workers: 4
[53.386s][debug][gc,phases      ] GC(10)   StringDedup Requests0 Weak     Min:  0.0, Avg:  0.0, Max:  0.0, Diff:  0.0, Sum:  0.0, Workers: 4
[53.386s][debug][gc,phases      ] GC(10)     Dead                           Min: 0, Avg:  0.0, Max: 0, Diff: 0, Sum: 0, Workers: 4
[53.386s][debug][gc,phases      ] GC(10)     Total                          Min: 0, Avg:  0.0, Max: 0, Diff: 0, Sum: 0, Workers: 4
[53.386s][debug][gc,phases      ] GC(10)   StringDedup Requests1 Weak     Min:  0.0, Avg:  0.0, Max:  0.0, Diff:  0.0, Sum:  0.0, Workers: 4
[53.386s][debug][gc,phases      ] GC(10)     Dead                           Min: 0, Avg:  0.0, Max: 0, Diff: 0, Sum: 0, Workers: 4
[53.386s][debug][gc,phases      ] GC(10)     Total                          Min: 0, Avg:  0.0, Max: 0, Diff: 0, Sum: 0, Workers: 4
[53.386s][debug][gc,phases      ] GC(10)   Weak JFR Old Object Samples    Min:  0.0, Avg:  0.0, Max:  0.0, Diff:  0.0, Sum:  0.0, Workers: 4
[53.386s][debug][gc,phases      ] GC(10)     Dead                           Min: 0, Avg:  0.0, Max: 0, Diff: 0, Sum: 0, Workers: 4
[53.386s][debug][gc,phases      ] GC(10)     Total                          Min: 0, Avg:  0.0, Max: 0, Diff: 0, Sum: 0, Workers: 4
[53.386s][debug][gc,phases      ] GC(10) Weak Processing 0.850ms
[53.386s][debug][gc,age         ] GC(10) Desired survivor size 276299776 bytes, new threshold 4 (max threshold 15)
[53.386s][info ][gc,heap        ] GC(10) PSYoungGen: 1777663K(1777664K)->165709K(1726464K) Eden: 1560576K(1560576K)->0K(1560576K) From: 217087K(217088K)->165709K(165888K)
[53.386s][info ][gc,heap        ] GC(10) ParOldGen: 14334K(14336K)->68786K(69120K)
[53.386s][info ][gc,metaspace   ] GC(10) Metaspace: 105932K(107200K)->105932K(107200K) NonClass: 89731K(90432K)->89731K(90432K) Class: 16201K(16768K)->16201K(16768K)
[53.386s][info ][gc             ] GC(10) Pause Young (Allocation Failure) 1749M->228M(1753M) 105.233ms
[53.386s][info ][gc,cpu         ] GC(10) User=0.34s Sys=0.05s Real=0.11s
[53.386s][info ][safepoint      ] Safepoint "ParallelGCFailedAllocation", Time since last: 889584059 ns, Reaching safepoint: 6500 ns, Cleanup: 28001 ns, At safepoint: 105332821 ns, Total: 105367322 ns
[54.386s][info ][safepoint      ] Safepoint "Cleanup", Time since last: 1000087278 ns, Reaching safepoint: 78503 ns, Cleanup: 29901 ns, At safepoint: 6701 ns, Total: 115105 ns
[55.386s][info ][safepoint      ] Safepoint "Cleanup", Time since last: 1000114828 ns, Reaching safepoint: 79203 ns, Cleanup: 22801 ns, At safepoint: 6100 ns, Total: 108104 ns
[56.387s][info ][safepoint      ] Safepoint "Cleanup", Time since last: 1000104603 ns, Reaching safepoint: 77203 ns, Cleanup: 25601 ns, At safepoint: 6300 ns, Total: 109104 ns
[56.819s][info ][gc,start       ] GC(11) Pause Young (CodeCache GC Threshold)
[56.903s][debug][gc,phases      ] GC(11) Scavenge 83.962ms
[56.903s][debug][gc,ref         ] GC(11) ReferenceProcessor::execute queues: 2, RefProcThreadModel::Multi, marks_oops_alive: false
[56.903s][debug][gc,ref         ] GC(11) Skipped KeepAliveFinalRefsPhase of Reference Processing: no references
[56.903s][debug][gc,ref         ] GC(11) ReferenceProcessor::execute queues: 1, RefProcThreadModel::Single, marks_oops_alive: false
[56.903s][debug][gc,phases      ] GC(11) Reference Processing 0.209ms
[56.904s][debug][gc,phases      ] GC(11)   VM Weak                        Min:  0.0, Avg:  0.0, Max:  0.0, Diff:  0.0, Sum:  0.0, Workers: 4
[56.904s][debug][gc,phases      ] GC(11)     Dead                           Min: 0, Avg:  0.0, Max: 0, Diff: 0, Sum: 0, Workers: 4
[56.904s][debug][gc,phases      ] GC(11)     Total                          Min: 0, Avg: 241.0, Max: 512, Diff: 512, Sum: 964, Workers: 4
[56.904s][debug][gc,phases      ] GC(11)   ObjectSynchronizer Weak        Min:  0.0, Avg:  0.0, Max:  0.0, Diff:  0.0, Sum:  0.0, Workers: 4
[56.904s][debug][gc,phases      ] GC(11)     Dead                           Min: 0, Avg:  0.0, Max: 0, Diff: 0, Sum: 0, Workers: 4
[56.904s][debug][gc,phases      ] GC(11)     Total                          Min: 0, Avg: 12.2, Max: 49, Diff: 49, Sum: 49, Workers: 4
[56.904s][debug][gc,phases      ] GC(11)   JVMTI Tag Weak OopStorage      Min:  0.0, Avg:  0.0, Max:  0.0, Diff:  0.0, Sum:  0.0, Workers: 4
[56.904s][debug][gc,phases      ] GC(11)     Dead                           Min: 0, Avg:  0.0, Max: 0, Diff: 0, Sum: 0, Workers: 4
[56.904s][debug][gc,phases      ] GC(11)     Total                          Min: 0, Avg:  0.0, Max: 0, Diff: 0, Sum: 0, Workers: 4
[56.904s][debug][gc,phases      ] GC(11)   StringTable Weak               Min:  0.0, Avg:  0.3, Max:  0.5, Diff:  0.5, Sum:  1.4, Workers: 4
[56.904s][debug][gc,phases      ] GC(11)     Dead                           Min: 0, Avg:  0.0, Max: 0, Diff: 0, Sum: 0, Workers: 4
[56.904s][debug][gc,phases      ] GC(11)     Total                          Min: 0, Avg: 11821.2, Max: 16885, Diff: 16885, Sum: 47285, Workers: 4
[56.904s][debug][gc,phases      ] GC(11)   ResolvedMethodTable Weak       Min:  0.0, Avg:  0.1, Max:  0.2, Diff:  0.2, Sum:  0.5, Workers: 4
[56.904s][debug][gc,phases      ] GC(11)     Dead                           Min: 0, Avg:  4.0, Max: 10, Diff: 10, Sum: 16, Workers: 4
[56.904s][debug][gc,phases      ] GC(11)     Total                          Min: 0, Avg: 3870.0, Max: 6366, Diff: 6366, Sum: 15480, Workers: 4
[56.904s][debug][gc,phases      ] GC(11)   JNI Weak                       Min:  0.0, Avg:  0.0, Max:  0.0, Diff:  0.0, Sum:  0.0, Workers: 4
[56.904s][debug][gc,phases      ] GC(11)     Dead                           Min: 0, Avg:  0.0, Max: 0, Diff: 0, Sum: 0, Workers: 4
[56.904s][debug][gc,phases      ] GC(11)     Total                          Min: 0, Avg: 13.0, Max: 52, Diff: 52, Sum: 52, Workers: 4
[56.904s][debug][gc,phases      ] GC(11)   StringDedup Table Weak         Min:  0.0, Avg:  0.0, Max:  0.0, Diff:  0.0, Sum:  0.0, Workers: 4
[56.904s][debug][gc,phases      ] GC(11)     Dead                           Min: 0, Avg:  0.0, Max: 0, Diff: 0, Sum: 0, Workers: 4
[56.904s][debug][gc,phases      ] GC(11)     Total                          Min: 0, Avg:  0.0, Max: 0, Diff: 0, Sum: 0, Workers: 4
[56.904s][debug][gc,phases      ] GC(11)   StringDedup Requests0 Weak     Min:  0.0, Avg:  0.0, Max:  0.0, Diff:  0.0, Sum:  0.0, Workers: 4
[56.904s][debug][gc,phases      ] GC(11)     Dead                           Min: 0, Avg:  0.0, Max: 0, Diff: 0, Sum: 0, Workers: 4
[56.904s][debug][gc,phases      ] GC(11)     Total                          Min: 0, Avg:  0.0, Max: 0, Diff: 0, Sum: 0, Workers: 4
[56.904s][debug][gc,phases      ] GC(11)   StringDedup Requests1 Weak     Min:  0.0, Avg:  0.0, Max:  0.0, Diff:  0.0, Sum:  0.0, Workers: 4
[56.904s][debug][gc,phases      ] GC(11)     Dead                           Min: 0, Avg:  0.0, Max: 0, Diff: 0, Sum: 0, Workers: 4
[56.904s][debug][gc,phases      ] GC(11)     Total                          Min: 0, Avg:  0.0, Max: 0, Diff: 0, Sum: 0, Workers: 4
[56.904s][debug][gc,phases      ] GC(11)   Weak JFR Old Object Samples    Min:  0.0, Avg:  0.0, Max:  0.0, Diff:  0.0, Sum:  0.0, Workers: 4
[56.904s][debug][gc,phases      ] GC(11)     Dead                           Min: 0, Avg:  0.0, Max: 0, Diff: 0, Sum: 0, Workers: 4
[56.904s][debug][gc,phases      ] GC(11)     Total                          Min: 0, Avg:  0.0, Max: 0, Diff: 0, Sum: 0, Workers: 4
[56.904s][debug][gc,phases      ] GC(11) Weak Processing 0.849ms
[56.904s][debug][gc,age         ] GC(11) Desired survivor size 267911168 bytes, new threshold 3 (max threshold 15)
[56.904s][info ][gc,heap        ] GC(11) PSYoungGen: 388265K(1726464K)->83749K(1835520K) Eden: 222556K(1560576K)->0K(1565696K) From: 165709K(165888K)->83749K(269824K)
[56.904s][info ][gc,heap        ] GC(11) ParOldGen: 68786K(69120K)->151187K(151552K)
[56.904s][info ][gc,metaspace   ] GC(11) Metaspace: 105987K(107264K)->105987K(107264K) NonClass: 89778K(90496K)->89778K(90496K) Class: 16208K(16768K)->16208K(16768K)
[56.904s][info ][gc             ] GC(11) Pause Young (CodeCache GC Threshold) 446M->229M(1940M) 85.153ms
[56.904s][info ][gc,cpu         ] GC(11) User=0.27s Sys=0.06s Real=0.08s
[56.904s][debug][gc,phases      ] GC(12) Pre Compact 0.010ms
[56.904s][info ][gc,start       ] GC(12) Pause Full (CodeCache GC Threshold)
[56.904s][info ][gc,phases,start] GC(12) Marking Phase
[56.994s][debug][gc,phases      ] GC(12) Par Mark 89.373ms
[56.994s][debug][gc,ref         ] GC(12) ReferenceProcessor::execute queues: 4, RefProcThreadModel::Multi, marks_oops_alive: false
[56.995s][debug][gc,ref         ] GC(12) Skipped KeepAliveFinalRefsPhase of Reference Processing: no references
[56.995s][debug][gc,ref         ] GC(12) ReferenceProcessor::execute queues: 1, RefProcThreadModel::Single, marks_oops_alive: false
[56.995s][debug][gc,phases      ] GC(12) Reference Processing 0.993ms
[56.995s][debug][gc,phases      ] GC(12)   VM Weak                        Min:  0.0, Avg:  0.0, Max:  0.0, Diff:  0.0, Sum:  0.0, Workers: 4
[56.995s][debug][gc,phases      ] GC(12)     Dead                           Min: 0, Avg:  0.0, Max: 0, Diff: 0, Sum: 0, Workers: 4
[56.995s][debug][gc,phases      ] GC(12)     Total                          Min: 0, Avg: 241.0, Max: 512, Diff: 512, Sum: 964, Workers: 4
[56.995s][debug][gc,phases      ] GC(12)   ObjectSynchronizer Weak        Min:  0.0, Avg:  0.0, Max:  0.0, Diff:  0.0, Sum:  0.0, Workers: 4
[56.995s][debug][gc,phases      ] GC(12)     Dead                           Min: 0, Avg:  0.0, Max: 0, Diff: 0, Sum: 0, Workers: 4
[56.995s][debug][gc,phases      ] GC(12)     Total                          Min: 0, Avg: 12.2, Max: 49, Diff: 49, Sum: 49, Workers: 4
[56.995s][debug][gc,phases      ] GC(12)   JVMTI Tag Weak OopStorage      Min:  0.0, Avg:  0.0, Max:  0.0, Diff:  0.0, Sum:  0.0, Workers: 4
[56.995s][debug][gc,phases      ] GC(12)     Dead                           Min: 0, Avg:  0.0, Max: 0, Diff: 0, Sum: 0, Workers: 4
[56.995s][debug][gc,phases      ] GC(12)     Total                          Min: 0, Avg:  0.0, Max: 0, Diff: 0, Sum: 0, Workers: 4
[56.995s][debug][gc,phases      ] GC(12)   StringTable Weak               Min:  0.0, Avg:  0.2, Max:  0.2, Diff:  0.2, Sum:  0.7, Workers: 4
[56.995s][debug][gc,phases      ] GC(12)     Dead                           Min: 0, Avg:  0.0, Max: 0, Diff: 0, Sum: 0, Workers: 4
[56.995s][debug][gc,phases      ] GC(12)     Total                          Min: 0, Avg: 11821.2, Max: 18112, Diff: 18112, Sum: 47285, Workers: 4
[56.995s][debug][gc,phases      ] GC(12)   ResolvedMethodTable Weak       Min:  0.0, Avg:  0.1, Max:  0.1, Diff:  0.1, Sum:  0.3, Workers: 4
[56.995s][debug][gc,phases      ] GC(12)     Dead                           Min: 0, Avg:  0.0, Max: 0, Diff: 0, Sum: 0, Workers: 4
[56.995s][debug][gc,phases      ] GC(12)     Total                          Min: 0, Avg: 3870.0, Max: 5730, Diff: 5730, Sum: 15480, Workers: 4
[56.995s][debug][gc,phases      ] GC(12)   JNI Weak                       Min:  0.0, Avg:  0.0, Max:  0.0, Diff:  0.0, Sum:  0.0, Workers: 4
[56.995s][debug][gc,phases      ] GC(12)     Dead                           Min: 0, Avg:  0.0, Max: 0, Diff: 0, Sum: 0, Workers: 4
[56.995s][debug][gc,phases      ] GC(12)     Total                          Min: 0, Avg: 13.0, Max: 52, Diff: 52, Sum: 52, Workers: 4
[56.995s][debug][gc,phases      ] GC(12)   StringDedup Table Weak         Min:  0.0, Avg:  0.0, Max:  0.0, Diff:  0.0, Sum:  0.0, Workers: 4
[56.995s][debug][gc,phases      ] GC(12)     Dead                           Min: 0, Avg:  0.0, Max: 0, Diff: 0, Sum: 0, Workers: 4
[56.995s][debug][gc,phases      ] GC(12)     Total                          Min: 0, Avg:  0.0, Max: 0, Diff: 0, Sum: 0, Workers: 4
[56.995s][debug][gc,phases      ] GC(12)   StringDedup Requests0 Weak     Min:  0.0, Avg:  0.0, Max:  0.0, Diff:  0.0, Sum:  0.0, Workers: 4
[56.995s][debug][gc,phases      ] GC(12)     Dead                           Min: 0, Avg:  0.0, Max: 0, Diff: 0, Sum: 0, Workers: 4
[56.995s][debug][gc,phases      ] GC(12)     Total                          Min: 0, Avg:  0.0, Max: 0, Diff: 0, Sum: 0, Workers: 4
[56.995s][debug][gc,phases      ] GC(12)   StringDedup Requests1 Weak     Min:  0.0, Avg:  0.0, Max:  0.0, Diff:  0.0, Sum:  0.0, Workers: 4
[56.995s][debug][gc,phases      ] GC(12)     Dead                           Min: 0, Avg:  0.0, Max: 0, Diff: 0, Sum: 0, Workers: 4
[56.995s][debug][gc,phases      ] GC(12)     Total                          Min: 0, Avg:  0.0, Max: 0, Diff: 0, Sum: 0, Workers: 4
[56.995s][debug][gc,phases      ] GC(12)   Weak JFR Old Object Samples    Min:  0.0, Avg:  0.0, Max:  0.0, Diff:  0.0, Sum:  0.0, Workers: 4
[56.995s][debug][gc,phases      ] GC(12)     Dead                           Min: 0, Avg:  0.0, Max: 0, Diff: 0, Sum: 0, Workers: 4
[56.995s][debug][gc,phases      ] GC(12)     Total                          Min: 0, Avg:  0.0, Max: 0, Diff: 0, Sum: 0, Workers: 4
[56.995s][debug][gc,phases      ] GC(12) Weak Processing 0.523ms
[56.995s][debug][gc,phases      ] GC(12) ClassLoaderData 0.128ms
[56.995s][debug][gc,phases      ] GC(12) Trigger cleanups 0.000ms
[57.042s][debug][gc,phases      ] GC(12) Purge Unlinked NMethods 1.295ms
[57.042s][debug][gc,phases      ] GC(12) Unregister NMethods 0.022ms
[57.043s][debug][gc,phases      ] GC(12) Free Code Blobs 0.169ms
[57.043s][debug][gc,phases      ] GC(12) Class Unloading 47.508ms
[57.043s][debug][gc,phases      ] GC(12) Report Object Count 0.001ms
[57.043s][info ][gc,phases      ] GC(12) Marking Phase 138.464ms
[57.043s][info ][gc,phases,start] GC(12) Summary Phase
[57.043s][info ][gc,phases      ] GC(12) Summary Phase 0.008ms
[57.043s][info ][gc,phases,start] GC(12) Adjust Roots
[57.070s][info ][gc,phases      ] GC(12) Adjust Roots 27.029ms
[57.070s][info ][gc,phases,start] GC(12) Compaction Phase
[57.333s][info ][gc,phases      ] GC(12) Compaction Phase 263.276ms
[57.333s][info ][gc,phases,start] GC(12) Post Compact
[57.335s][debug][gc,phases      ] GC(12) Purge Class Loader Data 0.416ms
[57.335s][info ][gc,phases      ] GC(12) Post Compact 1.945ms
[57.335s][info ][gc,heap        ] GC(12) PSYoungGen: 83749K(1835520K)->81119K(1835520K) Eden: 0K(1565696K)->0K(1565696K) From: 83749K(269824K)->81119K(269824K)
[57.335s][info ][gc,heap        ] GC(12) ParOldGen: 151187K(151552K)->151154K(151552K)
[57.335s][info ][gc,metaspace   ] GC(12) Metaspace: 105987K(107264K)->105987K(107264K) NonClass: 89778K(90496K)->89778K(90496K) Class: 16208K(16768K)->16208K(16768K)
[57.335s][info ][gc             ] GC(12) Pause Full (CodeCache GC Threshold) 229M->226M(1940M) 430.866ms
[57.335s][info ][gc,cpu         ] GC(12) User=1.40s Sys=0.01s Real=0.44s
[57.335s][info ][safepoint      ] Safepoint "ParallelGCSystemGC", Time since last: 432262868 ns, Reaching safepoint: 8101 ns, Cleanup: 15800 ns, At safepoint: 516171766 ns, Total: 516195667 ns
[58.335s][info ][safepoint      ] Safepoint "Cleanup", Time since last: 1000088302 ns, Reaching safepoint: 78103 ns, Cleanup: 105504 ns, At safepoint: 6900 ns, Total: 190507 ns
[59.336s][info ][safepoint      ] Safepoint "Cleanup", Time since last: 1000127803 ns, Reaching safepoint: 82603 ns, Cleanup: 31002 ns, At safepoint: 6800 ns, Total: 120405 ns
[61.063s][info ][safepoint      ] Safepoint "Cleanup", Time since last: 1727804127 ns, Reaching safepoint: 7600 ns, Cleanup: 50402 ns, At safepoint: 2300 ns, Total: 60302 ns
[62.064s][info ][safepoint      ] Safepoint "Cleanup", Time since last: 1000129604 ns, Reaching safepoint: 9500 ns, Cleanup: 25901 ns, At safepoint: 3300 ns, Total: 38701 ns
[63.064s][info ][safepoint      ] Safepoint "Cleanup", Time since last: 1000122187 ns, Reaching safepoint: 13101 ns, Cleanup: 32801 ns, At safepoint: 2500 ns, Total: 48402 ns
[64.064s][info ][safepoint      ] Safepoint "Cleanup", Time since last: 1000122855 ns, Reaching safepoint: 9000 ns, Cleanup: 39702 ns, At safepoint: 3000 ns, Total: 51702 ns
[65.064s][info ][safepoint      ] Safepoint "Cleanup", Time since last: 1000128355 ns, Reaching safepoint: 10200 ns, Cleanup: 29201 ns, At safepoint: 3100 ns, Total: 42501 ns
[66.064s][info ][safepoint      ] Safepoint "Cleanup", Time since last: 1000123555 ns, Reaching safepoint: 10400 ns, Cleanup: 22301 ns, At safepoint: 2700 ns, Total: 35401 ns
[67.065s][info ][safepoint      ] Safepoint "Cleanup", Time since last: 1000589673 ns, Reaching safepoint: 10900 ns, Cleanup: 41602 ns, At safepoint: 3200 ns, Total: 55702 ns
[68.067s][info ][safepoint      ] Safepoint "Cleanup", Time since last: 1001990126 ns, Reaching safepoint: 11300 ns, Cleanup: 32202 ns, At safepoint: 2900 ns, Total: 46402 ns
[69.067s][info ][safepoint      ] Safepoint "Cleanup", Time since last: 1000127555 ns, Reaching safepoint: 7800 ns, Cleanup: 14500 ns, At safepoint: 2501 ns, Total: 24801 ns
[70.067s][info ][safepoint      ] Safepoint "Cleanup", Time since last: 1000133955 ns, Reaching safepoint: 10500 ns, Cleanup: 26001 ns, At safepoint: 3500 ns, Total: 40001 ns
[71.067s][info ][safepoint      ] Safepoint "Cleanup", Time since last: 1000119354 ns, Reaching safepoint: 10701 ns, Cleanup: 19500 ns, At safepoint: 2601 ns, Total: 32802 ns
[72.068s][info ][safepoint      ] Safepoint "Cleanup", Time since last: 1000124052 ns, Reaching safepoint: 7201 ns, Cleanup: 39001 ns, At safepoint: 2700 ns, Total: 48902 ns
[73.068s][info ][safepoint      ] Safepoint "Cleanup", Time since last: 1000120753 ns, Reaching safepoint: 10901 ns, Cleanup: 27201 ns, At safepoint: 2700 ns, Total: 40802 ns
[74.068s][info ][safepoint      ] Safepoint "Cleanup", Time since last: 1000124853 ns, Reaching safepoint: 10800 ns, Cleanup: 30401 ns, At safepoint: 2900 ns, Total: 44101 ns
[75.068s][info ][safepoint      ] Safepoint "Cleanup", Time since last: 1000112353 ns, Reaching safepoint: 7300 ns, Cleanup: 30101 ns, At safepoint: 2800 ns, Total: 40201 ns
[76.068s][info ][safepoint      ] Safepoint "Cleanup", Time since last: 1000111753 ns, Reaching safepoint: 7000 ns, Cleanup: 27301 ns, At safepoint: 2700 ns, Total: 37001 ns
[77.068s][info ][safepoint      ] Safepoint "Cleanup", Time since last: 1000112353 ns, Reaching safepoint: 7600 ns, Cleanup: 25101 ns, At safepoint: 3000 ns, Total: 35701 ns
[78.069s][info ][safepoint      ] Safepoint "Cleanup", Time since last: 1000114752 ns, Reaching safepoint: 8001 ns, Cleanup: 28501 ns, At safepoint: 2700 ns, Total: 39202 ns
[79.069s][info ][safepoint      ] Safepoint "Cleanup", Time since last: 1000109004 ns, Reaching safepoint: 7100 ns, Cleanup: 17901 ns, At safepoint: 2700 ns, Total: 27701 ns
[80.069s][info ][safepoint      ] Safepoint "Cleanup", Time since last: 1000104499 ns, Reaching safepoint: 7300 ns, Cleanup: 29201 ns, At safepoint: 2100 ns, Total: 38601 ns
[81.069s][info ][safepoint      ] Safepoint "Cleanup", Time since last: 1000107299 ns, Reaching safepoint: 10100 ns, Cleanup: 29201 ns, At safepoint: 3400 ns, Total: 42701 ns
[82.069s][info ][safepoint      ] Safepoint "Cleanup", Time since last: 1000104199 ns, Reaching safepoint: 8800 ns, Cleanup: 41902 ns, At safepoint: 2800 ns, Total: 53502 ns
[83.069s][info ][safepoint      ] Safepoint "Cleanup", Time since last: 1000103198 ns, Reaching safepoint: 7801 ns, Cleanup: 17600 ns, At safepoint: 2400 ns, Total: 27801 ns
[84.069s][info ][safepoint      ] Safepoint "Cleanup", Time since last: 1000149401 ns, Reaching safepoint: 8200 ns, Cleanup: 25901 ns, At safepoint: 3200 ns, Total: 37301 ns
[85.070s][info ][safepoint      ] Safepoint "Cleanup", Time since last: 1000131600 ns, Reaching safepoint: 8800 ns, Cleanup: 42302 ns, At safepoint: 2400 ns, Total: 53502 ns
[86.070s][info ][safepoint      ] Safepoint "Cleanup", Time since last: 1000114199 ns, Reaching safepoint: 8000 ns, Cleanup: 23601 ns, At safepoint: 2500 ns, Total: 34101 ns
[87.070s][info ][safepoint      ] Safepoint "Cleanup", Time since last: 1000129949 ns, Reaching safepoint: 7900 ns, Cleanup: 19501 ns, At safepoint: 2900 ns, Total: 30301 ns
[87.481s][info ][gc,start       ] GC(13) Pause Young (Allocation Failure)
[87.541s][debug][gc,phases      ] GC(13) Scavenge 60.221ms
[87.541s][debug][gc,ref         ] GC(13) ReferenceProcessor::execute queues: 1, RefProcThreadModel::Single, marks_oops_alive: false
[87.541s][debug][gc,ref         ] GC(13) Skipped KeepAliveFinalRefsPhase of Reference Processing: no references
[87.541s][debug][gc,ref         ] GC(13) ReferenceProcessor::execute queues: 1, RefProcThreadModel::Single, marks_oops_alive: false
[87.541s][debug][gc,phases      ] GC(13) Reference Processing 0.132ms
[87.542s][debug][gc,phases      ] GC(13)   VM Weak                        Min:  0.0, Avg:  0.0, Max:  0.0, Diff:  0.0, Sum:  0.0, Workers: 4
[87.542s][debug][gc,phases      ] GC(13)     Dead                           Min: 0, Avg:  0.0, Max: 0, Diff: 0, Sum: 0, Workers: 4
[87.542s][debug][gc,phases      ] GC(13)     Total                          Min: 0, Avg: 242.0, Max: 584, Diff: 584, Sum: 968, Workers: 4
[87.542s][debug][gc,phases      ] GC(13)   ObjectSynchronizer Weak        Min:  0.0, Avg:  0.0, Max:  0.0, Diff:  0.0, Sum:  0.0, Workers: 4
[87.542s][debug][gc,phases      ] GC(13)     Dead                           Min: 0, Avg:  0.0, Max: 0, Diff: 0, Sum: 0, Workers: 4
[87.542s][debug][gc,phases      ] GC(13)     Total                          Min: 0, Avg:  1.2, Max: 5, Diff: 5, Sum: 5, Workers: 4
[87.542s][debug][gc,phases      ] GC(13)   JVMTI Tag Weak OopStorage      Min:  0.0, Avg:  0.0, Max:  0.0, Diff:  0.0, Sum:  0.0, Workers: 4
[87.542s][debug][gc,phases      ] GC(13)     Dead                           Min: 0, Avg:  0.0, Max: 0, Diff: 0, Sum: 0, Workers: 4
[87.542s][debug][gc,phases      ] GC(13)     Total                          Min: 0, Avg:  0.0, Max: 0, Diff: 0, Sum: 0, Workers: 4
[87.542s][debug][gc,phases      ] GC(13)   StringTable Weak               Min:  0.0, Avg:  0.2, Max:  0.2, Diff:  0.2, Sum:  0.6, Workers: 4
[87.542s][debug][gc,phases      ] GC(13)     Dead                           Min: 0, Avg:  0.0, Max: 0, Diff: 0, Sum: 0, Workers: 4
[87.542s][debug][gc,phases      ] GC(13)     Total                          Min: 0, Avg: 11838.2, Max: 17472, Diff: 17472, Sum: 47353, Workers: 4
[87.542s][debug][gc,phases      ] GC(13)   ResolvedMethodTable Weak       Min:  0.0, Avg:  0.1, Max:  0.1, Diff:  0.1, Sum:  0.2, Workers: 4
[87.542s][debug][gc,phases      ] GC(13)     Dead                           Min: 0, Avg:  4.5, Max: 15, Diff: 15, Sum: 18, Workers: 4
[87.542s][debug][gc,phases      ] GC(13)     Total                          Min: 0, Avg: 3875.2, Max: 7791, Diff: 7791, Sum: 15501, Workers: 4
[87.542s][debug][gc,phases      ] GC(13)   JNI Weak                       Min:  0.0, Avg:  0.0, Max:  0.0, Diff:  0.0, Sum:  0.0, Workers: 4
[87.542s][debug][gc,phases      ] GC(13)     Dead                           Min: 0, Avg:  0.0, Max: 0, Diff: 0, Sum: 0, Workers: 4
[87.542s][debug][gc,phases      ] GC(13)     Total                          Min: 0, Avg: 13.0, Max: 52, Diff: 52, Sum: 52, Workers: 4
[87.542s][debug][gc,phases      ] GC(13)   StringDedup Table Weak         Min:  0.0, Avg:  0.0, Max:  0.0, Diff:  0.0, Sum:  0.0, Workers: 4
[87.542s][debug][gc,phases      ] GC(13)     Dead                           Min: 0, Avg:  0.0, Max: 0, Diff: 0, Sum: 0, Workers: 4
[87.542s][debug][gc,phases      ] GC(13)     Total                          Min: 0, Avg:  0.0, Max: 0, Diff: 0, Sum: 0, Workers: 4
[87.542s][debug][gc,phases      ] GC(13)   StringDedup Requests0 Weak     Min:  0.0, Avg:  0.0, Max:  0.0, Diff:  0.0, Sum:  0.0, Workers: 4
[87.542s][debug][gc,phases      ] GC(13)     Dead                           Min: 0, Avg:  0.0, Max: 0, Diff: 0, Sum: 0, Workers: 4
[87.542s][debug][gc,phases      ] GC(13)     Total                          Min: 0, Avg:  0.0, Max: 0, Diff: 0, Sum: 0, Workers: 4
[87.542s][debug][gc,phases      ] GC(13)   StringDedup Requests1 Weak     Min:  0.0, Avg:  0.0, Max:  0.0, Diff:  0.0, Sum:  0.0, Workers: 4
[87.542s][debug][gc,phases      ] GC(13)     Dead                           Min: 0, Avg:  0.0, Max: 0, Diff: 0, Sum: 0, Workers: 4
[87.542s][debug][gc,phases      ] GC(13)     Total                          Min: 0, Avg:  0.0, Max: 0, Diff: 0, Sum: 0, Workers: 4
[87.542s][debug][gc,phases      ] GC(13)   Weak JFR Old Object Samples    Min:  0.0, Avg:  0.0, Max:  0.0, Diff:  0.0, Sum:  0.0, Workers: 4
[87.542s][debug][gc,phases      ] GC(13)     Dead                           Min: 0, Avg:  0.0, Max: 0, Diff: 0, Sum: 0, Workers: 4
[87.542s][debug][gc,phases      ] GC(13)     Total                          Min: 0, Avg:  0.0, Max: 0, Diff: 0, Sum: 0, Workers: 4
[87.542s][debug][gc,phases      ] GC(13) Weak Processing 0.483ms
[87.542s][debug][gc,age         ] GC(13) Desired survivor size 273678336 bytes, new threshold 2 (max threshold 15)
[87.542s][info ][gc,heap        ] GC(13) PSYoungGen: 1646815K(1835520K)->9408K(1827328K) Eden: 1565696K(1565696K)->0K(1565696K) From: 81119K(269824K)->9408K(261632K)
[87.542s][info ][gc,heap        ] GC(13) ParOldGen: 151154K(151552K)->229161K(229376K)
[87.542s][info ][gc,metaspace   ] GC(13) Metaspace: 106242K(107520K)->106242K(107520K) NonClass: 90025K(90752K)->90025K(90752K) Class: 16217K(16768K)->16217K(16768K)
[87.542s][info ][gc             ] GC(13) Pause Young (Allocation Failure) 1755M->232M(2008M) 60.973ms
[87.542s][info ][gc,cpu         ] GC(13) User=0.17s Sys=0.04s Real=0.06s
[87.542s][info ][safepoint      ] Safepoint "ParallelGCFailedAllocation", Time since last: 410729231 ns, Reaching safepoint: 6701 ns, Cleanup: 13200 ns, At safepoint: 61054224 ns, Total: 61074125 ns
[88.542s][info ][safepoint      ] Safepoint "Cleanup", Time since last: 1000103661 ns, Reaching safepoint: 83703 ns, Cleanup: 47702 ns, At safepoint: 12401 ns, Total: 143806 ns
[89.542s][info ][safepoint      ] Safepoint "Cleanup", Time since last: 1000130762 ns, Reaching safepoint: 85803 ns, Cleanup: 58902 ns, At safepoint: 11701 ns, Total: 156406 ns
[90.543s][info ][safepoint      ] Safepoint "Cleanup", Time since last: 1000124062 ns, Reaching safepoint: 6000 ns, Cleanup: 41802 ns, At safepoint: 6300 ns, Total: 54102 ns
[91.543s][info ][safepoint      ] Safepoint "Cleanup", Time since last: 1000113661 ns, Reaching safepoint: 219209 ns, Cleanup: 17300 ns, At safepoint: 8901 ns, Total: 245410 ns
[92.543s][info ][safepoint      ] Safepoint "Cleanup", Time since last: 1000090161 ns, Reaching safepoint: 78903 ns, Cleanup: 19600 ns, At safepoint: 8501 ns, Total: 107004 ns
[93.543s][info ][safepoint      ] Safepoint "Cleanup", Time since last: 1000114061 ns, Reaching safepoint: 6000 ns, Cleanup: 26901 ns, At safepoint: 2201 ns, Total: 35102 ns
[94.543s][info ][safepoint      ] Safepoint "Cleanup", Time since last: 1000109661 ns, Reaching safepoint: 5100 ns, Cleanup: 37102 ns, At safepoint: 2000 ns, Total: 44202 ns
[95.544s][info ][safepoint      ] Safepoint "Cleanup", Time since last: 1000105041 ns, Reaching safepoint: 97303 ns, Cleanup: 28401 ns, At safepoint: 7301 ns, Total: 133005 ns
[96.544s][info ][safepoint      ] Safepoint "Cleanup", Time since last: 1000129636 ns, Reaching safepoint: 8100 ns, Cleanup: 13800 ns, At safepoint: 2801 ns, Total: 24701 ns
[97.544s][info ][safepoint      ] Safepoint "Cleanup", Time since last: 1000124435 ns, Reaching safepoint: 8100 ns, Cleanup: 14901 ns, At safepoint: 2900 ns, Total: 25901 ns
[98.544s][info ][safepoint      ] Safepoint "Cleanup", Time since last: 1000129536 ns, Reaching safepoint: 6200 ns, Cleanup: 21901 ns, At safepoint: 2000 ns, Total: 30101 ns
[99.544s][info ][safepoint      ] Safepoint "Cleanup", Time since last: 1000111535 ns, Reaching safepoint: 6700 ns, Cleanup: 16201 ns, At safepoint: 2200 ns, Total: 25101 ns
[100.544s][info ][safepoint      ] Safepoint "Cleanup", Time since last: 1000124436 ns, Reaching safepoint: 7000 ns, Cleanup: 20501 ns, At safepoint: 2700 ns, Total: 30201 ns
[101.545s][info ][safepoint      ] Safepoint "Cleanup", Time since last: 1000155137 ns, Reaching safepoint: 6700 ns, Cleanup: 19901 ns, At safepoint: 2900 ns, Total: 29501 ns
[102.545s][info ][safepoint      ] Safepoint "Cleanup", Time since last: 1000127836 ns, Reaching safepoint: 5700 ns, Cleanup: 18601 ns, At safepoint: 2300 ns, Total: 26601 ns
[103.545s][info ][safepoint      ] Safepoint "Cleanup", Time since last: 1000118503 ns, Reaching safepoint: 81503 ns, Cleanup: 54002 ns, At safepoint: 8300 ns, Total: 143805 ns
[104.545s][info ][safepoint      ] Safepoint "Cleanup", Time since last: 1000160532 ns, Reaching safepoint: 79203 ns, Cleanup: 48502 ns, At safepoint: 6000 ns, Total: 133705 ns
[105.545s][info ][safepoint      ] Safepoint "Cleanup", Time since last: 1000113830 ns, Reaching safepoint: 5500 ns, Cleanup: 56602 ns, At safepoint: 2200 ns, Total: 64302 ns
[106.546s][info ][safepoint      ] Safepoint "Cleanup", Time since last: 1000108930 ns, Reaching safepoint: 6300 ns, Cleanup: 37102 ns, At safepoint: 2500 ns, Total: 45902 ns
[107.546s][info ][safepoint      ] Safepoint "Cleanup", Time since last: 1000114730 ns, Reaching safepoint: 6600 ns, Cleanup: 20701 ns, At safepoint: 2200 ns, Total: 29501 ns
[108.546s][info ][safepoint      ] Safepoint "Cleanup", Time since last: 1000108730 ns, Reaching safepoint: 6000 ns, Cleanup: 19501 ns, At safepoint: 2400 ns, Total: 27901 ns
[109.546s][info ][safepoint      ] Safepoint "Cleanup", Time since last: 1000104730 ns, Reaching safepoint: 5000 ns, Cleanup: 22101 ns, At safepoint: 2100 ns, Total: 29201 ns
[110.546s][info ][safepoint      ] Safepoint "Cleanup", Time since last: 1000105330 ns, Reaching safepoint: 6600 ns, Cleanup: 12800 ns, At safepoint: 2100 ns, Total: 21500 ns
[111.546s][info ][safepoint      ] Safepoint "Cleanup", Time since last: 1000117498 ns, Reaching safepoint: 6400 ns, Cleanup: 13501 ns, At safepoint: 2200 ns, Total: 22101 ns
[112.546s][info ][safepoint      ] Safepoint "Cleanup", Time since last: 1000110352 ns, Reaching safepoint: 6301 ns, Cleanup: 12900 ns, At safepoint: 2100 ns, Total: 21301 ns
[113.547s][info ][safepoint      ] Safepoint "Cleanup", Time since last: 1000114153 ns, Reaching safepoint: 7100 ns, Cleanup: 18001 ns, At safepoint: 2300 ns, Total: 27401 ns
[114.547s][info ][safepoint      ] Safepoint "Cleanup", Time since last: 1000109952 ns, Reaching safepoint: 5200 ns, Cleanup: 24301 ns, At safepoint: 2500 ns, Total: 32001 ns
[115.547s][info ][safepoint      ] Safepoint "Cleanup", Time since last: 1000107853 ns, Reaching safepoint: 6400 ns, Cleanup: 51602 ns, At safepoint: 2100 ns, Total: 60102 ns
[116.547s][info ][safepoint      ] Safepoint "Cleanup", Time since last: 1000107952 ns, Reaching safepoint: 6600 ns, Cleanup: 102804 ns, At safepoint: 2700 ns, Total: 112104 ns
[117.547s][info ][safepoint      ] Safepoint "Cleanup", Time since last: 1000110553 ns, Reaching safepoint: 5600 ns, Cleanup: 41502 ns, At safepoint: 2200 ns, Total: 49302 ns
[118.547s][info ][safepoint      ] Safepoint "Cleanup", Time since last: 1000112052 ns, Reaching safepoint: 8300 ns, Cleanup: 31902 ns, At safepoint: 2900 ns, Total: 43102 ns
[118.935s][info ][gc,start       ] GC(14) Pause Young (Allocation Failure)
[118.941s][debug][gc,phases      ] GC(14) Scavenge 6.084ms
[118.941s][debug][gc,ref         ] GC(14) ReferenceProcessor::execute queues: 1, RefProcThreadModel::Single, marks_oops_alive: false
[118.941s][debug][gc,ref         ] GC(14) Skipped KeepAliveFinalRefsPhase of Reference Processing: no references
[118.941s][debug][gc,ref         ] GC(14) ReferenceProcessor::execute queues: 1, RefProcThreadModel::Single, marks_oops_alive: false
[118.941s][debug][gc,phases      ] GC(14) Reference Processing 0.163ms
[118.941s][debug][gc,phases      ] GC(14)   VM Weak                        Min:  0.0, Avg:  0.0, Max:  0.0, Diff:  0.0, Sum:  0.0, Workers: 4
[118.941s][debug][gc,phases      ] GC(14)     Dead                           Min: 0, Avg:  0.0, Max: 0, Diff: 0, Sum: 0, Workers: 4
[118.941s][debug][gc,phases      ] GC(14)     Total                          Min: 0, Avg: 249.2, Max: 549, Diff: 549, Sum: 997, Workers: 4
[118.941s][debug][gc,phases      ] GC(14)   ObjectSynchronizer Weak        Min:  0.0, Avg:  0.0, Max:  0.0, Diff:  0.0, Sum:  0.0, Workers: 4
[118.941s][debug][gc,phases      ] GC(14)     Dead                           Min: 0, Avg:  0.0, Max: 0, Diff: 0, Sum: 0, Workers: 4
[118.941s][debug][gc,phases      ] GC(14)     Total                          Min: 0, Avg:  1.2, Max: 5, Diff: 5, Sum: 5, Workers: 4
[118.941s][debug][gc,phases      ] GC(14)   JVMTI Tag Weak OopStorage      Min:  0.0, Avg:  0.0, Max:  0.0, Diff:  0.0, Sum:  0.0, Workers: 4
[118.941s][debug][gc,phases      ] GC(14)     Dead                           Min: 0, Avg:  0.0, Max: 0, Diff: 0, Sum: 0, Workers: 4
[118.941s][debug][gc,phases      ] GC(14)     Total                          Min: 0, Avg:  0.0, Max: 0, Diff: 0, Sum: 0, Workers: 4
[118.941s][debug][gc,phases      ] GC(14)   StringTable Weak               Min:  0.0, Avg:  0.1, Max:  0.1, Diff:  0.1, Sum:  0.4, Workers: 4
[118.941s][debug][gc,phases      ] GC(14)     Dead                           Min: 0, Avg:  1.0, Max: 3, Diff: 3, Sum: 4, Workers: 4
[118.941s][debug][gc,phases      ] GC(14)     Total                          Min: 0, Avg: 11882.0, Max: 16810, Diff: 16810, Sum: 47528, Workers: 4
[118.941s][debug][gc,phases      ] GC(14)   ResolvedMethodTable Weak       Min:  0.0, Avg:  0.0, Max:  0.1, Diff:  0.1, Sum:  0.2, Workers: 4
[118.941s][debug][gc,phases      ] GC(14)     Dead                           Min: 0, Avg: 11.8, Max: 27, Diff: 27, Sum: 47, Workers: 4
[118.941s][debug][gc,phases      ] GC(14)     Total                          Min: 0, Avg: 3919.0, Max: 5716, Diff: 5716, Sum: 15676, Workers: 4
[118.941s][debug][gc,phases      ] GC(14)   JNI Weak                       Min:  0.0, Avg:  0.0, Max:  0.0, Diff:  0.0, Sum:  0.0, Workers: 4
[118.941s][debug][gc,phases      ] GC(14)     Dead                           Min: 0, Avg:  0.0, Max: 0, Diff: 0, Sum: 0, Workers: 4
[118.941s][debug][gc,phases      ] GC(14)     Total                          Min: 0, Avg: 13.0, Max: 52, Diff: 52, Sum: 52, Workers: 4
[118.941s][debug][gc,phases      ] GC(14)   StringDedup Table Weak         Min:  0.0, Avg:  0.0, Max:  0.0, Diff:  0.0, Sum:  0.0, Workers: 4
[118.941s][debug][gc,phases      ] GC(14)     Dead                           Min: 0, Avg:  0.0, Max: 0, Diff: 0, Sum: 0, Workers: 4
[118.941s][debug][gc,phases      ] GC(14)     Total                          Min: 0, Avg:  0.0, Max: 0, Diff: 0, Sum: 0, Workers: 4
[118.941s][debug][gc,phases      ] GC(14)   StringDedup Requests0 Weak     Min:  0.0, Avg:  0.0, Max:  0.0, Diff:  0.0, Sum:  0.0, Workers: 4
[118.941s][debug][gc,phases      ] GC(14)     Dead                           Min: 0, Avg:  0.0, Max: 0, Diff: 0, Sum: 0, Workers: 4
[118.941s][debug][gc,phases      ] GC(14)     Total                          Min: 0, Avg:  0.0, Max: 0, Diff: 0, Sum: 0, Workers: 4
[118.941s][debug][gc,phases      ] GC(14)   StringDedup Requests1 Weak     Min:  0.0, Avg:  0.0, Max:  0.0, Diff:  0.0, Sum:  0.0, Workers: 4
[118.941s][debug][gc,phases      ] GC(14)     Dead                           Min: 0, Avg:  0.0, Max: 0, Diff: 0, Sum: 0, Workers: 4
[118.941s][debug][gc,phases      ] GC(14)     Total                          Min: 0, Avg:  0.0, Max: 0, Diff: 0, Sum: 0, Workers: 4
[118.941s][debug][gc,phases      ] GC(14)   Weak JFR Old Object Samples    Min:  0.0, Avg:  0.0, Max:  0.0, Diff:  0.0, Sum:  0.0, Workers: 4
[118.941s][debug][gc,phases      ] GC(14)     Dead                           Min: 0, Avg:  0.0, Max: 0, Diff: 0, Sum: 0, Workers: 4
[118.941s][debug][gc,phases      ] GC(14)     Total                          Min: 0, Avg:  0.0, Max: 0, Diff: 0, Sum: 0, Workers: 4
[118.941s][debug][gc,phases      ] GC(14) Weak Processing 0.384ms
[118.941s][debug][gc,age         ] GC(14) Desired survivor size 275775488 bytes, new threshold 1 (max threshold 15)
[118.941s][info ][gc,heap        ] GC(14) PSYoungGen: 1575104K(1827328K)->4320K(1825792K) Eden: 1565696K(1565696K)->0K(1558528K) From: 9408K(261632K)->4320K(267264K)
[118.941s][info ][gc,heap        ] GC(14) ParOldGen: 229161K(229376K)->235914K(236032K)
[118.941s][info ][gc,metaspace   ] GC(14) Metaspace: 106843K(108160K)->106843K(108160K) NonClass: 90554K(91264K)->90554K(91264K) Class: 16288K(16896K)->16288K(16896K)
[118.941s][info ][gc             ] GC(14) Pause Young (Allocation Failure) 1761M->234M(2013M) 6.762ms
[118.941s][info ][gc,cpu         ] GC(14) User=0.02s Sys=0.00s Real=0.01s
[118.941s][info ][safepoint      ] Safepoint "ParallelGCFailedAllocation", Time since last: 387253063 ns, Reaching safepoint: 7001 ns, Cleanup: 13500 ns, At safepoint: 6836058 ns, Total: 6856559 ns
[119.942s][info ][safepoint      ] Safepoint "Cleanup", Time since last: 1000101310 ns, Reaching safepoint: 82403 ns, Cleanup: 22001 ns, At safepoint: 8100 ns, Total: 112504 ns
[121.092s][info ][safepoint      ] Safepoint "Cleanup", Time since last: 1149759954 ns, Reaching safepoint: 84403 ns, Cleanup: 18601 ns, At safepoint: 7300 ns, Total: 110304 ns
[122.092s][info ][safepoint      ] Safepoint "Cleanup", Time since last: 1000130211 ns, Reaching safepoint: 82403 ns, Cleanup: 11301 ns, At safepoint: 7600 ns, Total: 101304 ns
[123.092s][info ][safepoint      ] Safepoint "Cleanup", Time since last: 1000149312 ns, Reaching safepoint: 5600 ns, Cleanup: 22301 ns, At safepoint: 2000 ns, Total: 29901 ns
[124.092s][info ][safepoint      ] Safepoint "Cleanup", Time since last: 1000119211 ns, Reaching safepoint: 82703 ns, Cleanup: 17401 ns, At safepoint: 7200 ns, Total: 107304 ns
[125.093s][info ][safepoint      ] Safepoint "Cleanup", Time since last: 1000119311 ns, Reaching safepoint: 77803 ns, Cleanup: 95503 ns, At safepoint: 6701 ns, Total: 180007 ns
[126.093s][info ][safepoint      ] Safepoint "Cleanup", Time since last: 1000109710 ns, Reaching safepoint: 77103 ns, Cleanup: 45302 ns, At safepoint: 6700 ns, Total: 129105 ns
[127.093s][info ][safepoint      ] Safepoint "Cleanup", Time since last: 1000107798 ns, Reaching safepoint: 78303 ns, Cleanup: 42801 ns, At safepoint: 7000 ns, Total: 128104 ns
[128.093s][info ][safepoint      ] Safepoint "Cleanup", Time since last: 1000117123 ns, Reaching safepoint: 79303 ns, Cleanup: 16001 ns, At safepoint: 6000 ns, Total: 101304 ns
[129.093s][info ][safepoint      ] Safepoint "Cleanup", Time since last: 1000121423 ns, Reaching safepoint: 5700 ns, Cleanup: 51602 ns, At safepoint: 1900 ns, Total: 59202 ns
[130.094s][info ][safepoint      ] Safepoint "Cleanup", Time since last: 1000107722 ns, Reaching safepoint: 5500 ns, Cleanup: 35102 ns, At safepoint: 2200 ns, Total: 42802 ns
[131.094s][info ][safepoint      ] Safepoint "Cleanup", Time since last: 1000126623 ns, Reaching safepoint: 80903 ns, Cleanup: 21401 ns, At safepoint: 10900 ns, Total: 113204 ns
[132.094s][info ][safepoint      ] Safepoint "Cleanup", Time since last: 1000119423 ns, Reaching safepoint: 5300 ns, Cleanup: 9600 ns, At safepoint: 2200 ns, Total: 17100 ns
[133.094s][info ][safepoint      ] Safepoint "Cleanup", Time since last: 1000125123 ns, Reaching safepoint: 5000 ns, Cleanup: 34302 ns, At safepoint: 2400 ns, Total: 41702 ns
[134.094s][info ][safepoint      ] Safepoint "Cleanup", Time since last: 1000109922 ns, Reaching safepoint: 78903 ns, Cleanup: 25201 ns, At safepoint: 6100 ns, Total: 110204 ns
[135.094s][info ][safepoint      ] Safepoint "Cleanup", Time since last: 1000110417 ns, Reaching safepoint: 6100 ns, Cleanup: 28401 ns, At safepoint: 2401 ns, Total: 36902 ns
[136.095s][info ][safepoint      ] Safepoint "Cleanup", Time since last: 1000113702 ns, Reaching safepoint: 5300 ns, Cleanup: 13701 ns, At safepoint: 2400 ns, Total: 21401 ns
[137.095s][info ][safepoint      ] Safepoint "Cleanup", Time since last: 1000112402 ns, Reaching safepoint: 5701 ns, Cleanup: 24501 ns, At safepoint: 2100 ns, Total: 32302 ns
[138.095s][info ][safepoint      ] Safepoint "Cleanup", Time since last: 1000115602 ns, Reaching safepoint: 5100 ns, Cleanup: 45902 ns, At safepoint: 2500 ns, Total: 53502 ns
[139.095s][info ][safepoint      ] Safepoint "Cleanup", Time since last: 1000127503 ns, Reaching safepoint: 5801 ns, Cleanup: 12000 ns, At safepoint: 2200 ns, Total: 20001 ns
[141.095s][info ][safepoint      ] Safepoint "Cleanup", Time since last: 2000179403 ns, Reaching safepoint: 5401 ns, Cleanup: 17500 ns, At safepoint: 2200 ns, Total: 25101 ns
[142.095s][info ][safepoint      ] Safepoint "Cleanup", Time since last: 1000113003 ns, Reaching safepoint: 6200 ns, Cleanup: 24001 ns, At safepoint: 2400 ns, Total: 32601 ns
[143.096s][info ][safepoint      ] Safepoint "Cleanup", Time since last: 1000111453 ns, Reaching safepoint: 5800 ns, Cleanup: 7600 ns, At safepoint: 2100 ns, Total: 15500 ns
[144.096s][info ][safepoint      ] Safepoint "Cleanup", Time since last: 1000111912 ns, Reaching safepoint: 5900 ns, Cleanup: 7701 ns, At safepoint: 2400 ns, Total: 16001 ns
[145.096s][info ][safepoint      ] Safepoint "Cleanup", Time since last: 1000131412 ns, Reaching safepoint: 6000 ns, Cleanup: 15301 ns, At safepoint: 2600 ns, Total: 23901 ns
[146.096s][info ][safepoint      ] Safepoint "Cleanup", Time since last: 1000113612 ns, Reaching safepoint: 5600 ns, Cleanup: 22001 ns, At safepoint: 2200 ns, Total: 29801 ns
[147.096s][info ][safepoint      ] Safepoint "Cleanup", Time since last: 1000109812 ns, Reaching safepoint: 5500 ns, Cleanup: 21301 ns, At safepoint: 2200 ns, Total: 29001 ns
[148.096s][info ][safepoint      ] Safepoint "Cleanup", Time since last: 1000110112 ns, Reaching safepoint: 5500 ns, Cleanup: 10900 ns, At safepoint: 2400 ns, Total: 18800 ns
[149.096s][info ][safepoint      ] Safepoint "Cleanup", Time since last: 1000105612 ns, Reaching safepoint: 5900 ns, Cleanup: 9101 ns, At safepoint: 2300 ns, Total: 17301 ns
[150.097s][info ][safepoint      ] Safepoint "Cleanup", Time since last: 1000147013 ns, Reaching safepoint: 8000 ns, Cleanup: 11701 ns, At safepoint: 2800 ns, Total: 22501 ns
[151.097s][info ][safepoint      ] Safepoint "Cleanup", Time since last: 1000163932 ns, Reaching safepoint: 6900 ns, Cleanup: 14801 ns, At safepoint: 2400 ns, Total: 24101 ns
[151.389s][info ][gc,start       ] GC(15) Pause Young (Allocation Failure)
[151.392s][debug][gc,phases      ] GC(15) Scavenge 3.479ms
[151.393s][debug][gc,ref         ] GC(15) ReferenceProcessor::execute queues: 1, RefProcThreadModel::Single, marks_oops_alive: false
[151.393s][debug][gc,ref         ] GC(15) Skipped KeepAliveFinalRefsPhase of Reference Processing: no references
[151.393s][debug][gc,ref         ] GC(15) ReferenceProcessor::execute queues: 1, RefProcThreadModel::Single, marks_oops_alive: false
[151.393s][debug][gc,phases      ] GC(15) Reference Processing 0.110ms
[151.393s][debug][gc,phases      ] GC(15)   VM Weak                        Min:  0.0, Avg:  0.0, Max:  0.0, Diff:  0.0, Sum:  0.0, Workers: 4
[151.393s][debug][gc,phases      ] GC(15)     Dead                           Min: 0, Avg:  0.0, Max: 0, Diff: 0, Sum: 0, Workers: 4
[151.393s][debug][gc,phases      ] GC(15)     Total                          Min: 0, Avg: 249.5, Max: 512, Diff: 512, Sum: 998, Workers: 4
[151.393s][debug][gc,phases      ] GC(15)   ObjectSynchronizer Weak        Min:  0.0, Avg:  0.0, Max:  0.0, Diff:  0.0, Sum:  0.0, Workers: 4
[151.393s][debug][gc,phases      ] GC(15)     Dead                           Min: 0, Avg:  0.0, Max: 0, Diff: 0, Sum: 0, Workers: 4
[151.393s][debug][gc,phases      ] GC(15)     Total                          Min: 0, Avg:  1.0, Max: 4, Diff: 4, Sum: 4, Workers: 4
[151.393s][debug][gc,phases      ] GC(15)   JVMTI Tag Weak OopStorage      Min:  0.0, Avg:  0.0, Max:  0.0, Diff:  0.0, Sum:  0.0, Workers: 4
[151.393s][debug][gc,phases      ] GC(15)     Dead                           Min: 0, Avg:  0.0, Max: 0, Diff: 0, Sum: 0, Workers: 4
[151.393s][debug][gc,phases      ] GC(15)     Total                          Min: 0, Avg:  0.0, Max: 0, Diff: 0, Sum: 0, Workers: 4
[151.393s][debug][gc,phases      ] GC(15)   StringTable Weak               Min:  0.0, Avg:  0.1, Max:  0.1, Diff:  0.1, Sum:  0.4, Workers: 4
[151.393s][debug][gc,phases      ] GC(15)     Dead                           Min: 0, Avg:  0.2, Max: 1, Diff: 1, Sum: 1, Workers: 4
[151.393s][debug][gc,phases      ] GC(15)     Total                          Min: 0, Avg: 11884.8, Max: 17971, Diff: 17971, Sum: 47539, Workers: 4
[151.393s][debug][gc,phases      ] GC(15)   ResolvedMethodTable Weak       Min:  0.0, Avg:  0.0, Max:  0.0, Diff:  0.0, Sum:  0.1, Workers: 4
[151.393s][debug][gc,phases      ] GC(15)     Dead                           Min: 0, Avg:  4.5, Max: 18, Diff: 18, Sum: 18, Workers: 4
[151.393s][debug][gc,phases      ] GC(15)     Total                          Min: 0, Avg: 3921.2, Max: 5529, Diff: 5529, Sum: 15685, Workers: 4
[151.393s][debug][gc,phases      ] GC(15)   JNI Weak                       Min:  0.0, Avg:  0.0, Max:  0.0, Diff:  0.0, Sum:  0.0, Workers: 4
[151.393s][debug][gc,phases      ] GC(15)     Dead                           Min: 0, Avg:  0.0, Max: 0, Diff: 0, Sum: 0, Workers: 4
[151.393s][debug][gc,phases      ] GC(15)     Total                          Min: 0, Avg: 13.0, Max: 52, Diff: 52, Sum: 52, Workers: 4
[151.393s][debug][gc,phases      ] GC(15)   StringDedup Table Weak         Min:  0.0, Avg:  0.0, Max:  0.0, Diff:  0.0, Sum:  0.0, Workers: 4
[151.393s][debug][gc,phases      ] GC(15)     Dead                           Min: 0, Avg:  0.0, Max: 0, Diff: 0, Sum: 0, Workers: 4
[151.393s][debug][gc,phases      ] GC(15)     Total                          Min: 0, Avg:  0.0, Max: 0, Diff: 0, Sum: 0, Workers: 4
[151.393s][debug][gc,phases      ] GC(15)   StringDedup Requests0 Weak     Min:  0.0, Avg:  0.0, Max:  0.0, Diff:  0.0, Sum:  0.0, Workers: 4
[151.393s][debug][gc,phases      ] GC(15)     Dead                           Min: 0, Avg:  0.0, Max: 0, Diff: 0, Sum: 0, Workers: 4
[151.393s][debug][gc,phases      ] GC(15)     Total                          Min: 0, Avg:  0.0, Max: 0, Diff: 0, Sum: 0, Workers: 4
[151.393s][debug][gc,phases      ] GC(15)   StringDedup Requests1 Weak     Min:  0.0, Avg:  0.0, Max:  0.0, Diff:  0.0, Sum:  0.0, Workers: 4
[151.393s][debug][gc,phases      ] GC(15)     Dead                           Min: 0, Avg:  0.0, Max: 0, Diff: 0, Sum: 0, Workers: 4
[151.393s][debug][gc,phases      ] GC(15)     Total                          Min: 0, Avg:  0.0, Max: 0, Diff: 0, Sum: 0, Workers: 4
[151.393s][debug][gc,phases      ] GC(15)   Weak JFR Old Object Samples    Min:  0.0, Avg:  0.0, Max:  0.0, Diff:  0.0, Sum:  0.0, Workers: 4
[151.393s][debug][gc,phases      ] GC(15)     Dead                           Min: 0, Avg:  0.0, Max: 0, Diff: 0, Sum: 0, Workers: 4
[151.393s][debug][gc,phases      ] GC(15)     Total                          Min: 0, Avg:  0.0, Max: 0, Diff: 0, Sum: 0, Workers: 4
[151.393s][debug][gc,phases      ] GC(15) Weak Processing 0.364ms
[151.393s][debug][gc,age         ] GC(15) Desired survivor size 275251200 bytes, new threshold 1 (max threshold 15)
[151.393s][info ][gc,heap        ] GC(15) PSYoungGen: 1562848K(1825792K)->2432K(1827840K) Eden: 1558528K(1558528K)->0K(1558528K) From: 4320K(267264K)->2432K(269312K)
[151.393s][info ][gc,heap        ] GC(15) ParOldGen: 235914K(236032K)->237642K(238080K)
[151.393s][info ][gc,metaspace   ] GC(15) Metaspace: 107001K(108352K)->107001K(108352K) NonClass: 90707K(91456K)->90707K(91456K) Class: 16294K(16896K)->16294K(16896K)
[151.393s][info ][gc             ] GC(15) Pause Young (Allocation Failure) 1756M->234M(2017M) 4.107ms
[151.393s][info ][gc,cpu         ] GC(15) User=0.01s Sys=0.01s Real=0.00s
[151.393s][info ][safepoint      ] Safepoint "ParallelGCFailedAllocation", Time since last: 292105765 ns, Reaching safepoint: 6800 ns, Cleanup: 13101 ns, At safepoint: 4200359 ns, Total: 4220260 ns
[153.393s][info ][safepoint      ] Safepoint "Cleanup", Time since last: 2000167367 ns, Reaching safepoint: 6501 ns, Cleanup: 12900 ns, At safepoint: 2300 ns, Total: 21701 ns
[154.393s][info ][safepoint      ] Safepoint "Cleanup", Time since last: 1000109185 ns, Reaching safepoint: 6300 ns, Cleanup: 13100 ns, At safepoint: 2101 ns, Total: 21501 ns
[155.393s][info ][safepoint      ] Safepoint "Cleanup", Time since last: 1000110684 ns, Reaching safepoint: 5700 ns, Cleanup: 10001 ns, At safepoint: 2400 ns, Total: 18101 ns
[156.394s][info ][safepoint      ] Safepoint "Cleanup", Time since last: 1000142486 ns, Reaching safepoint: 6500 ns, Cleanup: 22001 ns, At safepoint: 2200 ns, Total: 30701 ns
[157.394s][info ][safepoint      ] Safepoint "Cleanup", Time since last: 1000113585 ns, Reaching safepoint: 6000 ns, Cleanup: 7000 ns, At safepoint: 2200 ns, Total: 15200 ns
[159.394s][info ][safepoint      ] Safepoint "Cleanup", Time since last: 2000180102 ns, Reaching safepoint: 6001 ns, Cleanup: 13100 ns, At safepoint: 2000 ns, Total: 21101 ns
[160.394s][info ][safepoint      ] Safepoint "Cleanup", Time since last: 1000112795 ns, Reaching safepoint: 5500 ns, Cleanup: 12401 ns, At safepoint: 2100 ns, Total: 20001 ns
[161.394s][info ][safepoint      ] Safepoint "Cleanup", Time since last: 1000114994 ns, Reaching safepoint: 6301 ns, Cleanup: 11300 ns, At safepoint: 2000 ns, Total: 19601 ns
[162.394s][info ][safepoint      ] Safepoint "Cleanup", Time since last: 1000139896 ns, Reaching safepoint: 6100 ns, Cleanup: 14400 ns, At safepoint: 2201 ns, Total: 22701 ns
[163.395s][info ][safepoint      ] Safepoint "Cleanup", Time since last: 1000127095 ns, Reaching safepoint: 8500 ns, Cleanup: 11600 ns, At safepoint: 2601 ns, Total: 22701 ns
[164.395s][info ][safepoint      ] Safepoint "Cleanup", Time since last: 1000122895 ns, Reaching safepoint: 6900 ns, Cleanup: 14000 ns, At safepoint: 2500 ns, Total: 23400 ns
[165.395s][info ][safepoint      ] Safepoint "Cleanup", Time since last: 1000105695 ns, Reaching safepoint: 6300 ns, Cleanup: 13000 ns, At safepoint: 2401 ns, Total: 21701 ns
[166.395s][info ][safepoint      ] Safepoint "Cleanup", Time since last: 1000112894 ns, Reaching safepoint: 6000 ns, Cleanup: 12601 ns, At safepoint: 2100 ns, Total: 20701 ns
[167.395s][info ][safepoint      ] Safepoint "Cleanup", Time since last: 1000106206 ns, Reaching safepoint: 6100 ns, Cleanup: 27801 ns, At safepoint: 2200 ns, Total: 36101 ns
[168.395s][info ][safepoint      ] Safepoint "Cleanup", Time since last: 1000113479 ns, Reaching safepoint: 5500 ns, Cleanup: 35901 ns, At safepoint: 2300 ns, Total: 43701 ns
[169.395s][info ][safepoint      ] Safepoint "Cleanup", Time since last: 1000112079 ns, Reaching safepoint: 4700 ns, Cleanup: 14201 ns, At safepoint: 2400 ns, Total: 21301 ns
[170.396s][info ][safepoint      ] Safepoint "Cleanup", Time since last: 1000107878 ns, Reaching safepoint: 5000 ns, Cleanup: 15201 ns, At safepoint: 2500 ns, Total: 22701 ns
[171.396s][info ][safepoint      ] Safepoint "Cleanup", Time since last: 1000112979 ns, Reaching safepoint: 4900 ns, Cleanup: 6800 ns, At safepoint: 1700 ns, Total: 13400 ns
[172.396s][info ][safepoint      ] Safepoint "Cleanup", Time since last: 1000087878 ns, Reaching safepoint: 5800 ns, Cleanup: 6800 ns, At safepoint: 2100 ns, Total: 14700 ns
[173.396s][info ][safepoint      ] Safepoint "Cleanup", Time since last: 1000109679 ns, Reaching safepoint: 5700 ns, Cleanup: 12500 ns, At safepoint: 2400 ns, Total: 20600 ns
[174.396s][info ][safepoint      ] Safepoint "Cleanup", Time since last: 1000109679 ns, Reaching safepoint: 6300 ns, Cleanup: 9901 ns, At safepoint: 2500 ns, Total: 18701 ns
[175.396s][info ][safepoint      ] Safepoint "Cleanup", Time since last: 1000100052 ns, Reaching safepoint: 5700 ns, Cleanup: 14401 ns, At safepoint: 2200 ns, Total: 22301 ns
[176.396s][info ][safepoint      ] Safepoint "Cleanup", Time since last: 1000116730 ns, Reaching safepoint: 5200 ns, Cleanup: 32802 ns, At safepoint: 2300 ns, Total: 40302 ns
[177.396s][info ][safepoint      ] Safepoint "Cleanup", Time since last: 1000107530 ns, Reaching safepoint: 4700 ns, Cleanup: 15900 ns, At safepoint: 2001 ns, Total: 22601 ns
[178.397s][info ][safepoint      ] Safepoint "Cleanup", Time since last: 1000110729 ns, Reaching safepoint: 5401 ns, Cleanup: 13100 ns, At safepoint: 2300 ns, Total: 20801 ns
[179.397s][info ][safepoint      ] Safepoint "Cleanup", Time since last: 1000107530 ns, Reaching safepoint: 5200 ns, Cleanup: 20101 ns, At safepoint: 2300 ns, Total: 27601 ns
[181.109s][info ][safepoint      ] Safepoint "Cleanup", Time since last: 1712316741 ns, Reaching safepoint: 7700 ns, Cleanup: 12001 ns, At safepoint: 2500 ns, Total: 22201 ns
[182.109s][info ][safepoint      ] Safepoint "Cleanup", Time since last: 1000124030 ns, Reaching safepoint: 5301 ns, Cleanup: 12400 ns, At safepoint: 2000 ns, Total: 19701 ns
[183.109s][info ][safepoint      ] Safepoint "Cleanup", Time since last: 1000120343 ns, Reaching safepoint: 8500 ns, Cleanup: 12201 ns, At safepoint: 2900 ns, Total: 23601 ns
[184.109s][info ][safepoint      ] Safepoint "Cleanup", Time since last: 1000126147 ns, Reaching safepoint: 7800 ns, Cleanup: 24901 ns, At safepoint: 2700 ns, Total: 35401 ns
[184.794s][info ][gc,start       ] GC(16) Pause Young (Allocation Failure)
[184.798s][debug][gc,phases      ] GC(16) Scavenge 3.966ms
[184.798s][debug][gc,ref         ] GC(16) ReferenceProcessor::execute queues: 1, RefProcThreadModel::Single, marks_oops_alive: false
[184.798s][debug][gc,ref         ] GC(16) Skipped KeepAliveFinalRefsPhase of Reference Processing: no references
[184.798s][debug][gc,ref         ] GC(16) ReferenceProcessor::execute queues: 1, RefProcThreadModel::Single, marks_oops_alive: false
[184.798s][debug][gc,phases      ] GC(16) Reference Processing 0.107ms
[184.799s][debug][gc,phases      ] GC(16)   VM Weak                        Min:  0.0, Avg:  0.0, Max:  0.0, Diff:  0.0, Sum:  0.0, Workers: 4
[184.799s][debug][gc,phases      ] GC(16)     Dead                           Min: 0, Avg:  0.0, Max: 0, Diff: 0, Sum: 0, Workers: 4
[184.799s][debug][gc,phases      ] GC(16)     Total                          Min: 0, Avg: 249.5, Max: 896, Diff: 896, Sum: 998, Workers: 4
[184.799s][debug][gc,phases      ] GC(16)   ObjectSynchronizer Weak        Min:  0.0, Avg:  0.0, Max:  0.0, Diff:  0.0, Sum:  0.0, Workers: 4
[184.799s][debug][gc,phases      ] GC(16)     Dead                           Min: 0, Avg:  0.0, Max: 0, Diff: 0, Sum: 0, Workers: 4
[184.799s][debug][gc,phases      ] GC(16)     Total                          Min: 0, Avg:  0.8, Max: 3, Diff: 3, Sum: 3, Workers: 4
[184.799s][debug][gc,phases      ] GC(16)   JVMTI Tag Weak OopStorage      Min:  0.0, Avg:  0.0, Max:  0.0, Diff:  0.0, Sum:  0.0, Workers: 4
[184.799s][debug][gc,phases      ] GC(16)     Dead                           Min: 0, Avg:  0.0, Max: 0, Diff: 0, Sum: 0, Workers: 4
[184.799s][debug][gc,phases      ] GC(16)     Total                          Min: 0, Avg:  0.0, Max: 0, Diff: 0, Sum: 0, Workers: 4
[184.799s][debug][gc,phases      ] GC(16)   StringTable Weak               Min:  0.0, Avg:  0.1, Max:  0.2, Diff:  0.2, Sum:  0.5, Workers: 4
[184.799s][debug][gc,phases      ] GC(16)     Dead                           Min: 0, Avg:  0.0, Max: 0, Diff: 0, Sum: 0, Workers: 4
[184.799s][debug][gc,phases      ] GC(16)     Total                          Min: 0, Avg: 11893.2, Max: 16320, Diff: 16320, Sum: 47573, Workers: 4
[184.799s][debug][gc,phases      ] GC(16)   ResolvedMethodTable Weak       Min:  0.0, Avg:  0.0, Max:  0.1, Diff:  0.1, Sum:  0.2, Workers: 4
[184.799s][debug][gc,phases      ] GC(16)     Dead                           Min: 0, Avg:  4.2, Max: 17, Diff: 17, Sum: 17, Workers: 4
[184.799s][debug][gc,phases      ] GC(16)     Total                          Min: 0, Avg: 3921.5, Max: 5452, Diff: 5452, Sum: 15686, Workers: 4
[184.799s][debug][gc,phases      ] GC(16)   JNI Weak                       Min:  0.0, Avg:  0.0, Max:  0.0, Diff:  0.0, Sum:  0.0, Workers: 4
[184.799s][debug][gc,phases      ] GC(16)     Dead                           Min: 0, Avg:  0.0, Max: 0, Diff: 0, Sum: 0, Workers: 4
[184.799s][debug][gc,phases      ] GC(16)     Total                          Min: 0, Avg: 13.5, Max: 54, Diff: 54, Sum: 54, Workers: 4
[184.799s][debug][gc,phases      ] GC(16)   StringDedup Table Weak         Min:  0.0, Avg:  0.0, Max:  0.0, Diff:  0.0, Sum:  0.0, Workers: 4
[184.799s][debug][gc,phases      ] GC(16)     Dead                           Min: 0, Avg:  0.0, Max: 0, Diff: 0, Sum: 0, Workers: 4
[184.799s][debug][gc,phases      ] GC(16)     Total                          Min: 0, Avg:  0.0, Max: 0, Diff: 0, Sum: 0, Workers: 4
[184.799s][debug][gc,phases      ] GC(16)   StringDedup Requests0 Weak     Min:  0.0, Avg:  0.0, Max:  0.0, Diff:  0.0, Sum:  0.0, Workers: 4
[184.799s][debug][gc,phases      ] GC(16)     Dead                           Min: 0, Avg:  0.0, Max: 0, Diff: 0, Sum: 0, Workers: 4
[184.799s][debug][gc,phases      ] GC(16)     Total                          Min: 0, Avg:  0.0, Max: 0, Diff: 0, Sum: 0, Workers: 4
[184.799s][debug][gc,phases      ] GC(16)   StringDedup Requests1 Weak     Min:  0.0, Avg:  0.0, Max:  0.0, Diff:  0.0, Sum:  0.0, Workers: 4
[184.799s][debug][gc,phases      ] GC(16)     Dead                           Min: 0, Avg:  0.0, Max: 0, Diff: 0, Sum: 0, Workers: 4
[184.799s][debug][gc,phases      ] GC(16)     Total                          Min: 0, Avg:  0.0, Max: 0, Diff: 0, Sum: 0, Workers: 4
[184.799s][debug][gc,phases      ] GC(16)   Weak JFR Old Object Samples    Min:  0.0, Avg:  0.0, Max:  0.0, Diff:  0.0, Sum:  0.0, Workers: 4
[184.799s][debug][gc,phases      ] GC(16)     Dead                           Min: 0, Avg:  0.0, Max: 0, Diff: 0, Sum: 0, Workers: 4
[184.799s][debug][gc,phases      ] GC(16)     Total                          Min: 0, Avg:  0.0, Max: 0, Diff: 0, Sum: 0, Workers: 4
[184.799s][debug][gc,phases      ] GC(16) Weak Processing 0.390ms
[184.799s][debug][gc,age         ] GC(16) Desired survivor size 272629760 bytes, new threshold 1 (max threshold 15)
[184.799s][info ][gc,heap        ] GC(16) PSYoungGen: 1560960K(1827840K)->2480K(1830912K) Eden: 1558528K(1558528K)->0K(1562112K) From: 2432K(269312K)->2480K(268800K)
[184.799s][info ][gc,heap        ] GC(16) ParOldGen: 237642K(238080K)->238591K(238592K)
[184.799s][info ][gc,metaspace   ] GC(16) Metaspace: 107064K(108416K)->107064K(108416K) NonClass: 90769K(91520K)->90769K(91520K) Class: 16294K(16896K)->16294K(16896K)
[184.799s][info ][gc             ] GC(16) Pause Young (Allocation Failure) 1756M->235M(2021M) 4.602ms
[184.799s][info ][gc,cpu         ] GC(16) User=0.02s Sys=0.00s Real=0.01s
[184.799s][info ][safepoint      ] Safepoint "ParallelGCFailedAllocation", Time since last: 684665904 ns, Reaching safepoint: 5401 ns, Cleanup: 15200 ns, At safepoint: 4666575 ns, Total: 4687176 ns
[186.799s][info ][safepoint      ] Safepoint "Cleanup", Time since last: 2000162091 ns, Reaching safepoint: 5201 ns, Cleanup: 23601 ns, At safepoint: 2300 ns, Total: 31102 ns
[187.799s][info ][safepoint      ] Safepoint "Cleanup", Time since last: 1000117047 ns, Reaching safepoint: 5400 ns, Cleanup: 14000 ns, At safepoint: 2200 ns, Total: 21600 ns
[188.799s][info ][safepoint      ] Safepoint "Cleanup", Time since last: 1000113147 ns, Reaching safepoint: 5600 ns, Cleanup: 17801 ns, At safepoint: 2100 ns, Total: 25501 ns
[190.800s][info ][safepoint      ] Safepoint "Cleanup", Time since last: 2000182092 ns, Reaching safepoint: 5500 ns, Cleanup: 9800 ns, At safepoint: 2101 ns, Total: 17401 ns
[191.800s][info ][safepoint      ] Safepoint "Cleanup", Time since last: 1000110578 ns, Reaching safepoint: 5300 ns, Cleanup: 11700 ns, At safepoint: 2400 ns, Total: 19400 ns
[192.800s][info ][safepoint      ] Safepoint "Cleanup", Time since last: 1000116812 ns, Reaching safepoint: 6000 ns, Cleanup: 17801 ns, At safepoint: 2400 ns, Total: 26201 ns
[193.800s][info ][safepoint      ] Safepoint "Cleanup", Time since last: 1000111611 ns, Reaching safepoint: 5400 ns, Cleanup: 13201 ns, At safepoint: 2200 ns, Total: 20801 ns
[194.800s][info ][safepoint      ] Safepoint "Cleanup", Time since last: 1000119811 ns, Reaching safepoint: 5401 ns, Cleanup: 15900 ns, At safepoint: 2200 ns, Total: 23501 ns
[195.800s][info ][safepoint      ] Safepoint "Cleanup", Time since last: 1000112111 ns, Reaching safepoint: 5901 ns, Cleanup: 19000 ns, At safepoint: 2001 ns, Total: 26902 ns
[196.800s][info ][safepoint      ] Safepoint "Cleanup", Time since last: 1000111711 ns, Reaching safepoint: 5900 ns, Cleanup: 15401 ns, At safepoint: 2300 ns, Total: 23601 ns
[197.800s][info ][safepoint      ] Safepoint "Cleanup", Time since last: 1000106211 ns, Reaching safepoint: 5200 ns, Cleanup: 18801 ns, At safepoint: 2200 ns, Total: 26201 ns
[198.801s][info ][safepoint      ] Safepoint "Cleanup", Time since last: 1000121311 ns, Reaching safepoint: 5600 ns, Cleanup: 14001 ns, At safepoint: 2400 ns, Total: 22001 ns
[199.801s][info ][safepoint      ] Safepoint "Cleanup", Time since last: 1000115387 ns, Reaching safepoint: 5600 ns, Cleanup: 10501 ns, At safepoint: 2000 ns, Total: 18101 ns
[200.801s][info ][safepoint      ] Safepoint "Cleanup", Time since last: 1000110073 ns, Reaching safepoint: 5200 ns, Cleanup: 9600 ns, At safepoint: 2401 ns, Total: 17201 ns
[201.801s][info ][safepoint      ] Safepoint "Cleanup", Time since last: 1000116973 ns, Reaching safepoint: 5000 ns, Cleanup: 12901 ns, At safepoint: 2400 ns, Total: 20301 ns
[203.801s][info ][safepoint      ] Safepoint "Cleanup", Time since last: 2000188245 ns, Reaching safepoint: 5300 ns, Cleanup: 13100 ns, At safepoint: 2200 ns, Total: 20600 ns
[204.801s][info ][safepoint      ] Safepoint "Cleanup", Time since last: 1000127474 ns, Reaching safepoint: 5400 ns, Cleanup: 26101 ns, At safepoint: 2001 ns, Total: 33502 ns
[205.801s][info ][safepoint      ] Safepoint "Cleanup", Time since last: 1000108873 ns, Reaching safepoint: 5500 ns, Cleanup: 9400 ns, At safepoint: 2400 ns, Total: 17300 ns
[206.802s][info ][safepoint      ] Safepoint "Cleanup", Time since last: 1000114773 ns, Reaching safepoint: 5701 ns, Cleanup: 13400 ns, At safepoint: 2200 ns, Total: 21301 ns
[207.802s][info ][safepoint      ] Safepoint "Cleanup", Time since last: 1000146533 ns, Reaching safepoint: 6100 ns, Cleanup: 11901 ns, At safepoint: 2700 ns, Total: 20701 ns
[209.802s][info ][safepoint      ] Safepoint "Cleanup", Time since last: 2000185200 ns, Reaching safepoint: 6000 ns, Cleanup: 13801 ns, At safepoint: 2000 ns, Total: 21801 ns
[210.802s][info ][safepoint      ] Safepoint "Cleanup", Time since last: 1000145052 ns, Reaching safepoint: 6200 ns, Cleanup: 17601 ns, At safepoint: 2500 ns, Total: 26301 ns
[214.803s][info ][safepoint      ] Safepoint "Cleanup", Time since last: 4000368200 ns, Reaching safepoint: 5300 ns, Cleanup: 12500 ns, At safepoint: 2600 ns, Total: 20400 ns
[215.803s][info ][safepoint      ] Safepoint "Cleanup", Time since last: 1000108150 ns, Reaching safepoint: 4601 ns, Cleanup: 12200 ns, At safepoint: 2000 ns, Total: 18801 ns
[216.444s][info ][gc,start       ] GC(17) Pause Young (Allocation Failure)
[216.446s][debug][gc,phases      ] GC(17) Scavenge 2.253ms
[216.447s][debug][gc,ref         ] GC(17) ReferenceProcessor::execute queues: 1, RefProcThreadModel::Single, marks_oops_alive: false
[216.447s][debug][gc,ref         ] GC(17) Skipped KeepAliveFinalRefsPhase of Reference Processing: no references
[216.447s][debug][gc,ref         ] GC(17) ReferenceProcessor::execute queues: 1, RefProcThreadModel::Single, marks_oops_alive: false
[216.447s][debug][gc,phases      ] GC(17) Reference Processing 0.108ms
[216.447s][debug][gc,phases      ] GC(17)   VM Weak                        Min:  0.0, Avg:  0.0, Max:  0.0, Diff:  0.0, Sum:  0.0, Workers: 4
[216.447s][debug][gc,phases      ] GC(17)     Dead                           Min: 0, Avg:  0.0, Max: 0, Diff: 0, Sum: 0, Workers: 4
[216.447s][debug][gc,phases      ] GC(17)     Total                          Min: 0, Avg: 251.8, Max: 512, Diff: 512, Sum: 1007, Workers: 4
[216.447s][debug][gc,phases      ] GC(17)   ObjectSynchronizer Weak        Min:  0.0, Avg:  0.0, Max:  0.0, Diff:  0.0, Sum:  0.0, Workers: 4
[216.447s][debug][gc,phases      ] GC(17)     Dead                           Min: 0, Avg:  0.0, Max: 0, Diff: 0, Sum: 0, Workers: 4
[216.447s][debug][gc,phases      ] GC(17)     Total                          Min: 0, Avg:  1.0, Max: 4, Diff: 4, Sum: 4, Workers: 4
[216.447s][debug][gc,phases      ] GC(17)   JVMTI Tag Weak OopStorage      Min:  0.0, Avg:  0.0, Max:  0.0, Diff:  0.0, Sum:  0.0, Workers: 4
[216.447s][debug][gc,phases      ] GC(17)     Dead                           Min: 0, Avg:  0.0, Max: 0, Diff: 0, Sum: 0, Workers: 4
[216.447s][debug][gc,phases      ] GC(17)     Total                          Min: 0, Avg:  0.0, Max: 0, Diff: 0, Sum: 0, Workers: 4
[216.447s][debug][gc,phases      ] GC(17)   StringTable Weak               Min:  0.1, Avg:  0.1, Max:  0.1, Diff:  0.0, Sum:  0.4, Workers: 4
[216.447s][debug][gc,phases      ] GC(17)     Dead                           Min: 0, Avg:  0.2, Max: 1, Diff: 1, Sum: 1, Workers: 4
[216.447s][debug][gc,phases      ] GC(17)     Total                          Min: 11008, Avg: 11907.2, Max: 12800, Diff: 1792, Sum: 47629, Workers: 4
[216.447s][debug][gc,phases      ] GC(17)   ResolvedMethodTable Weak       Min:  0.0, Avg:  0.0, Max:  0.0, Diff:  0.0, Sum:  0.2, Workers: 4
[216.447s][debug][gc,phases      ] GC(17)     Dead                           Min: 0, Avg:  5.0, Max: 18, Diff: 18, Sum: 20, Workers: 4
[216.447s][debug][gc,phases      ] GC(17)     Total                          Min: 3538, Avg: 3934.8, Max: 4711, Diff: 1173, Sum: 15739, Workers: 4
[216.447s][debug][gc,phases      ] GC(17)   JNI Weak                       Min:  0.0, Avg:  0.0, Max:  0.0, Diff:  0.0, Sum:  0.0, Workers: 4
[216.447s][debug][gc,phases      ] GC(17)     Dead                           Min: 0, Avg:  0.0, Max: 0, Diff: 0, Sum: 0, Workers: 4
[216.447s][debug][gc,phases      ] GC(17)     Total                          Min: 0, Avg: 13.0, Max: 52, Diff: 52, Sum: 52, Workers: 4
[216.447s][debug][gc,phases      ] GC(17)   StringDedup Table Weak         Min:  0.0, Avg:  0.0, Max:  0.0, Diff:  0.0, Sum:  0.0, Workers: 4
[216.447s][debug][gc,phases      ] GC(17)     Dead                           Min: 0, Avg:  0.0, Max: 0, Diff: 0, Sum: 0, Workers: 4
[216.447s][debug][gc,phases      ] GC(17)     Total                          Min: 0, Avg:  0.0, Max: 0, Diff: 0, Sum: 0, Workers: 4
[216.447s][debug][gc,phases      ] GC(17)   StringDedup Requests0 Weak     Min:  0.0, Avg:  0.0, Max:  0.0, Diff:  0.0, Sum:  0.0, Workers: 4
[216.447s][debug][gc,phases      ] GC(17)     Dead                           Min: 0, Avg:  0.0, Max: 0, Diff: 0, Sum: 0, Workers: 4
[216.447s][debug][gc,phases      ] GC(17)     Total                          Min: 0, Avg:  0.0, Max: 0, Diff: 0, Sum: 0, Workers: 4
[216.447s][debug][gc,phases      ] GC(17)   StringDedup Requests1 Weak     Min:  0.0, Avg:  0.0, Max:  0.0, Diff:  0.0, Sum:  0.0, Workers: 4
[216.447s][debug][gc,phases      ] GC(17)     Dead                           Min: 0, Avg:  0.0, Max: 0, Diff: 0, Sum: 0, Workers: 4
[216.447s][debug][gc,phases      ] GC(17)     Total                          Min: 0, Avg:  0.0, Max: 0, Diff: 0, Sum: 0, Workers: 4
[216.447s][debug][gc,phases      ] GC(17)   Weak JFR Old Object Samples    Min:  0.0, Avg:  0.0, Max:  0.0, Diff:  0.0, Sum:  0.0, Workers: 4
[216.447s][debug][gc,phases      ] GC(17)     Dead                           Min: 0, Avg:  0.0, Max: 0, Diff: 0, Sum: 0, Workers: 4
[216.447s][debug][gc,phases      ] GC(17)     Total                          Min: 0, Avg:  0.0, Max: 0, Diff: 0, Sum: 0, Workers: 4
[216.447s][debug][gc,phases      ] GC(17) Weak Processing 0.335ms
[216.447s][debug][gc,age         ] GC(17) Desired survivor size 267386880 bytes, new threshold 1 (max threshold 15)
[216.447s][info ][gc,heap        ] GC(17) PSYoungGen: 1564592K(1830912K)->2464K(1828352K) Eden: 1562112K(1562112K)->0K(1562112K) From: 2480K(268800K)->2464K(266240K)
[216.447s][info ][gc,heap        ] GC(17) ParOldGen: 238591K(238592K)->239335K(239616K)
[216.447s][info ][gc,metaspace   ] GC(17) Metaspace: 107197K(108544K)->107197K(108544K) NonClass: 90883K(91648K)->90883K(91648K) Class: 16313K(16896K)->16313K(16896K)
[216.447s][info ][gc             ] GC(17) Pause Young (Allocation Failure) 1760M->236M(2019M) 2.838ms
[216.447s][info ][gc,cpu         ] GC(17) User=0.01s Sys=0.00s Real=0.01s
[216.447s][info ][safepoint      ] Safepoint "ParallelGCFailedAllocation", Time since last: 641364037 ns, Reaching safepoint: 5500 ns, Cleanup: 40002 ns, At safepoint: 2905110 ns, Total: 2950612 ns
[217.447s][info ][safepoint      ] Safepoint "Cleanup", Time since last: 1000092749 ns, Reaching safepoint: 5501 ns, Cleanup: 15700 ns, At safepoint: 2300 ns, Total: 23501 ns
[218.447s][info ][safepoint      ] Safepoint "Cleanup", Time since last: 1000122651 ns, Reaching safepoint: 5100 ns, Cleanup: 13200 ns, At safepoint: 2101 ns, Total: 20401 ns
[219.447s][info ][safepoint      ] Safepoint "Cleanup", Time since last: 1000114050 ns, Reaching safepoint: 4800 ns, Cleanup: 12300 ns, At safepoint: 2400 ns, Total: 19500 ns
[220.448s][info ][safepoint      ] Safepoint "Cleanup", Time since last: 1000112250 ns, Reaching safepoint: 5401 ns, Cleanup: 26301 ns, At safepoint: 2000 ns, Total: 33702 ns
[221.448s][info ][safepoint      ] Safepoint "Cleanup", Time since last: 1000111450 ns, Reaching safepoint: 5500 ns, Cleanup: 19101 ns, At safepoint: 2400 ns, Total: 27001 ns
[222.448s][info ][safepoint      ] Safepoint "Cleanup", Time since last: 1000110650 ns, Reaching safepoint: 5500 ns, Cleanup: 8600 ns, At safepoint: 3100 ns, Total: 17200 ns
[223.448s][info ][safepoint      ] Safepoint "Cleanup", Time since last: 1000142324 ns, Reaching safepoint: 5700 ns, Cleanup: 41402 ns, At safepoint: 2300 ns, Total: 49402 ns
[224.448s][info ][safepoint      ] Safepoint "Cleanup", Time since last: 1000112097 ns, Reaching safepoint: 5600 ns, Cleanup: 22401 ns, At safepoint: 2000 ns, Total: 30001 ns
[226.448s][info ][safepoint      ] Safepoint "Cleanup", Time since last: 2000188692 ns, Reaching safepoint: 6001 ns, Cleanup: 19200 ns, At safepoint: 2300 ns, Total: 27501 ns
[228.449s][info ][safepoint      ] Safepoint "Cleanup", Time since last: 2000187193 ns, Reaching safepoint: 5800 ns, Cleanup: 8700 ns, At safepoint: 2300 ns, Total: 16800 ns
[230.449s][info ][safepoint      ] Safepoint "Cleanup", Time since last: 2000186793 ns, Reaching safepoint: 6200 ns, Cleanup: 13301 ns, At safepoint: 2200 ns, Total: 21701 ns
[231.449s][info ][safepoint      ] Safepoint "Cleanup", Time since last: 1000137507 ns, Reaching safepoint: 6500 ns, Cleanup: 30101 ns, At safepoint: 2700 ns, Total: 39301 ns
[233.449s][info ][safepoint      ] Safepoint "Cleanup", Time since last: 2000202130 ns, Reaching safepoint: 6500 ns, Cleanup: 13401 ns, At safepoint: 2400 ns, Total: 22301 ns
[236.449s][info ][safepoint      ] Safepoint "Cleanup", Time since last: 3000252242 ns, Reaching safepoint: 5701 ns, Cleanup: 11700 ns, At safepoint: 2000 ns, Total: 19401 ns
[237.450s][info ][safepoint      ] Safepoint "Cleanup", Time since last: 1000117016 ns, Reaching safepoint: 5700 ns, Cleanup: 10700 ns, At safepoint: 2200 ns, Total: 18600 ns
[238.450s][info ][safepoint      ] Safepoint "Cleanup", Time since last: 1000113816 ns, Reaching safepoint: 5300 ns, Cleanup: 9100 ns, At safepoint: 2100 ns, Total: 16500 ns
[239.450s][info ][safepoint      ] Safepoint "Cleanup", Time since last: 1000101416 ns, Reaching safepoint: 5700 ns, Cleanup: 12301 ns, At safepoint: 2200 ns, Total: 20201 ns
[241.127s][info ][safepoint      ] Safepoint "Cleanup", Time since last: 1677049146 ns, Reaching safepoint: 6000 ns, Cleanup: 19201 ns, At safepoint: 2300 ns, Total: 27501 ns
[242.127s][info ][safepoint      ] Safepoint "Cleanup", Time since last: 1000132417 ns, Reaching safepoint: 6401 ns, Cleanup: 8400 ns, At safepoint: 2200 ns, Total: 17001 ns
[243.127s][info ][safepoint      ] Safepoint "Cleanup", Time since last: 1000115417 ns, Reaching safepoint: 5600 ns, Cleanup: 16901 ns, At safepoint: 2100 ns, Total: 24601 ns
[244.127s][info ][safepoint      ] Safepoint "Cleanup", Time since last: 1000111917 ns, Reaching safepoint: 5100 ns, Cleanup: 16401 ns, At safepoint: 2400 ns, Total: 23901 ns
[247.128s][info ][safepoint      ] Safepoint "Cleanup", Time since last: 3000321587 ns, Reaching safepoint: 7200 ns, Cleanup: 12200 ns, At safepoint: 2600 ns, Total: 22000 ns
[248.128s][info ][safepoint      ] Safepoint "Cleanup", Time since last: 1000131935 ns, Reaching safepoint: 6701 ns, Cleanup: 13200 ns, At safepoint: 2200 ns, Total: 22101 ns
[249.128s][info ][safepoint      ] Safepoint "Cleanup", Time since last: 1000116735 ns, Reaching safepoint: 6200 ns, Cleanup: 18401 ns, At safepoint: 28101 ns, Total: 52702 ns
[250.128s][info ][safepoint      ] Safepoint "Cleanup", Time since last: 1000103534 ns, Reaching safepoint: 5900 ns, Cleanup: 18401 ns, At safepoint: 2500 ns, Total: 26801 ns
[250.697s][info ][gc,start       ] GC(18) Pause Young (Allocation Failure)
[250.702s][debug][gc,phases      ] GC(18) Scavenge 4.862ms
[250.702s][debug][gc,ref         ] GC(18) ReferenceProcessor::execute queues: 1, RefProcThreadModel::Single, marks_oops_alive: false
[250.702s][debug][gc,ref         ] GC(18) Skipped KeepAliveFinalRefsPhase of Reference Processing: no references
[250.702s][debug][gc,ref         ] GC(18) ReferenceProcessor::execute queues: 1, RefProcThreadModel::Single, marks_oops_alive: false
[250.702s][debug][gc,phases      ] GC(18) Reference Processing 0.150ms
[250.702s][debug][gc,phases      ] GC(18)   VM Weak                        Min:  0.0, Avg:  0.0, Max:  0.0, Diff:  0.0, Sum:  0.0, Workers: 4
[250.702s][debug][gc,phases      ] GC(18)     Dead                           Min: 0, Avg:  0.0, Max: 0, Diff: 0, Sum: 0, Workers: 4
[250.702s][debug][gc,phases      ] GC(18)     Total                          Min: 0, Avg: 252.8, Max: 755, Diff: 755, Sum: 1011, Workers: 4
[250.702s][debug][gc,phases      ] GC(18)   ObjectSynchronizer Weak        Min:  0.0, Avg:  0.0, Max:  0.0, Diff:  0.0, Sum:  0.0, Workers: 4
[250.702s][debug][gc,phases      ] GC(18)     Dead                           Min: 0, Avg:  0.0, Max: 0, Diff: 0, Sum: 0, Workers: 4
[250.702s][debug][gc,phases      ] GC(18)     Total                          Min: 0, Avg:  0.8, Max: 3, Diff: 3, Sum: 3, Workers: 4
[250.702s][debug][gc,phases      ] GC(18)   JVMTI Tag Weak OopStorage      Min:  0.0, Avg:  0.0, Max:  0.0, Diff:  0.0, Sum:  0.0, Workers: 4
[250.702s][debug][gc,phases      ] GC(18)     Dead                           Min: 0, Avg:  0.0, Max: 0, Diff: 0, Sum: 0, Workers: 4
[250.702s][debug][gc,phases      ] GC(18)     Total                          Min: 0, Avg:  0.0, Max: 0, Diff: 0, Sum: 0, Workers: 4
[250.702s][debug][gc,phases      ] GC(18)   StringTable Weak               Min:  0.0, Avg:  0.1, Max:  0.2, Diff:  0.2, Sum:  0.5, Workers: 4
[250.702s][debug][gc,phases      ] GC(18)     Dead                           Min: 0, Avg:  0.2, Max: 1, Diff: 1, Sum: 1, Workers: 4
[250.702s][debug][gc,phases      ] GC(18)     Total                          Min: 0, Avg: 11913.5, Max: 16678, Diff: 16678, Sum: 47654, Workers: 4
[250.702s][debug][gc,phases      ] GC(18)   ResolvedMethodTable Weak       Min:  0.0, Avg:  0.0, Max:  0.1, Diff:  0.1, Sum:  0.2, Workers: 4
[250.702s][debug][gc,phases      ] GC(18)     Dead                           Min: 0, Avg:  4.0, Max: 13, Diff: 13, Sum: 16, Workers: 4
[250.702s][debug][gc,phases      ] GC(18)     Total                          Min: 0, Avg: 3938.8, Max: 5716, Diff: 5716, Sum: 15755, Workers: 4
[250.702s][debug][gc,phases      ] GC(18)   JNI Weak                       Min:  0.0, Avg:  0.0, Max:  0.0, Diff:  0.0, Sum:  0.0, Workers: 4
[250.702s][debug][gc,phases      ] GC(18)     Dead                           Min: 0, Avg:  0.0, Max: 0, Diff: 0, Sum: 0, Workers: 4
[250.702s][debug][gc,phases      ] GC(18)     Total                          Min: 0, Avg: 13.0, Max: 52, Diff: 52, Sum: 52, Workers: 4
[250.702s][debug][gc,phases      ] GC(18)   StringDedup Table Weak         Min:  0.0, Avg:  0.0, Max:  0.0, Diff:  0.0, Sum:  0.0, Workers: 4
[250.702s][debug][gc,phases      ] GC(18)     Dead                           Min: 0, Avg:  0.0, Max: 0, Diff: 0, Sum: 0, Workers: 4
[250.702s][debug][gc,phases      ] GC(18)     Total                          Min: 0, Avg:  0.0, Max: 0, Diff: 0, Sum: 0, Workers: 4
[250.702s][debug][gc,phases      ] GC(18)   StringDedup Requests0 Weak     Min:  0.0, Avg:  0.0, Max:  0.0, Diff:  0.0, Sum:  0.0, Workers: 4
[250.702s][debug][gc,phases      ] GC(18)     Dead                           Min: 0, Avg:  0.0, Max: 0, Diff: 0, Sum: 0, Workers: 4
[250.702s][debug][gc,phases      ] GC(18)     Total                          Min: 0, Avg:  0.0, Max: 0, Diff: 0, Sum: 0, Workers: 4
[250.702s][debug][gc,phases      ] GC(18)   StringDedup Requests1 Weak     Min:  0.0, Avg:  0.0, Max:  0.0, Diff:  0.0, Sum:  0.0, Workers: 4
[250.702s][debug][gc,phases      ] GC(18)     Dead                           Min: 0, Avg:  0.0, Max: 0, Diff: 0, Sum: 0, Workers: 4
[250.702s][debug][gc,phases      ] GC(18)     Total                          Min: 0, Avg:  0.0, Max: 0, Diff: 0, Sum: 0, Workers: 4
[250.702s][debug][gc,phases      ] GC(18)   Weak JFR Old Object Samples    Min:  0.0, Avg:  0.0, Max:  0.0, Diff:  0.0, Sum:  0.0, Workers: 4
[250.702s][debug][gc,phases      ] GC(18)     Dead                           Min: 0, Avg:  0.0, Max: 0, Diff: 0, Sum: 0, Workers: 4
[250.702s][debug][gc,phases      ] GC(18)     Total                          Min: 0, Avg:  0.0, Max: 0, Diff: 0, Sum: 0, Workers: 4
[250.702s][debug][gc,phases      ] GC(18) Weak Processing 0.415ms
[250.703s][debug][gc,age         ] GC(18) Desired survivor size 260571136 bytes, new threshold 1 (max threshold 15)
[250.703s][info ][gc,heap        ] GC(18) PSYoungGen: 1564576K(1828352K)->2816K(1842688K) Eden: 1562112K(1562112K)->0K(1581568K) From: 2464K(266240K)->2816K(261120K)
[250.703s][info ][gc,heap        ] GC(18) ParOldGen: 239335K(239616K)->240219K(240640K)
[250.703s][info ][gc,metaspace   ] GC(18) Metaspace: 107312K(108608K)->107312K(108608K) NonClass: 90991K(91712K)->90991K(91712K) Class: 16320K(16896K)->16320K(16896K)
[250.703s][info ][gc             ] GC(18) Pause Young (Allocation Failure) 1761M->237M(2034M) 5.558ms
[250.703s][info ][gc,cpu         ] GC(18) User=0.01s Sys=0.00s Real=0.00s
[250.703s][info ][safepoint      ] Safepoint "ParallelGCFailedAllocation", Time since last: 568772773 ns, Reaching safepoint: 6500 ns, Cleanup: 32502 ns, At safepoint: 5635413 ns, Total: 5674415 ns
[251.703s][info ][safepoint      ] Safepoint "Cleanup", Time since last: 1000089834 ns, Reaching safepoint: 4800 ns, Cleanup: 13701 ns, At safepoint: 2000 ns, Total: 20501 ns
[252.703s][info ][safepoint      ] Safepoint "Cleanup", Time since last: 1000101333 ns, Reaching safepoint: 5001 ns, Cleanup: 9600 ns, At safepoint: 2800 ns, Total: 17401 ns
[253.703s][info ][safepoint      ] Safepoint "Cleanup", Time since last: 1000103834 ns, Reaching safepoint: 5300 ns, Cleanup: 24601 ns, At safepoint: 2300 ns, Total: 32201 ns
[254.703s][info ][safepoint      ] Safepoint "Cleanup", Time since last: 1000100134 ns, Reaching safepoint: 5900 ns, Cleanup: 14901 ns, At safepoint: 2400 ns, Total: 23201 ns
[256.703s][info ][safepoint      ] Safepoint "Cleanup", Time since last: 2000160858 ns, Reaching safepoint: 5301 ns, Cleanup: 6700 ns, At safepoint: 2200 ns, Total: 14201 ns
[258.703s][info ][safepoint      ] Safepoint "Cleanup", Time since last: 2000169658 ns, Reaching safepoint: 5600 ns, Cleanup: 10000 ns, At safepoint: 2300 ns, Total: 17900 ns
[262.704s][info ][safepoint      ] Safepoint "Cleanup", Time since last: 4000337915 ns, Reaching safepoint: 5001 ns, Cleanup: 9400 ns, At safepoint: 2000 ns, Total: 16401 ns
[265.704s][info ][safepoint      ] Safepoint "Cleanup", Time since last: 3000241351 ns, Reaching safepoint: 5100 ns, Cleanup: 8100 ns, At safepoint: 2300 ns, Total: 15500 ns
[268.704s][info ][safepoint      ] Safepoint "Cleanup", Time since last: 3000249817 ns, Reaching safepoint: 4500 ns, Cleanup: 9901 ns, At safepoint: 2000 ns, Total: 16401 ns
[269.704s][info ][safepoint      ] Safepoint "Cleanup", Time since last: 1000103306 ns, Reaching safepoint: 4800 ns, Cleanup: 21501 ns, At safepoint: 2400 ns, Total: 28701 ns
[270.705s][info ][safepoint      ] Safepoint "Cleanup", Time since last: 1000103906 ns, Reaching safepoint: 5401 ns, Cleanup: 36301 ns, At safepoint: 2200 ns, Total: 43902 ns
[273.705s][info ][safepoint      ] Safepoint "Cleanup", Time since last: 3000259713 ns, Reaching safepoint: 4901 ns, Cleanup: 7600 ns, At safepoint: 2000 ns, Total: 14501 ns
[275.705s][info ][safepoint      ] Safepoint "Cleanup", Time since last: 2000171656 ns, Reaching safepoint: 5200 ns, Cleanup: 9000 ns, At safepoint: 2200 ns, Total: 16400 ns
[276.705s][info ][safepoint      ] Safepoint "Cleanup", Time since last: 1000103479 ns, Reaching safepoint: 4700 ns, Cleanup: 15101 ns, At safepoint: 2200 ns, Total: 22001 ns
[279.705s][info ][safepoint      ] Safepoint "Cleanup", Time since last: 3000279409 ns, Reaching safepoint: 6001 ns, Cleanup: 17600 ns, At safepoint: 2600 ns, Total: 26201 ns
[280.706s][info ][safepoint      ] Safepoint "Cleanup", Time since last: 1000108202 ns, Reaching safepoint: 5400 ns, Cleanup: 16301 ns, At safepoint: 2100 ns, Total: 23801 ns
[282.706s][info ][safepoint      ] Safepoint "Cleanup", Time since last: 2000170202 ns, Reaching safepoint: 6100 ns, Cleanup: 8801 ns, At safepoint: 2200 ns, Total: 17101 ns
[283.706s][info ][safepoint      ] Safepoint "Cleanup", Time since last: 1000108601 ns, Reaching safepoint: 5601 ns, Cleanup: 11200 ns, At safepoint: 15901 ns, Total: 32702 ns
[285.706s][info ][safepoint      ] Safepoint "Cleanup", Time since last: 2000174102 ns, Reaching safepoint: 4900 ns, Cleanup: 14600 ns, At safepoint: 2001 ns, Total: 21501 ns
[286.706s][info ][safepoint      ] Safepoint "Cleanup", Time since last: 1000114302 ns, Reaching safepoint: 5400 ns, Cleanup: 20001 ns, At safepoint: 2000 ns, Total: 27401 ns
[287.706s][info ][safepoint      ] Safepoint "Cleanup", Time since last: 1000098247 ns, Reaching safepoint: 4600 ns, Cleanup: 29302 ns, At safepoint: 2100 ns, Total: 36002 ns
[288.191s][info ][gc,start       ] GC(19) Pause Young (Allocation Failure)
[288.195s][debug][gc,phases      ] GC(19) Scavenge 3.177ms
[288.195s][debug][gc,ref         ] GC(19) ReferenceProcessor::execute queues: 1, RefProcThreadModel::Single, marks_oops_alive: false
[288.195s][debug][gc,ref         ] GC(19) Skipped KeepAliveFinalRefsPhase of Reference Processing: no references
[288.195s][debug][gc,ref         ] GC(19) ReferenceProcessor::execute queues: 1, RefProcThreadModel::Single, marks_oops_alive: false
[288.195s][debug][gc,phases      ] GC(19) Reference Processing 0.112ms
[288.195s][debug][gc,phases      ] GC(19)   VM Weak                        Min:  0.0, Avg:  0.0, Max:  0.0, Diff:  0.0, Sum:  0.0, Workers: 4
[288.195s][debug][gc,phases      ] GC(19)     Dead                           Min: 0, Avg:  0.0, Max: 0, Diff: 0, Sum: 0, Workers: 4
[288.195s][debug][gc,phases      ] GC(19)     Total                          Min: 0, Avg: 253.8, Max: 567, Diff: 567, Sum: 1015, Workers: 4
[288.195s][debug][gc,phases      ] GC(19)   ObjectSynchronizer Weak        Min:  0.0, Avg:  0.0, Max:  0.0, Diff:  0.0, Sum:  0.0, Workers: 4
[288.195s][debug][gc,phases      ] GC(19)     Dead                           Min: 0, Avg:  0.0, Max: 0, Diff: 0, Sum: 0, Workers: 4
[288.195s][debug][gc,phases      ] GC(19)     Total                          Min: 0, Avg:  1.0, Max: 4, Diff: 4, Sum: 4, Workers: 4
[288.195s][debug][gc,phases      ] GC(19)   JVMTI Tag Weak OopStorage      Min:  0.0, Avg:  0.0, Max:  0.0, Diff:  0.0, Sum:  0.0, Workers: 4
[288.195s][debug][gc,phases      ] GC(19)     Dead                           Min: 0, Avg:  0.0, Max: 0, Diff: 0, Sum: 0, Workers: 4
[288.195s][debug][gc,phases      ] GC(19)     Total                          Min: 0, Avg:  0.0, Max: 0, Diff: 0, Sum: 0, Workers: 4
[288.195s][debug][gc,phases      ] GC(19)   StringTable Weak               Min:  0.1, Avg:  0.1, Max:  0.1, Diff:  0.0, Sum:  0.5, Workers: 4
[288.195s][debug][gc,phases      ] GC(19)     Dead                           Min: 0, Avg:  0.2, Max: 1, Diff: 1, Sum: 1, Workers: 4
[288.195s][debug][gc,phases      ] GC(19)     Total                          Min: 10944, Avg: 11941.2, Max: 13376, Diff: 2432, Sum: 47765, Workers: 4
[288.195s][debug][gc,phases      ] GC(19)   ResolvedMethodTable Weak       Min:  0.0, Avg:  0.0, Max:  0.0, Diff:  0.0, Sum:  0.2, Workers: 4
[288.195s][debug][gc,phases      ] GC(19)     Dead                           Min: 0, Avg:  5.5, Max: 22, Diff: 22, Sum: 22, Workers: 4
[288.195s][debug][gc,phases      ] GC(19)     Total                          Min: 3476, Avg: 3948.5, Max: 4245, Diff: 769, Sum: 15794, Workers: 4
[288.195s][debug][gc,phases      ] GC(19)   JNI Weak                       Min:  0.0, Avg:  0.0, Max:  0.0, Diff:  0.0, Sum:  0.0, Workers: 4
[288.195s][debug][gc,phases      ] GC(19)     Dead                           Min: 0, Avg:  0.0, Max: 0, Diff: 0, Sum: 0, Workers: 4
[288.195s][debug][gc,phases      ] GC(19)     Total                          Min: 0, Avg: 13.0, Max: 52, Diff: 52, Sum: 52, Workers: 4
[288.195s][debug][gc,phases      ] GC(19)   StringDedup Table Weak         Min:  0.0, Avg:  0.0, Max:  0.0, Diff:  0.0, Sum:  0.0, Workers: 4
[288.195s][debug][gc,phases      ] GC(19)     Dead                           Min: 0, Avg:  0.0, Max: 0, Diff: 0, Sum: 0, Workers: 4
[288.195s][debug][gc,phases      ] GC(19)     Total                          Min: 0, Avg:  0.0, Max: 0, Diff: 0, Sum: 0, Workers: 4
[288.195s][debug][gc,phases      ] GC(19)   StringDedup Requests0 Weak     Min:  0.0, Avg:  0.0, Max:  0.0, Diff:  0.0, Sum:  0.0, Workers: 4
[288.195s][debug][gc,phases      ] GC(19)     Dead                           Min: 0, Avg:  0.0, Max: 0, Diff: 0, Sum: 0, Workers: 4
[288.195s][debug][gc,phases      ] GC(19)     Total                          Min: 0, Avg:  0.0, Max: 0, Diff: 0, Sum: 0, Workers: 4
[288.195s][debug][gc,phases      ] GC(19)   StringDedup Requests1 Weak     Min:  0.0, Avg:  0.0, Max:  0.0, Diff:  0.0, Sum:  0.0, Workers: 4
[288.195s][debug][gc,phases      ] GC(19)     Dead                           Min: 0, Avg:  0.0, Max: 0, Diff: 0, Sum: 0, Workers: 4
[288.195s][debug][gc,phases      ] GC(19)     Total                          Min: 0, Avg:  0.0, Max: 0, Diff: 0, Sum: 0, Workers: 4
[288.195s][debug][gc,phases      ] GC(19)   Weak JFR Old Object Samples    Min:  0.0, Avg:  0.0, Max:  0.0, Diff:  0.0, Sum:  0.0, Workers: 4
[288.195s][debug][gc,phases      ] GC(19)     Dead                           Min: 0, Avg:  0.0, Max: 0, Diff: 0, Sum: 0, Workers: 4
[288.195s][debug][gc,phases      ] GC(19)     Total                          Min: 0, Avg:  0.0, Max: 0, Diff: 0, Sum: 0, Workers: 4
[288.195s][debug][gc,phases      ] GC(19) Weak Processing 0.374ms
[288.195s][debug][gc,age         ] GC(19) Desired survivor size 252182528 bytes, new threshold 1 (max threshold 15)
[288.195s][info ][gc,heap        ] GC(19) PSYoungGen: 1584384K(1842688K)->3744K(1836032K) Eden: 1581568K(1581568K)->0K(1581568K) From: 2816K(261120K)->3744K(254464K)
[288.195s][info ][gc,heap        ] GC(19) ParOldGen: 240219K(240640K)->241027K(241152K)
[288.195s][info ][gc,metaspace   ] GC(19) Metaspace: 107534K(108928K)->107534K(108928K) NonClass: 91191K(91968K)->91191K(91968K) Class: 16343K(16960K)->16343K(16960K)
[288.195s][info ][gc             ] GC(19) Pause Young (Allocation Failure) 1781M->239M(2028M) 3.791ms
[288.195s][info ][gc,cpu         ] GC(19) User=0.01s Sys=0.00s Real=0.01s
[288.195s][info ][safepoint      ] Safepoint "ParallelGCFailedAllocation", Time since last: 484942283 ns, Reaching safepoint: 6200 ns, Cleanup: 10200 ns, At safepoint: 3864147 ns, Total: 3880547 ns
[289.195s][info ][safepoint      ] Safepoint "Cleanup", Time since last: 1000091611 ns, Reaching safepoint: 6000 ns, Cleanup: 23201 ns, At safepoint: 2400 ns, Total: 31601 ns
[290.195s][info ][safepoint      ] Safepoint "Cleanup", Time since last: 1000115212 ns, Reaching safepoint: 6300 ns, Cleanup: 9800 ns, At safepoint: 2101 ns, Total: 18201 ns
[293.196s][info ][safepoint      ] Safepoint "Cleanup", Time since last: 3000282233 ns, Reaching safepoint: 6000 ns, Cleanup: 11201 ns, At safepoint: 2200 ns, Total: 19401 ns
[294.196s][info ][safepoint      ] Safepoint "Cleanup", Time since last: 1000096111 ns, Reaching safepoint: 5200 ns, Cleanup: 8000 ns, At safepoint: 2200 ns, Total: 15400 ns
[295.196s][info ][safepoint      ] Safepoint "Cleanup", Time since last: 1000128412 ns, Reaching safepoint: 6201 ns, Cleanup: 9200 ns, At safepoint: 2500 ns, Total: 17901 ns
[296.196s][info ][safepoint      ] Safepoint "Cleanup", Time since last: 1000113910 ns, Reaching safepoint: 5200 ns, Cleanup: 13500 ns, At safepoint: 2100 ns, Total: 20800 ns
[297.196s][info ][safepoint      ] Safepoint "Cleanup", Time since last: 1000112610 ns, Reaching safepoint: 5900 ns, Cleanup: 13701 ns, At safepoint: 2200 ns, Total: 21801 ns
[298.196s][info ][safepoint      ] Safepoint "Cleanup", Time since last: 1000112509 ns, Reaching safepoint: 5900 ns, Cleanup: 10801 ns, At safepoint: 2200 ns, Total: 18901 ns
[301.146s][info ][safepoint      ] Safepoint "Cleanup", Time since last: 2949454300 ns, Reaching safepoint: 5100 ns, Cleanup: 9500 ns, At safepoint: 2000 ns, Total: 16600 ns
[302.146s][info ][safepoint      ] Safepoint "Cleanup", Time since last: 1000131010 ns, Reaching safepoint: 74903 ns, Cleanup: 58802 ns, At safepoint: 7001 ns, Total: 140706 ns
[303.146s][info ][safepoint      ] Safepoint "Cleanup", Time since last: 1000108096 ns, Reaching safepoint: 6200 ns, Cleanup: 78803 ns, At safepoint: 2100 ns, Total: 87103 ns
[304.147s][info ][safepoint      ] Safepoint "Cleanup", Time since last: 1000133795 ns, Reaching safepoint: 5801 ns, Cleanup: 33901 ns, At safepoint: 2100 ns, Total: 41802 ns
[305.147s][info ][safepoint      ] Safepoint "Cleanup", Time since last: 1000142496 ns, Reaching safepoint: 5200 ns, Cleanup: 9900 ns, At safepoint: 2100 ns, Total: 17200 ns
[306.147s][info ][safepoint      ] Safepoint "Cleanup", Time since last: 1000111395 ns, Reaching safepoint: 6100 ns, Cleanup: 11101 ns, At safepoint: 2400 ns, Total: 19601 ns
[307.147s][info ][safepoint      ] Safepoint "Cleanup", Time since last: 1000115695 ns, Reaching safepoint: 5600 ns, Cleanup: 10600 ns, At safepoint: 2100 ns, Total: 18300 ns
[308.147s][info ][safepoint      ] Safepoint "Cleanup", Time since last: 1000109395 ns, Reaching safepoint: 5600 ns, Cleanup: 10001 ns, At safepoint: 2100 ns, Total: 17701 ns
[309.147s][info ][safepoint      ] Safepoint "Cleanup", Time since last: 1000109894 ns, Reaching safepoint: 5201 ns, Cleanup: 9000 ns, At safepoint: 2100 ns, Total: 16301 ns
[310.147s][info ][safepoint      ] Safepoint "Cleanup", Time since last: 1000110795 ns, Reaching safepoint: 6000 ns, Cleanup: 11200 ns, At safepoint: 21901 ns, Total: 39101 ns
[311.148s][info ][safepoint      ] Safepoint "Cleanup", Time since last: 1000117603 ns, Reaching safepoint: 5800 ns, Cleanup: 13901 ns, At safepoint: 2100 ns, Total: 21801 ns
[314.107s][info ][safepoint      ] Safepoint "Cleanup", Time since last: 2959906475 ns, Reaching safepoint: 4100 ns, Cleanup: 26401 ns, At safepoint: 5100 ns, Total: 35601 ns
[314.240s][info ][safepoint      ] Safepoint "ICBufferFull", Time since last: 132264808 ns, Reaching safepoint: 11901 ns, Cleanup: 115804 ns, At safepoint: 12501 ns, Total: 140206 ns
[315.264s][info ][safepoint      ] Safepoint "Cleanup", Time since last: 1024305484 ns, Reaching safepoint: 7801 ns, Cleanup: 86603 ns, At safepoint: 2900 ns, Total: 97304 ns
[316.264s][info ][safepoint      ] Safepoint "Cleanup", Time since last: 1000117469 ns, Reaching safepoint: 7500 ns, Cleanup: 43302 ns, At safepoint: 2300 ns, Total: 53102 ns
[317.265s][info ][safepoint      ] Safepoint "Cleanup", Time since last: 1000076267 ns, Reaching safepoint: 7000 ns, Cleanup: 21801 ns, At safepoint: 2300 ns, Total: 31101 ns
[318.265s][info ][safepoint      ] Safepoint "Cleanup", Time since last: 1000114869 ns, Reaching safepoint: 8000 ns, Cleanup: 12901 ns, At safepoint: 2300 ns, Total: 23201 ns
[319.265s][info ][safepoint      ] Safepoint "Cleanup", Time since last: 1000117760 ns, Reaching safepoint: 6500 ns, Cleanup: 15401 ns, At safepoint: 2500 ns, Total: 24401 ns
[320.265s][info ][safepoint      ] Safepoint "Cleanup", Time since last: 1000118164 ns, Reaching safepoint: 7101 ns, Cleanup: 22600 ns, At safepoint: 2600 ns, Total: 32301 ns
[321.265s][info ][safepoint      ] Safepoint "Cleanup", Time since last: 1000116065 ns, Reaching safepoint: 7100 ns, Cleanup: 9801 ns, At safepoint: 2600 ns, Total: 19501 ns
[322.265s][info ][safepoint      ] Safepoint "Cleanup", Time since last: 1000116064 ns, Reaching safepoint: 6800 ns, Cleanup: 11501 ns, At safepoint: 2400 ns, Total: 20701 ns
[323.265s][info ][safepoint      ] Safepoint "Cleanup", Time since last: 1000114264 ns, Reaching safepoint: 7101 ns, Cleanup: 21300 ns, At safepoint: 2200 ns, Total: 30601 ns
[324.266s][info ][safepoint      ] Safepoint "Cleanup", Time since last: 1000112165 ns, Reaching safepoint: 6400 ns, Cleanup: 19001 ns, At safepoint: 2300 ns, Total: 27701 ns
[324.390s][info ][gc,start       ] GC(20) Pause Young (Allocation Failure)
[324.394s][debug][gc,phases      ] GC(20) Scavenge 3.904ms
[324.394s][debug][gc,ref         ] GC(20) ReferenceProcessor::execute queues: 1, RefProcThreadModel::Single, marks_oops_alive: false
[324.394s][debug][gc,ref         ] GC(20) Skipped KeepAliveFinalRefsPhase of Reference Processing: no references
[324.394s][debug][gc,ref         ] GC(20) ReferenceProcessor::execute queues: 1, RefProcThreadModel::Single, marks_oops_alive: false
[324.394s][debug][gc,phases      ] GC(20) Reference Processing 0.125ms
[324.395s][debug][gc,phases      ] GC(20)   VM Weak                        Min:  0.0, Avg:  0.0, Max:  0.0, Diff:  0.0, Sum:  0.0, Workers: 4
[324.395s][debug][gc,phases      ] GC(20)     Dead                           Min: 0, Avg:  0.0, Max: 0, Diff: 0, Sum: 0, Workers: 4
[324.395s][debug][gc,phases      ] GC(20)     Total                          Min: 0, Avg: 255.5, Max: 960, Diff: 960, Sum: 1022, Workers: 4
[324.395s][debug][gc,phases      ] GC(20)   ObjectSynchronizer Weak        Min:  0.0, Avg:  0.0, Max:  0.0, Diff:  0.0, Sum:  0.0, Workers: 4
[324.395s][debug][gc,phases      ] GC(20)     Dead                           Min: 0, Avg:  1.0, Max: 4, Diff: 4, Sum: 4, Workers: 4
[324.395s][debug][gc,phases      ] GC(20)     Total                          Min: 0, Avg:  2.0, Max: 8, Diff: 8, Sum: 8, Workers: 4
[324.395s][debug][gc,phases      ] GC(20)   JVMTI Tag Weak OopStorage      Min:  0.0, Avg:  0.0, Max:  0.0, Diff:  0.0, Sum:  0.0, Workers: 4
[324.395s][debug][gc,phases      ] GC(20)     Dead                           Min: 0, Avg:  0.0, Max: 0, Diff: 0, Sum: 0, Workers: 4
[324.395s][debug][gc,phases      ] GC(20)     Total                          Min: 0, Avg:  0.0, Max: 0, Diff: 0, Sum: 0, Workers: 4
[324.395s][debug][gc,phases      ] GC(20)   StringTable Weak               Min:  0.0, Avg:  0.1, Max:  0.1, Diff:  0.1, Sum:  0.4, Workers: 4
[324.395s][debug][gc,phases      ] GC(20)     Dead                           Min: 0, Avg:  1.0, Max: 4, Diff: 4, Sum: 4, Workers: 4
[324.395s][debug][gc,phases      ] GC(20)     Total                          Min: 0, Avg: 11966.5, Max: 16954, Diff: 16954, Sum: 47866, Workers: 4
[324.395s][debug][gc,phases      ] GC(20)   ResolvedMethodTable Weak       Min:  0.0, Avg:  0.0, Max:  0.0, Diff:  0.0, Sum:  0.1, Workers: 4
[324.395s][debug][gc,phases      ] GC(20)     Dead                           Min: 0, Avg:  9.8, Max: 27, Diff: 27, Sum: 39, Workers: 4
[324.395s][debug][gc,phases      ] GC(20)     Total                          Min: 0, Avg: 3974.0, Max: 5567, Diff: 5567, Sum: 15896, Workers: 4
[324.395s][debug][gc,phases      ] GC(20)   JNI Weak                       Min:  0.0, Avg:  0.0, Max:  0.0, Diff:  0.0, Sum:  0.0, Workers: 4
[324.395s][debug][gc,phases      ] GC(20)     Dead                           Min: 0, Avg:  0.0, Max: 0, Diff: 0, Sum: 0, Workers: 4
[324.395s][debug][gc,phases      ] GC(20)     Total                          Min: 0, Avg: 13.0, Max: 52, Diff: 52, Sum: 52, Workers: 4
[324.395s][debug][gc,phases      ] GC(20)   StringDedup Table Weak         Min:  0.0, Avg:  0.0, Max:  0.0, Diff:  0.0, Sum:  0.0, Workers: 4
[324.395s][debug][gc,phases      ] GC(20)     Dead                           Min: 0, Avg:  0.0, Max: 0, Diff: 0, Sum: 0, Workers: 4
[324.395s][debug][gc,phases      ] GC(20)     Total                          Min: 0, Avg:  0.0, Max: 0, Diff: 0, Sum: 0, Workers: 4
[324.395s][debug][gc,phases      ] GC(20)   StringDedup Requests0 Weak     Min:  0.0, Avg:  0.0, Max:  0.0, Diff:  0.0, Sum:  0.0, Workers: 4
[324.395s][debug][gc,phases      ] GC(20)     Dead                           Min: 0, Avg:  0.0, Max: 0, Diff: 0, Sum: 0, Workers: 4
[324.395s][debug][gc,phases      ] GC(20)     Total                          Min: 0, Avg:  0.0, Max: 0, Diff: 0, Sum: 0, Workers: 4
[324.395s][debug][gc,phases      ] GC(20)   StringDedup Requests1 Weak     Min:  0.0, Avg:  0.0, Max:  0.0, Diff:  0.0, Sum:  0.0, Workers: 4
[324.395s][debug][gc,phases      ] GC(20)     Dead                           Min: 0, Avg:  0.0, Max: 0, Diff: 0, Sum: 0, Workers: 4
[324.395s][debug][gc,phases      ] GC(20)     Total                          Min: 0, Avg:  0.0, Max: 0, Diff: 0, Sum: 0, Workers: 4
[324.395s][debug][gc,phases      ] GC(20)   Weak JFR Old Object Samples    Min:  0.0, Avg:  0.0, Max:  0.0, Diff:  0.0, Sum:  0.0, Workers: 4
[324.395s][debug][gc,phases      ] GC(20)     Dead                           Min: 0, Avg:  0.0, Max: 0, Diff: 0, Sum: 0, Workers: 4
[324.395s][debug][gc,phases      ] GC(20)     Total                          Min: 0, Avg:  0.0, Max: 0, Diff: 0, Sum: 0, Workers: 4
[324.395s][debug][gc,phases      ] GC(20) Weak Processing 0.373ms
[324.395s][debug][gc,age         ] GC(20) Desired survivor size 242745344 bytes, new threshold 1 (max threshold 15)
[324.395s][info ][gc,heap        ] GC(20) PSYoungGen: 1585312K(1836032K)->2816K(1860096K) Eden: 1581568K(1581568K)->0K(1613824K) From: 3744K(254464K)->2816K(246272K)
[324.395s][info ][gc,heap        ] GC(20) ParOldGen: 241027K(241152K)->242496K(242688K)
[324.395s][info ][gc,metaspace   ] GC(20) Metaspace: 107997K(109312K)->107997K(109312K) NonClass: 91597K(92352K)->91597K(92352K) Class: 16400K(16960K)->16400K(16960K)
[324.395s][info ][gc             ] GC(20) Pause Young (Allocation Failure) 1783M->239M(2053M) 4.534ms
[324.395s][info ][gc,cpu         ] GC(20) User=0.02s Sys=0.00s Real=0.00s
[324.395s][info ][safepoint      ] Safepoint "ParallelGCFailedAllocation", Time since last: 124721359 ns, Reaching safepoint: 6301 ns, Cleanup: 10100 ns, At safepoint: 4605572 ns, Total: 4621973 ns
[325.395s][info ][safepoint      ] Safepoint "Cleanup", Time since last: 1000081663 ns, Reaching safepoint: 6501 ns, Cleanup: 9400 ns, At safepoint: 2200 ns, Total: 18101 ns
[329.395s][info ][safepoint      ] Safepoint "Cleanup", Time since last: 4000323096 ns, Reaching safepoint: 6100 ns, Cleanup: 14301 ns, At safepoint: 2400 ns, Total: 22801 ns
[330.395s][info ][safepoint      ] Safepoint "Cleanup", Time since last: 1000113554 ns, Reaching safepoint: 6000 ns, Cleanup: 26501 ns, At safepoint: 2500 ns, Total: 35001 ns
[331.396s][info ][safepoint      ] Safepoint "Cleanup", Time since last: 1000110654 ns, Reaching safepoint: 5600 ns, Cleanup: 15800 ns, At safepoint: 2200 ns, Total: 23600 ns
[334.396s][info ][safepoint      ] Safepoint "Cleanup", Time since last: 3000257158 ns, Reaching safepoint: 6701 ns, Cleanup: 11100 ns, At safepoint: 2500 ns, Total: 20301 ns
[335.396s][info ][safepoint      ] Safepoint "Cleanup", Time since last: 1000127258 ns, Reaching safepoint: 6501 ns, Cleanup: 9200 ns, At safepoint: 2200 ns, Total: 17901 ns
[336.396s][info ][safepoint      ] Safepoint "Cleanup", Time since last: 1000117665 ns, Reaching safepoint: 6201 ns, Cleanup: 8200 ns, At safepoint: 2100 ns, Total: 16501 ns
[338.250s][info ][safepoint      ] Safepoint "Cleanup", Time since last: 1853207164 ns, Reaching safepoint: 8100 ns, Cleanup: 110505 ns, At safepoint: 2900 ns, Total: 121505 ns
[339.250s][info ][safepoint      ] Safepoint "Cleanup", Time since last: 1000161267 ns, Reaching safepoint: 8800 ns, Cleanup: 11500 ns, At safepoint: 2601 ns, Total: 22901 ns
[340.250s][info ][safepoint      ] Safepoint "Cleanup", Time since last: 1000116765 ns, Reaching safepoint: 7300 ns, Cleanup: 15801 ns, At safepoint: 2300 ns, Total: 25401 ns
[341.250s][info ][safepoint      ] Safepoint "Cleanup", Time since last: 1000109965 ns, Reaching safepoint: 7500 ns, Cleanup: 8401 ns, At safepoint: 2600 ns, Total: 18501 ns
[342.250s][info ][safepoint      ] Safepoint "Cleanup", Time since last: 1000113265 ns, Reaching safepoint: 7200 ns, Cleanup: 14101 ns, At safepoint: 2000 ns, Total: 23301 ns
[343.250s][info ][safepoint      ] Safepoint "Cleanup", Time since last: 1000113245 ns, Reaching safepoint: 7500 ns, Cleanup: 13501 ns, At safepoint: 2000 ns, Total: 23001 ns
[344.250s][info ][safepoint      ] Safepoint "Cleanup", Time since last: 1000108249 ns, Reaching safepoint: 6800 ns, Cleanup: 11900 ns, At safepoint: 2200 ns, Total: 20900 ns
[345.250s][info ][safepoint      ] Safepoint "Cleanup", Time since last: 1000098749 ns, Reaching safepoint: 7500 ns, Cleanup: 9101 ns, At safepoint: 2100 ns, Total: 18701 ns
[346.251s][info ][safepoint      ] Safepoint "Cleanup", Time since last: 1000111149 ns, Reaching safepoint: 6700 ns, Cleanup: 9400 ns, At safepoint: 2100 ns, Total: 18200 ns
[347.251s][info ][safepoint      ] Safepoint "Cleanup", Time since last: 1000151351 ns, Reaching safepoint: 8300 ns, Cleanup: 11401 ns, At safepoint: 2700 ns, Total: 22401 ns
[348.251s][info ][safepoint      ] Safepoint "Cleanup", Time since last: 1000141350 ns, Reaching safepoint: 20801 ns, Cleanup: 10700 ns, At safepoint: 2200 ns, Total: 33701 ns
[349.251s][info ][safepoint      ] Safepoint "Cleanup", Time since last: 1000112849 ns, Reaching safepoint: 7300 ns, Cleanup: 8901 ns, At safepoint: 2100 ns, Total: 18301 ns
[352.251s][info ][safepoint      ] Safepoint "Cleanup", Time since last: 3000289947 ns, Reaching safepoint: 7400 ns, Cleanup: 11901 ns, At safepoint: 2400 ns, Total: 21701 ns
[353.252s][info ][safepoint      ] Safepoint "Cleanup", Time since last: 1000113365 ns, Reaching safepoint: 7500 ns, Cleanup: 11401 ns, At safepoint: 2500 ns, Total: 21401 ns
[354.252s][info ][safepoint      ] Safepoint "Cleanup", Time since last: 1000101464 ns, Reaching safepoint: 5900 ns, Cleanup: 8301 ns, At safepoint: 2300 ns, Total: 16501 ns
[358.252s][info ][safepoint      ] Safepoint "Cleanup", Time since last: 4000299954 ns, Reaching safepoint: 7900 ns, Cleanup: 21801 ns, At safepoint: 2500 ns, Total: 32201 ns
[360.164s][info ][safepoint      ] Safepoint "Cleanup", Time since last: 1911922406 ns, Reaching safepoint: 4700 ns, Cleanup: 11500 ns, At safepoint: 15801 ns, Total: 32001 ns
[361.164s][info ][safepoint      ] Safepoint "Cleanup", Time since last: 1000147180 ns, Reaching safepoint: 11000 ns, Cleanup: 32002 ns, At safepoint: 2900 ns, Total: 45902 ns
[362.392s][info ][gc,start       ] GC(21) Pause Young (Allocation Failure)
[362.397s][debug][gc,phases      ] GC(21) Scavenge 4.636ms
[362.397s][debug][gc,ref         ] GC(21) ReferenceProcessor::execute queues: 1, RefProcThreadModel::Single, marks_oops_alive: false
[362.397s][debug][gc,ref         ] GC(21) Skipped KeepAliveFinalRefsPhase of Reference Processing: no references
[362.397s][debug][gc,ref         ] GC(21) ReferenceProcessor::execute queues: 1, RefProcThreadModel::Single, marks_oops_alive: false
[362.397s][debug][gc,phases      ] GC(21) Reference Processing 0.144ms
[362.397s][debug][gc,phases      ] GC(21)   VM Weak                        Min:  0.0, Avg:  0.0, Max:  0.0, Diff:  0.0, Sum:  0.0, Workers: 4
[362.397s][debug][gc,phases      ] GC(21)     Dead                           Min: 0, Avg:  0.0, Max: 0, Diff: 0, Sum: 0, Workers: 4
[362.397s][debug][gc,phases      ] GC(21)     Total                          Min: 0, Avg: 257.0, Max: 1028, Diff: 1028, Sum: 1028, Workers: 4
[362.397s][debug][gc,phases      ] GC(21)   ObjectSynchronizer Weak        Min:  0.0, Avg:  0.0, Max:  0.0, Diff:  0.0, Sum:  0.0, Workers: 4
[362.397s][debug][gc,phases      ] GC(21)     Dead                           Min: 0, Avg:  0.0, Max: 0, Diff: 0, Sum: 0, Workers: 4
[362.397s][debug][gc,phases      ] GC(21)     Total                          Min: 0, Avg:  0.8, Max: 3, Diff: 3, Sum: 3, Workers: 4
[362.397s][debug][gc,phases      ] GC(21)   JVMTI Tag Weak OopStorage      Min:  0.0, Avg:  0.0, Max:  0.0, Diff:  0.0, Sum:  0.0, Workers: 4
[362.397s][debug][gc,phases      ] GC(21)     Dead                           Min: 0, Avg:  0.0, Max: 0, Diff: 0, Sum: 0, Workers: 4
[362.397s][debug][gc,phases      ] GC(21)     Total                          Min: 0, Avg:  0.0, Max: 0, Diff: 0, Sum: 0, Workers: 4
[362.397s][debug][gc,phases      ] GC(21)   StringTable Weak               Min:  0.0, Avg:  0.1, Max:  0.2, Diff:  0.2, Sum:  0.5, Workers: 4
[362.397s][debug][gc,phases      ] GC(21)     Dead                           Min: 0, Avg:  0.8, Max: 3, Diff: 3, Sum: 3, Workers: 4
[362.397s][debug][gc,phases      ] GC(21)     Total                          Min: 0, Avg: 12253.8, Max: 21504, Diff: 21504, Sum: 49015, Workers: 4
[362.397s][debug][gc,phases      ] GC(21)   ResolvedMethodTable Weak       Min:  0.0, Avg:  0.0, Max:  0.1, Diff:  0.1, Sum:  0.2, Workers: 4
[362.397s][debug][gc,phases      ] GC(21)     Dead                           Min: 0, Avg: 16.5, Max: 25, Diff: 25, Sum: 66, Workers: 4
[362.397s][debug][gc,phases      ] GC(21)     Total                          Min: 0, Avg: 4003.5, Max: 5560, Diff: 5560, Sum: 16014, Workers: 4
[362.397s][debug][gc,phases      ] GC(21)   JNI Weak                       Min:  0.0, Avg:  0.0, Max:  0.0, Diff:  0.0, Sum:  0.0, Workers: 4
[362.397s][debug][gc,phases      ] GC(21)     Dead                           Min: 0, Avg:  0.0, Max: 0, Diff: 0, Sum: 0, Workers: 4
[362.397s][debug][gc,phases      ] GC(21)     Total                          Min: 0, Avg: 13.0, Max: 52, Diff: 52, Sum: 52, Workers: 4
[362.397s][debug][gc,phases      ] GC(21)   StringDedup Table Weak         Min:  0.0, Avg:  0.0, Max:  0.0, Diff:  0.0, Sum:  0.0, Workers: 4
[362.397s][debug][gc,phases      ] GC(21)     Dead                           Min: 0, Avg:  0.0, Max: 0, Diff: 0, Sum: 0, Workers: 4
[362.397s][debug][gc,phases      ] GC(21)     Total                          Min: 0, Avg:  0.0, Max: 0, Diff: 0, Sum: 0, Workers: 4
[362.397s][debug][gc,phases      ] GC(21)   StringDedup Requests0 Weak     Min:  0.0, Avg:  0.0, Max:  0.0, Diff:  0.0, Sum:  0.0, Workers: 4
[362.397s][debug][gc,phases      ] GC(21)     Dead                           Min: 0, Avg:  0.0, Max: 0, Diff: 0, Sum: 0, Workers: 4
[362.397s][debug][gc,phases      ] GC(21)     Total                          Min: 0, Avg:  0.0, Max: 0, Diff: 0, Sum: 0, Workers: 4
[362.397s][debug][gc,phases      ] GC(21)   StringDedup Requests1 Weak     Min:  0.0, Avg:  0.0, Max:  0.0, Diff:  0.0, Sum:  0.0, Workers: 4
[362.397s][debug][gc,phases      ] GC(21)     Dead                           Min: 0, Avg:  0.0, Max: 0, Diff: 0, Sum: 0, Workers: 4
[362.397s][debug][gc,phases      ] GC(21)     Total                          Min: 0, Avg:  0.0, Max: 0, Diff: 0, Sum: 0, Workers: 4
[362.397s][debug][gc,phases      ] GC(21)   Weak JFR Old Object Samples    Min:  0.0, Avg:  0.0, Max:  0.0, Diff:  0.0, Sum:  0.0, Workers: 4
[362.397s][debug][gc,phases      ] GC(21)     Dead                           Min: 0, Avg:  0.0, Max: 0, Diff: 0, Sum: 0, Workers: 4
[362.397s][debug][gc,phases      ] GC(21)     Total                          Min: 0, Avg:  0.0, Max: 0, Diff: 0, Sum: 0, Workers: 4
[362.397s][debug][gc,phases      ] GC(21) Weak Processing 0.494ms
[362.397s][debug][gc,age         ] GC(21) Desired survivor size 233308160 bytes, new threshold 1 (max threshold 15)
[362.397s][info ][gc,heap        ] GC(21) PSYoungGen: 1616640K(1860096K)->3472K(1850880K) Eden: 1613824K(1613824K)->0K(1613824K) From: 2816K(246272K)->3472K(237056K)
[362.397s][info ][gc,heap        ] GC(21) ParOldGen: 242496K(242688K)->243596K(243712K)
[362.397s][info ][gc,metaspace   ] GC(21) Metaspace: 111495K(112832K)->111495K(112832K) NonClass: 94679K(95424K)->94679K(95424K) Class: 16815K(17408K)->16815K(17408K)
[362.397s][info ][gc             ] GC(21) Pause Young (Allocation Failure) 1815M->241M(2045M) 5.417ms
[362.397s][info ][gc,cpu         ] GC(21) User=0.02s Sys=0.00s Real=0.01s
[362.397s][info ][safepoint      ] Safepoint "ParallelGCFailedAllocation", Time since last: 1227736509 ns, Reaching safepoint: 10100 ns, Cleanup: 10300 ns, At safepoint: 5519907 ns, Total: 5540307 ns
[363.398s][info ][safepoint      ] Safepoint "Cleanup", Time since last: 1000086778 ns, Reaching safepoint: 6800 ns, Cleanup: 18201 ns, At safepoint: 2400 ns, Total: 27401 ns
[364.398s][info ][safepoint      ] Safepoint "Cleanup", Time since last: 1000111079 ns, Reaching safepoint: 7900 ns, Cleanup: 15801 ns, At safepoint: 2600 ns, Total: 26301 ns
[367.398s][info ][safepoint      ] Safepoint "Cleanup", Time since last: 3000281325 ns, Reaching safepoint: 7800 ns, Cleanup: 12500 ns, At safepoint: 2601 ns, Total: 22901 ns
[368.398s][info ][safepoint      ] Safepoint "Cleanup", Time since last: 1000122892 ns, Reaching safepoint: 8101 ns, Cleanup: 13500 ns, At safepoint: 2700 ns, Total: 24301 ns
[369.398s][info ][safepoint      ] Safepoint "Cleanup", Time since last: 1000115293 ns, Reaching safepoint: 7800 ns, Cleanup: 10600 ns, At safepoint: 2200 ns, Total: 20600 ns
[372.399s][info ][safepoint      ] Safepoint "Cleanup", Time since last: 3000250274 ns, Reaching safepoint: 7001 ns, Cleanup: 34001 ns, At safepoint: 2700 ns, Total: 43702 ns
[373.399s][info ][safepoint      ] Safepoint "Cleanup", Time since last: 1000113492 ns, Reaching safepoint: 7201 ns, Cleanup: 12200 ns, At safepoint: 2100 ns, Total: 21501 ns
[375.399s][info ][safepoint      ] Safepoint "Cleanup", Time since last: 2000180891 ns, Reaching safepoint: 7000 ns, Cleanup: 16301 ns, At safepoint: 2300 ns, Total: 25601 ns
[377.399s][info ][safepoint      ] Safepoint "Cleanup", Time since last: 2000173638 ns, Reaching safepoint: 5200 ns, Cleanup: 19101 ns, At safepoint: 2100 ns, Total: 26401 ns
[378.399s][info ][safepoint      ] Safepoint "Cleanup", Time since last: 1000146321 ns, Reaching safepoint: 7400 ns, Cleanup: 47902 ns, At safepoint: 3900 ns, Total: 59202 ns
[379.399s][info ][safepoint      ] Safepoint "Cleanup", Time since last: 1000146222 ns, Reaching safepoint: 6900 ns, Cleanup: 19301 ns, At safepoint: 2500 ns, Total: 28701 ns
[380.400s][info ][safepoint      ] Safepoint "Cleanup", Time since last: 1000137621 ns, Reaching safepoint: 6800 ns, Cleanup: 13900 ns, At safepoint: 2200 ns, Total: 22900 ns
[381.400s][info ][safepoint      ] Safepoint "Cleanup", Time since last: 1000113220 ns, Reaching safepoint: 7001 ns, Cleanup: 14500 ns, At safepoint: 2600 ns, Total: 24101 ns
[382.400s][info ][safepoint      ] Safepoint "Cleanup", Time since last: 1000114220 ns, Reaching safepoint: 7401 ns, Cleanup: 18400 ns, At safepoint: 2100 ns, Total: 27901 ns
[383.400s][info ][safepoint      ] Safepoint "Cleanup", Time since last: 1000161881 ns, Reaching safepoint: 7900 ns, Cleanup: 10801 ns, At safepoint: 2700 ns, Total: 21401 ns
[384.400s][info ][safepoint      ] Safepoint "Cleanup", Time since last: 1000122168 ns, Reaching safepoint: 7301 ns, Cleanup: 16100 ns, At safepoint: 2300 ns, Total: 25701 ns
[385.400s][info ][safepoint      ] Safepoint "Cleanup", Time since last: 1000112369 ns, Reaching safepoint: 7300 ns, Cleanup: 80903 ns, At safepoint: 2800 ns, Total: 91003 ns
[386.401s][info ][safepoint      ] Safepoint "Cleanup", Time since last: 1000105969 ns, Reaching safepoint: 7500 ns, Cleanup: 44001 ns, At safepoint: 2401 ns, Total: 53902 ns
[387.401s][info ][safepoint      ] Safepoint "Cleanup", Time since last: 1000108368 ns, Reaching safepoint: 7500 ns, Cleanup: 21101 ns, At safepoint: 2300 ns, Total: 30901 ns
[388.401s][info ][safepoint      ] Safepoint "Cleanup", Time since last: 1000101468 ns, Reaching safepoint: 6700 ns, Cleanup: 53402 ns, At safepoint: 2100 ns, Total: 62202 ns
[389.401s][info ][safepoint      ] Safepoint "Cleanup", Time since last: 1000129270 ns, Reaching safepoint: 7400 ns, Cleanup: 18301 ns, At safepoint: 2400 ns, Total: 28101 ns
[390.401s][info ][safepoint      ] Safepoint "Cleanup", Time since last: 1000110768 ns, Reaching safepoint: 6900 ns, Cleanup: 10301 ns, At safepoint: 2200 ns, Total: 19401 ns
[391.401s][info ][safepoint      ] Safepoint "Cleanup", Time since last: 1000116804 ns, Reaching safepoint: 7601 ns, Cleanup: 13400 ns, At safepoint: 2700 ns, Total: 23701 ns
[392.401s][info ][safepoint      ] Safepoint "Cleanup", Time since last: 1000120306 ns, Reaching safepoint: 8600 ns, Cleanup: 29101 ns, At safepoint: 2800 ns, Total: 40501 ns
[393.402s][info ][safepoint      ] Safepoint "Cleanup", Time since last: 1000114705 ns, Reaching safepoint: 6200 ns, Cleanup: 12101 ns, At safepoint: 2300 ns, Total: 20601 ns
[394.402s][info ][safepoint      ] Safepoint "Cleanup", Time since last: 1000099904 ns, Reaching safepoint: 7401 ns, Cleanup: 17800 ns, At safepoint: 2400 ns, Total: 27601 ns
[395.402s][info ][safepoint      ] Safepoint "Cleanup", Time since last: 1000112705 ns, Reaching safepoint: 7601 ns, Cleanup: 15300 ns, At safepoint: 2300 ns, Total: 25201 ns
[396.138s][info ][gc,start       ] GC(22) Pause Young (Allocation Failure)
[396.144s][debug][gc,phases      ] GC(22) Scavenge 6.252ms
[396.144s][debug][gc,ref         ] GC(22) ReferenceProcessor::execute queues: 1, RefProcThreadModel::Single, marks_oops_alive: false
[396.144s][debug][gc,ref         ] GC(22) Skipped KeepAliveFinalRefsPhase of Reference Processing: no references
[396.144s][debug][gc,ref         ] GC(22) ReferenceProcessor::execute queues: 1, RefProcThreadModel::Single, marks_oops_alive: false
[396.144s][debug][gc,phases      ] GC(22) Reference Processing 0.127ms
[396.144s][debug][gc,phases      ] GC(22)   VM Weak                        Min:  0.0, Avg:  0.0, Max:  0.0, Diff:  0.0, Sum:  0.0, Workers: 4
[396.144s][debug][gc,phases      ] GC(22)     Dead                           Min: 0, Avg:  0.0, Max: 0, Diff: 0, Sum: 0, Workers: 4
[396.144s][debug][gc,phases      ] GC(22)     Total                          Min: 0, Avg: 257.0, Max: 708, Diff: 708, Sum: 1028, Workers: 4
[396.144s][debug][gc,phases      ] GC(22)   ObjectSynchronizer Weak        Min:  0.0, Avg:  0.0, Max:  0.0, Diff:  0.0, Sum:  0.0, Workers: 4
[396.144s][debug][gc,phases      ] GC(22)     Dead                           Min: 0, Avg:  0.0, Max: 0, Diff: 0, Sum: 0, Workers: 4
[396.144s][debug][gc,phases      ] GC(22)     Total                          Min: 0, Avg:  1.0, Max: 4, Diff: 4, Sum: 4, Workers: 4
[396.144s][debug][gc,phases      ] GC(22)   JVMTI Tag Weak OopStorage      Min:  0.0, Avg:  0.0, Max:  0.0, Diff:  0.0, Sum:  0.0, Workers: 4
[396.144s][debug][gc,phases      ] GC(22)     Dead                           Min: 0, Avg:  0.0, Max: 0, Diff: 0, Sum: 0, Workers: 4
[396.144s][debug][gc,phases      ] GC(22)     Total                          Min: 0, Avg:  0.0, Max: 0, Diff: 0, Sum: 0, Workers: 4
[396.144s][debug][gc,phases      ] GC(22)   StringTable Weak               Min:  0.0, Avg:  0.1, Max:  0.1, Diff:  0.1, Sum:  0.4, Workers: 4
[396.144s][debug][gc,phases      ] GC(22)     Dead                           Min: 0, Avg:  0.5, Max: 2, Diff: 2, Sum: 2, Workers: 4
[396.144s][debug][gc,phases      ] GC(22)     Total                          Min: 0, Avg: 12261.0, Max: 17876, Diff: 17876, Sum: 49044, Workers: 4
[396.144s][debug][gc,phases      ] GC(22)   ResolvedMethodTable Weak       Min:  0.0, Avg:  0.0, Max:  0.1, Diff:  0.1, Sum:  0.2, Workers: 4
[396.144s][debug][gc,phases      ] GC(22)     Dead                           Min: 0, Avg:  4.5, Max: 18, Diff: 18, Sum: 18, Workers: 4
[396.144s][debug][gc,phases      ] GC(22)     Total                          Min: 0, Avg: 4005.2, Max: 5947, Diff: 5947, Sum: 16021, Workers: 4
[396.144s][debug][gc,phases      ] GC(22)   JNI Weak                       Min:  0.0, Avg:  0.0, Max:  0.0, Diff:  0.0, Sum:  0.0, Workers: 4
[396.144s][debug][gc,phases      ] GC(22)     Dead                           Min: 0, Avg:  0.0, Max: 0, Diff: 0, Sum: 0, Workers: 4
[396.144s][debug][gc,phases      ] GC(22)     Total                          Min: 0, Avg: 13.0, Max: 52, Diff: 52, Sum: 52, Workers: 4
[396.144s][debug][gc,phases      ] GC(22)   StringDedup Table Weak         Min:  0.0, Avg:  0.0, Max:  0.0, Diff:  0.0, Sum:  0.0, Workers: 4
[396.144s][debug][gc,phases      ] GC(22)     Dead                           Min: 0, Avg:  0.0, Max: 0, Diff: 0, Sum: 0, Workers: 4
[396.144s][debug][gc,phases      ] GC(22)     Total                          Min: 0, Avg:  0.0, Max: 0, Diff: 0, Sum: 0, Workers: 4
[396.144s][debug][gc,phases      ] GC(22)   StringDedup Requests0 Weak     Min:  0.0, Avg:  0.0, Max:  0.0, Diff:  0.0, Sum:  0.0, Workers: 4
[396.144s][debug][gc,phases      ] GC(22)     Dead                           Min: 0, Avg:  0.0, Max: 0, Diff: 0, Sum: 0, Workers: 4
[396.144s][debug][gc,phases      ] GC(22)     Total                          Min: 0, Avg:  0.0, Max: 0, Diff: 0, Sum: 0, Workers: 4
[396.144s][debug][gc,phases      ] GC(22)   StringDedup Requests1 Weak     Min:  0.0, Avg:  0.0, Max:  0.0, Diff:  0.0, Sum:  0.0, Workers: 4
[396.144s][debug][gc,phases      ] GC(22)     Dead                           Min: 0, Avg:  0.0, Max: 0, Diff: 0, Sum: 0, Workers: 4
[396.144s][debug][gc,phases      ] GC(22)     Total                          Min: 0, Avg:  0.0, Max: 0, Diff: 0, Sum: 0, Workers: 4
[396.144s][debug][gc,phases      ] GC(22)   Weak JFR Old Object Samples    Min:  0.0, Avg:  0.0, Max:  0.0, Diff:  0.0, Sum:  0.0, Workers: 4
[396.144s][debug][gc,phases      ] GC(22)     Dead                           Min: 0, Avg:  0.0, Max: 0, Diff: 0, Sum: 0, Workers: 4
[396.144s][debug][gc,phases      ] GC(22)     Total                          Min: 0, Avg:  0.0, Max: 0, Diff: 0, Sum: 0, Workers: 4
[396.144s][debug][gc,phases      ] GC(22) Weak Processing 0.387ms
[396.144s][debug][gc,age         ] GC(22) Desired survivor size 222298112 bytes, new threshold 1 (max threshold 15)
[396.144s][info ][gc,heap        ] GC(22) PSYoungGen: 1617296K(1850880K)->7888K(1880064K) Eden: 1613824K(1613824K)->0K(1652224K) From: 3472K(237056K)->7888K(227840K)
[396.144s][info ][gc,heap        ] GC(22) ParOldGen: 243596K(243712K)->245272K(245760K)
[396.144s][info ][gc,metaspace   ] GC(22) Metaspace: 111577K(112896K)->111577K(112896K) NonClass: 94756K(95488K)->94756K(95488K) Class: 16820K(17408K)->16820K(17408K)
[396.144s][info ][gc             ] GC(22) Pause Young (Allocation Failure) 1817M->247M(2076M) 6.899ms
[396.144s][info ][gc,cpu         ] GC(22) User=0.03s Sys=0.00s Real=0.00s
[396.144s][info ][safepoint      ] Safepoint "ParallelGCFailedAllocation", Time since last: 735558905 ns, Reaching safepoint: 7300 ns, Cleanup: 18701 ns, At safepoint: 6967463 ns, Total: 6993464 ns
[397.145s][info ][safepoint      ] Safepoint "Cleanup", Time since last: 1000084804 ns, Reaching safepoint: 6701 ns, Cleanup: 11100 ns, At safepoint: 2100 ns, Total: 19901 ns
[398.145s][info ][safepoint      ] Safepoint "Cleanup", Time since last: 1000105505 ns, Reaching safepoint: 7000 ns, Cleanup: 8200 ns, At safepoint: 2500 ns, Total: 17700 ns
[399.145s][info ][safepoint      ] Safepoint "Cleanup", Time since last: 1000111905 ns, Reaching safepoint: 7801 ns, Cleanup: 17100 ns, At safepoint: 2400 ns, Total: 27301 ns
[400.145s][info ][safepoint      ] Safepoint "Cleanup", Time since last: 1000126787 ns, Reaching safepoint: 7100 ns, Cleanup: 15101 ns, At safepoint: 2700 ns, Total: 24901 ns
[401.145s][info ][safepoint      ] Safepoint "Cleanup", Time since last: 1000115486 ns, Reaching safepoint: 8201 ns, Cleanup: 11500 ns, At safepoint: 2500 ns, Total: 22201 ns
[402.145s][info ][safepoint      ] Safepoint "Cleanup", Time since last: 1000115886 ns, Reaching safepoint: 7400 ns, Cleanup: 11201 ns, At safepoint: 2900 ns, Total: 21501 ns
[403.145s][info ][safepoint      ] Safepoint "Cleanup", Time since last: 1000113286 ns, Reaching safepoint: 7200 ns, Cleanup: 7801 ns, At safepoint: 2600 ns, Total: 17601 ns
[404.146s][info ][safepoint      ] Safepoint "Cleanup", Time since last: 1000112086 ns, Reaching safepoint: 6900 ns, Cleanup: 10700 ns, At safepoint: 2400 ns, Total: 20000 ns
[405.146s][info ][safepoint      ] Safepoint "Cleanup", Time since last: 1000108786 ns, Reaching safepoint: 6000 ns, Cleanup: 19701 ns, At safepoint: 3000 ns, Total: 28701 ns
[406.146s][info ][safepoint      ] Safepoint "Cleanup", Time since last: 1000105786 ns, Reaching safepoint: 7300 ns, Cleanup: 23101 ns, At safepoint: 2500 ns, Total: 32901 ns
[407.146s][info ][safepoint      ] Safepoint "Cleanup", Time since last: 1000111586 ns, Reaching safepoint: 7600 ns, Cleanup: 10901 ns, At safepoint: 2800 ns, Total: 21301 ns
[408.146s][info ][safepoint      ] Safepoint "Cleanup", Time since last: 1000125178 ns, Reaching safepoint: 7400 ns, Cleanup: 12001 ns, At safepoint: 2500 ns, Total: 21901 ns
[409.146s][info ][safepoint      ] Safepoint "Cleanup", Time since last: 1000114579 ns, Reaching safepoint: 7001 ns, Cleanup: 11000 ns, At safepoint: 2700 ns, Total: 20701 ns
[411.146s][info ][safepoint      ] Safepoint "Cleanup", Time since last: 2000179857 ns, Reaching safepoint: 7601 ns, Cleanup: 20900 ns, At safepoint: 2501 ns, Total: 31002 ns
[412.147s][info ][safepoint      ] Safepoint "Cleanup", Time since last: 1000110779 ns, Reaching safepoint: 7100 ns, Cleanup: 7101 ns, At safepoint: 2400 ns, Total: 16601 ns
[413.147s][info ][safepoint      ] Safepoint "Cleanup", Time since last: 1000112979 ns, Reaching safepoint: 7100 ns, Cleanup: 13901 ns, At safepoint: 2400 ns, Total: 23401 ns
[414.147s][info ][safepoint      ] Safepoint "Cleanup", Time since last: 1000111279 ns, Reaching safepoint: 7501 ns, Cleanup: 13700 ns, At safepoint: 2300 ns, Total: 23501 ns
[415.147s][info ][safepoint      ] Safepoint "Cleanup", Time since last: 1000117380 ns, Reaching safepoint: 23001 ns, Cleanup: 11400 ns, At safepoint: 2800 ns, Total: 37201 ns
[416.147s][info ][safepoint      ] Safepoint "Cleanup", Time since last: 1000117802 ns, Reaching safepoint: 7000 ns, Cleanup: 10200 ns, At safepoint: 2900 ns, Total: 20100 ns
[417.147s][info ][safepoint      ] Safepoint "Cleanup", Time since last: 1000110102 ns, Reaching safepoint: 7600 ns, Cleanup: 7701 ns, At safepoint: 2600 ns, Total: 17901 ns
[418.147s][info ][safepoint      ] Safepoint "Cleanup", Time since last: 1000154003 ns, Reaching safepoint: 7600 ns, Cleanup: 11200 ns, At safepoint: 2401 ns, Total: 21201 ns
[419.148s][info ][safepoint      ] Safepoint "Cleanup", Time since last: 1000110201 ns, Reaching safepoint: 8000 ns, Cleanup: 10801 ns, At safepoint: 2700 ns, Total: 21501 ns
[420.148s][info ][safepoint      ] Safepoint "Cleanup", Time since last: 1000119602 ns, Reaching safepoint: 7600 ns, Cleanup: 9700 ns, At safepoint: 2300 ns, Total: 19600 ns
[421.182s][info ][safepoint      ] Safepoint "Cleanup", Time since last: 1034297594 ns, Reaching safepoint: 80103 ns, Cleanup: 11000 ns, At safepoint: 6901 ns, Total: 98004 ns
[422.182s][info ][safepoint      ] Safepoint "Cleanup", Time since last: 1000113401 ns, Reaching safepoint: 80803 ns, Cleanup: 11801 ns, At safepoint: 6600 ns, Total: 99204 ns
[423.183s][info ][safepoint      ] Safepoint "Cleanup", Time since last: 1000124201 ns, Reaching safepoint: 83703 ns, Cleanup: 18901 ns, At safepoint: 7100 ns, Total: 109704 ns
[426.183s][info ][safepoint      ] Safepoint "Cleanup", Time since last: 3000263807 ns, Reaching safepoint: 80103 ns, Cleanup: 10101 ns, At safepoint: 6600 ns, Total: 96804 ns
[427.183s][info ][safepoint      ] Safepoint "Cleanup", Time since last: 1000087503 ns, Reaching safepoint: 80803 ns, Cleanup: 12100 ns, At safepoint: 6900 ns, Total: 99803 ns
[428.183s][info ][safepoint      ] Safepoint "Cleanup", Time since last: 1000122304 ns, Reaching safepoint: 84103 ns, Cleanup: 39802 ns, At safepoint: 6800 ns, Total: 130705 ns
[429.184s][info ][safepoint      ] Safepoint "Cleanup", Time since last: 1000127304 ns, Reaching safepoint: 85103 ns, Cleanup: 17701 ns, At safepoint: 7000 ns, Total: 109804 ns
[430.184s][info ][safepoint      ] Safepoint "Cleanup", Time since last: 1000120104 ns, Reaching safepoint: 10800 ns, Cleanup: 20001 ns, At safepoint: 8700 ns, Total: 39501 ns
[432.038s][info ][gc,start       ] GC(23) Pause Young (Allocation Failure)
[432.045s][debug][gc,phases      ] GC(23) Scavenge 6.754ms
[432.045s][debug][gc,ref         ] GC(23) ReferenceProcessor::execute queues: 1, RefProcThreadModel::Single, marks_oops_alive: false
[432.045s][debug][gc,ref         ] GC(23) Skipped KeepAliveFinalRefsPhase of Reference Processing: no references
[432.045s][debug][gc,ref         ] GC(23) ReferenceProcessor::execute queues: 1, RefProcThreadModel::Single, marks_oops_alive: false
[432.045s][debug][gc,phases      ] GC(23) Reference Processing 0.108ms
[432.046s][debug][gc,phases      ] GC(23)   VM Weak                        Min:  0.0, Avg:  0.0, Max:  0.0, Diff:  0.0, Sum:  0.0, Workers: 4
[432.046s][debug][gc,phases      ] GC(23)     Dead                           Min: 0, Avg:  0.0, Max: 0, Diff: 0, Sum: 0, Workers: 4
[432.046s][debug][gc,phases      ] GC(23)     Total                          Min: 0, Avg: 257.0, Max: 516, Diff: 516, Sum: 1028, Workers: 4
[432.046s][debug][gc,phases      ] GC(23)   ObjectSynchronizer Weak        Min:  0.0, Avg:  0.0, Max:  0.0, Diff:  0.0, Sum:  0.0, Workers: 4
[432.046s][debug][gc,phases      ] GC(23)     Dead                           Min: 0, Avg:  0.0, Max: 0, Diff: 0, Sum: 0, Workers: 4
[432.046s][debug][gc,phases      ] GC(23)     Total                          Min: 0, Avg:  1.0, Max: 4, Diff: 4, Sum: 4, Workers: 4
[432.046s][debug][gc,phases      ] GC(23)   JVMTI Tag Weak OopStorage      Min:  0.0, Avg:  0.0, Max:  0.0, Diff:  0.0, Sum:  0.0, Workers: 4
[432.046s][debug][gc,phases      ] GC(23)     Dead                           Min: 0, Avg:  0.0, Max: 0, Diff: 0, Sum: 0, Workers: 4
[432.046s][debug][gc,phases      ] GC(23)     Total                          Min: 0, Avg:  0.0, Max: 0, Diff: 0, Sum: 0, Workers: 4
[432.046s][debug][gc,phases      ] GC(23)   StringTable Weak               Min:  0.0, Avg:  0.1, Max:  0.1, Diff:  0.1, Sum:  0.4, Workers: 4
[432.046s][debug][gc,phases      ] GC(23)     Dead                           Min: 0, Avg:  0.2, Max: 1, Diff: 1, Sum: 1, Workers: 4
[432.046s][debug][gc,phases      ] GC(23)     Total                          Min: 0, Avg: 12267.8, Max: 18480, Diff: 18480, Sum: 49071, Workers: 4
[432.046s][debug][gc,phases      ] GC(23)   ResolvedMethodTable Weak       Min:  0.0, Avg:  0.0, Max:  0.1, Diff:  0.1, Sum:  0.2, Workers: 4
[432.046s][debug][gc,phases      ] GC(23)     Dead                           Min: 0, Avg:  4.0, Max: 15, Diff: 15, Sum: 16, Workers: 4
[432.046s][debug][gc,phases      ] GC(23)     Total                          Min: 0, Avg: 4005.8, Max: 5773, Diff: 5773, Sum: 16023, Workers: 4
[432.046s][debug][gc,phases      ] GC(23)   JNI Weak                       Min:  0.0, Avg:  0.0, Max:  0.0, Diff:  0.0, Sum:  0.0, Workers: 4
[432.046s][debug][gc,phases      ] GC(23)     Dead                           Min: 0, Avg:  0.0, Max: 0, Diff: 0, Sum: 0, Workers: 4
[432.046s][debug][gc,phases      ] GC(23)     Total                          Min: 0, Avg: 13.0, Max: 52, Diff: 52, Sum: 52, Workers: 4
[432.046s][debug][gc,phases      ] GC(23)   StringDedup Table Weak         Min:  0.0, Avg:  0.0, Max:  0.0, Diff:  0.0, Sum:  0.0, Workers: 4
[432.046s][debug][gc,phases      ] GC(23)     Dead                           Min: 0, Avg:  0.0, Max: 0, Diff: 0, Sum: 0, Workers: 4
[432.046s][debug][gc,phases      ] GC(23)     Total                          Min: 0, Avg:  0.0, Max: 0, Diff: 0, Sum: 0, Workers: 4
[432.046s][debug][gc,phases      ] GC(23)   StringDedup Requests0 Weak     Min:  0.0, Avg:  0.0, Max:  0.0, Diff:  0.0, Sum:  0.0, Workers: 4
[432.046s][debug][gc,phases      ] GC(23)     Dead                           Min: 0, Avg:  0.0, Max: 0, Diff: 0, Sum: 0, Workers: 4
[432.046s][debug][gc,phases      ] GC(23)     Total                          Min: 0, Avg:  0.0, Max: 0, Diff: 0, Sum: 0, Workers: 4
[432.046s][debug][gc,phases      ] GC(23)   StringDedup Requests1 Weak     Min:  0.0, Avg:  0.0, Max:  0.0, Diff:  0.0, Sum:  0.0, Workers: 4
[432.046s][debug][gc,phases      ] GC(23)     Dead                           Min: 0, Avg:  0.0, Max: 0, Diff: 0, Sum: 0, Workers: 4
[432.046s][debug][gc,phases      ] GC(23)     Total                          Min: 0, Avg:  0.0, Max: 0, Diff: 0, Sum: 0, Workers: 4
[432.046s][debug][gc,phases      ] GC(23)   Weak JFR Old Object Samples    Min:  0.0, Avg:  0.0, Max:  0.0, Diff:  0.0, Sum:  0.0, Workers: 4
[432.046s][debug][gc,phases      ] GC(23)     Dead                           Min: 0, Avg:  0.0, Max: 0, Diff: 0, Sum: 0, Workers: 4
[432.046s][debug][gc,phases      ] GC(23)     Total                          Min: 0, Avg:  0.0, Max: 0, Diff: 0, Sum: 0, Workers: 4
[432.046s][debug][gc,phases      ] GC(23) Weak Processing 0.385ms
[432.046s][debug][gc,age         ] GC(23) Desired survivor size 211288064 bytes, new threshold 1 (max threshold 15)
[432.046s][info ][gc,heap        ] GC(23) PSYoungGen: 1660112K(1880064K)->5696K(1869312K) Eden: 1652224K(1652224K)->0K(1652224K) From: 7888K(227840K)->5696K(217088K)
[432.046s][info ][gc,heap        ] GC(23) ParOldGen: 245272K(245760K)->251232K(251392K)
[432.046s][info ][gc,metaspace   ] GC(23) Metaspace: 111645K(113024K)->111645K(113024K) NonClass: 94824K(95616K)->94824K(95616K) Class: 16821K(17408K)->16821K(17408K)
[432.046s][info ][gc             ] GC(23) Pause Young (Allocation Failure) 1860M->250M(2071M) 7.377ms
[432.046s][info ][gc,cpu         ] GC(23) User=0.02s Sys=0.00s Real=0.01s
[432.046s][info ][safepoint      ] Safepoint "ParallelGCFailedAllocation", Time since last: 1854609392 ns, Reaching safepoint: 8601 ns, Cleanup: 14200 ns, At safepoint: 7449982 ns, Total: 7472783 ns
[435.046s][info ][safepoint      ] Safepoint "Cleanup", Time since last: 3000230068 ns, Reaching safepoint: 7701 ns, Cleanup: 11300 ns, At safepoint: 2400 ns, Total: 21401 ns
[439.046s][info ][safepoint      ] Safepoint "Cleanup", Time since last: 4000323859 ns, Reaching safepoint: 7301 ns, Cleanup: 9700 ns, At safepoint: 3000 ns, Total: 20001 ns
[440.047s][info ][safepoint      ] Safepoint "Cleanup", Time since last: 1000138835 ns, Reaching safepoint: 7500 ns, Cleanup: 11700 ns, At safepoint: 2400 ns, Total: 21600 ns
[441.047s][info ][safepoint      ] Safepoint "Cleanup", Time since last: 1000131207 ns, Reaching safepoint: 6901 ns, Cleanup: 9900 ns, At safepoint: 2300 ns, Total: 19101 ns
[444.047s][info ][safepoint      ] Safepoint "Cleanup", Time since last: 3000255115 ns, Reaching safepoint: 7601 ns, Cleanup: 11900 ns, At safepoint: 2400 ns, Total: 21901 ns
[445.047s][info ][safepoint      ] Safepoint "Cleanup", Time since last: 1000118706 ns, Reaching safepoint: 79003 ns, Cleanup: 7801 ns, At safepoint: 6700 ns, Total: 93504 ns
[446.047s][info ][safepoint      ] Safepoint "Cleanup", Time since last: 1000151308 ns, Reaching safepoint: 9000 ns, Cleanup: 10400 ns, At safepoint: 2700 ns, Total: 22100 ns
[451.048s][info ][safepoint      ] Safepoint "Cleanup", Time since last: 5000434534 ns, Reaching safepoint: 7000 ns, Cleanup: 8900 ns, At safepoint: 2200 ns, Total: 18100 ns
[452.048s][info ][safepoint      ] Safepoint "Cleanup", Time since last: 1000130839 ns, Reaching safepoint: 8000 ns, Cleanup: 16201 ns, At safepoint: 2400 ns, Total: 26601 ns
[453.048s][info ][safepoint      ] Safepoint "Cleanup", Time since last: 1000132839 ns, Reaching safepoint: 7900 ns, Cleanup: 12301 ns, At safepoint: 2300 ns, Total: 22501 ns
[454.048s][info ][safepoint      ] Safepoint "Cleanup", Time since last: 1000132939 ns, Reaching safepoint: 7900 ns, Cleanup: 14701 ns, At safepoint: 2200 ns, Total: 24801 ns
[456.048s][info ][safepoint      ] Safepoint "Cleanup", Time since last: 2000179451 ns, Reaching safepoint: 7400 ns, Cleanup: 10800 ns, At safepoint: 6501 ns, Total: 24701 ns
[457.049s][info ][safepoint      ] Safepoint "Cleanup", Time since last: 1000108790 ns, Reaching safepoint: 8000 ns, Cleanup: 11900 ns, At safepoint: 2800 ns, Total: 22700 ns
[458.049s][info ][safepoint      ] Safepoint "Cleanup", Time since last: 1000132991 ns, Reaching safepoint: 7800 ns, Cleanup: 16101 ns, At safepoint: 2600 ns, Total: 26501 ns
[460.049s][info ][safepoint      ] Safepoint "Cleanup", Time since last: 2000185879 ns, Reaching safepoint: 6900 ns, Cleanup: 17901 ns, At safepoint: 2400 ns, Total: 27201 ns
[461.049s][info ][safepoint      ] Safepoint "Cleanup", Time since last: 1000112790 ns, Reaching safepoint: 7300 ns, Cleanup: 28201 ns, At safepoint: 2300 ns, Total: 37801 ns
[462.049s][info ][safepoint      ] Safepoint "Cleanup", Time since last: 1000109890 ns, Reaching safepoint: 7100 ns, Cleanup: 16101 ns, At safepoint: 2800 ns, Total: 26001 ns
[463.049s][info ][safepoint      ] Safepoint "Cleanup", Time since last: 1000112390 ns, Reaching safepoint: 7600 ns, Cleanup: 19101 ns, At safepoint: 2600 ns, Total: 29301 ns
[464.050s][info ][safepoint      ] Safepoint "Cleanup", Time since last: 1000110566 ns, Reaching safepoint: 7300 ns, Cleanup: 9801 ns, At safepoint: 2400 ns, Total: 19501 ns
[465.050s][info ][safepoint      ] Safepoint "Cleanup", Time since last: 1000108433 ns, Reaching safepoint: 6900 ns, Cleanup: 14501 ns, At safepoint: 2500 ns, Total: 23901 ns
[467.050s][info ][safepoint      ] Safepoint "Cleanup", Time since last: 2000188265 ns, Reaching safepoint: 7201 ns, Cleanup: 8700 ns, At safepoint: 2400 ns, Total: 18301 ns
[469.050s][info ][safepoint      ] Safepoint "Cleanup", Time since last: 2000177365 ns, Reaching safepoint: 7000 ns, Cleanup: 24401 ns, At safepoint: 2300 ns, Total: 33701 ns
[470.050s][info ][safepoint      ] Safepoint "Cleanup", Time since last: 1000109734 ns, Reaching safepoint: 6900 ns, Cleanup: 8100 ns, At safepoint: 2100 ns, Total: 17100 ns
[471.050s][info ][safepoint      ] Safepoint "Cleanup", Time since last: 1000141331 ns, Reaching safepoint: 7800 ns, Cleanup: 14101 ns, At safepoint: 2600 ns, Total: 24501 ns
[472.051s][info ][safepoint      ] Safepoint "Cleanup", Time since last: 1000121703 ns, Reaching safepoint: 7600 ns, Cleanup: 10601 ns, At safepoint: 2200 ns, Total: 20401 ns
[472.191s][info ][gc,start       ] GC(24) Pause Young (Allocation Failure)
[472.196s][debug][gc,phases      ] GC(24) Scavenge 4.614ms
[472.196s][debug][gc,ref         ] GC(24) ReferenceProcessor::execute queues: 1, RefProcThreadModel::Single, marks_oops_alive: false
[472.196s][debug][gc,ref         ] GC(24) Skipped KeepAliveFinalRefsPhase of Reference Processing: no references
[472.196s][debug][gc,ref         ] GC(24) ReferenceProcessor::execute queues: 1, RefProcThreadModel::Single, marks_oops_alive: false
[472.196s][debug][gc,phases      ] GC(24) Reference Processing 0.139ms
[472.196s][debug][gc,phases      ] GC(24)   VM Weak                        Min:  0.0, Avg:  0.0, Max:  0.0, Diff:  0.0, Sum:  0.0, Workers: 4
[472.196s][debug][gc,phases      ] GC(24)     Dead                           Min: 0, Avg:  0.0, Max: 0, Diff: 0, Sum: 0, Workers: 4
[472.196s][debug][gc,phases      ] GC(24)     Total                          Min: 0, Avg: 257.0, Max: 832, Diff: 832, Sum: 1028, Workers: 4
[472.196s][debug][gc,phases      ] GC(24)   ObjectSynchronizer Weak        Min:  0.0, Avg:  0.0, Max:  0.0, Diff:  0.0, Sum:  0.0, Workers: 4
[472.196s][debug][gc,phases      ] GC(24)     Dead                           Min: 0, Avg:  0.0, Max: 0, Diff: 0, Sum: 0, Workers: 4
[472.196s][debug][gc,phases      ] GC(24)     Total                          Min: 0, Avg:  1.0, Max: 4, Diff: 4, Sum: 4, Workers: 4
[472.196s][debug][gc,phases      ] GC(24)   JVMTI Tag Weak OopStorage      Min:  0.0, Avg:  0.0, Max:  0.0, Diff:  0.0, Sum:  0.0, Workers: 4
[472.196s][debug][gc,phases      ] GC(24)     Dead                           Min: 0, Avg:  0.0, Max: 0, Diff: 0, Sum: 0, Workers: 4
[472.196s][debug][gc,phases      ] GC(24)     Total                          Min: 0, Avg:  0.0, Max: 0, Diff: 0, Sum: 0, Workers: 4
[472.196s][debug][gc,phases      ] GC(24)   StringTable Weak               Min:  0.0, Avg:  0.1, Max:  0.1, Diff:  0.1, Sum:  0.4, Workers: 4
[472.196s][debug][gc,phases      ] GC(24)     Dead                           Min: 0, Avg:  0.5, Max: 2, Diff: 2, Sum: 2, Workers: 4
[472.196s][debug][gc,phases      ] GC(24)     Total                          Min: 0, Avg: 12271.5, Max: 18048, Diff: 18048, Sum: 49086, Workers: 4
[472.196s][debug][gc,phases      ] GC(24)   ResolvedMethodTable Weak       Min:  0.0, Avg:  0.0, Max:  0.1, Diff:  0.1, Sum:  0.2, Workers: 4
[472.196s][debug][gc,phases      ] GC(24)     Dead                           Min: 0, Avg:  4.8, Max: 11, Diff: 11, Sum: 19, Workers: 4
[472.196s][debug][gc,phases      ] GC(24)     Total                          Min: 0, Avg: 4010.0, Max: 6114, Diff: 6114, Sum: 16040, Workers: 4
[472.196s][debug][gc,phases      ] GC(24)   JNI Weak                       Min:  0.0, Avg:  0.0, Max:  0.0, Diff:  0.0, Sum:  0.0, Workers: 4
[472.196s][debug][gc,phases      ] GC(24)     Dead                           Min: 0, Avg:  0.0, Max: 0, Diff: 0, Sum: 0, Workers: 4
[472.196s][debug][gc,phases      ] GC(24)     Total                          Min: 0, Avg: 13.0, Max: 52, Diff: 52, Sum: 52, Workers: 4
[472.196s][debug][gc,phases      ] GC(24)   StringDedup Table Weak         Min:  0.0, Avg:  0.0, Max:  0.0, Diff:  0.0, Sum:  0.0, Workers: 4
[472.196s][debug][gc,phases      ] GC(24)     Dead                           Min: 0, Avg:  0.0, Max: 0, Diff: 0, Sum: 0, Workers: 4
[472.196s][debug][gc,phases      ] GC(24)     Total                          Min: 0, Avg:  0.0, Max: 0, Diff: 0, Sum: 0, Workers: 4
[472.196s][debug][gc,phases      ] GC(24)   StringDedup Requests0 Weak     Min:  0.0, Avg:  0.0, Max:  0.0, Diff:  0.0, Sum:  0.0, Workers: 4
[472.196s][debug][gc,phases      ] GC(24)     Dead                           Min: 0, Avg:  0.0, Max: 0, Diff: 0, Sum: 0, Workers: 4
[472.196s][debug][gc,phases      ] GC(24)     Total                          Min: 0, Avg:  0.0, Max: 0, Diff: 0, Sum: 0, Workers: 4
[472.196s][debug][gc,phases      ] GC(24)   StringDedup Requests1 Weak     Min:  0.0, Avg:  0.0, Max:  0.0, Diff:  0.0, Sum:  0.0, Workers: 4
[472.196s][debug][gc,phases      ] GC(24)     Dead                           Min: 0, Avg:  0.0, Max: 0, Diff: 0, Sum: 0, Workers: 4
[472.196s][debug][gc,phases      ] GC(24)     Total                          Min: 0, Avg:  0.0, Max: 0, Diff: 0, Sum: 0, Workers: 4
[472.196s][debug][gc,phases      ] GC(24)   Weak JFR Old Object Samples    Min:  0.0, Avg:  0.0, Max:  0.0, Diff:  0.0, Sum:  0.0, Workers: 4
[472.196s][debug][gc,phases      ] GC(24)     Dead                           Min: 0, Avg:  0.0, Max: 0, Diff: 0, Sum: 0, Workers: 4
[472.196s][debug][gc,phases      ] GC(24)     Total                          Min: 0, Avg:  0.0, Max: 0, Diff: 0, Sum: 0, Workers: 4
[472.196s][debug][gc,phases      ] GC(24) Weak Processing 0.384ms
[472.196s][debug][gc,age         ] GC(24) Desired survivor size 200802304 bytes, new threshold 1 (max threshold 15)
[472.196s][info ][gc,heap        ] GC(24) PSYoungGen: 1657920K(1869312K)->3552K(1901056K) Eden: 1652224K(1652224K)->0K(1694720K) From: 5696K(217088K)->3552K(206336K)
[472.196s][info ][gc,heap        ] GC(24) ParOldGen: 251232K(251392K)->254413K(254464K)
[472.196s][info ][gc,metaspace   ] GC(24) Metaspace: 111731K(113088K)->111731K(113088K) NonClass: 94905K(95680K)->94905K(95680K) Class: 16826K(17408K)->16826K(17408K)
[472.196s][info ][gc             ] GC(24) Pause Young (Allocation Failure) 1864M->251M(2105M) 5.264ms
[472.196s][info ][gc,cpu         ] GC(24) User=0.01s Sys=0.00s Real=0.01s
[472.196s][info ][safepoint      ] Safepoint "ParallelGCFailedAllocation", Time since last: 140531311 ns, Reaching safepoint: 8201 ns, Cleanup: 22201 ns, At safepoint: 5340601 ns, Total: 5371003 ns
[473.197s][info ][safepoint      ] Safepoint "Cleanup", Time since last: 1000086601 ns, Reaching safepoint: 7700 ns, Cleanup: 21401 ns, At safepoint: 2500 ns, Total: 31601 ns
[475.197s][info ][safepoint      ] Safepoint "Cleanup", Time since last: 2000190503 ns, Reaching safepoint: 6800 ns, Cleanup: 9300 ns, At safepoint: 2400 ns, Total: 18500 ns
[477.197s][info ][safepoint      ] Safepoint "Cleanup", Time since last: 2000186902 ns, Reaching safepoint: 7401 ns, Cleanup: 35501 ns, At safepoint: 3000 ns, Total: 45902 ns
[478.197s][info ][safepoint      ] Safepoint "Cleanup", Time since last: 1000124502 ns, Reaching safepoint: 15601 ns, Cleanup: 11900 ns, At safepoint: 2500 ns, Total: 30001 ns
[479.197s][info ][safepoint      ] Safepoint "Cleanup", Time since last: 1000112702 ns, Reaching safepoint: 6600 ns, Cleanup: 13601 ns, At safepoint: 2400 ns, Total: 22601 ns
[480.197s][info ][safepoint      ] Safepoint "Cleanup", Time since last: 1000110056 ns, Reaching safepoint: 7800 ns, Cleanup: 16301 ns, At safepoint: 2700 ns, Total: 26801 ns
[482.200s][info ][safepoint      ] Safepoint "Cleanup", Time since last: 2002600088 ns, Reaching safepoint: 7200 ns, Cleanup: 12701 ns, At safepoint: 2500 ns, Total: 22401 ns
[483.200s][info ][safepoint      ] Safepoint "Cleanup", Time since last: 1000112849 ns, Reaching safepoint: 7700 ns, Cleanup: 14801 ns, At safepoint: 2400 ns, Total: 24901 ns
[484.200s][info ][safepoint      ] Safepoint "Cleanup", Time since last: 1000114549 ns, Reaching safepoint: 7400 ns, Cleanup: 81903 ns, At safepoint: 2800 ns, Total: 92103 ns
[485.201s][info ][safepoint      ] Safepoint "Cleanup", Time since last: 1000117650 ns, Reaching safepoint: 8400 ns, Cleanup: 89604 ns, At safepoint: 3200 ns, Total: 101204 ns
[486.201s][info ][safepoint      ] Safepoint "Cleanup", Time since last: 1000101648 ns, Reaching safepoint: 7701 ns, Cleanup: 31201 ns, At safepoint: 2200 ns, Total: 41102 ns
[487.201s][info ][safepoint      ] Safepoint "Cleanup", Time since last: 1000119549 ns, Reaching safepoint: 7501 ns, Cleanup: 12500 ns, At safepoint: 2800 ns, Total: 22801 ns
[488.201s][info ][safepoint      ] Safepoint "Cleanup", Time since last: 1000136180 ns, Reaching safepoint: 7600 ns, Cleanup: 13801 ns, At safepoint: 2500 ns, Total: 23901 ns
[489.201s][info ][safepoint      ] Safepoint "Cleanup", Time since last: 1000107586 ns, Reaching safepoint: 6700 ns, Cleanup: 7701 ns, At safepoint: 2500 ns, Total: 16901 ns
[490.201s][info ][safepoint      ] Safepoint "Cleanup", Time since last: 1000113386 ns, Reaching safepoint: 7900 ns, Cleanup: 9900 ns, At safepoint: 2701 ns, Total: 20501 ns
[491.201s][info ][safepoint      ] Safepoint "Cleanup", Time since last: 1000112986 ns, Reaching safepoint: 7600 ns, Cleanup: 40902 ns, At safepoint: 2400 ns, Total: 50902 ns
[492.202s][info ][safepoint      ] Safepoint "Cleanup", Time since last: 1000135987 ns, Reaching safepoint: 7000 ns, Cleanup: 45402 ns, At safepoint: 2200 ns, Total: 54602 ns
[493.202s][info ][safepoint      ] Safepoint "Cleanup", Time since last: 1000114086 ns, Reaching safepoint: 6400 ns, Cleanup: 6600 ns, At safepoint: 2501 ns, Total: 15501 ns
[494.202s][info ][safepoint      ] Safepoint "Cleanup", Time since last: 1000093685 ns, Reaching safepoint: 7400 ns, Cleanup: 12101 ns, At safepoint: 2900 ns, Total: 22401 ns
[495.202s][info ][safepoint      ] Safepoint "Cleanup", Time since last: 1000122886 ns, Reaching safepoint: 7401 ns, Cleanup: 12600 ns, At safepoint: 2800 ns, Total: 22801 ns
[496.202s][info ][safepoint      ] Safepoint "Cleanup", Time since last: 1000111555 ns, Reaching safepoint: 8200 ns, Cleanup: 12001 ns, At safepoint: 2600 ns, Total: 22801 ns
[497.202s][info ][safepoint      ] Safepoint "Cleanup", Time since last: 1000109346 ns, Reaching safepoint: 6401 ns, Cleanup: 5800 ns, At safepoint: 2100 ns, Total: 14301 ns
[498.202s][info ][safepoint      ] Safepoint "Cleanup", Time since last: 1000102646 ns, Reaching safepoint: 7200 ns, Cleanup: 11101 ns, At safepoint: 2200 ns, Total: 20501 ns
[501.203s][info ][safepoint      ] Safepoint "Cleanup", Time since last: 3000244936 ns, Reaching safepoint: 6900 ns, Cleanup: 9300 ns, At safepoint: 2600 ns, Total: 18800 ns
[502.203s][info ][safepoint      ] Safepoint "Cleanup", Time since last: 1000103346 ns, Reaching safepoint: 7001 ns, Cleanup: 9200 ns, At safepoint: 2700 ns, Total: 18901 ns
[503.203s][info ][safepoint      ] Safepoint "Cleanup", Time since last: 1000123747 ns, Reaching safepoint: 7100 ns, Cleanup: 16301 ns, At safepoint: 2500 ns, Total: 25901 ns
[505.203s][info ][safepoint      ] Safepoint "Cleanup", Time since last: 2000176770 ns, Reaching safepoint: 6400 ns, Cleanup: 19501 ns, At safepoint: 2100 ns, Total: 28001 ns
[506.792s][info ][gc,start       ] GC(25) Pause Young (Allocation Failure)
[506.798s][debug][gc,phases      ] GC(25) Scavenge 5.551ms
[506.798s][debug][gc,ref         ] GC(25) ReferenceProcessor::execute queues: 1, RefProcThreadModel::Single, marks_oops_alive: false
[506.798s][debug][gc,ref         ] GC(25) Skipped KeepAliveFinalRefsPhase of Reference Processing: no references
[506.798s][debug][gc,ref         ] GC(25) ReferenceProcessor::execute queues: 1, RefProcThreadModel::Single, marks_oops_alive: false
[506.798s][debug][gc,phases      ] GC(25) Reference Processing 0.118ms
[506.799s][debug][gc,phases      ] GC(25)   VM Weak                        Min:  0.0, Avg:  0.0, Max:  0.0, Diff:  0.0, Sum:  0.0, Workers: 4
[506.799s][debug][gc,phases      ] GC(25)     Dead                           Min: 0, Avg:  0.0, Max: 0, Diff: 0, Sum: 0, Workers: 4
[506.799s][debug][gc,phases      ] GC(25)     Total                          Min: 0, Avg: 257.0, Max: 772, Diff: 772, Sum: 1028, Workers: 4
[506.799s][debug][gc,phases      ] GC(25)   ObjectSynchronizer Weak        Min:  0.0, Avg:  0.0, Max:  0.0, Diff:  0.0, Sum:  0.0, Workers: 4
[506.799s][debug][gc,phases      ] GC(25)     Dead                           Min: 0, Avg:  0.0, Max: 0, Diff: 0, Sum: 0, Workers: 4
[506.799s][debug][gc,phases      ] GC(25)     Total                          Min: 0, Avg:  1.0, Max: 4, Diff: 4, Sum: 4, Workers: 4
[506.799s][debug][gc,phases      ] GC(25)   JVMTI Tag Weak OopStorage      Min:  0.0, Avg:  0.0, Max:  0.0, Diff:  0.0, Sum:  0.0, Workers: 4
[506.799s][debug][gc,phases      ] GC(25)     Dead                           Min: 0, Avg:  0.0, Max: 0, Diff: 0, Sum: 0, Workers: 4
[506.799s][debug][gc,phases      ] GC(25)     Total                          Min: 0, Avg:  0.0, Max: 0, Diff: 0, Sum: 0, Workers: 4
[506.799s][debug][gc,phases      ] GC(25)   StringTable Weak               Min:  0.0, Avg:  0.1, Max:  0.2, Diff:  0.2, Sum:  0.5, Workers: 4
[506.799s][debug][gc,phases      ] GC(25)     Dead                           Min: 0, Avg:  0.5, Max: 1, Diff: 1, Sum: 2, Workers: 4
[506.799s][debug][gc,phases      ] GC(25)     Total                          Min: 0, Avg: 12279.2, Max: 19584, Diff: 19584, Sum: 49117, Workers: 4
[506.799s][debug][gc,phases      ] GC(25)   ResolvedMethodTable Weak       Min:  0.0, Avg:  0.0, Max:  0.1, Diff:  0.1, Sum:  0.2, Workers: 4
[506.799s][debug][gc,phases      ] GC(25)     Dead                           Min: 0, Avg:  5.5, Max: 22, Diff: 22, Sum: 22, Workers: 4
[506.799s][debug][gc,phases      ] GC(25)     Total                          Min: 0, Avg: 4017.2, Max: 5785, Diff: 5785, Sum: 16069, Workers: 4
[506.799s][debug][gc,phases      ] GC(25)   JNI Weak                       Min:  0.0, Avg:  0.0, Max:  0.0, Diff:  0.0, Sum:  0.0, Workers: 4
[506.799s][debug][gc,phases      ] GC(25)     Dead                           Min: 0, Avg:  0.0, Max: 0, Diff: 0, Sum: 0, Workers: 4
[506.799s][debug][gc,phases      ] GC(25)     Total                          Min: 0, Avg: 13.0, Max: 52, Diff: 52, Sum: 52, Workers: 4
[506.799s][debug][gc,phases      ] GC(25)   StringDedup Table Weak         Min:  0.0, Avg:  0.0, Max:  0.0, Diff:  0.0, Sum:  0.0, Workers: 4
[506.799s][debug][gc,phases      ] GC(25)     Dead                           Min: 0, Avg:  0.0, Max: 0, Diff: 0, Sum: 0, Workers: 4
[506.799s][debug][gc,phases      ] GC(25)     Total                          Min: 0, Avg:  0.0, Max: 0, Diff: 0, Sum: 0, Workers: 4
[506.799s][debug][gc,phases      ] GC(25)   StringDedup Requests0 Weak     Min:  0.0, Avg:  0.0, Max:  0.0, Diff:  0.0, Sum:  0.0, Workers: 4
[506.799s][debug][gc,phases      ] GC(25)     Dead                           Min: 0, Avg:  0.0, Max: 0, Diff: 0, Sum: 0, Workers: 4
[506.799s][debug][gc,phases      ] GC(25)     Total                          Min: 0, Avg:  0.0, Max: 0, Diff: 0, Sum: 0, Workers: 4
[506.799s][debug][gc,phases      ] GC(25)   StringDedup Requests1 Weak     Min:  0.0, Avg:  0.0, Max:  0.0, Diff:  0.0, Sum:  0.0, Workers: 4
[506.799s][debug][gc,phases      ] GC(25)     Dead                           Min: 0, Avg:  0.0, Max: 0, Diff: 0, Sum: 0, Workers: 4
[506.799s][debug][gc,phases      ] GC(25)     Total                          Min: 0, Avg:  0.0, Max: 0, Diff: 0, Sum: 0, Workers: 4
[506.799s][debug][gc,phases      ] GC(25)   Weak JFR Old Object Samples    Min:  0.0, Avg:  0.0, Max:  0.0, Diff:  0.0, Sum:  0.0, Workers: 4
[506.799s][debug][gc,phases      ] GC(25)     Dead                           Min: 0, Avg:  0.0, Max: 0, Diff: 0, Sum: 0, Workers: 4
[506.799s][debug][gc,phases      ] GC(25)     Total                          Min: 0, Avg:  0.0, Max: 0, Diff: 0, Sum: 0, Workers: 4
[506.799s][debug][gc,phases      ] GC(25) Weak Processing 0.427ms
[506.799s][debug][gc,age         ] GC(25) Desired survivor size 190316544 bytes, new threshold 1 (max threshold 15)
[506.799s][info ][gc,heap        ] GC(25) PSYoungGen: 1698272K(1901056K)->6288K(1890816K) Eden: 1694720K(1694720K)->0K(1694720K) From: 3552K(206336K)->6288K(196096K)
[506.799s][info ][gc,heap        ] GC(25) ParOldGen: 254413K(254464K)->255489K(256000K)
[506.799s][info ][gc,metaspace   ] GC(25) Metaspace: 111834K(113216K)->111834K(113216K) NonClass: 94996K(95808K)->94996K(95808K) Class: 16838K(17408K)->16838K(17408K)
[506.799s][info ][gc             ] GC(25) Pause Young (Allocation Failure) 1906M->255M(2096M) 6.232ms
[506.799s][info ][gc,cpu         ] GC(25) User=0.02s Sys=0.00s Real=0.01s
[506.799s][info ][safepoint      ] Safepoint "ParallelGCFailedAllocation", Time since last: 1589253588 ns, Reaching safepoint: 7900 ns, Cleanup: 11700 ns, At safepoint: 6309538 ns, Total: 6329138 ns
[507.799s][info ][safepoint      ] Safepoint "Cleanup", Time since last: 1000086486 ns, Reaching safepoint: 7401 ns, Cleanup: 9900 ns, At safepoint: 2400 ns, Total: 19701 ns
[508.799s][info ][safepoint      ] Safepoint "Cleanup", Time since last: 1000111187 ns, Reaching safepoint: 7101 ns, Cleanup: 13000 ns, At safepoint: 2900 ns, Total: 23001 ns
[510.799s][info ][safepoint      ] Safepoint "Cleanup", Time since last: 2000181473 ns, Reaching safepoint: 6700 ns, Cleanup: 9601 ns, At safepoint: 2500 ns, Total: 18801 ns
[512.799s][info ][safepoint      ] Safepoint "Cleanup", Time since last: 2000195683 ns, Reaching safepoint: 7501 ns, Cleanup: 22500 ns, At safepoint: 2600 ns, Total: 32601 ns
[513.800s][info ][safepoint      ] Safepoint "Cleanup", Time since last: 1000114229 ns, Reaching safepoint: 7200 ns, Cleanup: 13600 ns, At safepoint: 2400 ns, Total: 23200 ns
[514.800s][info ][safepoint      ] Safepoint "Cleanup", Time since last: 1000108128 ns, Reaching safepoint: 6300 ns, Cleanup: 7701 ns, At safepoint: 2400 ns, Total: 16401 ns
[516.800s][info ][safepoint      ] Safepoint "Cleanup", Time since last: 2000178054 ns, Reaching safepoint: 7400 ns, Cleanup: 12601 ns, At safepoint: 2500 ns, Total: 22501 ns
[518.800s][info ][safepoint      ] Safepoint "Cleanup", Time since last: 2000201355 ns, Reaching safepoint: 8600 ns, Cleanup: 9701 ns, At safepoint: 2600 ns, Total: 20901 ns
[519.800s][info ][safepoint      ] Safepoint "Cleanup", Time since last: 1000108114 ns, Reaching safepoint: 7700 ns, Cleanup: 17201 ns, At safepoint: 2400 ns, Total: 27301 ns
[520.800s][info ][safepoint      ] Safepoint "Cleanup", Time since last: 1000112000 ns, Reaching safepoint: 7300 ns, Cleanup: 52102 ns, At safepoint: 2300 ns, Total: 61702 ns
[521.801s][info ][safepoint      ] Safepoint "Cleanup", Time since last: 1000112600 ns, Reaching safepoint: 7801 ns, Cleanup: 21301 ns, At safepoint: 2800 ns, Total: 31902 ns
[522.801s][info ][safepoint      ] Safepoint "Cleanup", Time since last: 1000115500 ns, Reaching safepoint: 7200 ns, Cleanup: 27701 ns, At safepoint: 2700 ns, Total: 37601 ns
[523.801s][info ][safepoint      ] Safepoint "Cleanup", Time since last: 1000112901 ns, Reaching safepoint: 8100 ns, Cleanup: 20201 ns, At safepoint: 3200 ns, Total: 31501 ns
[524.801s][info ][safepoint      ] Safepoint "Cleanup", Time since last: 1000113000 ns, Reaching safepoint: 7400 ns, Cleanup: 13301 ns, At safepoint: 2300 ns, Total: 23001 ns
[525.801s][info ][safepoint      ] Safepoint "Cleanup", Time since last: 1000111000 ns, Reaching safepoint: 7800 ns, Cleanup: 10501 ns, At safepoint: 2500 ns, Total: 20801 ns
[526.801s][info ][safepoint      ] Safepoint "Cleanup", Time since last: 1000110700 ns, Reaching safepoint: 7100 ns, Cleanup: 11101 ns, At safepoint: 2300 ns, Total: 20501 ns
[527.801s][info ][safepoint      ] Safepoint "Cleanup", Time since last: 1000113676 ns, Reaching safepoint: 8000 ns, Cleanup: 19301 ns, At safepoint: 2700 ns, Total: 30001 ns
[528.802s][info ][safepoint      ] Safepoint "Cleanup", Time since last: 1000118253 ns, Reaching safepoint: 6200 ns, Cleanup: 17501 ns, At safepoint: 2600 ns, Total: 26301 ns
[529.802s][info ][safepoint      ] Safepoint "Cleanup", Time since last: 1000098752 ns, Reaching safepoint: 7501 ns, Cleanup: 15100 ns, At safepoint: 2700 ns, Total: 25301 ns
[531.802s][info ][safepoint      ] Safepoint "Cleanup", Time since last: 2000183204 ns, Reaching safepoint: 7301 ns, Cleanup: 9400 ns, At safepoint: 2500 ns, Total: 19201 ns
[532.802s][info ][safepoint      ] Safepoint "Cleanup", Time since last: 1000087852 ns, Reaching safepoint: 7300 ns, Cleanup: 6500 ns, At safepoint: 2601 ns, Total: 16401 ns
[534.802s][info ][safepoint      ] Safepoint "Cleanup", Time since last: 2000173003 ns, Reaching safepoint: 7700 ns, Cleanup: 10001 ns, At safepoint: 2300 ns, Total: 20001 ns
[538.490s][info ][gc,start       ] GC(26) Pause Young (Allocation Failure)
[538.496s][debug][gc,phases      ] GC(26) Scavenge 5.384ms
[538.496s][debug][gc,ref         ] GC(26) ReferenceProcessor::execute queues: 1, RefProcThreadModel::Single, marks_oops_alive: false
[538.496s][debug][gc,ref         ] GC(26) Skipped KeepAliveFinalRefsPhase of Reference Processing: no references
[538.496s][debug][gc,ref         ] GC(26) ReferenceProcessor::execute queues: 1, RefProcThreadModel::Single, marks_oops_alive: false
[538.496s][debug][gc,phases      ] GC(26) Reference Processing 0.117ms
[538.496s][debug][gc,phases      ] GC(26)   VM Weak                        Min:  0.0, Avg:  0.0, Max:  0.0, Diff:  0.0, Sum:  0.0, Workers: 4
[538.496s][debug][gc,phases      ] GC(26)     Dead                           Min: 0, Avg:  0.0, Max: 0, Diff: 0, Sum: 0, Workers: 4
[538.496s][debug][gc,phases      ] GC(26)     Total                          Min: 0, Avg: 257.0, Max: 896, Diff: 896, Sum: 1028, Workers: 4
[538.496s][debug][gc,phases      ] GC(26)   ObjectSynchronizer Weak        Min:  0.0, Avg:  0.0, Max:  0.0, Diff:  0.0, Sum:  0.0, Workers: 4
[538.496s][debug][gc,phases      ] GC(26)     Dead                           Min: 0, Avg:  0.0, Max: 0, Diff: 0, Sum: 0, Workers: 4
[538.496s][debug][gc,phases      ] GC(26)     Total                          Min: 0, Avg:  1.0, Max: 4, Diff: 4, Sum: 4, Workers: 4
[538.496s][debug][gc,phases      ] GC(26)   JVMTI Tag Weak OopStorage      Min:  0.0, Avg:  0.0, Max:  0.0, Diff:  0.0, Sum:  0.0, Workers: 4
[538.496s][debug][gc,phases      ] GC(26)     Dead                           Min: 0, Avg:  0.0, Max: 0, Diff: 0, Sum: 0, Workers: 4
[538.496s][debug][gc,phases      ] GC(26)     Total                          Min: 0, Avg:  0.0, Max: 0, Diff: 0, Sum: 0, Workers: 4
[538.496s][debug][gc,phases      ] GC(26)   StringTable Weak               Min:  0.1, Avg:  0.1, Max:  0.1, Diff:  0.0, Sum:  0.4, Workers: 4
[538.496s][debug][gc,phases      ] GC(26)     Dead                           Min: 0, Avg:  0.2, Max: 1, Diff: 1, Sum: 1, Workers: 4
[538.496s][debug][gc,phases      ] GC(26)     Total                          Min: 10752, Avg: 12284.5, Max: 13556, Diff: 2804, Sum: 49138, Workers: 4
[538.496s][debug][gc,phases      ] GC(26)   ResolvedMethodTable Weak       Min:  0.0, Avg:  0.0, Max:  0.0, Diff:  0.0, Sum:  0.2, Workers: 4
[538.496s][debug][gc,phases      ] GC(26)     Dead                           Min: 0, Avg:  5.0, Max: 15, Diff: 15, Sum: 20, Workers: 4
[538.496s][debug][gc,phases      ] GC(26)     Total                          Min: 3465, Avg: 4020.5, Max: 4346, Diff: 881, Sum: 16082, Workers: 4
[538.496s][debug][gc,phases      ] GC(26)   JNI Weak                       Min:  0.0, Avg:  0.0, Max:  0.0, Diff:  0.0, Sum:  0.0, Workers: 4
[538.496s][debug][gc,phases      ] GC(26)     Dead                           Min: 0, Avg:  0.0, Max: 0, Diff: 0, Sum: 0, Workers: 4
[538.496s][debug][gc,phases      ] GC(26)     Total                          Min: 0, Avg: 13.0, Max: 52, Diff: 52, Sum: 52, Workers: 4
[538.496s][debug][gc,phases      ] GC(26)   StringDedup Table Weak         Min:  0.0, Avg:  0.0, Max:  0.0, Diff:  0.0, Sum:  0.0, Workers: 4
[538.496s][debug][gc,phases      ] GC(26)     Dead                           Min: 0, Avg:  0.0, Max: 0, Diff: 0, Sum: 0, Workers: 4
[538.496s][debug][gc,phases      ] GC(26)     Total                          Min: 0, Avg:  0.0, Max: 0, Diff: 0, Sum: 0, Workers: 4
[538.496s][debug][gc,phases      ] GC(26)   StringDedup Requests0 Weak     Min:  0.0, Avg:  0.0, Max:  0.0, Diff:  0.0, Sum:  0.0, Workers: 4
[538.496s][debug][gc,phases      ] GC(26)     Dead                           Min: 0, Avg:  0.0, Max: 0, Diff: 0, Sum: 0, Workers: 4
[538.496s][debug][gc,phases      ] GC(26)     Total                          Min: 0, Avg:  0.0, Max: 0, Diff: 0, Sum: 0, Workers: 4
[538.496s][debug][gc,phases      ] GC(26)   StringDedup Requests1 Weak     Min:  0.0, Avg:  0.0, Max:  0.0, Diff:  0.0, Sum:  0.0, Workers: 4
[538.496s][debug][gc,phases      ] GC(26)     Dead                           Min: 0, Avg:  0.0, Max: 0, Diff: 0, Sum: 0, Workers: 4
[538.496s][debug][gc,phases      ] GC(26)     Total                          Min: 0, Avg:  0.0, Max: 0, Diff: 0, Sum: 0, Workers: 4
[538.496s][debug][gc,phases      ] GC(26)   Weak JFR Old Object Samples    Min:  0.0, Avg:  0.0, Max:  0.0, Diff:  0.0, Sum:  0.0, Workers: 4
[538.496s][debug][gc,phases      ] GC(26)     Dead                           Min: 0, Avg:  0.0, Max: 0, Diff: 0, Sum: 0, Workers: 4
[538.496s][debug][gc,phases      ] GC(26)     Total                          Min: 0, Avg:  0.0, Max: 0, Diff: 0, Sum: 0, Workers: 4
[538.496s][debug][gc,phases      ] GC(26) Weak Processing 0.359ms
[538.496s][debug][gc,age         ] GC(26) Desired survivor size 180355072 bytes, new threshold 1 (max threshold 15)
[538.496s][info ][gc,heap        ] GC(26) PSYoungGen: 1701008K(1890816K)->3504K(1921024K) Eden: 1694720K(1694720K)->0K(1735168K) From: 6288K(196096K)->3504K(185856K)
[538.496s][info ][gc,heap        ] GC(26) ParOldGen: 255489K(256000K)->259489K(259584K)
[538.496s][info ][gc,metaspace   ] GC(26) Metaspace: 111878K(113216K)->111878K(113216K) NonClass: 95035K(95808K)->95035K(95808K) Class: 16843K(17408K)->16843K(17408K)
[538.496s][info ][gc             ] GC(26) Pause Young (Allocation Failure) 1910M->256M(2129M) 5.995ms
[538.496s][info ][gc,cpu         ] GC(26) User=0.02s Sys=0.01s Real=0.01s
[538.496s][info ][safepoint      ] Safepoint "ParallelGCFailedAllocation", Time since last: 3687864380 ns, Reaching safepoint: 7801 ns, Cleanup: 4500 ns, At safepoint: 6068329 ns, Total: 6080630 ns
[539.496s][info ][safepoint      ] Safepoint "Cleanup", Time since last: 1000091510 ns, Reaching safepoint: 8401 ns, Cleanup: 15500 ns, At safepoint: 2400 ns, Total: 26301 ns
[542.219s][info ][safepoint      ] Safepoint "Cleanup", Time since last: 2723041079 ns, Reaching safepoint: 9000 ns, Cleanup: 12201 ns, At safepoint: 2500 ns, Total: 23701 ns
[543.219s][info ][safepoint      ] Safepoint "Cleanup", Time since last: 1000119312 ns, Reaching safepoint: 7900 ns, Cleanup: 11900 ns, At safepoint: 2901 ns, Total: 22701 ns
[544.220s][info ][safepoint      ] Safepoint "Cleanup", Time since last: 1000115366 ns, Reaching safepoint: 8001 ns, Cleanup: 13200 ns, At safepoint: 2900 ns, Total: 24101 ns
[545.220s][info ][safepoint      ] Safepoint "Cleanup", Time since last: 1000128062 ns, Reaching safepoint: 11001 ns, Cleanup: 15500 ns, At safepoint: 2800 ns, Total: 29301 ns
[549.220s][info ][safepoint      ] Safepoint "Cleanup", Time since last: 4000329741 ns, Reaching safepoint: 9701 ns, Cleanup: 23601 ns, At safepoint: 3500 ns, Total: 36802 ns
[551.220s][info ][safepoint      ] Safepoint "Cleanup", Time since last: 2000189721 ns, Reaching safepoint: 7901 ns, Cleanup: 10500 ns, At safepoint: 2300 ns, Total: 20701 ns
[552.220s][info ][safepoint      ] Safepoint "Cleanup", Time since last: 1000109354 ns, Reaching safepoint: 8701 ns, Cleanup: 11400 ns, At safepoint: 2400 ns, Total: 22501 ns
[553.221s][info ][safepoint      ] Safepoint "Cleanup", Time since last: 1000108854 ns, Reaching safepoint: 8800 ns, Cleanup: 25601 ns, At safepoint: 2700 ns, Total: 37101 ns
[554.221s][info ][safepoint      ] Safepoint "Cleanup", Time since last: 1000122454 ns, Reaching safepoint: 9200 ns, Cleanup: 13901 ns, At safepoint: 2600 ns, Total: 25701 ns
[555.221s][info ][safepoint      ] Safepoint "Cleanup", Time since last: 1000112154 ns, Reaching safepoint: 7900 ns, Cleanup: 17001 ns, At safepoint: 2300 ns, Total: 27201 ns
[556.221s][info ][safepoint      ] Safepoint "Cleanup", Time since last: 1000107853 ns, Reaching safepoint: 8500 ns, Cleanup: 44002 ns, At safepoint: 28001 ns, Total: 80503 ns
[557.221s][info ][safepoint      ] Safepoint "Cleanup", Time since last: 1000106454 ns, Reaching safepoint: 8000 ns, Cleanup: 19101 ns, At safepoint: 2600 ns, Total: 29701 ns
[558.221s][info ][safepoint      ] Safepoint "Cleanup", Time since last: 1000116953 ns, Reaching safepoint: 7801 ns, Cleanup: 14800 ns, At safepoint: 2500 ns, Total: 25101 ns
[560.222s][info ][safepoint      ] Safepoint "Cleanup", Time since last: 2000189337 ns, Reaching safepoint: 8301 ns, Cleanup: 26301 ns, At safepoint: 2200 ns, Total: 36802 ns
[562.222s][info ][safepoint      ] Safepoint "Cleanup", Time since last: 2000208293 ns, Reaching safepoint: 8500 ns, Cleanup: 10701 ns, At safepoint: 2500 ns, Total: 21701 ns
[567.222s][info ][safepoint      ] Safepoint "Cleanup", Time since last: 5000396628 ns, Reaching safepoint: 8201 ns, Cleanup: 14500 ns, At safepoint: 2600 ns, Total: 25301 ns
[568.222s][info ][safepoint      ] Safepoint "Cleanup", Time since last: 1000122510 ns, Reaching safepoint: 8401 ns, Cleanup: 10300 ns, At safepoint: 2700 ns, Total: 21401 ns
[569.223s][info ][safepoint      ] Safepoint "Cleanup", Time since last: 1000117765 ns, Reaching safepoint: 8200 ns, Cleanup: 10200 ns, At safepoint: 2701 ns, Total: 21101 ns
[571.223s][info ][safepoint      ] Safepoint "Cleanup", Time since last: 2000201628 ns, Reaching safepoint: 8200 ns, Cleanup: 17701 ns, At safepoint: 2200 ns, Total: 28101 ns
[572.223s][info ][safepoint      ] Safepoint "Cleanup", Time since last: 1000155766 ns, Reaching safepoint: 9000 ns, Cleanup: 48202 ns, At safepoint: 3100 ns, Total: 60302 ns
[573.223s][info ][safepoint      ] Safepoint "Cleanup", Time since last: 1000125065 ns, Reaching safepoint: 8501 ns, Cleanup: 11100 ns, At safepoint: 2600 ns, Total: 22201 ns
[574.989s][info ][gc,start       ] GC(27) Pause Young (Allocation Failure)
[574.993s][debug][gc,phases      ] GC(27) Scavenge 4.464ms
[574.993s][debug][gc,ref         ] GC(27) ReferenceProcessor::execute queues: 1, RefProcThreadModel::Single, marks_oops_alive: false
[574.993s][debug][gc,ref         ] GC(27) Skipped KeepAliveFinalRefsPhase of Reference Processing: no references
[574.994s][debug][gc,ref         ] GC(27) ReferenceProcessor::execute queues: 1, RefProcThreadModel::Single, marks_oops_alive: false
[574.994s][debug][gc,phases      ] GC(27) Reference Processing 0.117ms
[574.994s][debug][gc,phases      ] GC(27)   VM Weak                        Min:  0.0, Avg:  0.0, Max:  0.0, Diff:  0.0, Sum:  0.0, Workers: 4
[574.994s][debug][gc,phases      ] GC(27)     Dead                           Min: 0, Avg:  0.0, Max: 0, Diff: 0, Sum: 0, Workers: 4
[574.994s][debug][gc,phases      ] GC(27)     Total                          Min: 0, Avg: 257.0, Max: 640, Diff: 640, Sum: 1028, Workers: 4
[574.994s][debug][gc,phases      ] GC(27)   ObjectSynchronizer Weak        Min:  0.0, Avg:  0.0, Max:  0.0, Diff:  0.0, Sum:  0.0, Workers: 4
[574.994s][debug][gc,phases      ] GC(27)     Dead                           Min: 0, Avg:  0.0, Max: 0, Diff: 0, Sum: 0, Workers: 4
[574.994s][debug][gc,phases      ] GC(27)     Total                          Min: 0, Avg:  1.0, Max: 4, Diff: 4, Sum: 4, Workers: 4
[574.994s][debug][gc,phases      ] GC(27)   JVMTI Tag Weak OopStorage      Min:  0.0, Avg:  0.0, Max:  0.0, Diff:  0.0, Sum:  0.0, Workers: 4
[574.994s][debug][gc,phases      ] GC(27)     Dead                           Min: 0, Avg:  0.0, Max: 0, Diff: 0, Sum: 0, Workers: 4
[574.994s][debug][gc,phases      ] GC(27)     Total                          Min: 0, Avg:  0.0, Max: 0, Diff: 0, Sum: 0, Workers: 4
[574.994s][debug][gc,phases      ] GC(27)   StringTable Weak               Min:  0.1, Avg:  0.1, Max:  0.1, Diff:  0.0, Sum:  0.5, Workers: 4
[574.994s][debug][gc,phases      ] GC(27)     Dead                           Min: 0, Avg:  0.0, Max: 0, Diff: 0, Sum: 0, Workers: 4
[574.994s][debug][gc,phases      ] GC(27)     Total                          Min: 11712, Avg: 12284.8, Max: 13632, Diff: 1920, Sum: 49139, Workers: 4
[574.994s][debug][gc,phases      ] GC(27)   ResolvedMethodTable Weak       Min:  0.0, Avg:  0.0, Max:  0.0, Diff:  0.0, Sum:  0.2, Workers: 4
[574.994s][debug][gc,phases      ] GC(27)     Dead                           Min: 0, Avg:  4.0, Max: 16, Diff: 16, Sum: 16, Workers: 4
[574.994s][debug][gc,phases      ] GC(27)     Total                          Min: 3536, Avg: 4020.8, Max: 4608, Diff: 1072, Sum: 16083, Workers: 4
[574.994s][debug][gc,phases      ] GC(27)   JNI Weak                       Min:  0.0, Avg:  0.0, Max:  0.0, Diff:  0.0, Sum:  0.0, Workers: 4
[574.994s][debug][gc,phases      ] GC(27)     Dead                           Min: 0, Avg:  0.0, Max: 0, Diff: 0, Sum: 0, Workers: 4
[574.994s][debug][gc,phases      ] GC(27)     Total                          Min: 0, Avg: 13.0, Max: 52, Diff: 52, Sum: 52, Workers: 4
[574.994s][debug][gc,phases      ] GC(27)   StringDedup Table Weak         Min:  0.0, Avg:  0.0, Max:  0.0, Diff:  0.0, Sum:  0.0, Workers: 4
[574.994s][debug][gc,phases      ] GC(27)     Dead                           Min: 0, Avg:  0.0, Max: 0, Diff: 0, Sum: 0, Workers: 4
[574.994s][debug][gc,phases      ] GC(27)     Total                          Min: 0, Avg:  0.0, Max: 0, Diff: 0, Sum: 0, Workers: 4
[574.994s][debug][gc,phases      ] GC(27)   StringDedup Requests0 Weak     Min:  0.0, Avg:  0.0, Max:  0.0, Diff:  0.0, Sum:  0.0, Workers: 4
[574.994s][debug][gc,phases      ] GC(27)     Dead                           Min: 0, Avg:  0.0, Max: 0, Diff: 0, Sum: 0, Workers: 4
[574.994s][debug][gc,phases      ] GC(27)     Total                          Min: 0, Avg:  0.0, Max: 0, Diff: 0, Sum: 0, Workers: 4
[574.994s][debug][gc,phases      ] GC(27)   StringDedup Requests1 Weak     Min:  0.0, Avg:  0.0, Max:  0.0, Diff:  0.0, Sum:  0.0, Workers: 4
[574.994s][debug][gc,phases      ] GC(27)     Dead                           Min: 0, Avg:  0.0, Max: 0, Diff: 0, Sum: 0, Workers: 4
[574.994s][debug][gc,phases      ] GC(27)     Total                          Min: 0, Avg:  0.0, Max: 0, Diff: 0, Sum: 0, Workers: 4
[574.994s][debug][gc,phases      ] GC(27)   Weak JFR Old Object Samples    Min:  0.0, Avg:  0.0, Max:  0.0, Diff:  0.0, Sum:  0.0, Workers: 4
[574.994s][debug][gc,phases      ] GC(27)     Dead                           Min: 0, Avg:  0.0, Max: 0, Diff: 0, Sum: 0, Workers: 4
[574.994s][debug][gc,phases      ] GC(27)     Total                          Min: 0, Avg:  0.0, Max: 0, Diff: 0, Sum: 0, Workers: 4
[574.994s][debug][gc,phases      ] GC(27) Weak Processing 0.383ms
[574.994s][debug][gc,age         ] GC(27) Desired survivor size 170393600 bytes, new threshold 1 (max threshold 15)
[574.994s][info ][gc,heap        ] GC(27) PSYoungGen: 1738672K(1921024K)->3120K(1911296K) Eden: 1735168K(1735168K)->0K(1735168K) From: 3504K(185856K)->3120K(176128K)
[574.994s][info ][gc,heap        ] GC(27) ParOldGen: 259489K(259584K)->260821K(261120K)
[574.994s][info ][gc,metaspace   ] GC(27) Metaspace: 111909K(113280K)->111909K(113280K) NonClass: 95064K(95872K)->95064K(95872K) Class: 16844K(17408K)->16844K(17408K)
[574.994s][info ][gc             ] GC(27) Pause Young (Allocation Failure) 1951M->257M(2121M) 5.125ms
[574.994s][info ][gc,cpu         ] GC(27) User=0.02s Sys=0.01s Real=0.00s
[574.994s][info ][safepoint      ] Safepoint "ParallelGCFailedAllocation", Time since last: 1765677973 ns, Reaching safepoint: 8400 ns, Cleanup: 4600 ns, At safepoint: 5197296 ns, Total: 5210296 ns
[575.994s][info ][safepoint      ] Safepoint "Cleanup", Time since last: 1000088258 ns, Reaching safepoint: 6300 ns, Cleanup: 10301 ns, At safepoint: 2800 ns, Total: 19401 ns
[577.994s][info ][safepoint      ] Safepoint "Cleanup", Time since last: 2000171808 ns, Reaching safepoint: 6800 ns, Cleanup: 20601 ns, At safepoint: 2500 ns, Total: 29901 ns
[578.994s][info ][safepoint      ] Safepoint "Cleanup", Time since last: 1000112355 ns, Reaching safepoint: 7200 ns, Cleanup: 12901 ns, At safepoint: 2600 ns, Total: 22701 ns
[579.995s][info ][safepoint      ] Safepoint "Cleanup", Time since last: 1000114755 ns, Reaching safepoint: 7000 ns, Cleanup: 13301 ns, At safepoint: 2200 ns, Total: 22501 ns
[583.995s][info ][safepoint      ] Safepoint "Cleanup", Time since last: 4000314308 ns, Reaching safepoint: 6800 ns, Cleanup: 14001 ns, At safepoint: 2600 ns, Total: 23401 ns
[584.995s][info ][safepoint      ] Safepoint "Cleanup", Time since last: 1000123945 ns, Reaching safepoint: 6300 ns, Cleanup: 12001 ns, At safepoint: 2200 ns, Total: 20501 ns
[585.995s][info ][safepoint      ] Safepoint "Cleanup", Time since last: 1000110444 ns, Reaching safepoint: 6100 ns, Cleanup: 11901 ns, At safepoint: 2300 ns, Total: 20301 ns
[587.995s][info ][safepoint      ] Safepoint "Cleanup", Time since last: 2000174786 ns, Reaching safepoint: 6401 ns, Cleanup: 10900 ns, At safepoint: 2400 ns, Total: 19701 ns
[589.996s][info ][safepoint      ] Safepoint "Cleanup", Time since last: 2000181787 ns, Reaching safepoint: 7000 ns, Cleanup: 8701 ns, At safepoint: 2400 ns, Total: 18101 ns
[590.996s][info ][safepoint      ] Safepoint "Cleanup", Time since last: 1000121544 ns, Reaching safepoint: 7401 ns, Cleanup: 10400 ns, At safepoint: 2600 ns, Total: 20401 ns
[591.996s][info ][safepoint      ] Safepoint "Cleanup", Time since last: 1000112828 ns, Reaching safepoint: 7601 ns, Cleanup: 9900 ns, At safepoint: 2400 ns, Total: 19901 ns
[592.996s][info ][safepoint      ] Safepoint "Cleanup", Time since last: 1000111318 ns, Reaching safepoint: 7701 ns, Cleanup: 14700 ns, At safepoint: 2200 ns, Total: 24601 ns
[593.996s][info ][safepoint      ] Safepoint "Cleanup", Time since last: 1000129919 ns, Reaching safepoint: 6900 ns, Cleanup: 12701 ns, At safepoint: 2500 ns, Total: 22101 ns
[598.997s][info ][safepoint      ] Safepoint "Cleanup", Time since last: 5000382083 ns, Reaching safepoint: 6600 ns, Cleanup: 32802 ns, At safepoint: 2600 ns, Total: 42002 ns
[599.997s][info ][safepoint      ] Safepoint "Cleanup", Time since last: 1000120297 ns, Reaching safepoint: 6700 ns, Cleanup: 17200 ns, At safepoint: 2901 ns, Total: 26801 ns
[601.241s][info ][safepoint      ] Safepoint "Cleanup", Time since last: 1244405480 ns, Reaching safepoint: 83803 ns, Cleanup: 18901 ns, At safepoint: 7900 ns, Total: 110604 ns
[602.241s][info ][safepoint      ] Safepoint "Cleanup", Time since last: 1000133617 ns, Reaching safepoint: 82903 ns, Cleanup: 10201 ns, At safepoint: 7300 ns, Total: 100404 ns
[603.242s][info ][safepoint      ] Safepoint "Cleanup", Time since last: 1000136218 ns, Reaching safepoint: 83603 ns, Cleanup: 22801 ns, At safepoint: 6400 ns, Total: 112804 ns
[604.242s][info ][safepoint      ] Safepoint "Cleanup", Time since last: 1000108316 ns, Reaching safepoint: 79003 ns, Cleanup: 19301 ns, At safepoint: 24901 ns, Total: 123205 ns
[605.243s][info ][safepoint      ] Safepoint "Cleanup", Time since last: 1001011950 ns, Reaching safepoint: 104704 ns, Cleanup: 10200 ns, At safepoint: 6700 ns, Total: 121604 ns
[606.243s][info ][safepoint      ] Safepoint "Cleanup", Time since last: 1000119517 ns, Reaching safepoint: 7500 ns, Cleanup: 14301 ns, At safepoint: 2600 ns, Total: 24401 ns
[607.243s][info ][safepoint      ] Safepoint "Cleanup", Time since last: 1000123517 ns, Reaching safepoint: 7900 ns, Cleanup: 14201 ns, At safepoint: 2600 ns, Total: 24701 ns
[608.244s][info ][safepoint      ] Safepoint "Cleanup", Time since last: 1000112810 ns, Reaching safepoint: 78302 ns, Cleanup: 10001 ns, At safepoint: 7000 ns, Total: 95303 ns
[608.893s][info ][gc,start       ] GC(28) Pause Young (Allocation Failure)
[608.898s][debug][gc,phases      ] GC(28) Scavenge 4.541ms
[608.898s][debug][gc,ref         ] GC(28) ReferenceProcessor::execute queues: 1, RefProcThreadModel::Single, marks_oops_alive: false
[608.898s][debug][gc,ref         ] GC(28) Skipped KeepAliveFinalRefsPhase of Reference Processing: no references
[608.898s][debug][gc,ref         ] GC(28) ReferenceProcessor::execute queues: 1, RefProcThreadModel::Single, marks_oops_alive: false
[608.898s][debug][gc,phases      ] GC(28) Reference Processing 0.118ms
[608.898s][debug][gc,phases      ] GC(28)   VM Weak                        Min:  0.0, Avg:  0.0, Max:  0.0, Diff:  0.0, Sum:  0.0, Workers: 4
[608.898s][debug][gc,phases      ] GC(28)     Dead                           Min: 0, Avg:  0.0, Max: 0, Diff: 0, Sum: 0, Workers: 4
[608.898s][debug][gc,phases      ] GC(28)     Total                          Min: 0, Avg: 257.0, Max: 576, Diff: 576, Sum: 1028, Workers: 4
[608.898s][debug][gc,phases      ] GC(28)   ObjectSynchronizer Weak        Min:  0.0, Avg:  0.0, Max:  0.0, Diff:  0.0, Sum:  0.0, Workers: 4
[608.898s][debug][gc,phases      ] GC(28)     Dead                           Min: 0, Avg:  0.0, Max: 0, Diff: 0, Sum: 0, Workers: 4
[608.898s][debug][gc,phases      ] GC(28)     Total                          Min: 0, Avg:  1.0, Max: 4, Diff: 4, Sum: 4, Workers: 4
[608.898s][debug][gc,phases      ] GC(28)   JVMTI Tag Weak OopStorage      Min:  0.0, Avg:  0.0, Max:  0.0, Diff:  0.0, Sum:  0.0, Workers: 4
[608.898s][debug][gc,phases      ] GC(28)     Dead                           Min: 0, Avg:  0.0, Max: 0, Diff: 0, Sum: 0, Workers: 4
[608.898s][debug][gc,phases      ] GC(28)     Total                          Min: 0, Avg:  0.0, Max: 0, Diff: 0, Sum: 0, Workers: 4
[608.898s][debug][gc,phases      ] GC(28)   StringTable Weak               Min:  0.1, Avg:  0.1, Max:  0.1, Diff:  0.1, Sum:  0.5, Workers: 4
[608.898s][debug][gc,phases      ] GC(28)     Dead                           Min: 0, Avg:  0.0, Max: 0, Diff: 0, Sum: 0, Workers: 4
[608.898s][debug][gc,phases      ] GC(28)     Total                          Min: 5888, Avg: 12285.5, Max: 15223, Diff: 9335, Sum: 49142, Workers: 4
[608.898s][debug][gc,phases      ] GC(28)   ResolvedMethodTable Weak       Min:  0.0, Avg:  0.0, Max:  0.0, Diff:  0.0, Sum:  0.2, Workers: 4
[608.898s][debug][gc,phases      ] GC(28)     Dead                           Min: 0, Avg:  4.0, Max: 10, Diff: 10, Sum: 16, Workers: 4
[608.898s][debug][gc,phases      ] GC(28)     Total                          Min: 3498, Avg: 4020.8, Max: 4622, Diff: 1124, Sum: 16083, Workers: 4
[608.898s][debug][gc,phases      ] GC(28)   JNI Weak                       Min:  0.0, Avg:  0.0, Max:  0.0, Diff:  0.0, Sum:  0.0, Workers: 4
[608.898s][debug][gc,phases      ] GC(28)     Dead                           Min: 0, Avg:  0.0, Max: 0, Diff: 0, Sum: 0, Workers: 4
[608.898s][debug][gc,phases      ] GC(28)     Total                          Min: 0, Avg: 13.0, Max: 52, Diff: 52, Sum: 52, Workers: 4
[608.898s][debug][gc,phases      ] GC(28)   StringDedup Table Weak         Min:  0.0, Avg:  0.0, Max:  0.0, Diff:  0.0, Sum:  0.0, Workers: 4
[608.898s][debug][gc,phases      ] GC(28)     Dead                           Min: 0, Avg:  0.0, Max: 0, Diff: 0, Sum: 0, Workers: 4
[608.898s][debug][gc,phases      ] GC(28)     Total                          Min: 0, Avg:  0.0, Max: 0, Diff: 0, Sum: 0, Workers: 4
[608.898s][debug][gc,phases      ] GC(28)   StringDedup Requests0 Weak     Min:  0.0, Avg:  0.0, Max:  0.0, Diff:  0.0, Sum:  0.0, Workers: 4
[608.898s][debug][gc,phases      ] GC(28)     Dead                           Min: 0, Avg:  0.0, Max: 0, Diff: 0, Sum: 0, Workers: 4
[608.898s][debug][gc,phases      ] GC(28)     Total                          Min: 0, Avg:  0.0, Max: 0, Diff: 0, Sum: 0, Workers: 4
[608.898s][debug][gc,phases      ] GC(28)   StringDedup Requests1 Weak     Min:  0.0, Avg:  0.0, Max:  0.0, Diff:  0.0, Sum:  0.0, Workers: 4
[608.898s][debug][gc,phases      ] GC(28)     Dead                           Min: 0, Avg:  0.0, Max: 0, Diff: 0, Sum: 0, Workers: 4
[608.898s][debug][gc,phases      ] GC(28)     Total                          Min: 0, Avg:  0.0, Max: 0, Diff: 0, Sum: 0, Workers: 4
[608.898s][debug][gc,phases      ] GC(28)   Weak JFR Old Object Samples    Min:  0.0, Avg:  0.0, Max:  0.0, Diff:  0.0, Sum:  0.0, Workers: 4
[608.898s][debug][gc,phases      ] GC(28)     Dead                           Min: 0, Avg:  0.0, Max: 0, Diff: 0, Sum: 0, Workers: 4
[608.898s][debug][gc,phases      ] GC(28)     Total                          Min: 0, Avg:  0.0, Max: 0, Diff: 0, Sum: 0, Workers: 4
[608.898s][debug][gc,phases      ] GC(28) Weak Processing 0.395ms
[608.898s][debug][gc,age         ] GC(28) Desired survivor size 160432128 bytes, new threshold 1 (max threshold 15)
[608.898s][info ][gc,heap        ] GC(28) PSYoungGen: 1738288K(1911296K)->4032K(1940480K) Eden: 1735168K(1735168K)->0K(1774080K) From: 3120K(176128K)->4032K(166400K)
[608.898s][info ][gc,heap        ] GC(28) ParOldGen: 260821K(261120K)->261497K(261632K)
[608.898s][info ][gc,metaspace   ] GC(28) Metaspace: 111937K(113280K)->111937K(113280K) NonClass: 95090K(95872K)->95090K(95872K) Class: 16847K(17408K)->16847K(17408K)
[608.898s][info ][gc             ] GC(28) Pause Young (Allocation Failure) 1952M->259M(2150M) 5.185ms
[608.898s][info ][gc,cpu         ] GC(28) User=0.02s Sys=0.00s Real=0.01s
[608.898s][info ][safepoint      ] Safepoint "ParallelGCFailedAllocation", Time since last: 649454512 ns, Reaching safepoint: 6800 ns, Cleanup: 4600 ns, At safepoint: 5262899 ns, Total: 5274299 ns
[611.899s][info ][safepoint      ] Safepoint "Cleanup", Time since last: 3000227835 ns, Reaching safepoint: 7200 ns, Cleanup: 20601 ns, At safepoint: 2300 ns, Total: 30101 ns
[612.899s][info ][safepoint      ] Safepoint "Cleanup", Time since last: 1000109946 ns, Reaching safepoint: 6801 ns, Cleanup: 21301 ns, At safepoint: 2400 ns, Total: 30502 ns
[613.899s][info ][safepoint      ] Safepoint "Cleanup", Time since last: 1000111846 ns, Reaching safepoint: 6900 ns, Cleanup: 14701 ns, At safepoint: 2500 ns, Total: 24101 ns
[614.899s][info ][safepoint      ] Safepoint "Cleanup", Time since last: 1000131647 ns, Reaching safepoint: 6800 ns, Cleanup: 87404 ns, At safepoint: 2700 ns, Total: 96904 ns
[615.899s][info ][safepoint      ] Safepoint "Cleanup", Time since last: 1000116933 ns, Reaching safepoint: 7900 ns, Cleanup: 15001 ns, At safepoint: 2300 ns, Total: 25201 ns
[624.900s][info ][safepoint      ] Safepoint "Cleanup", Time since last: 9000679322 ns, Reaching safepoint: 10500 ns, Cleanup: 13901 ns, At safepoint: 3200 ns, Total: 27601 ns
[626.900s][info ][safepoint      ] Safepoint "Cleanup", Time since last: 2000203277 ns, Reaching safepoint: 8400 ns, Cleanup: 19001 ns, At safepoint: 2500 ns, Total: 29901 ns
[627.900s][info ][safepoint      ] Safepoint "Cleanup", Time since last: 1000113189 ns, Reaching safepoint: 7200 ns, Cleanup: 8700 ns, At safepoint: 2600 ns, Total: 18500 ns
[629.901s][info ][safepoint      ] Safepoint "Cleanup", Time since last: 2000183076 ns, Reaching safepoint: 8301 ns, Cleanup: 17000 ns, At safepoint: 3300 ns, Total: 28601 ns
[630.901s][info ][safepoint      ] Safepoint "Cleanup", Time since last: 1000123690 ns, Reaching safepoint: 85303 ns, Cleanup: 14901 ns, At safepoint: 14000 ns, Total: 114204 ns
[633.901s][info ][safepoint      ] Safepoint "Cleanup", Time since last: 3000278141 ns, Reaching safepoint: 6800 ns, Cleanup: 12701 ns, At safepoint: 2700 ns, Total: 22201 ns
[634.901s][info ][safepoint      ] Safepoint "Cleanup", Time since last: 1000112682 ns, Reaching safepoint: 7700 ns, Cleanup: 11301 ns, At safepoint: 2400 ns, Total: 21401 ns
[636.901s][info ][safepoint      ] Safepoint "Cleanup", Time since last: 2000237965 ns, Reaching safepoint: 8700 ns, Cleanup: 14501 ns, At safepoint: 2800 ns, Total: 26001 ns
[639.902s][info ][safepoint      ] Safepoint "Cleanup", Time since last: 3000262502 ns, Reaching safepoint: 7500 ns, Cleanup: 10901 ns, At safepoint: 2400 ns, Total: 20801 ns
[640.902s][info ][safepoint      ] Safepoint "Cleanup", Time since last: 1000122390 ns, Reaching safepoint: 8300 ns, Cleanup: 10601 ns, At safepoint: 2500 ns, Total: 21401 ns
[642.902s][info ][safepoint      ] Safepoint "Cleanup", Time since last: 2000183478 ns, Reaching safepoint: 7500 ns, Cleanup: 10801 ns, At safepoint: 2700 ns, Total: 21001 ns
[644.902s][info ][safepoint      ] Safepoint "Cleanup", Time since last: 2000186378 ns, Reaching safepoint: 7600 ns, Cleanup: 8600 ns, At safepoint: 2400 ns, Total: 18600 ns
[646.802s][info ][gc,start       ] GC(29) Pause Young (Allocation Failure)
[646.807s][debug][gc,phases      ] GC(29) Scavenge 4.148ms
[646.807s][debug][gc,ref         ] GC(29) ReferenceProcessor::execute queues: 1, RefProcThreadModel::Single, marks_oops_alive: false
[646.807s][debug][gc,ref         ] GC(29) Skipped KeepAliveFinalRefsPhase of Reference Processing: no references
[646.807s][debug][gc,ref         ] GC(29) ReferenceProcessor::execute queues: 1, RefProcThreadModel::Single, marks_oops_alive: false
[646.807s][debug][gc,phases      ] GC(29) Reference Processing 0.115ms
[646.807s][debug][gc,phases      ] GC(29)   VM Weak                        Min:  0.0, Avg:  0.0, Max:  0.0, Diff:  0.0, Sum:  0.0, Workers: 4
[646.807s][debug][gc,phases      ] GC(29)     Dead                           Min: 0, Avg:  0.0, Max: 0, Diff: 0, Sum: 0, Workers: 4
[646.807s][debug][gc,phases      ] GC(29)     Total                          Min: 0, Avg: 257.2, Max: 581, Diff: 581, Sum: 1029, Workers: 4
[646.807s][debug][gc,phases      ] GC(29)   ObjectSynchronizer Weak        Min:  0.0, Avg:  0.0, Max:  0.0, Diff:  0.0, Sum:  0.0, Workers: 4
[646.807s][debug][gc,phases      ] GC(29)     Dead                           Min: 0, Avg:  0.0, Max: 0, Diff: 0, Sum: 0, Workers: 4
[646.807s][debug][gc,phases      ] GC(29)     Total                          Min: 0, Avg:  1.0, Max: 4, Diff: 4, Sum: 4, Workers: 4
[646.807s][debug][gc,phases      ] GC(29)   JVMTI Tag Weak OopStorage      Min:  0.0, Avg:  0.0, Max:  0.0, Diff:  0.0, Sum:  0.0, Workers: 4
[646.807s][debug][gc,phases      ] GC(29)     Dead                           Min: 0, Avg:  0.0, Max: 0, Diff: 0, Sum: 0, Workers: 4
[646.807s][debug][gc,phases      ] GC(29)     Total                          Min: 0, Avg:  0.0, Max: 0, Diff: 0, Sum: 0, Workers: 4
[646.807s][debug][gc,phases      ] GC(29)   StringTable Weak               Min:  0.0, Avg:  0.1, Max:  0.2, Diff:  0.2, Sum:  0.5, Workers: 4
[646.807s][debug][gc,phases      ] GC(29)     Dead                           Min: 0, Avg:  0.0, Max: 0, Diff: 0, Sum: 0, Workers: 4
[646.807s][debug][gc,phases      ] GC(29)     Total                          Min: 0, Avg: 12290.8, Max: 17856, Diff: 17856, Sum: 49163, Workers: 4
[646.807s][debug][gc,phases      ] GC(29)   ResolvedMethodTable Weak       Min:  0.0, Avg:  0.0, Max:  0.1, Diff:  0.1, Sum:  0.2, Workers: 4
[646.807s][debug][gc,phases      ] GC(29)     Dead                           Min: 0, Avg:  4.0, Max: 15, Diff: 15, Sum: 16, Workers: 4
[646.807s][debug][gc,phases      ] GC(29)     Total                          Min: 0, Avg: 4021.0, Max: 6137, Diff: 6137, Sum: 16084, Workers: 4
[646.807s][debug][gc,phases      ] GC(29)   JNI Weak                       Min:  0.0, Avg:  0.0, Max:  0.0, Diff:  0.0, Sum:  0.0, Workers: 4
[646.807s][debug][gc,phases      ] GC(29)     Dead                           Min: 0, Avg:  0.0, Max: 0, Diff: 0, Sum: 0, Workers: 4
[646.807s][debug][gc,phases      ] GC(29)     Total                          Min: 0, Avg: 13.0, Max: 52, Diff: 52, Sum: 52, Workers: 4
[646.807s][debug][gc,phases      ] GC(29)   StringDedup Table Weak         Min:  0.0, Avg:  0.0, Max:  0.0, Diff:  0.0, Sum:  0.0, Workers: 4
[646.807s][debug][gc,phases      ] GC(29)     Dead                           Min: 0, Avg:  0.0, Max: 0, Diff: 0, Sum: 0, Workers: 4
[646.807s][debug][gc,phases      ] GC(29)     Total                          Min: 0, Avg:  0.0, Max: 0, Diff: 0, Sum: 0, Workers: 4
[646.807s][debug][gc,phases      ] GC(29)   StringDedup Requests0 Weak     Min:  0.0, Avg:  0.0, Max:  0.0, Diff:  0.0, Sum:  0.0, Workers: 4
[646.807s][debug][gc,phases      ] GC(29)     Dead                           Min: 0, Avg:  0.0, Max: 0, Diff: 0, Sum: 0, Workers: 4
[646.807s][debug][gc,phases      ] GC(29)     Total                          Min: 0, Avg:  0.0, Max: 0, Diff: 0, Sum: 0, Workers: 4
[646.807s][debug][gc,phases      ] GC(29)   StringDedup Requests1 Weak     Min:  0.0, Avg:  0.0, Max:  0.0, Diff:  0.0, Sum:  0.0, Workers: 4
[646.807s][debug][gc,phases      ] GC(29)     Dead                           Min: 0, Avg:  0.0, Max: 0, Diff: 0, Sum: 0, Workers: 4
[646.807s][debug][gc,phases      ] GC(29)     Total                          Min: 0, Avg:  0.0, Max: 0, Diff: 0, Sum: 0, Workers: 4
[646.807s][debug][gc,phases      ] GC(29)   Weak JFR Old Object Samples    Min:  0.0, Avg:  0.0, Max:  0.0, Diff:  0.0, Sum:  0.0, Workers: 4
[646.807s][debug][gc,phases      ] GC(29)     Dead                           Min: 0, Avg:  0.0, Max: 0, Diff: 0, Sum: 0, Workers: 4
[646.807s][debug][gc,phases      ] GC(29)     Total                          Min: 0, Avg:  0.0, Max: 0, Diff: 0, Sum: 0, Workers: 4
[646.807s][debug][gc,phases      ] GC(29) Weak Processing 0.420ms
[646.807s][debug][gc,age         ] GC(29) Desired survivor size 150994944 bytes, new threshold 1 (max threshold 15)
[646.807s][info ][gc,heap        ] GC(29) PSYoungGen: 1778112K(1940480K)->2208K(1930752K) Eden: 1774080K(1774080K)->0K(1774080K) From: 4032K(166400K)->2208K(156672K)
[646.807s][info ][gc,heap        ] GC(29) ParOldGen: 261497K(261632K)->263822K(264192K)
[646.807s][info ][gc,metaspace   ] GC(29) Metaspace: 112030K(113344K)->112030K(113344K) NonClass: 95182K(95936K)->95182K(95936K) Class: 16848K(17408K)->16848K(17408K)
[646.807s][info ][gc             ] GC(29) Pause Young (Allocation Failure) 1991M->259M(2143M) 4.808ms
[646.807s][info ][gc,cpu         ] GC(29) User=0.01s Sys=0.01s Real=0.01s
[646.807s][info ][safepoint      ] Safepoint "ParallelGCFailedAllocation", Time since last: 1900096117 ns, Reaching safepoint: 7000 ns, Cleanup: 3900 ns, At safepoint: 4888584 ns, Total: 4899484 ns
[647.807s][info ][safepoint      ] Safepoint "Cleanup", Time since last: 1000099737 ns, Reaching safepoint: 7000 ns, Cleanup: 29801 ns, At safepoint: 2900 ns, Total: 39701 ns
[648.808s][info ][safepoint      ] Safepoint "Cleanup", Time since last: 1000103027 ns, Reaching safepoint: 10001 ns, Cleanup: 10500 ns, At safepoint: 3000 ns, Total: 23501 ns
[650.808s][info ][safepoint      ] Safepoint "Cleanup", Time since last: 2000170453 ns, Reaching safepoint: 6300 ns, Cleanup: 24701 ns, At safepoint: 2500 ns, Total: 33501 ns
[651.808s][info ][safepoint      ] Safepoint "Cleanup", Time since last: 1000101727 ns, Reaching safepoint: 6400 ns, Cleanup: 11100 ns, At safepoint: 3001 ns, Total: 20501 ns
[653.659s][info ][safepoint      ] Safepoint "Cleanup", Time since last: 1850911821 ns, Reaching safepoint: 7301 ns, Cleanup: 35401 ns, At safepoint: 2900 ns, Total: 45602 ns
[654.659s][info ][safepoint      ] Safepoint "Cleanup", Time since last: 1000122328 ns, Reaching safepoint: 10200 ns, Cleanup: 23301 ns, At safepoint: 2700 ns, Total: 36201 ns
[655.659s][info ][safepoint      ] Safepoint "Cleanup", Time since last: 1000113627 ns, Reaching safepoint: 7701 ns, Cleanup: 15800 ns, At safepoint: 2500 ns, Total: 26001 ns
[656.659s][info ][safepoint      ] Safepoint "Cleanup", Time since last: 1000118828 ns, Reaching safepoint: 10500 ns, Cleanup: 14601 ns, At safepoint: 3100 ns, Total: 28201 ns
[657.659s][info ][safepoint      ] Safepoint "Cleanup", Time since last: 1000116227 ns, Reaching safepoint: 7501 ns, Cleanup: 15200 ns, At safepoint: 2500 ns, Total: 25201 ns
[658.660s][info ][safepoint      ] Safepoint "Cleanup", Time since last: 1000121528 ns, Reaching safepoint: 10400 ns, Cleanup: 25001 ns, At safepoint: 3200 ns, Total: 38601 ns
[659.660s][info ][safepoint      ] Safepoint "Cleanup", Time since last: 1000128128 ns, Reaching safepoint: 10900 ns, Cleanup: 49102 ns, At safepoint: 3200 ns, Total: 63202 ns
[661.262s][info ][safepoint      ] Safepoint "Cleanup", Time since last: 1602124637 ns, Reaching safepoint: 9301 ns, Cleanup: 51502 ns, At safepoint: 2800 ns, Total: 63603 ns
[662.262s][info ][safepoint      ] Safepoint "Cleanup", Time since last: 1000114127 ns, Reaching safepoint: 8700 ns, Cleanup: 15001 ns, At safepoint: 2700 ns, Total: 26401 ns
[663.262s][info ][safepoint      ] Safepoint "Cleanup", Time since last: 1000116927 ns, Reaching safepoint: 8901 ns, Cleanup: 12500 ns, At safepoint: 2400 ns, Total: 23801 ns
[664.262s][info ][safepoint      ] Safepoint "Cleanup", Time since last: 1000115627 ns, Reaching safepoint: 8101 ns, Cleanup: 35201 ns, At safepoint: 2900 ns, Total: 46202 ns
[665.263s][info ][safepoint      ] Safepoint "Cleanup", Time since last: 1000117527 ns, Reaching safepoint: 9801 ns, Cleanup: 23501 ns, At safepoint: 2700 ns, Total: 36002 ns
[667.263s][info ][safepoint      ] Safepoint "Cleanup", Time since last: 2000205653 ns, Reaching safepoint: 11201 ns, Cleanup: 10300 ns, At safepoint: 3000 ns, Total: 24501 ns
[668.263s][info ][safepoint      ] Safepoint "Cleanup", Time since last: 1000135228 ns, Reaching safepoint: 11400 ns, Cleanup: 40102 ns, At safepoint: 3400 ns, Total: 54902 ns
[670.263s][info ][safepoint      ] Safepoint "Cleanup", Time since last: 2000465363 ns, Reaching safepoint: 9701 ns, Cleanup: 12700 ns, At safepoint: 2900 ns, Total: 25301 ns
[673.264s][info ][safepoint      ] Safepoint "Cleanup", Time since last: 3000274480 ns, Reaching safepoint: 8301 ns, Cleanup: 16600 ns, At safepoint: 2500 ns, Total: 27401 ns
[674.264s][info ][safepoint      ] Safepoint "Cleanup", Time since last: 1000126329 ns, Reaching safepoint: 10100 ns, Cleanup: 22301 ns, At safepoint: 3600 ns, Total: 36001 ns
[675.264s][info ][safepoint      ] Safepoint "Cleanup", Time since last: 1000136228 ns, Reaching safepoint: 8001 ns, Cleanup: 11900 ns, At safepoint: 2500 ns, Total: 22401 ns
[676.264s][info ][safepoint      ] Safepoint "Cleanup", Time since last: 1000103628 ns, Reaching safepoint: 8200 ns, Cleanup: 14401 ns, At safepoint: 2400 ns, Total: 25001 ns
[679.045s][info ][safepoint      ] Safepoint "Cleanup", Time since last: 2780500990 ns, Reaching safepoint: 3200 ns, Cleanup: 6800 ns, At safepoint: 3900 ns, Total: 13900 ns
[679.875s][info ][gc,start       ] GC(30) Pause Young (Allocation Failure)
[679.880s][debug][gc,phases      ] GC(30) Scavenge 4.826ms
[679.880s][debug][gc,ref         ] GC(30) ReferenceProcessor::execute queues: 1, RefProcThreadModel::Single, marks_oops_alive: false
[679.880s][debug][gc,ref         ] GC(30) Skipped KeepAliveFinalRefsPhase of Reference Processing: no references
[679.880s][debug][gc,ref         ] GC(30) ReferenceProcessor::execute queues: 1, RefProcThreadModel::Single, marks_oops_alive: false
[679.880s][debug][gc,phases      ] GC(30) Reference Processing 0.128ms
[679.880s][debug][gc,phases      ] GC(30)   VM Weak                        Min:  0.0, Avg:  0.0, Max:  0.0, Diff:  0.0, Sum:  0.0, Workers: 4
[679.880s][debug][gc,phases      ] GC(30)     Dead                           Min: 0, Avg:  0.0, Max: 0, Diff: 0, Sum: 0, Workers: 4
[679.880s][debug][gc,phases      ] GC(30)     Total                          Min: 0, Avg: 261.0, Max: 724, Diff: 724, Sum: 1044, Workers: 4
[679.880s][debug][gc,phases      ] GC(30)   ObjectSynchronizer Weak        Min:  0.0, Avg:  0.0, Max:  0.0, Diff:  0.0, Sum:  0.0, Workers: 4
[679.880s][debug][gc,phases      ] GC(30)     Dead                           Min: 0, Avg:  0.0, Max: 0, Diff: 0, Sum: 0, Workers: 4
[679.880s][debug][gc,phases      ] GC(30)     Total                          Min: 0, Avg:  1.0, Max: 4, Diff: 4, Sum: 4, Workers: 4
[679.880s][debug][gc,phases      ] GC(30)   JVMTI Tag Weak OopStorage      Min:  0.0, Avg:  0.0, Max:  0.0, Diff:  0.0, Sum:  0.0, Workers: 4
[679.880s][debug][gc,phases      ] GC(30)     Dead                           Min: 0, Avg:  0.0, Max: 0, Diff: 0, Sum: 0, Workers: 4
[679.880s][debug][gc,phases      ] GC(30)     Total                          Min: 0, Avg:  0.0, Max: 0, Diff: 0, Sum: 0, Workers: 4
[679.880s][debug][gc,phases      ] GC(30)   StringTable Weak               Min:  0.0, Avg:  0.1, Max:  0.2, Diff:  0.2, Sum:  0.4, Workers: 4
[679.880s][debug][gc,phases      ] GC(30)     Dead                           Min: 0, Avg:  0.5, Max: 2, Diff: 2, Sum: 2, Workers: 4
[679.880s][debug][gc,phases      ] GC(30)     Total                          Min: 0, Avg: 12303.0, Max: 17088, Diff: 17088, Sum: 49212, Workers: 4
[679.880s][debug][gc,phases      ] GC(30)   ResolvedMethodTable Weak       Min:  0.0, Avg:  0.0, Max:  0.1, Diff:  0.1, Sum:  0.2, Workers: 4
[679.880s][debug][gc,phases      ] GC(30)     Dead                           Min: 0, Avg:  5.8, Max: 12, Diff: 12, Sum: 23, Workers: 4
[679.880s][debug][gc,phases      ] GC(30)     Total                          Min: 0, Avg: 4042.8, Max: 5988, Diff: 5988, Sum: 16171, Workers: 4
[679.880s][debug][gc,phases      ] GC(30)   JNI Weak                       Min:  0.0, Avg:  0.0, Max:  0.0, Diff:  0.0, Sum:  0.0, Workers: 4
[679.880s][debug][gc,phases      ] GC(30)     Dead                           Min: 0, Avg:  0.0, Max: 0, Diff: 0, Sum: 0, Workers: 4
[679.880s][debug][gc,phases      ] GC(30)     Total                          Min: 0, Avg: 13.5, Max: 54, Diff: 54, Sum: 54, Workers: 4
[679.880s][debug][gc,phases      ] GC(30)   StringDedup Table Weak         Min:  0.0, Avg:  0.0, Max:  0.0, Diff:  0.0, Sum:  0.0, Workers: 4
[679.880s][debug][gc,phases      ] GC(30)     Dead                           Min: 0, Avg:  0.0, Max: 0, Diff: 0, Sum: 0, Workers: 4
[679.880s][debug][gc,phases      ] GC(30)     Total                          Min: 0, Avg:  0.0, Max: 0, Diff: 0, Sum: 0, Workers: 4
[679.880s][debug][gc,phases      ] GC(30)   StringDedup Requests0 Weak     Min:  0.0, Avg:  0.0, Max:  0.0, Diff:  0.0, Sum:  0.0, Workers: 4
[679.880s][debug][gc,phases      ] GC(30)     Dead                           Min: 0, Avg:  0.0, Max: 0, Diff: 0, Sum: 0, Workers: 4
[679.880s][debug][gc,phases      ] GC(30)     Total                          Min: 0, Avg:  0.0, Max: 0, Diff: 0, Sum: 0, Workers: 4
[679.880s][debug][gc,phases      ] GC(30)   StringDedup Requests1 Weak     Min:  0.0, Avg:  0.0, Max:  0.0, Diff:  0.0, Sum:  0.0, Workers: 4
[679.880s][debug][gc,phases      ] GC(30)     Dead                           Min: 0, Avg:  0.0, Max: 0, Diff: 0, Sum: 0, Workers: 4
[679.881s][debug][gc,phases      ] GC(30)     Total                          Min: 0, Avg:  0.0, Max: 0, Diff: 0, Sum: 0, Workers: 4
[679.881s][debug][gc,phases      ] GC(30)   Weak JFR Old Object Samples    Min:  0.0, Avg:  0.0, Max:  0.0, Diff:  0.0, Sum:  0.0, Workers: 4
[679.881s][debug][gc,phases      ] GC(30)     Dead                           Min: 0, Avg:  0.0, Max: 0, Diff: 0, Sum: 0, Workers: 4
[679.881s][debug][gc,phases      ] GC(30)     Total                          Min: 0, Avg:  0.0, Max: 0, Diff: 0, Sum: 0, Workers: 4
[679.881s][debug][gc,phases      ] GC(30) Weak Processing 0.395ms
[679.881s][debug][gc,age         ] GC(30) Desired survivor size 141557760 bytes, new threshold 1 (max threshold 15)
[679.881s][info ][gc,heap        ] GC(30) PSYoungGen: 1776201K(1930752K)->5296K(1958912K) Eden: 1773993K(1774080K)->0K(1811456K) From: 2208K(156672K)->5296K(147456K)
[679.881s][info ][gc,heap        ] GC(30) ParOldGen: 263822K(264192K)->264222K(264704K)
[679.881s][info ][gc,metaspace   ] GC(30) Metaspace: 112181K(113536K)->112181K(113536K) NonClass: 95304K(96064K)->95304K(96064K) Class: 16876K(17472K)->16876K(17472K)
[679.881s][info ][gc             ] GC(30) Pause Young (Allocation Failure) 1992M->263M(2171M) 5.480ms
[679.881s][info ][gc,cpu         ] GC(30) User=0.02s Sys=0.00s Real=0.00s
[679.881s][info ][safepoint      ] Safepoint "ParallelGCFailedAllocation", Time since last: 830223499 ns, Reaching safepoint: 85303 ns, Cleanup: 18301 ns, At safepoint: 5561709 ns, Total: 5665313 ns
[680.881s][info ][safepoint      ] Safepoint "Cleanup", Time since last: 1000094174 ns, Reaching safepoint: 7800 ns, Cleanup: 56802 ns, At safepoint: 2700 ns, Total: 67302 ns
[681.881s][info ][safepoint      ] Safepoint "Cleanup", Time since last: 1000101974 ns, Reaching safepoint: 8000 ns, Cleanup: 25101 ns, At safepoint: 3100 ns, Total: 36201 ns
[682.881s][info ][safepoint      ] Safepoint "Cleanup", Time since last: 1000133475 ns, Reaching safepoint: 10901 ns, Cleanup: 37601 ns, At safepoint: 2900 ns, Total: 51402 ns
[683.881s][info ][safepoint      ] Safepoint "Cleanup", Time since last: 1000103474 ns, Reaching safepoint: 8900 ns, Cleanup: 17101 ns, At safepoint: 2300 ns, Total: 28301 ns
[684.881s][info ][safepoint      ] Safepoint "Cleanup", Time since last: 1000118274 ns, Reaching safepoint: 8601 ns, Cleanup: 12300 ns, At safepoint: 2600 ns, Total: 23501 ns
[686.882s][info ][safepoint      ] Safepoint "Cleanup", Time since last: 2000181847 ns, Reaching safepoint: 7800 ns, Cleanup: 9601 ns, At safepoint: 2500 ns, Total: 19901 ns
[687.882s][info ][safepoint      ] Safepoint "Cleanup", Time since last: 1000127498 ns, Reaching safepoint: 11500 ns, Cleanup: 14101 ns, At safepoint: 7000 ns, Total: 32601 ns
[688.882s][info ][safepoint      ] Safepoint "Cleanup", Time since last: 1000117838 ns, Reaching safepoint: 92104 ns, Cleanup: 10700 ns, At safepoint: 8701 ns, Total: 111505 ns
[690.882s][info ][safepoint      ] Safepoint "Cleanup", Time since last: 2000215275 ns, Reaching safepoint: 84903 ns, Cleanup: 15801 ns, At safepoint: 7300 ns, Total: 108004 ns
[693.883s][info ][safepoint      ] Safepoint "Cleanup", Time since last: 3000269711 ns, Reaching safepoint: 80803 ns, Cleanup: 17400 ns, At safepoint: 7301 ns, Total: 105504 ns
[694.883s][info ][safepoint      ] Safepoint "Cleanup", Time since last: 1000119938 ns, Reaching safepoint: 83203 ns, Cleanup: 10400 ns, At safepoint: 7301 ns, Total: 100904 ns
[695.409s][info ][gc,start       ] GC(31) Pause Young (CodeCache GC Threshold)
[695.421s][debug][gc,phases      ] GC(31) Scavenge 12.015ms
[695.421s][debug][gc,ref         ] GC(31) ReferenceProcessor::execute queues: 1, RefProcThreadModel::Single, marks_oops_alive: false
[695.421s][debug][gc,ref         ] GC(31) Skipped KeepAliveFinalRefsPhase of Reference Processing: no references
[695.421s][debug][gc,ref         ] GC(31) ReferenceProcessor::execute queues: 1, RefProcThreadModel::Single, marks_oops_alive: false
[695.421s][debug][gc,phases      ] GC(31) Reference Processing 0.121ms
[695.421s][debug][gc,phases      ] GC(31)   VM Weak                        Min:  0.0, Avg:  0.0, Max:  0.0, Diff:  0.0, Sum:  0.0, Workers: 4
[695.421s][debug][gc,phases      ] GC(31)     Dead                           Min: 0, Avg:  0.0, Max: 0, Diff: 0, Sum: 0, Workers: 4
[695.421s][debug][gc,phases      ] GC(31)     Total                          Min: 0, Avg: 261.0, Max: 512, Diff: 512, Sum: 1044, Workers: 4
[695.421s][debug][gc,phases      ] GC(31)   ObjectSynchronizer Weak        Min:  0.0, Avg:  0.0, Max:  0.0, Diff:  0.0, Sum:  0.0, Workers: 4
[695.421s][debug][gc,phases      ] GC(31)     Dead                           Min: 0, Avg:  0.0, Max: 0, Diff: 0, Sum: 0, Workers: 4
[695.421s][debug][gc,phases      ] GC(31)     Total                          Min: 0, Avg:  1.0, Max: 4, Diff: 4, Sum: 4, Workers: 4
[695.421s][debug][gc,phases      ] GC(31)   JVMTI Tag Weak OopStorage      Min:  0.0, Avg:  0.0, Max:  0.0, Diff:  0.0, Sum:  0.0, Workers: 4
[695.421s][debug][gc,phases      ] GC(31)     Dead                           Min: 0, Avg:  0.0, Max: 0, Diff: 0, Sum: 0, Workers: 4
[695.421s][debug][gc,phases      ] GC(31)     Total                          Min: 0, Avg:  0.0, Max: 0, Diff: 0, Sum: 0, Workers: 4
[695.421s][debug][gc,phases      ] GC(31)   StringTable Weak               Min:  0.0, Avg:  0.1, Max:  0.2, Diff:  0.1, Sum:  0.4, Workers: 4
[695.421s][debug][gc,phases      ] GC(31)     Dead                           Min: 0, Avg:  0.0, Max: 0, Diff: 0, Sum: 0, Workers: 4
[695.421s][debug][gc,phases      ] GC(31)     Total                          Min: 0, Avg: 12303.8, Max: 17088, Diff: 17088, Sum: 49215, Workers: 4
[695.421s][debug][gc,phases      ] GC(31)   ResolvedMethodTable Weak       Min:  0.0, Avg:  0.0, Max:  0.1, Diff:  0.1, Sum:  0.2, Workers: 4
[695.421s][debug][gc,phases      ] GC(31)     Dead                           Min: 0, Avg:  0.0, Max: 0, Diff: 0, Sum: 0, Workers: 4
[695.421s][debug][gc,phases      ] GC(31)     Total                          Min: 0, Avg: 4043.2, Max: 5572, Diff: 5572, Sum: 16173, Workers: 4
[695.421s][debug][gc,phases      ] GC(31)   JNI Weak                       Min:  0.0, Avg:  0.0, Max:  0.0, Diff:  0.0, Sum:  0.0, Workers: 4
[695.421s][debug][gc,phases      ] GC(31)     Dead                           Min: 0, Avg:  0.0, Max: 0, Diff: 0, Sum: 0, Workers: 4
[695.421s][debug][gc,phases      ] GC(31)     Total                          Min: 0, Avg: 13.0, Max: 52, Diff: 52, Sum: 52, Workers: 4
[695.421s][debug][gc,phases      ] GC(31)   StringDedup Table Weak         Min:  0.0, Avg:  0.0, Max:  0.0, Diff:  0.0, Sum:  0.0, Workers: 4
[695.422s][debug][gc,phases      ] GC(31)     Dead                           Min: 0, Avg:  0.0, Max: 0, Diff: 0, Sum: 0, Workers: 4
[695.422s][debug][gc,phases      ] GC(31)     Total                          Min: 0, Avg:  0.0, Max: 0, Diff: 0, Sum: 0, Workers: 4
[695.422s][debug][gc,phases      ] GC(31)   StringDedup Requests0 Weak     Min:  0.0, Avg:  0.0, Max:  0.0, Diff:  0.0, Sum:  0.0, Workers: 4
[695.422s][debug][gc,phases      ] GC(31)     Dead                           Min: 0, Avg:  0.0, Max: 0, Diff: 0, Sum: 0, Workers: 4
[695.422s][debug][gc,phases      ] GC(31)     Total                          Min: 0, Avg:  0.0, Max: 0, Diff: 0, Sum: 0, Workers: 4
[695.422s][debug][gc,phases      ] GC(31)   StringDedup Requests1 Weak     Min:  0.0, Avg:  0.0, Max:  0.0, Diff:  0.0, Sum:  0.0, Workers: 4
[695.422s][debug][gc,phases      ] GC(31)     Dead                           Min: 0, Avg:  0.0, Max: 0, Diff: 0, Sum: 0, Workers: 4
[695.422s][debug][gc,phases      ] GC(31)     Total                          Min: 0, Avg:  0.0, Max: 0, Diff: 0, Sum: 0, Workers: 4
[695.422s][debug][gc,phases      ] GC(31)   Weak JFR Old Object Samples    Min:  0.0, Avg:  0.0, Max:  0.0, Diff:  0.0, Sum:  0.0, Workers: 4
[695.422s][debug][gc,phases      ] GC(31)     Dead                           Min: 0, Avg:  0.0, Max: 0, Diff: 0, Sum: 0, Workers: 4
[695.422s][debug][gc,phases      ] GC(31)     Total                          Min: 0, Avg:  0.0, Max: 0, Diff: 0, Sum: 0, Workers: 4
[695.422s][debug][gc,phases      ] GC(31) Weak Processing 0.395ms
[695.422s][debug][gc,age         ] GC(31) Desired survivor size 131072000 bytes, new threshold 1 (max threshold 15)
[695.422s][info ][gc,heap        ] GC(31) PSYoungGen: 1033150K(1958912K)->14608K(1949696K) Eden: 1027854K(1811456K)->0K(1811456K) From: 5296K(147456K)->14608K(138240K)
[695.422s][info ][gc,heap        ] GC(31) ParOldGen: 264222K(264704K)->267642K(267776K)
[695.422s][info ][gc,metaspace   ] GC(31) Metaspace: 112226K(113600K)->112226K(113600K) NonClass: 95348K(96128K)->95348K(96128K) Class: 16877K(17472K)->16877K(17472K)
[695.422s][info ][gc             ] GC(31) Pause Young (CodeCache GC Threshold) 1266M->275M(2165M) 12.673ms
[695.422s][info ][gc,cpu         ] GC(31) User=0.03s Sys=0.01s Real=0.01s
[695.422s][debug][gc,phases      ] GC(32) Pre Compact 0.009ms
[695.422s][info ][gc,start       ] GC(32) Pause Full (CodeCache GC Threshold)
[695.422s][info ][gc,phases,start] GC(32) Marking Phase
[695.513s][debug][gc,phases      ] GC(32) Par Mark 90.961ms
[695.513s][debug][gc,ref         ] GC(32) ReferenceProcessor::execute queues: 4, RefProcThreadModel::Multi, marks_oops_alive: false
[695.513s][debug][gc,ref         ] GC(32) Skipped KeepAliveFinalRefsPhase of Reference Processing: no references
[695.513s][debug][gc,ref         ] GC(32) ReferenceProcessor::execute queues: 1, RefProcThreadModel::Single, marks_oops_alive: false
[695.513s][debug][gc,phases      ] GC(32) Reference Processing 0.797ms
[695.514s][debug][gc,phases      ] GC(32)   VM Weak                        Min:  0.0, Avg:  0.0, Max:  0.0, Diff:  0.0, Sum:  0.0, Workers: 4
[695.514s][debug][gc,phases      ] GC(32)     Dead                           Min: 0, Avg:  0.0, Max: 0, Diff: 0, Sum: 0, Workers: 4
[695.514s][debug][gc,phases      ] GC(32)     Total                          Min: 0, Avg: 261.0, Max: 532, Diff: 532, Sum: 1044, Workers: 4
[695.514s][debug][gc,phases      ] GC(32)   ObjectSynchronizer Weak        Min:  0.0, Avg:  0.0, Max:  0.0, Diff:  0.0, Sum:  0.0, Workers: 4
[695.514s][debug][gc,phases      ] GC(32)     Dead                           Min: 0, Avg:  0.0, Max: 0, Diff: 0, Sum: 0, Workers: 4
[695.514s][debug][gc,phases      ] GC(32)     Total                          Min: 0, Avg:  1.0, Max: 4, Diff: 4, Sum: 4, Workers: 4
[695.514s][debug][gc,phases      ] GC(32)   JVMTI Tag Weak OopStorage      Min:  0.0, Avg:  0.0, Max:  0.0, Diff:  0.0, Sum:  0.0, Workers: 4
[695.514s][debug][gc,phases      ] GC(32)     Dead                           Min: 0, Avg:  0.0, Max: 0, Diff: 0, Sum: 0, Workers: 4
[695.514s][debug][gc,phases      ] GC(32)     Total                          Min: 0, Avg:  0.0, Max: 0, Diff: 0, Sum: 0, Workers: 4
[695.514s][debug][gc,phases      ] GC(32)   StringTable Weak               Min:  0.0, Avg:  0.2, Max:  0.3, Diff:  0.3, Sum:  0.9, Workers: 4
[695.514s][debug][gc,phases      ] GC(32)     Dead                           Min: 0, Avg:  0.0, Max: 0, Diff: 0, Sum: 0, Workers: 4
[695.514s][debug][gc,phases      ] GC(32)     Total                          Min: 0, Avg: 12303.8, Max: 17920, Diff: 17920, Sum: 49215, Workers: 4
[695.514s][debug][gc,phases      ] GC(32)   ResolvedMethodTable Weak       Min:  0.0, Avg:  0.1, Max:  0.1, Diff:  0.1, Sum:  0.2, Workers: 4
[695.514s][debug][gc,phases      ] GC(32)     Dead                           Min: 0, Avg:  0.0, Max: 0, Diff: 0, Sum: 0, Workers: 4
[695.514s][debug][gc,phases      ] GC(32)     Total                          Min: 0, Avg: 4043.2, Max: 5535, Diff: 5535, Sum: 16173, Workers: 4
[695.514s][debug][gc,phases      ] GC(32)   JNI Weak                       Min:  0.0, Avg:  0.0, Max:  0.0, Diff:  0.0, Sum:  0.0, Workers: 4
[695.514s][debug][gc,phases      ] GC(32)     Dead                           Min: 0, Avg:  0.0, Max: 0, Diff: 0, Sum: 0, Workers: 4
[695.514s][debug][gc,phases      ] GC(32)     Total                          Min: 0, Avg: 13.0, Max: 52, Diff: 52, Sum: 52, Workers: 4
[695.514s][debug][gc,phases      ] GC(32)   StringDedup Table Weak         Min:  0.0, Avg:  0.0, Max:  0.0, Diff:  0.0, Sum:  0.0, Workers: 4
[695.514s][debug][gc,phases      ] GC(32)     Dead                           Min: 0, Avg:  0.0, Max: 0, Diff: 0, Sum: 0, Workers: 4
[695.514s][debug][gc,phases      ] GC(32)     Total                          Min: 0, Avg:  0.0, Max: 0, Diff: 0, Sum: 0, Workers: 4
[695.514s][debug][gc,phases      ] GC(32)   StringDedup Requests0 Weak     Min:  0.0, Avg:  0.0, Max:  0.0, Diff:  0.0, Sum:  0.0, Workers: 4
[695.514s][debug][gc,phases      ] GC(32)     Dead                           Min: 0, Avg:  0.0, Max: 0, Diff: 0, Sum: 0, Workers: 4
[695.514s][debug][gc,phases      ] GC(32)     Total                          Min: 0, Avg:  0.0, Max: 0, Diff: 0, Sum: 0, Workers: 4
[695.514s][debug][gc,phases      ] GC(32)   StringDedup Requests1 Weak     Min:  0.0, Avg:  0.0, Max:  0.0, Diff:  0.0, Sum:  0.0, Workers: 4
[695.514s][debug][gc,phases      ] GC(32)     Dead                           Min: 0, Avg:  0.0, Max: 0, Diff: 0, Sum: 0, Workers: 4
[695.514s][debug][gc,phases      ] GC(32)     Total                          Min: 0, Avg:  0.0, Max: 0, Diff: 0, Sum: 0, Workers: 4
[695.514s][debug][gc,phases      ] GC(32)   Weak JFR Old Object Samples    Min:  0.0, Avg:  0.0, Max:  0.0, Diff:  0.0, Sum:  0.0, Workers: 4
[695.514s][debug][gc,phases      ] GC(32)     Dead                           Min: 0, Avg:  0.0, Max: 0, Diff: 0, Sum: 0, Workers: 4
[695.514s][debug][gc,phases      ] GC(32)     Total                          Min: 0, Avg:  0.0, Max: 0, Diff: 0, Sum: 0, Workers: 4
[695.514s][debug][gc,phases      ] GC(32) Weak Processing 0.599ms
[695.514s][debug][gc,phases      ] GC(32) ClassLoaderData 0.142ms
[695.514s][debug][gc,phases      ] GC(32) Trigger cleanups 0.000ms
[695.576s][debug][gc,phases      ] GC(32) Purge Unlinked NMethods 2.200ms
[695.576s][debug][gc,phases      ] GC(32) Unregister NMethods 0.001ms
[695.576s][debug][gc,phases      ] GC(32) Free Code Blobs 0.275ms
[695.576s][debug][gc,phases      ] GC(32) Class Unloading 62.310ms
[695.576s][debug][gc,phases      ] GC(32) Report Object Count 0.001ms
[695.576s][info ][gc,phases      ] GC(32) Marking Phase 154.735ms
[695.576s][info ][gc,phases,start] GC(32) Summary Phase
[695.576s][info ][gc,phases      ] GC(32) Summary Phase 0.013ms
[695.576s][info ][gc,phases,start] GC(32) Adjust Roots
[695.599s][info ][gc,phases      ] GC(32) Adjust Roots 23.072ms
[695.600s][info ][gc,phases,start] GC(32) Compaction Phase
[695.705s][info ][gc,phases      ] GC(32) Compaction Phase 105.431ms
[695.705s][info ][gc,phases,start] GC(32) Post Compact
[695.707s][debug][gc,phases      ] GC(32) Purge Class Loader Data 0.803ms
[695.707s][info ][gc,phases      ] GC(32) Post Compact 1.578ms
[695.707s][info ][gc,heap        ] GC(32) PSYoungGen: 14608K(1949696K)->0K(1949696K) Eden: 0K(1811456K)->0K(1811456K) From: 14608K(138240K)->0K(138240K)
[695.707s][info ][gc,heap        ] GC(32) ParOldGen: 267642K(267776K)->254619K(267776K)
[695.707s][info ][gc,metaspace   ] GC(32) Metaspace: 112226K(113600K)->112226K(113600K) NonClass: 95348K(96128K)->95348K(96128K) Class: 16877K(17472K)->16877K(17472K)
[695.707s][info ][gc             ] GC(32) Pause Full (CodeCache GC Threshold) 275M->248M(2165M) 284.970ms
[695.707s][info ][gc,cpu         ] GC(32) User=0.81s Sys=0.00s Real=0.29s
[695.707s][info ][safepoint      ] Safepoint "ParallelGCSystemGC", Time since last: 525904444 ns, Reaching safepoint: 88803 ns, Cleanup: 11301 ns, At safepoint: 298400552 ns, Total: 298500656 ns
[697.708s][info ][safepoint      ] Safepoint "Cleanup", Time since last: 2000173698 ns, Reaching safepoint: 7300 ns, Cleanup: 77303 ns, At safepoint: 2500 ns, Total: 87103 ns
[698.708s][info ][safepoint      ] Safepoint "Cleanup", Time since last: 1000111700 ns, Reaching safepoint: 6601 ns, Cleanup: 10200 ns, At safepoint: 2300 ns, Total: 19101 ns
[699.708s][info ][safepoint      ] Safepoint "Cleanup", Time since last: 1000146901 ns, Reaching safepoint: 8701 ns, Cleanup: 15000 ns, At safepoint: 3100 ns, Total: 26801 ns
[701.708s][info ][safepoint      ] Safepoint "Cleanup", Time since last: 2000209899 ns, Reaching safepoint: 7401 ns, Cleanup: 12900 ns, At safepoint: 2400 ns, Total: 22701 ns
[702.708s][info ][safepoint      ] Safepoint "Cleanup", Time since last: 1000115400 ns, Reaching safepoint: 9301 ns, Cleanup: 12800 ns, At safepoint: 3000 ns, Total: 25101 ns
[704.708s][info ][safepoint      ] Safepoint "Cleanup", Time since last: 2000185381 ns, Reaching safepoint: 10700 ns, Cleanup: 12700 ns, At safepoint: 3101 ns, Total: 26501 ns
[706.709s][info ][safepoint      ] Safepoint "Cleanup", Time since last: 2000195968 ns, Reaching safepoint: 7600 ns, Cleanup: 10500 ns, At safepoint: 2701 ns, Total: 20801 ns
[707.709s][info ][safepoint      ] Safepoint "Cleanup", Time since last: 1000116584 ns, Reaching safepoint: 6501 ns, Cleanup: 10400 ns, At safepoint: 2800 ns, Total: 19701 ns
[708.709s][info ][safepoint      ] Safepoint "Cleanup", Time since last: 1000111585 ns, Reaching safepoint: 7300 ns, Cleanup: 10800 ns, At safepoint: 2301 ns, Total: 20401 ns
[710.709s][info ][safepoint      ] Safepoint "Cleanup", Time since last: 2000207068 ns, Reaching safepoint: 10101 ns, Cleanup: 12500 ns, At safepoint: 3400 ns, Total: 26001 ns
[711.709s][info ][safepoint      ] Safepoint "Cleanup", Time since last: 1000120087 ns, Reaching safepoint: 7501 ns, Cleanup: 21901 ns, At safepoint: 2300 ns, Total: 31702 ns
[712.709s][info ][safepoint      ] Safepoint "Cleanup", Time since last: 1000113598 ns, Reaching safepoint: 10701 ns, Cleanup: 20700 ns, At safepoint: 3301 ns, Total: 34702 ns
[713.710s][info ][safepoint      ] Safepoint "Cleanup", Time since last: 1000120298 ns, Reaching safepoint: 7601 ns, Cleanup: 12900 ns, At safepoint: 6300 ns, Total: 26801 ns
[714.710s][info ][safepoint      ] Safepoint "Cleanup", Time since last: 1000112999 ns, Reaching safepoint: 7700 ns, Cleanup: 11401 ns, At safepoint: 2900 ns, Total: 22001 ns
[715.710s][info ][safepoint      ] Safepoint "Cleanup", Time since last: 1000114298 ns, Reaching safepoint: 7801 ns, Cleanup: 21400 ns, At safepoint: 2900 ns, Total: 32101 ns
[716.710s][info ][safepoint      ] Safepoint "Cleanup", Time since last: 1000112699 ns, Reaching safepoint: 7800 ns, Cleanup: 13401 ns, At safepoint: 2400 ns, Total: 23601 ns
[717.710s][info ][safepoint      ] Safepoint "Cleanup", Time since last: 1000112498 ns, Reaching safepoint: 7501 ns, Cleanup: 13800 ns, At safepoint: 2400 ns, Total: 23701 ns
[720.280s][info ][safepoint      ] Safepoint "Cleanup", Time since last: 2569510596 ns, Reaching safepoint: 4300 ns, Cleanup: 14400 ns, At safepoint: 15501 ns, Total: 34201 ns
[722.280s][info ][safepoint      ] Safepoint "Cleanup", Time since last: 2000212431 ns, Reaching safepoint: 8901 ns, Cleanup: 25901 ns, At safepoint: 2400 ns, Total: 37202 ns
[723.280s][info ][safepoint      ] Safepoint "Cleanup", Time since last: 1000103315 ns, Reaching safepoint: 8701 ns, Cleanup: 11500 ns, At safepoint: 2600 ns, Total: 22801 ns
[725.280s][info ][safepoint      ] Safepoint "Cleanup", Time since last: 2000189531 ns, Reaching safepoint: 9100 ns, Cleanup: 13701 ns, At safepoint: 2400 ns, Total: 25201 ns
[729.281s][info ][safepoint      ] Safepoint "Cleanup", Time since last: 4000841312 ns, Reaching safepoint: 9701 ns, Cleanup: 14400 ns, At safepoint: 3300 ns, Total: 27401 ns
[730.281s][info ][safepoint      ] Safepoint "Cleanup", Time since last: 1000119252 ns, Reaching safepoint: 8301 ns, Cleanup: 13800 ns, At safepoint: 3000 ns, Total: 25101 ns
[731.192s][info ][gc,start       ] GC(33) Pause Young (Allocation Failure)
[731.196s][debug][gc,phases      ] GC(33) Scavenge 3.503ms
[731.196s][debug][gc,ref         ] GC(33) ReferenceProcessor::execute queues: 1, RefProcThreadModel::Single, marks_oops_alive: false
[731.196s][debug][gc,ref         ] GC(33) Skipped KeepAliveFinalRefsPhase of Reference Processing: no references
[731.196s][debug][gc,ref         ] GC(33) ReferenceProcessor::execute queues: 1, RefProcThreadModel::Single, marks_oops_alive: false
[731.196s][debug][gc,phases      ] GC(33) Reference Processing 0.127ms
[731.196s][debug][gc,phases      ] GC(33)   VM Weak                        Min:  0.0, Avg:  0.0, Max:  0.0, Diff:  0.0, Sum:  0.0, Workers: 4
[731.196s][debug][gc,phases      ] GC(33)     Dead                           Min: 0, Avg:  0.0, Max: 0, Diff: 0, Sum: 0, Workers: 4
[731.196s][debug][gc,phases      ] GC(33)     Total                          Min: 0, Avg: 261.0, Max: 576, Diff: 576, Sum: 1044, Workers: 4
[731.196s][debug][gc,phases      ] GC(33)   ObjectSynchronizer Weak        Min:  0.0, Avg:  0.0, Max:  0.0, Diff:  0.0, Sum:  0.0, Workers: 4
[731.196s][debug][gc,phases      ] GC(33)     Dead                           Min: 0, Avg:  0.0, Max: 0, Diff: 0, Sum: 0, Workers: 4
[731.196s][debug][gc,phases      ] GC(33)     Total                          Min: 0, Avg:  0.8, Max: 3, Diff: 3, Sum: 3, Workers: 4
[731.196s][debug][gc,phases      ] GC(33)   JVMTI Tag Weak OopStorage      Min:  0.0, Avg:  0.0, Max:  0.0, Diff:  0.0, Sum:  0.0, Workers: 4
[731.196s][debug][gc,phases      ] GC(33)     Dead                           Min: 0, Avg:  0.0, Max: 0, Diff: 0, Sum: 0, Workers: 4
[731.196s][debug][gc,phases      ] GC(33)     Total                          Min: 0, Avg:  0.0, Max: 0, Diff: 0, Sum: 0, Workers: 4
[731.196s][debug][gc,phases      ] GC(33)   StringTable Weak               Min:  0.1, Avg:  0.1, Max:  0.1, Diff:  0.0, Sum:  0.4, Workers: 4
[731.196s][debug][gc,phases      ] GC(33)     Dead                           Min: 0, Avg:  0.5, Max: 2, Diff: 2, Sum: 2, Workers: 4
[731.196s][debug][gc,phases      ] GC(33)     Total                          Min: 12032, Avg: 12306.2, Max: 12735, Diff: 703, Sum: 49225, Workers: 4
[731.196s][debug][gc,phases      ] GC(33)   ResolvedMethodTable Weak       Min:  0.0, Avg:  0.0, Max:  0.0, Diff:  0.0, Sum:  0.2, Workers: 4
[731.196s][debug][gc,phases      ] GC(33)     Dead                           Min: 0, Avg:  4.8, Max: 19, Diff: 19, Sum: 19, Workers: 4
[731.196s][debug][gc,phases      ] GC(33)     Total                          Min: 3678, Avg: 4045.0, Max: 4298, Diff: 620, Sum: 16180, Workers: 4
[731.196s][debug][gc,phases      ] GC(33)   JNI Weak                       Min:  0.0, Avg:  0.0, Max:  0.0, Diff:  0.0, Sum:  0.0, Workers: 4
[731.196s][debug][gc,phases      ] GC(33)     Dead                           Min: 0, Avg:  0.0, Max: 0, Diff: 0, Sum: 0, Workers: 4
[731.196s][debug][gc,phases      ] GC(33)     Total                          Min: 0, Avg: 13.0, Max: 52, Diff: 52, Sum: 52, Workers: 4
[731.196s][debug][gc,phases      ] GC(33)   StringDedup Table Weak         Min:  0.0, Avg:  0.0, Max:  0.0, Diff:  0.0, Sum:  0.0, Workers: 4
[731.196s][debug][gc,phases      ] GC(33)     Dead                           Min: 0, Avg:  0.0, Max: 0, Diff: 0, Sum: 0, Workers: 4
[731.196s][debug][gc,phases      ] GC(33)     Total                          Min: 0, Avg:  0.0, Max: 0, Diff: 0, Sum: 0, Workers: 4
[731.196s][debug][gc,phases      ] GC(33)   StringDedup Requests0 Weak     Min:  0.0, Avg:  0.0, Max:  0.0, Diff:  0.0, Sum:  0.0, Workers: 4
[731.196s][debug][gc,phases      ] GC(33)     Dead                           Min: 0, Avg:  0.0, Max: 0, Diff: 0, Sum: 0, Workers: 4
[731.196s][debug][gc,phases      ] GC(33)     Total                          Min: 0, Avg:  0.0, Max: 0, Diff: 0, Sum: 0, Workers: 4
[731.196s][debug][gc,phases      ] GC(33)   StringDedup Requests1 Weak     Min:  0.0, Avg:  0.0, Max:  0.0, Diff:  0.0, Sum:  0.0, Workers: 4
[731.196s][debug][gc,phases      ] GC(33)     Dead                           Min: 0, Avg:  0.0, Max: 0, Diff: 0, Sum: 0, Workers: 4
[731.196s][debug][gc,phases      ] GC(33)     Total                          Min: 0, Avg:  0.0, Max: 0, Diff: 0, Sum: 0, Workers: 4
[731.196s][debug][gc,phases      ] GC(33)   Weak JFR Old Object Samples    Min:  0.0, Avg:  0.0, Max:  0.0, Diff:  0.0, Sum:  0.0, Workers: 4
[731.196s][debug][gc,phases      ] GC(33)     Dead                           Min: 0, Avg:  0.0, Max: 0, Diff: 0, Sum: 0, Workers: 4
[731.196s][debug][gc,phases      ] GC(33)     Total                          Min: 0, Avg:  0.0, Max: 0, Diff: 0, Sum: 0, Workers: 4
[731.196s][debug][gc,phases      ] GC(33) Weak Processing 0.357ms
[731.196s][debug][gc,age         ] GC(33) Desired survivor size 123207680 bytes, new threshold 1 (max threshold 15)
[731.196s][info ][gc,heap        ] GC(33) PSYoungGen: 1811456K(1949696K)->3616K(1976832K) Eden: 1811456K(1811456K)->0K(1848832K) From: 0K(138240K)->3616K(128000K)
[731.196s][info ][gc,heap        ] GC(33) ParOldGen: 254619K(267776K)->254619K(267776K)
[731.196s][info ][gc,metaspace   ] GC(33) Metaspace: 112300K(113664K)->112300K(113664K) NonClass: 95419K(96192K)->95419K(96192K) Class: 16880K(17472K)->16880K(17472K)
[731.196s][info ][gc             ] GC(33) Pause Young (Allocation Failure) 2017M->252M(2192M) 4.139ms
[731.196s][info ][gc,cpu         ] GC(33) User=0.01s Sys=0.00s Real=0.01s
[731.197s][info ][safepoint      ] Safepoint "ParallelGCFailedAllocation", Time since last: 910987788 ns, Reaching safepoint: 7900 ns, Cleanup: 4500 ns, At safepoint: 4212359 ns, Total: 4224759 ns
[733.197s][info ][safepoint      ] Safepoint "Cleanup", Time since last: 2000200903 ns, Reaching safepoint: 9500 ns, Cleanup: 12801 ns, At safepoint: 3100 ns, Total: 25401 ns
[736.197s][info ][safepoint      ] Safepoint "Cleanup", Time since last: 3000295435 ns, Reaching safepoint: 8800 ns, Cleanup: 13501 ns, At safepoint: 3100 ns, Total: 25401 ns
[743.198s][info ][safepoint      ] Safepoint "Cleanup", Time since last: 7000582049 ns, Reaching safepoint: 8000 ns, Cleanup: 22401 ns, At safepoint: 2300 ns, Total: 32701 ns
[747.198s][info ][safepoint      ] Safepoint "Cleanup", Time since last: 4000360431 ns, Reaching safepoint: 7900 ns, Cleanup: 11601 ns, At safepoint: 2900 ns, Total: 22401 ns
[758.199s][info ][safepoint      ] Safepoint "Cleanup", Time since last: 11000821949 ns, Reaching safepoint: 7200 ns, Cleanup: 10400 ns, At safepoint: 2601 ns, Total: 20201 ns
[762.199s][info ][safepoint      ] Safepoint "Cleanup", Time since last: 4000380312 ns, Reaching safepoint: 7201 ns, Cleanup: 14400 ns, At safepoint: 2600 ns, Total: 24201 ns
[767.200s][info ][safepoint      ] Safepoint "Cleanup", Time since last: 5000946020 ns, Reaching safepoint: 7201 ns, Cleanup: 10400 ns, At safepoint: 2400 ns, Total: 20001 ns
[768.200s][info ][safepoint      ] Safepoint "Cleanup", Time since last: 1000116216 ns, Reaching safepoint: 6101 ns, Cleanup: 9500 ns, At safepoint: 2400 ns, Total: 18001 ns
[768.240s][info ][gc,start       ] GC(34) Pause Young (Allocation Failure)
[768.242s][debug][gc,phases      ] GC(34) Scavenge 2.650ms
[768.242s][debug][gc,ref         ] GC(34) ReferenceProcessor::execute queues: 1, RefProcThreadModel::Single, marks_oops_alive: false
[768.242s][debug][gc,ref         ] GC(34) Skipped KeepAliveFinalRefsPhase of Reference Processing: no references
[768.242s][debug][gc,ref         ] GC(34) ReferenceProcessor::execute queues: 1, RefProcThreadModel::Single, marks_oops_alive: false
[768.242s][debug][gc,phases      ] GC(34) Reference Processing 0.116ms
[768.243s][debug][gc,phases      ] GC(34)   VM Weak                        Min:  0.0, Avg:  0.0, Max:  0.0, Diff:  0.0, Sum:  0.0, Workers: 4
[768.243s][debug][gc,phases      ] GC(34)     Dead                           Min: 0, Avg:  0.0, Max: 0, Diff: 0, Sum: 0, Workers: 4
[768.243s][debug][gc,phases      ] GC(34)     Total                          Min: 0, Avg: 261.0, Max: 768, Diff: 768, Sum: 1044, Workers: 4
[768.243s][debug][gc,phases      ] GC(34)   ObjectSynchronizer Weak        Min:  0.0, Avg:  0.0, Max:  0.0, Diff:  0.0, Sum:  0.0, Workers: 4
[768.243s][debug][gc,phases      ] GC(34)     Dead                           Min: 0, Avg:  0.0, Max: 0, Diff: 0, Sum: 0, Workers: 4
[768.243s][debug][gc,phases      ] GC(34)     Total                          Min: 0, Avg:  0.8, Max: 3, Diff: 3, Sum: 3, Workers: 4
[768.243s][debug][gc,phases      ] GC(34)   JVMTI Tag Weak OopStorage      Min:  0.0, Avg:  0.0, Max:  0.0, Diff:  0.0, Sum:  0.0, Workers: 4
[768.243s][debug][gc,phases      ] GC(34)     Dead                           Min: 0, Avg:  0.0, Max: 0, Diff: 0, Sum: 0, Workers: 4
[768.243s][debug][gc,phases      ] GC(34)     Total                          Min: 0, Avg:  0.0, Max: 0, Diff: 0, Sum: 0, Workers: 4
[768.243s][debug][gc,phases      ] GC(34)   StringTable Weak               Min:  0.1, Avg:  0.1, Max:  0.1, Diff:  0.0, Sum:  0.5, Workers: 4
[768.243s][debug][gc,phases      ] GC(34)     Dead                           Min: 0, Avg:  0.0, Max: 0, Diff: 0, Sum: 0, Workers: 4
[768.243s][debug][gc,phases      ] GC(34)     Total                          Min: 11916, Avg: 12306.8, Max: 12671, Diff: 755, Sum: 49227, Workers: 4
[768.243s][debug][gc,phases      ] GC(34)   ResolvedMethodTable Weak       Min:  0.0, Avg:  0.0, Max:  0.0, Diff:  0.0, Sum:  0.2, Workers: 4
[768.243s][debug][gc,phases      ] GC(34)     Dead                           Min: 0, Avg:  4.0, Max: 16, Diff: 16, Sum: 16, Workers: 4
[768.243s][debug][gc,phases      ] GC(34)     Total                          Min: 3660, Avg: 4045.5, Max: 4636, Diff: 976, Sum: 16182, Workers: 4
[768.243s][debug][gc,phases      ] GC(34)   JNI Weak                       Min:  0.0, Avg:  0.0, Max:  0.0, Diff:  0.0, Sum:  0.0, Workers: 4
[768.243s][debug][gc,phases      ] GC(34)     Dead                           Min: 0, Avg:  0.0, Max: 0, Diff: 0, Sum: 0, Workers: 4
[768.243s][debug][gc,phases      ] GC(34)     Total                          Min: 0, Avg: 13.0, Max: 52, Diff: 52, Sum: 52, Workers: 4
[768.243s][debug][gc,phases      ] GC(34)   StringDedup Table Weak         Min:  0.0, Avg:  0.0, Max:  0.0, Diff:  0.0, Sum:  0.0, Workers: 4
[768.243s][debug][gc,phases      ] GC(34)     Dead                           Min: 0, Avg:  0.0, Max: 0, Diff: 0, Sum: 0, Workers: 4
[768.243s][debug][gc,phases      ] GC(34)     Total                          Min: 0, Avg:  0.0, Max: 0, Diff: 0, Sum: 0, Workers: 4
[768.243s][debug][gc,phases      ] GC(34)   StringDedup Requests0 Weak     Min:  0.0, Avg:  0.0, Max:  0.0, Diff:  0.0, Sum:  0.0, Workers: 4
[768.243s][debug][gc,phases      ] GC(34)     Dead                           Min: 0, Avg:  0.0, Max: 0, Diff: 0, Sum: 0, Workers: 4
[768.243s][debug][gc,phases      ] GC(34)     Total                          Min: 0, Avg:  0.0, Max: 0, Diff: 0, Sum: 0, Workers: 4
[768.243s][debug][gc,phases      ] GC(34)   StringDedup Requests1 Weak     Min:  0.0, Avg:  0.0, Max:  0.0, Diff:  0.0, Sum:  0.0, Workers: 4
[768.243s][debug][gc,phases      ] GC(34)     Dead                           Min: 0, Avg:  0.0, Max: 0, Diff: 0, Sum: 0, Workers: 4
[768.243s][debug][gc,phases      ] GC(34)     Total                          Min: 0, Avg:  0.0, Max: 0, Diff: 0, Sum: 0, Workers: 4
[768.243s][debug][gc,phases      ] GC(34)   Weak JFR Old Object Samples    Min:  0.0, Avg:  0.0, Max:  0.0, Diff:  0.0, Sum:  0.0, Workers: 4
[768.243s][debug][gc,phases      ] GC(34)     Dead                           Min: 0, Avg:  0.0, Max: 0, Diff: 0, Sum: 0, Workers: 4
[768.243s][debug][gc,phases      ] GC(34)     Total                          Min: 0, Avg:  0.0, Max: 0, Diff: 0, Sum: 0, Workers: 4
[768.243s][debug][gc,phases      ] GC(34) Weak Processing 0.359ms
[768.243s][debug][gc,age         ] GC(34) Desired survivor size 115867648 bytes, new threshold 1 (max threshold 15)
[768.243s][info ][gc,heap        ] GC(34) PSYoungGen: 1852448K(1976832K)->2384K(1969152K) Eden: 1848832K(1848832K)->0K(1848832K) From: 3616K(128000K)->2384K(120320K)
[768.243s][info ][gc,heap        ] GC(34) ParOldGen: 254619K(267776K)->256316K(267776K)
[768.243s][info ][gc,metaspace   ] GC(34) Metaspace: 112316K(113664K)->112316K(113664K) NonClass: 95434K(96192K)->95434K(96192K) Class: 16881K(17472K)->16881K(17472K)
[768.243s][info ][gc             ] GC(34) Pause Young (Allocation Failure) 2057M->252M(2184M) 3.253ms
[768.243s][info ][gc,cpu         ] GC(34) User=0.01s Sys=0.00s Real=0.00s
[768.243s][info ][safepoint      ] Safepoint "ParallelGCFailedAllocation", Time since last: 39177979 ns, Reaching safepoint: 8600 ns, Cleanup: 4700 ns, At safepoint: 3322225 ns, Total: 3335525 ns
[770.243s][info ][safepoint      ] Safepoint "Cleanup", Time since last: 2000207280 ns, Reaching safepoint: 8100 ns, Cleanup: 10401 ns, At safepoint: 3000 ns, Total: 21501 ns
[773.243s][info ][safepoint      ] Safepoint "Cleanup", Time since last: 3000313019 ns, Reaching safepoint: 7900 ns, Cleanup: 15201 ns, At safepoint: 2600 ns, Total: 25701 ns
[775.244s][info ][safepoint      ] Safepoint "Cleanup", Time since last: 2000182779 ns, Reaching safepoint: 7200 ns, Cleanup: 11700 ns, At safepoint: 2600 ns, Total: 21500 ns
[776.244s][info ][safepoint      ] Safepoint "Cleanup", Time since last: 1000117128 ns, Reaching safepoint: 6100 ns, Cleanup: 9900 ns, At safepoint: 2300 ns, Total: 18300 ns
[777.244s][info ][safepoint      ] Safepoint "Cleanup", Time since last: 1000117720 ns, Reaching safepoint: 7300 ns, Cleanup: 13001 ns, At safepoint: 2200 ns, Total: 22501 ns
[780.244s][info ][safepoint      ] Safepoint "Cleanup", Time since last: 3000250855 ns, Reaching safepoint: 7400 ns, Cleanup: 15101 ns, At safepoint: 2700 ns, Total: 25201 ns
[783.245s][info ][safepoint      ] Safepoint "Cleanup", Time since last: 3000241455 ns, Reaching safepoint: 7900 ns, Cleanup: 11801 ns, At safepoint: 2900 ns, Total: 22601 ns
[785.245s][info ][safepoint      ] Safepoint "Cleanup", Time since last: 2000246038 ns, Reaching safepoint: 7500 ns, Cleanup: 7900 ns, At safepoint: 2500 ns, Total: 17900 ns
[786.245s][info ][safepoint      ] Safepoint "Cleanup", Time since last: 1000112019 ns, Reaching safepoint: 7800 ns, Cleanup: 11501 ns, At safepoint: 2400 ns, Total: 21701 ns
[787.245s][info ][safepoint      ] Safepoint "Cleanup", Time since last: 1000144819 ns, Reaching safepoint: 7701 ns, Cleanup: 10700 ns, At safepoint: 2800 ns, Total: 21201 ns
[788.245s][info ][safepoint      ] Safepoint "Cleanup", Time since last: 1000121519 ns, Reaching safepoint: 7700 ns, Cleanup: 9901 ns, At safepoint: 2500 ns, Total: 20101 ns
[791.245s][info ][safepoint      ] Safepoint "Cleanup", Time since last: 3000250552 ns, Reaching safepoint: 7700 ns, Cleanup: 13600 ns, At safepoint: 2901 ns, Total: 24201 ns
[792.246s][info ][safepoint      ] Safepoint "Cleanup", Time since last: 1000117615 ns, Reaching safepoint: 7301 ns, Cleanup: 11700 ns, At safepoint: 2500 ns, Total: 21501 ns
[794.246s][info ][safepoint      ] Safepoint "Cleanup", Time since last: 2000192227 ns, Reaching safepoint: 7800 ns, Cleanup: 12200 ns, At safepoint: 2700 ns, Total: 22700 ns
[795.246s][info ][safepoint      ] Safepoint "Cleanup", Time since last: 1000112814 ns, Reaching safepoint: 6801 ns, Cleanup: 8200 ns, At safepoint: 2400 ns, Total: 17401 ns
[796.246s][info ][safepoint      ] Safepoint "Cleanup", Time since last: 1000124514 ns, Reaching safepoint: 6900 ns, Cleanup: 10801 ns, At safepoint: 2100 ns, Total: 19801 ns
[801.247s][info ][safepoint      ] Safepoint "Cleanup", Time since last: 5000393268 ns, Reaching safepoint: 6500 ns, Cleanup: 12700 ns, At safepoint: 2200 ns, Total: 21400 ns
[803.247s][info ][safepoint      ] Safepoint "Cleanup", Time since last: 2000187933 ns, Reaching safepoint: 7000 ns, Cleanup: 12300 ns, At safepoint: 2200 ns, Total: 21500 ns
[806.192s][info ][gc,start       ] GC(35) Pause Young (Allocation Failure)
[806.194s][debug][gc,phases      ] GC(35) Scavenge 2.037ms
[806.195s][debug][gc,ref         ] GC(35) ReferenceProcessor::execute queues: 1, RefProcThreadModel::Single, marks_oops_alive: false
[806.195s][debug][gc,ref         ] GC(35) Skipped KeepAliveFinalRefsPhase of Reference Processing: no references
[806.195s][debug][gc,ref         ] GC(35) Skipped PhantomRefsPhase of Reference Processing: no references
[806.195s][debug][gc,phases      ] GC(35) Reference Processing 0.115ms
[806.195s][debug][gc,phases      ] GC(35)   VM Weak                        Min:  0.0, Avg:  0.0, Max:  0.0, Diff:  0.0, Sum:  0.0, Workers: 4
[806.195s][debug][gc,phases      ] GC(35)     Dead                           Min: 0, Avg:  0.0, Max: 0, Diff: 0, Sum: 0, Workers: 4
[806.195s][debug][gc,phases      ] GC(35)     Total                          Min: 0, Avg: 261.0, Max: 660, Diff: 660, Sum: 1044, Workers: 4
[806.195s][debug][gc,phases      ] GC(35)   ObjectSynchronizer Weak        Min:  0.0, Avg:  0.0, Max:  0.0, Diff:  0.0, Sum:  0.0, Workers: 4
[806.195s][debug][gc,phases      ] GC(35)     Dead                           Min: 0, Avg:  0.0, Max: 0, Diff: 0, Sum: 0, Workers: 4
[806.195s][debug][gc,phases      ] GC(35)     Total                          Min: 0, Avg:  0.8, Max: 3, Diff: 3, Sum: 3, Workers: 4
[806.195s][debug][gc,phases      ] GC(35)   JVMTI Tag Weak OopStorage      Min:  0.0, Avg:  0.0, Max:  0.0, Diff:  0.0, Sum:  0.0, Workers: 4
[806.195s][debug][gc,phases      ] GC(35)     Dead                           Min: 0, Avg:  0.0, Max: 0, Diff: 0, Sum: 0, Workers: 4
[806.195s][debug][gc,phases      ] GC(35)     Total                          Min: 0, Avg:  0.0, Max: 0, Diff: 0, Sum: 0, Workers: 4
[806.195s][debug][gc,phases      ] GC(35)   StringTable Weak               Min:  0.0, Avg:  0.1, Max:  0.1, Diff:  0.1, Sum:  0.4, Workers: 4
[806.195s][debug][gc,phases      ] GC(35)     Dead                           Min: 0, Avg:  0.0, Max: 0, Diff: 0, Sum: 0, Workers: 4
[806.195s][debug][gc,phases      ] GC(35)     Total                          Min: 0, Avg: 12306.8, Max: 17856, Diff: 17856, Sum: 49227, Workers: 4
[806.195s][debug][gc,phases      ] GC(35)   ResolvedMethodTable Weak       Min:  0.0, Avg:  0.0, Max:  0.1, Diff:  0.1, Sum:  0.2, Workers: 4
[806.195s][debug][gc,phases      ] GC(35)     Dead                           Min: 0, Avg:  4.0, Max: 16, Diff: 16, Sum: 16, Workers: 4
[806.195s][debug][gc,phases      ] GC(35)     Total                          Min: 0, Avg: 4045.5, Max: 6087, Diff: 6087, Sum: 16182, Workers: 4
[806.195s][debug][gc,phases      ] GC(35)   JNI Weak                       Min:  0.0, Avg:  0.0, Max:  0.0, Diff:  0.0, Sum:  0.0, Workers: 4
[806.195s][debug][gc,phases      ] GC(35)     Dead                           Min: 0, Avg:  0.0, Max: 0, Diff: 0, Sum: 0, Workers: 4
[806.195s][debug][gc,phases      ] GC(35)     Total                          Min: 0, Avg: 13.0, Max: 52, Diff: 52, Sum: 52, Workers: 4
[806.195s][debug][gc,phases      ] GC(35)   StringDedup Table Weak         Min:  0.0, Avg:  0.0, Max:  0.0, Diff:  0.0, Sum:  0.0, Workers: 4
[806.195s][debug][gc,phases      ] GC(35)     Dead                           Min: 0, Avg:  0.0, Max: 0, Diff: 0, Sum: 0, Workers: 4
[806.195s][debug][gc,phases      ] GC(35)     Total                          Min: 0, Avg:  0.0, Max: 0, Diff: 0, Sum: 0, Workers: 4
[806.195s][debug][gc,phases      ] GC(35)   StringDedup Requests0 Weak     Min:  0.0, Avg:  0.0, Max:  0.0, Diff:  0.0, Sum:  0.0, Workers: 4
[806.195s][debug][gc,phases      ] GC(35)     Dead                           Min: 0, Avg:  0.0, Max: 0, Diff: 0, Sum: 0, Workers: 4
[806.195s][debug][gc,phases      ] GC(35)     Total                          Min: 0, Avg:  0.0, Max: 0, Diff: 0, Sum: 0, Workers: 4
[806.195s][debug][gc,phases      ] GC(35)   StringDedup Requests1 Weak     Min:  0.0, Avg:  0.0, Max:  0.0, Diff:  0.0, Sum:  0.0, Workers: 4
[806.195s][debug][gc,phases      ] GC(35)     Dead                           Min: 0, Avg:  0.0, Max: 0, Diff: 0, Sum: 0, Workers: 4
[806.195s][debug][gc,phases      ] GC(35)     Total                          Min: 0, Avg:  0.0, Max: 0, Diff: 0, Sum: 0, Workers: 4
[806.195s][debug][gc,phases      ] GC(35)   Weak JFR Old Object Samples    Min:  0.0, Avg:  0.0, Max:  0.0, Diff:  0.0, Sum:  0.0, Workers: 4
[806.195s][debug][gc,phases      ] GC(35)     Dead                           Min: 0, Avg:  0.0, Max: 0, Diff: 0, Sum: 0, Workers: 4
[806.195s][debug][gc,phases      ] GC(35)     Total                          Min: 0, Avg:  0.0, Max: 0, Diff: 0, Sum: 0, Workers: 4
[806.195s][debug][gc,phases      ] GC(35) Weak Processing 0.417ms
[806.195s][debug][gc,age         ] GC(35) Desired survivor size 108527616 bytes, new threshold 1 (max threshold 15)
[806.195s][info ][gc,heap        ] GC(35) PSYoungGen: 1851216K(1969152K)->2624K(1991168K) Eden: 1848832K(1848832K)->0K(1878016K) From: 2384K(120320K)->2624K(113152K)
[806.195s][info ][gc,heap        ] GC(35) ParOldGen: 256316K(267776K)->256848K(267776K)
[806.195s][info ][gc,metaspace   ] GC(35) Metaspace: 112368K(113728K)->112368K(113728K) NonClass: 95486K(96256K)->95486K(96256K) Class: 16881K(17472K)->16881K(17472K)
[806.195s][info ][gc             ] GC(35) Pause Young (Allocation Failure) 2058M->253M(2206M) 2.698ms
[806.195s][info ][gc,cpu         ] GC(35) User=0.01s Sys=0.00s Real=0.01s
[806.195s][info ][safepoint      ] Safepoint "ParallelGCFailedAllocation", Time since last: 2945612687 ns, Reaching safepoint: 6600 ns, Cleanup: 10501 ns, At safepoint: 2769504 ns, Total: 2786605 ns
[813.196s][info ][safepoint      ] Safepoint "Cleanup", Time since last: 7000516742 ns, Reaching safepoint: 7500 ns, Cleanup: 10300 ns, At safepoint: 2401 ns, Total: 20201 ns
[814.196s][info ][safepoint      ] Safepoint "Cleanup", Time since last: 1000118549 ns, Reaching safepoint: 9501 ns, Cleanup: 13900 ns, At safepoint: 3400 ns, Total: 26801 ns
[816.196s][info ][safepoint      ] Safepoint "Cleanup", Time since last: 2000218954 ns, Reaching safepoint: 7701 ns, Cleanup: 10800 ns, At safepoint: 2400 ns, Total: 20901 ns
[819.196s][info ][safepoint      ] Safepoint "Cleanup", Time since last: 3000288697 ns, Reaching safepoint: 9201 ns, Cleanup: 11000 ns, At safepoint: 2700 ns, Total: 22901 ns
[821.197s][info ][safepoint      ] Safepoint "Cleanup", Time since last: 2000198332 ns, Reaching safepoint: 8400 ns, Cleanup: 11901 ns, At safepoint: 2900 ns, Total: 23201 ns
[823.197s][info ][safepoint      ] Safepoint "Cleanup", Time since last: 2000187631 ns, Reaching safepoint: 7901 ns, Cleanup: 13200 ns, At safepoint: 2800 ns, Total: 23901 ns
[825.197s][info ][safepoint      ] Safepoint "Cleanup", Time since last: 2000212298 ns, Reaching safepoint: 6500 ns, Cleanup: 11200 ns, At safepoint: 2300 ns, Total: 20000 ns
[830.197s][info ][safepoint      ] Safepoint "Cleanup", Time since last: 5000408213 ns, Reaching safepoint: 7400 ns, Cleanup: 11800 ns, At safepoint: 2800 ns, Total: 22000 ns
[832.198s][info ][safepoint      ] Safepoint "Cleanup", Time since last: 2000197577 ns, Reaching safepoint: 9601 ns, Cleanup: 14300 ns, At safepoint: 2700 ns, Total: 26601 ns
[836.198s][info ][safepoint      ] Safepoint "Cleanup", Time since last: 4000323100 ns, Reaching safepoint: 7500 ns, Cleanup: 11100 ns, At safepoint: 2601 ns, Total: 21201 ns
[839.198s][info ][safepoint      ] Safepoint "Cleanup", Time since last: 3000253275 ns, Reaching safepoint: 7100 ns, Cleanup: 7600 ns, At safepoint: 2300 ns, Total: 17000 ns
[842.315s][info ][safepoint      ] Safepoint "Cleanup", Time since last: 3116842568 ns, Reaching safepoint: 7900 ns, Cleanup: 22501 ns, At safepoint: 2800 ns, Total: 33201 ns
[843.315s][info ][safepoint      ] Safepoint "Cleanup", Time since last: 1000119224 ns, Reaching safepoint: 8400 ns, Cleanup: 13401 ns, At safepoint: 3000 ns, Total: 24801 ns
[844.315s][info ][safepoint      ] Safepoint "Cleanup", Time since last: 1000109924 ns, Reaching safepoint: 8200 ns, Cleanup: 19101 ns, At safepoint: 2300 ns, Total: 29601 ns
[847.316s][info ][safepoint      ] Safepoint "Cleanup", Time since last: 3000262769 ns, Reaching safepoint: 110104 ns, Cleanup: 67703 ns, At safepoint: 12500 ns, Total: 190307 ns
[848.316s][info ][safepoint      ] Safepoint "Cleanup", Time since last: 1000145487 ns, Reaching safepoint: 8400 ns, Cleanup: 30401 ns, At safepoint: 3700 ns, Total: 42501 ns
[851.316s][info ][safepoint      ] Safepoint "Cleanup", Time since last: 3000349271 ns, Reaching safepoint: 9400 ns, Cleanup: 18101 ns, At safepoint: 2800 ns, Total: 30301 ns
[855.855s][info ][gc,start       ] GC(36) Pause Young (Allocation Failure)
[855.859s][debug][gc,phases      ] GC(36) Scavenge 3.717ms
[855.859s][debug][gc,ref         ] GC(36) ReferenceProcessor::execute queues: 1, RefProcThreadModel::Single, marks_oops_alive: false
[855.859s][debug][gc,ref         ] GC(36) Skipped KeepAliveFinalRefsPhase of Reference Processing: no references
[855.859s][debug][gc,ref         ] GC(36) ReferenceProcessor::execute queues: 1, RefProcThreadModel::Single, marks_oops_alive: false
[855.859s][debug][gc,phases      ] GC(36) Reference Processing 0.140ms
[855.859s][debug][gc,phases      ] GC(36)   VM Weak                        Min:  0.0, Avg:  0.0, Max:  0.0, Diff:  0.0, Sum:  0.0, Workers: 4
[855.859s][debug][gc,phases      ] GC(36)     Dead                           Min: 0, Avg:  0.0, Max: 0, Diff: 0, Sum: 0, Workers: 4
[855.859s][debug][gc,phases      ] GC(36)     Total                          Min: 0, Avg: 261.0, Max: 704, Diff: 704, Sum: 1044, Workers: 4
[855.859s][debug][gc,phases      ] GC(36)   ObjectSynchronizer Weak        Min:  0.0, Avg:  0.0, Max:  0.0, Diff:  0.0, Sum:  0.0, Workers: 4
[855.859s][debug][gc,phases      ] GC(36)     Dead                           Min: 0, Avg:  0.0, Max: 0, Diff: 0, Sum: 0, Workers: 4
[855.859s][debug][gc,phases      ] GC(36)     Total                          Min: 0, Avg:  1.2, Max: 5, Diff: 5, Sum: 5, Workers: 4
[855.859s][debug][gc,phases      ] GC(36)   JVMTI Tag Weak OopStorage      Min:  0.0, Avg:  0.0, Max:  0.0, Diff:  0.0, Sum:  0.0, Workers: 4
[855.859s][debug][gc,phases      ] GC(36)     Dead                           Min: 0, Avg:  0.0, Max: 0, Diff: 0, Sum: 0, Workers: 4
[855.859s][debug][gc,phases      ] GC(36)     Total                          Min: 0, Avg:  0.0, Max: 0, Diff: 0, Sum: 0, Workers: 4
[855.859s][debug][gc,phases      ] GC(36)   StringTable Weak               Min:  0.0, Avg:  0.1, Max:  0.1, Diff:  0.1, Sum:  0.4, Workers: 4
[855.859s][debug][gc,phases      ] GC(36)     Dead                           Min: 0, Avg:  0.5, Max: 2, Diff: 2, Sum: 2, Workers: 4
[855.859s][debug][gc,phases      ] GC(36)     Total                          Min: 0, Avg: 12313.2, Max: 18918, Diff: 18918, Sum: 49253, Workers: 4
[855.859s][debug][gc,phases      ] GC(36)   ResolvedMethodTable Weak       Min:  0.0, Avg:  0.0, Max:  0.1, Diff:  0.1, Sum:  0.2, Workers: 4
[855.859s][debug][gc,phases      ] GC(36)     Dead                           Min: 0, Avg:  8.8, Max: 28, Diff: 28, Sum: 35, Workers: 4
[855.859s][debug][gc,phases      ] GC(36)     Total                          Min: 0, Avg: 4054.0, Max: 6180, Diff: 6180, Sum: 16216, Workers: 4
[855.859s][debug][gc,phases      ] GC(36)   JNI Weak                       Min:  0.0, Avg:  0.0, Max:  0.0, Diff:  0.0, Sum:  0.0, Workers: 4
[855.859s][debug][gc,phases      ] GC(36)     Dead                           Min: 0, Avg:  0.0, Max: 0, Diff: 0, Sum: 0, Workers: 4
[855.859s][debug][gc,phases      ] GC(36)     Total                          Min: 0, Avg: 13.0, Max: 52, Diff: 52, Sum: 52, Workers: 4
[855.859s][debug][gc,phases      ] GC(36)   StringDedup Table Weak         Min:  0.0, Avg:  0.0, Max:  0.0, Diff:  0.0, Sum:  0.0, Workers: 4
[855.859s][debug][gc,phases      ] GC(36)     Dead                           Min: 0, Avg:  0.0, Max: 0, Diff: 0, Sum: 0, Workers: 4
[855.859s][debug][gc,phases      ] GC(36)     Total                          Min: 0, Avg:  0.0, Max: 0, Diff: 0, Sum: 0, Workers: 4
[855.859s][debug][gc,phases      ] GC(36)   StringDedup Requests0 Weak     Min:  0.0, Avg:  0.0, Max:  0.0, Diff:  0.0, Sum:  0.0, Workers: 4
[855.859s][debug][gc,phases      ] GC(36)     Dead                           Min: 0, Avg:  0.0, Max: 0, Diff: 0, Sum: 0, Workers: 4
[855.859s][debug][gc,phases      ] GC(36)     Total                          Min: 0, Avg:  0.0, Max: 0, Diff: 0, Sum: 0, Workers: 4
[855.859s][debug][gc,phases      ] GC(36)   StringDedup Requests1 Weak     Min:  0.0, Avg:  0.0, Max:  0.0, Diff:  0.0, Sum:  0.0, Workers: 4
[855.859s][debug][gc,phases      ] GC(36)     Dead                           Min: 0, Avg:  0.0, Max: 0, Diff: 0, Sum: 0, Workers: 4
[855.859s][debug][gc,phases      ] GC(36)     Total                          Min: 0, Avg:  0.0, Max: 0, Diff: 0, Sum: 0, Workers: 4
[855.859s][debug][gc,phases      ] GC(36)   Weak JFR Old Object Samples    Min:  0.0, Avg:  0.0, Max:  0.0, Diff:  0.0, Sum:  0.0, Workers: 4
[855.859s][debug][gc,phases      ] GC(36)     Dead                           Min: 0, Avg:  0.0, Max: 0, Diff: 0, Sum: 0, Workers: 4
[855.859s][debug][gc,phases      ] GC(36)     Total                          Min: 0, Avg:  0.0, Max: 0, Diff: 0, Sum: 0, Workers: 4
[855.859s][debug][gc,phases      ] GC(36) Weak Processing 0.451ms
[855.859s][debug][gc,age         ] GC(36) Desired survivor size 101711872 bytes, new threshold 1 (max threshold 15)
[855.859s][info ][gc,heap        ] GC(36) PSYoungGen: 1880640K(1991168K)->3456K(1984000K) Eden: 1878016K(1878016K)->0K(1878016K) From: 2624K(113152K)->3456K(105984K)
[855.859s][info ][gc,heap        ] GC(36) ParOldGen: 256848K(267776K)->257268K(267776K)
[855.859s][info ][gc,metaspace   ] GC(36) Metaspace: 112428K(113792K)->112428K(113792K) NonClass: 95536K(96320K)->95536K(96320K) Class: 16892K(17472K)->16892K(17472K)
[855.859s][info ][gc             ] GC(36) Pause Young (Allocation Failure) 2087M->254M(2199M) 4.440ms
[855.860s][info ][gc,cpu         ] GC(36) User=0.02s Sys=0.00s Real=0.00s
[855.860s][info ][safepoint      ] Safepoint "ParallelGCFailedAllocation", Time since last: 4538513333 ns, Reaching safepoint: 8100 ns, Cleanup: 4200 ns, At safepoint: 4514670 ns, Total: 4526970 ns
[865.860s][info ][safepoint      ] Safepoint "Cleanup", Time since last: 10000890734 ns, Reaching safepoint: 8000 ns, Cleanup: 9900 ns, At safepoint: 2500 ns, Total: 20400 ns
[892.863s][info ][safepoint      ] Safepoint "Cleanup", Time since last: 27002847679 ns, Reaching safepoint: 8600 ns, Cleanup: 42302 ns, At safepoint: 2500 ns, Total: 53402 ns
[893.864s][info ][safepoint      ] Safepoint "Cleanup", Time since last: 1000616649 ns, Reaching safepoint: 92204 ns, Cleanup: 99904 ns, At safepoint: 10500 ns, Total: 202608 ns
[894.024s][info ][safepoint      ] Safepoint "ICBufferFull", Time since last: 159095602 ns, Reaching safepoint: 89203 ns, Cleanup: 159706 ns, At safepoint: 14701 ns, Total: 263610 ns
[895.024s][info ][safepoint      ] Safepoint "Cleanup", Time since last: 1000132731 ns, Reaching safepoint: 8800 ns, Cleanup: 63103 ns, At safepoint: 3200 ns, Total: 75103 ns
[896.024s][info ][safepoint      ] Safepoint "Cleanup", Time since last: 1000104228 ns, Reaching safepoint: 8200 ns, Cleanup: 26801 ns, At safepoint: 3000 ns, Total: 38001 ns
[897.024s][info ][safepoint      ] Safepoint "Cleanup", Time since last: 1000119423 ns, Reaching safepoint: 8801 ns, Cleanup: 29301 ns, At safepoint: 2600 ns, Total: 40702 ns
[898.024s][info ][safepoint      ] Safepoint "Cleanup", Time since last: 1000115922 ns, Reaching safepoint: 80703 ns, Cleanup: 29702 ns, At safepoint: 6100 ns, Total: 116505 ns
[899.024s][info ][safepoint      ] Safepoint "Cleanup", Time since last: 1000116822 ns, Reaching safepoint: 8501 ns, Cleanup: 11600 ns, At safepoint: 2100 ns, Total: 22201 ns
[900.025s][info ][safepoint      ] Safepoint "Cleanup", Time since last: 1000136524 ns, Reaching safepoint: 9400 ns, Cleanup: 13501 ns, At safepoint: 2500 ns, Total: 25401 ns
[901.335s][info ][safepoint      ] Safepoint "Cleanup", Time since last: 1310282821 ns, Reaching safepoint: 94904 ns, Cleanup: 17801 ns, At safepoint: 6700 ns, Total: 119405 ns
[902.335s][info ][safepoint      ] Safepoint "Cleanup", Time since last: 1000123023 ns, Reaching safepoint: 83703 ns, Cleanup: 24901 ns, At safepoint: 10000 ns, Total: 118604 ns
[903.336s][info ][safepoint      ] Safepoint "Cleanup", Time since last: 1000259628 ns, Reaching safepoint: 78803 ns, Cleanup: 14201 ns, At safepoint: 6400 ns, Total: 99404 ns
[904.336s][info ][safepoint      ] Safepoint "Cleanup", Time since last: 1000152525 ns, Reaching safepoint: 80803 ns, Cleanup: 19501 ns, At safepoint: 6200 ns, Total: 106504 ns
[906.336s][info ][safepoint      ] Safepoint "Cleanup", Time since last: 2000195647 ns, Reaching safepoint: 78403 ns, Cleanup: 9001 ns, At safepoint: 5900 ns, Total: 93304 ns
[907.336s][info ][safepoint      ] Safepoint "Cleanup", Time since last: 1000120224 ns, Reaching safepoint: 84103 ns, Cleanup: 16801 ns, At safepoint: 6300 ns, Total: 107204 ns
[909.337s][info ][safepoint      ] Safepoint "Cleanup", Time since last: 2000209148 ns, Reaching safepoint: 84503 ns, Cleanup: 10300 ns, At safepoint: 7601 ns, Total: 102404 ns
[910.337s][info ][safepoint      ] Safepoint "Cleanup", Time since last: 1000116824 ns, Reaching safepoint: 80703 ns, Cleanup: 14101 ns, At safepoint: 6500 ns, Total: 101304 ns
[911.337s][info ][safepoint      ] Safepoint "Cleanup", Time since last: 1000124024 ns, Reaching safepoint: 91504 ns, Cleanup: 20701 ns, At safepoint: 19300 ns, Total: 131505 ns
[912.337s][info ][safepoint      ] Safepoint "Cleanup", Time since last: 1000137622 ns, Reaching safepoint: 79703 ns, Cleanup: 15300 ns, At safepoint: 7200 ns, Total: 102203 ns
[913.338s][info ][safepoint      ] Safepoint "Cleanup", Time since last: 1000127818 ns, Reaching safepoint: 84703 ns, Cleanup: 13801 ns, At safepoint: 8300 ns, Total: 106804 ns
[913.497s][info ][safepoint      ] Safepoint "ParallelGCFailedAllocation", Time since last: 159188104 ns, Reaching safepoint: 83403 ns, Cleanup: 4000 ns, At safepoint: 11900 ns, Total: 99303 ns
[913.497s][info ][gc,start       ] GC(37) Pause Young (GCLocker Initiated GC)
[913.518s][debug][gc,phases      ] GC(37) Scavenge 20.308ms
[913.518s][debug][gc,ref         ] GC(37) ReferenceProcessor::execute queues: 1, RefProcThreadModel::Single, marks_oops_alive: false
[913.518s][debug][gc,ref         ] GC(37) Skipped KeepAliveFinalRefsPhase of Reference Processing: no references
[913.518s][debug][gc,ref         ] GC(37) ReferenceProcessor::execute queues: 1, RefProcThreadModel::Single, marks_oops_alive: false
[913.518s][debug][gc,phases      ] GC(37) Reference Processing 0.118ms
[913.518s][debug][gc,phases      ] GC(37)   VM Weak                        Min:  0.0, Avg:  0.0, Max:  0.0, Diff:  0.0, Sum:  0.0, Workers: 4
[913.518s][debug][gc,phases      ] GC(37)     Dead                           Min: 0, Avg:  0.0, Max: 0, Diff: 0, Sum: 0, Workers: 4
[913.518s][debug][gc,phases      ] GC(37)     Total                          Min: 0, Avg: 261.0, Max: 404, Diff: 404, Sum: 1044, Workers: 4
[913.518s][debug][gc,phases      ] GC(37)   ObjectSynchronizer Weak        Min:  0.0, Avg:  0.0, Max:  0.0, Diff:  0.0, Sum:  0.0, Workers: 4
[913.518s][debug][gc,phases      ] GC(37)     Dead                           Min: 0, Avg:  0.0, Max: 0, Diff: 0, Sum: 0, Workers: 4
[913.518s][debug][gc,phases      ] GC(37)     Total                          Min: 0, Avg:  1.0, Max: 4, Diff: 4, Sum: 4, Workers: 4
[913.518s][debug][gc,phases      ] GC(37)   JVMTI Tag Weak OopStorage      Min:  0.0, Avg:  0.0, Max:  0.0, Diff:  0.0, Sum:  0.0, Workers: 4
[913.518s][debug][gc,phases      ] GC(37)     Dead                           Min: 0, Avg:  0.0, Max: 0, Diff: 0, Sum: 0, Workers: 4
[913.518s][debug][gc,phases      ] GC(37)     Total                          Min: 0, Avg:  0.0, Max: 0, Diff: 0, Sum: 0, Workers: 4
[913.518s][debug][gc,phases      ] GC(37)   StringTable Weak               Min:  0.0, Avg:  0.1, Max:  0.2, Diff:  0.2, Sum:  0.5, Workers: 4
[913.518s][debug][gc,phases      ] GC(37)     Dead                           Min: 0, Avg:  0.0, Max: 0, Diff: 0, Sum: 0, Workers: 4
[913.518s][debug][gc,phases      ] GC(37)     Total                          Min: 0, Avg: 12323.5, Max: 17984, Diff: 17984, Sum: 49294, Workers: 4
[913.518s][debug][gc,phases      ] GC(37)   ResolvedMethodTable Weak       Min:  0.0, Avg:  0.1, Max:  0.1, Diff:  0.1, Sum:  0.2, Workers: 4
[913.518s][debug][gc,phases      ] GC(37)     Dead                           Min: 0, Avg:  8.8, Max: 24, Diff: 24, Sum: 35, Workers: 4
[913.518s][debug][gc,phases      ] GC(37)     Total                          Min: 0, Avg: 4054.0, Max: 5613, Diff: 5613, Sum: 16216, Workers: 4
[913.518s][debug][gc,phases      ] GC(37)   JNI Weak                       Min:  0.0, Avg:  0.0, Max:  0.0, Diff:  0.0, Sum:  0.0, Workers: 4
[913.518s][debug][gc,phases      ] GC(37)     Dead                           Min: 0, Avg:  0.0, Max: 0, Diff: 0, Sum: 0, Workers: 4
[913.518s][debug][gc,phases      ] GC(37)     Total                          Min: 0, Avg: 13.0, Max: 52, Diff: 52, Sum: 52, Workers: 4
[913.518s][debug][gc,phases      ] GC(37)   StringDedup Table Weak         Min:  0.0, Avg:  0.0, Max:  0.0, Diff:  0.0, Sum:  0.0, Workers: 4
[913.518s][debug][gc,phases      ] GC(37)     Dead                           Min: 0, Avg:  0.0, Max: 0, Diff: 0, Sum: 0, Workers: 4
[913.518s][debug][gc,phases      ] GC(37)     Total                          Min: 0, Avg:  0.0, Max: 0, Diff: 0, Sum: 0, Workers: 4
[913.518s][debug][gc,phases      ] GC(37)   StringDedup Requests0 Weak     Min:  0.0, Avg:  0.0, Max:  0.0, Diff:  0.0, Sum:  0.0, Workers: 4
[913.518s][debug][gc,phases      ] GC(37)     Dead                           Min: 0, Avg:  0.0, Max: 0, Diff: 0, Sum: 0, Workers: 4
[913.518s][debug][gc,phases      ] GC(37)     Total                          Min: 0, Avg:  0.0, Max: 0, Diff: 0, Sum: 0, Workers: 4
[913.518s][debug][gc,phases      ] GC(37)   StringDedup Requests1 Weak     Min:  0.0, Avg:  0.0, Max:  0.0, Diff:  0.0, Sum:  0.0, Workers: 4
[913.518s][debug][gc,phases      ] GC(37)     Dead                           Min: 0, Avg:  0.0, Max: 0, Diff: 0, Sum: 0, Workers: 4
[913.518s][debug][gc,phases      ] GC(37)     Total                          Min: 0, Avg:  0.0, Max: 0, Diff: 0, Sum: 0, Workers: 4
[913.518s][debug][gc,phases      ] GC(37)   Weak JFR Old Object Samples    Min:  0.0, Avg:  0.0, Max:  0.0, Diff:  0.0, Sum:  0.0, Workers: 4
[913.518s][debug][gc,phases      ] GC(37)     Dead                           Min: 0, Avg:  0.0, Max: 0, Diff: 0, Sum: 0, Workers: 4
[913.518s][debug][gc,phases      ] GC(37)     Total                          Min: 0, Avg:  0.0, Max: 0, Diff: 0, Sum: 0, Workers: 4
[913.518s][debug][gc,phases      ] GC(37) Weak Processing 0.440ms
[913.518s][debug][gc,age         ] GC(37) Desired survivor size 105381888 bytes, new threshold 1 (max threshold 15)
[913.518s][info ][gc,heap        ] GC(37) PSYoungGen: 1881472K(1984000K)->47409K(1990656K) Eden: 1878016K(1878016K)->0K(1891328K) From: 3456K(105984K)->47409K(99328K)
[913.518s][info ][gc,heap        ] GC(37) ParOldGen: 257281K(267776K)->259685K(267776K)
[913.518s][info ][gc,metaspace   ] GC(37) Metaspace: 112543K(113920K)->112543K(113920K) NonClass: 95651K(96448K)->95651K(96448K) Class: 16892K(17472K)->16892K(17472K)
[913.518s][info ][gc             ] GC(37) Pause Young (GCLocker Initiated GC) 2088M->299M(2205M) 20.978ms
[913.518s][info ][gc,cpu         ] GC(37) User=0.08s Sys=0.00s Real=0.02s
[913.518s][info ][safepoint      ] Safepoint "ParallelGCSystemGC", Time since last: 224609 ns, Reaching safepoint: 73103 ns, Cleanup: 900 ns, At safepoint: 21052394 ns, Total: 21126397 ns
[914.518s][info ][safepoint      ] Safepoint "Cleanup", Time since last: 1000087916 ns, Reaching safepoint: 9400 ns, Cleanup: 62603 ns, At safepoint: 3200 ns, Total: 75203 ns
[915.519s][info ][safepoint      ] Safepoint "Cleanup", Time since last: 1000114817 ns, Reaching safepoint: 8900 ns, Cleanup: 11201 ns, At safepoint: 2500 ns, Total: 22601 ns
[916.519s][info ][safepoint      ] Safepoint "Cleanup", Time since last: 1000113917 ns, Reaching safepoint: 9800 ns, Cleanup: 17201 ns, At safepoint: 2900 ns, Total: 29901 ns
[918.519s][info ][safepoint      ] Safepoint "Cleanup", Time since last: 2000170432 ns, Reaching safepoint: 9401 ns, Cleanup: 12700 ns, At safepoint: 3000 ns, Total: 25101 ns
[925.519s][info ][safepoint      ] Safepoint "Cleanup", Time since last: 7000558875 ns, Reaching safepoint: 9601 ns, Cleanup: 14800 ns, At safepoint: 2600 ns, Total: 27001 ns
[926.520s][info ][safepoint      ] Safepoint "Cleanup", Time since last: 1000140412 ns, Reaching safepoint: 9201 ns, Cleanup: 13700 ns, At safepoint: 3000 ns, Total: 25901 ns
[928.520s][info ][safepoint      ] Safepoint "Cleanup", Time since last: 2000193466 ns, Reaching safepoint: 10300 ns, Cleanup: 12300 ns, At safepoint: 2600 ns, Total: 25200 ns
[930.520s][info ][safepoint      ] Safepoint "Cleanup", Time since last: 2000210646 ns, Reaching safepoint: 12801 ns, Cleanup: 14700 ns, At safepoint: 2700 ns, Total: 30201 ns
[932.520s][info ][safepoint      ] Safepoint "Cleanup", Time since last: 2000183345 ns, Reaching safepoint: 10100 ns, Cleanup: 15601 ns, At safepoint: 2600 ns, Total: 28301 ns
[933.520s][info ][safepoint      ] Safepoint "Cleanup", Time since last: 1000119073 ns, Reaching safepoint: 9601 ns, Cleanup: 11800 ns, At safepoint: 2500 ns, Total: 23901 ns
[935.521s][info ][safepoint      ] Safepoint "Cleanup", Time since last: 2000182345 ns, Reaching safepoint: 9700 ns, Cleanup: 12801 ns, At safepoint: 2400 ns, Total: 24901 ns
[936.521s][info ][safepoint      ] Safepoint "Cleanup", Time since last: 1000136048 ns, Reaching safepoint: 9800 ns, Cleanup: 11701 ns, At safepoint: 2700 ns, Total: 24201 ns
[938.521s][info ][safepoint      ] Safepoint "Cleanup", Time since last: 2000183170 ns, Reaching safepoint: 9501 ns, Cleanup: 14600 ns, At safepoint: 2700 ns, Total: 26801 ns
[939.521s][info ][safepoint      ] Safepoint "Cleanup", Time since last: 1000113037 ns, Reaching safepoint: 9400 ns, Cleanup: 11800 ns, At safepoint: 2501 ns, Total: 23701 ns
[942.522s][info ][safepoint      ] Safepoint "Cleanup", Time since last: 3000448512 ns, Reaching safepoint: 10301 ns, Cleanup: 12500 ns, At safepoint: 3000 ns, Total: 25801 ns
[943.522s][info ][safepoint      ] Safepoint "Cleanup", Time since last: 1000138937 ns, Reaching safepoint: 9601 ns, Cleanup: 13700 ns, At safepoint: 2600 ns, Total: 25901 ns
[947.522s][info ][safepoint      ] Safepoint "Cleanup", Time since last: 4000323722 ns, Reaching safepoint: 13200 ns, Cleanup: 12801 ns, At safepoint: 3200 ns, Total: 29201 ns
[948.522s][info ][safepoint      ] Safepoint "Cleanup", Time since last: 1000116958 ns, Reaching safepoint: 9201 ns, Cleanup: 11400 ns, At safepoint: 2700 ns, Total: 23301 ns
[950.523s][info ][safepoint      ] Safepoint "Cleanup", Time since last: 2000203816 ns, Reaching safepoint: 10000 ns, Cleanup: 11701 ns, At safepoint: 2500 ns, Total: 24201 ns
[952.523s][info ][safepoint      ] Safepoint "Cleanup", Time since last: 2000181790 ns, Reaching safepoint: 10000 ns, Cleanup: 20501 ns, At safepoint: 2800 ns, Total: 33301 ns
[954.139s][info ][gc,start       ] GC(38) Pause Young (Allocation Failure)
[954.162s][debug][gc,phases      ] GC(38) Scavenge 22.772ms
[954.162s][debug][gc,ref         ] GC(38) ReferenceProcessor::execute queues: 1, RefProcThreadModel::Single, marks_oops_alive: false
[954.162s][debug][gc,ref         ] GC(38) Skipped KeepAliveFinalRefsPhase of Reference Processing: no references
[954.162s][debug][gc,ref         ] GC(38) ReferenceProcessor::execute queues: 1, RefProcThreadModel::Single, marks_oops_alive: false
[954.162s][debug][gc,phases      ] GC(38) Reference Processing 0.113ms
[954.162s][debug][gc,phases      ] GC(38)   VM Weak                        Min:  0.0, Avg:  0.0, Max:  0.0, Diff:  0.0, Sum:  0.0, Workers: 4
[954.162s][debug][gc,phases      ] GC(38)     Dead                           Min: 0, Avg:  0.0, Max: 0, Diff: 0, Sum: 0, Workers: 4
[954.162s][debug][gc,phases      ] GC(38)     Total                          Min: 0, Avg: 261.0, Max: 640, Diff: 640, Sum: 1044, Workers: 4
[954.162s][debug][gc,phases      ] GC(38)   ObjectSynchronizer Weak        Min:  0.0, Avg:  0.0, Max:  0.0, Diff:  0.0, Sum:  0.0, Workers: 4
[954.162s][debug][gc,phases      ] GC(38)     Dead                           Min: 0, Avg:  0.0, Max: 0, Diff: 0, Sum: 0, Workers: 4
[954.162s][debug][gc,phases      ] GC(38)     Total                          Min: 0, Avg:  1.0, Max: 4, Diff: 4, Sum: 4, Workers: 4
[954.162s][debug][gc,phases      ] GC(38)   JVMTI Tag Weak OopStorage      Min:  0.0, Avg:  0.0, Max:  0.0, Diff:  0.0, Sum:  0.0, Workers: 4
[954.162s][debug][gc,phases      ] GC(38)     Dead                           Min: 0, Avg:  0.0, Max: 0, Diff: 0, Sum: 0, Workers: 4
[954.162s][debug][gc,phases      ] GC(38)     Total                          Min: 0, Avg:  0.0, Max: 0, Diff: 0, Sum: 0, Workers: 4
[954.162s][debug][gc,phases      ] GC(38)   StringTable Weak               Min:  0.0, Avg:  0.1, Max:  0.2, Diff:  0.2, Sum:  0.6, Workers: 4
[954.162s][debug][gc,phases      ] GC(38)     Dead                           Min: 0, Avg:  0.0, Max: 0, Diff: 0, Sum: 0, Workers: 4
[954.162s][debug][gc,phases      ] GC(38)     Total                          Min: 0, Avg: 12325.8, Max: 16768, Diff: 16768, Sum: 49303, Workers: 4
[954.162s][debug][gc,phases      ] GC(38)   ResolvedMethodTable Weak       Min:  0.0, Avg:  0.0, Max:  0.1, Diff:  0.1, Sum:  0.2, Workers: 4
[954.162s][debug][gc,phases      ] GC(38)     Dead                           Min: 0, Avg:  4.0, Max: 8, Diff: 8, Sum: 16, Workers: 4
[954.162s][debug][gc,phases      ] GC(38)     Total                          Min: 0, Avg: 4054.0, Max: 5628, Diff: 5628, Sum: 16216, Workers: 4
[954.162s][debug][gc,phases      ] GC(38)   JNI Weak                       Min:  0.0, Avg:  0.0, Max:  0.0, Diff:  0.0, Sum:  0.0, Workers: 4
[954.162s][debug][gc,phases      ] GC(38)     Dead                           Min: 0, Avg:  0.0, Max: 0, Diff: 0, Sum: 0, Workers: 4
[954.162s][debug][gc,phases      ] GC(38)     Total                          Min: 0, Avg: 13.0, Max: 52, Diff: 52, Sum: 52, Workers: 4
[954.162s][debug][gc,phases      ] GC(38)   StringDedup Table Weak         Min:  0.0, Avg:  0.0, Max:  0.0, Diff:  0.0, Sum:  0.0, Workers: 4
[954.162s][debug][gc,phases      ] GC(38)     Dead                           Min: 0, Avg:  0.0, Max: 0, Diff: 0, Sum: 0, Workers: 4
[954.162s][debug][gc,phases      ] GC(38)     Total                          Min: 0, Avg:  0.0, Max: 0, Diff: 0, Sum: 0, Workers: 4
[954.162s][debug][gc,phases      ] GC(38)   StringDedup Requests0 Weak     Min:  0.0, Avg:  0.0, Max:  0.0, Diff:  0.0, Sum:  0.0, Workers: 4
[954.162s][debug][gc,phases      ] GC(38)     Dead                           Min: 0, Avg:  0.0, Max: 0, Diff: 0, Sum: 0, Workers: 4
[954.162s][debug][gc,phases      ] GC(38)     Total                          Min: 0, Avg:  0.0, Max: 0, Diff: 0, Sum: 0, Workers: 4
[954.162s][debug][gc,phases      ] GC(38)   StringDedup Requests1 Weak     Min:  0.0, Avg:  0.0, Max:  0.0, Diff:  0.0, Sum:  0.0, Workers: 4
[954.162s][debug][gc,phases      ] GC(38)     Dead                           Min: 0, Avg:  0.0, Max: 0, Diff: 0, Sum: 0, Workers: 4
[954.162s][debug][gc,phases      ] GC(38)     Total                          Min: 0, Avg:  0.0, Max: 0, Diff: 0, Sum: 0, Workers: 4
[954.162s][debug][gc,phases      ] GC(38)   Weak JFR Old Object Samples    Min:  0.0, Avg:  0.0, Max:  0.0, Diff:  0.0, Sum:  0.0, Workers: 4
[954.162s][debug][gc,phases      ] GC(38)     Dead                           Min: 0, Avg:  0.0, Max: 0, Diff: 0, Sum: 0, Workers: 4
[954.162s][debug][gc,phases      ] GC(38)     Total                          Min: 0, Avg:  0.0, Max: 0, Diff: 0, Sum: 0, Workers: 4
[954.162s][debug][gc,phases      ] GC(38) Weak Processing 0.437ms
[954.162s][debug][gc,age         ] GC(38) Desired survivor size 99090432 bytes, new threshold 1 (max threshold 15)
[954.162s][info ][gc,heap        ] GC(38) PSYoungGen: 1938737K(1990656K)->3712K(1994240K) Eden: 1891328K(1891328K)->0K(1891328K) From: 47409K(99328K)->3712K(102912K)
[954.162s][info ][gc,heap        ] GC(38) ParOldGen: 259702K(267776K)->305939K(306176K)
[954.162s][info ][gc,metaspace   ] GC(38) Metaspace: 112571K(113920K)->112571K(113920K) NonClass: 95678K(96448K)->95678K(96448K) Class: 16892K(17472K)->16892K(17472K)
[954.162s][info ][gc             ] GC(38) Pause Young (Allocation Failure) 2146M->302M(2246M) 23.461ms
[954.162s][info ][gc,cpu         ] GC(38) User=0.06s Sys=0.02s Real=0.02s
[954.162s][info ][safepoint      ] Safepoint "ParallelGCFailedAllocation", Time since last: 1616027553 ns, Reaching safepoint: 99504 ns, Cleanup: 5200 ns, At safepoint: 23544488 ns, Total: 23649192 ns
[955.163s][info ][safepoint      ] Safepoint "Cleanup", Time since last: 1000097722 ns, Reaching safepoint: 10300 ns, Cleanup: 11701 ns, At safepoint: 2800 ns, Total: 24801 ns
[956.163s][info ][safepoint      ] Safepoint "Cleanup", Time since last: 1000137923 ns, Reaching safepoint: 13800 ns, Cleanup: 18101 ns, At safepoint: 3200 ns, Total: 35101 ns
[960.163s][info ][safepoint      ] Safepoint "Cleanup", Time since last: 4000335285 ns, Reaching safepoint: 13400 ns, Cleanup: 16901 ns, At safepoint: 3700 ns, Total: 34001 ns
[962.353s][info ][safepoint      ] Safepoint "Cleanup", Time since last: 2189635092 ns, Reaching safepoint: 8200 ns, Cleanup: 7901 ns, At safepoint: 2400 ns, Total: 18501 ns
[964.353s][info ][safepoint      ] Safepoint "Cleanup", Time since last: 2000187946 ns, Reaching safepoint: 8600 ns, Cleanup: 23301 ns, At safepoint: 2500 ns, Total: 34401 ns
[966.353s][info ][safepoint      ] Safepoint "Cleanup", Time since last: 2000199747 ns, Reaching safepoint: 8500 ns, Cleanup: 7400 ns, At safepoint: 2200 ns, Total: 18100 ns
[967.353s][info ][safepoint      ] Safepoint "Cleanup", Time since last: 1000105824 ns, Reaching safepoint: 8200 ns, Cleanup: 10100 ns, At safepoint: 2501 ns, Total: 20801 ns
[968.353s][info ][safepoint      ] Safepoint "Cleanup", Time since last: 1000111063 ns, Reaching safepoint: 8701 ns, Cleanup: 11300 ns, At safepoint: 2600 ns, Total: 22601 ns
[971.354s][info ][safepoint      ] Safepoint "Cleanup", Time since last: 3000259908 ns, Reaching safepoint: 9101 ns, Cleanup: 11100 ns, At safepoint: 3000 ns, Total: 23201 ns
[972.354s][info ][safepoint      ] Safepoint "Cleanup", Time since last: 1000149305 ns, Reaching safepoint: 9601 ns, Cleanup: 10000 ns, At safepoint: 3000 ns, Total: 22601 ns
[978.354s][info ][safepoint      ] Safepoint "Cleanup", Time since last: 6000461460 ns, Reaching safepoint: 6600 ns, Cleanup: 9601 ns, At safepoint: 2300 ns, Total: 18501 ns
[979.355s][info ][safepoint      ] Safepoint "Cleanup", Time since last: 1000100741 ns, Reaching safepoint: 149106 ns, Cleanup: 22500 ns, At safepoint: 6301 ns, Total: 177907 ns
[982.355s][info ][safepoint      ] Safepoint "Cleanup", Time since last: 3000277223 ns, Reaching safepoint: 31001 ns, Cleanup: 15100 ns, At safepoint: 3301 ns, Total: 49402 ns
[983.355s][info ][safepoint      ] Safepoint "Cleanup", Time since last: 1000122142 ns, Reaching safepoint: 7700 ns, Cleanup: 11100 ns, At safepoint: 2600 ns, Total: 21400 ns
[988.355s][info ][safepoint      ] Safepoint "Cleanup", Time since last: 5000326333 ns, Reaching safepoint: 8301 ns, Cleanup: 11400 ns, At safepoint: 2600 ns, Total: 22301 ns
[990.356s][info ][safepoint      ] Safepoint "Cleanup", Time since last: 2000179252 ns, Reaching safepoint: 9100 ns, Cleanup: 19601 ns, At safepoint: 2500 ns, Total: 31201 ns
[991.356s][info ][safepoint      ] Safepoint "Cleanup", Time since last: 1000103427 ns, Reaching safepoint: 7800 ns, Cleanup: 10200 ns, At safepoint: 2800 ns, Total: 20800 ns
[991.389s][info ][gc,start       ] GC(39) Pause Young (Allocation Failure)
[991.397s][debug][gc,phases      ] GC(39) Scavenge 7.800ms
[991.397s][debug][gc,ref         ] GC(39) ReferenceProcessor::execute queues: 1, RefProcThreadModel::Single, marks_oops_alive: false
[991.397s][debug][gc,ref         ] GC(39) Skipped KeepAliveFinalRefsPhase of Reference Processing: no references
[991.397s][debug][gc,ref         ] GC(39) ReferenceProcessor::execute queues: 1, RefProcThreadModel::Single, marks_oops_alive: false
[991.397s][debug][gc,phases      ] GC(39) Reference Processing 0.111ms
[991.397s][debug][gc,phases      ] GC(39)   VM Weak                        Min:  0.0, Avg:  0.0, Max:  0.0, Diff:  0.0, Sum:  0.0, Workers: 4
[991.397s][debug][gc,phases      ] GC(39)     Dead                           Min: 0, Avg:  0.0, Max: 0, Diff: 0, Sum: 0, Workers: 4
[991.397s][debug][gc,phases      ] GC(39)     Total                          Min: 0, Avg: 261.0, Max: 1044, Diff: 1044, Sum: 1044, Workers: 4
[991.397s][debug][gc,phases      ] GC(39)   ObjectSynchronizer Weak        Min:  0.0, Avg:  0.0, Max:  0.0, Diff:  0.0, Sum:  0.0, Workers: 4
[991.397s][debug][gc,phases      ] GC(39)     Dead                           Min: 0, Avg:  0.0, Max: 0, Diff: 0, Sum: 0, Workers: 4
[991.397s][debug][gc,phases      ] GC(39)     Total                          Min: 0, Avg:  1.0, Max: 4, Diff: 4, Sum: 4, Workers: 4
[991.397s][debug][gc,phases      ] GC(39)   JVMTI Tag Weak OopStorage      Min:  0.0, Avg:  0.0, Max:  0.0, Diff:  0.0, Sum:  0.0, Workers: 4
[991.397s][debug][gc,phases      ] GC(39)     Dead                           Min: 0, Avg:  0.0, Max: 0, Diff: 0, Sum: 0, Workers: 4
[991.397s][debug][gc,phases      ] GC(39)     Total                          Min: 0, Avg:  0.0, Max: 0, Diff: 0, Sum: 0, Workers: 4
[991.397s][debug][gc,phases      ] GC(39)   StringTable Weak               Min:  0.0, Avg:  0.1, Max:  0.2, Diff:  0.2, Sum:  0.4, Workers: 4
[991.397s][debug][gc,phases      ] GC(39)     Dead                           Min: 0, Avg:  0.0, Max: 0, Diff: 0, Sum: 0, Workers: 4
[991.397s][debug][gc,phases      ] GC(39)     Total                          Min: 0, Avg: 12327.5, Max: 16960, Diff: 16960, Sum: 49310, Workers: 4
[991.397s][debug][gc,phases      ] GC(39)   ResolvedMethodTable Weak       Min:  0.0, Avg:  0.0, Max:  0.1, Diff:  0.1, Sum:  0.2, Workers: 4
[991.397s][debug][gc,phases      ] GC(39)     Dead                           Min: 0, Avg:  4.0, Max: 8, Diff: 8, Sum: 16, Workers: 4
[991.397s][debug][gc,phases      ] GC(39)     Total                          Min: 0, Avg: 4055.0, Max: 5603, Diff: 5603, Sum: 16220, Workers: 4
[991.397s][debug][gc,phases      ] GC(39)   JNI Weak                       Min:  0.0, Avg:  0.0, Max:  0.0, Diff:  0.0, Sum:  0.0, Workers: 4
[991.397s][debug][gc,phases      ] GC(39)     Dead                           Min: 0, Avg:  0.0, Max: 0, Diff: 0, Sum: 0, Workers: 4
[991.397s][debug][gc,phases      ] GC(39)     Total                          Min: 0, Avg: 13.0, Max: 52, Diff: 52, Sum: 52, Workers: 4
[991.397s][debug][gc,phases      ] GC(39)   StringDedup Table Weak         Min:  0.0, Avg:  0.0, Max:  0.0, Diff:  0.0, Sum:  0.0, Workers: 4
[991.397s][debug][gc,phases      ] GC(39)     Dead                           Min: 0, Avg:  0.0, Max: 0, Diff: 0, Sum: 0, Workers: 4
[991.397s][debug][gc,phases      ] GC(39)     Total                          Min: 0, Avg:  0.0, Max: 0, Diff: 0, Sum: 0, Workers: 4
[991.397s][debug][gc,phases      ] GC(39)   StringDedup Requests0 Weak     Min:  0.0, Avg:  0.0, Max:  0.0, Diff:  0.0, Sum:  0.0, Workers: 4
[991.397s][debug][gc,phases      ] GC(39)     Dead                           Min: 0, Avg:  0.0, Max: 0, Diff: 0, Sum: 0, Workers: 4
[991.397s][debug][gc,phases      ] GC(39)     Total                          Min: 0, Avg:  0.0, Max: 0, Diff: 0, Sum: 0, Workers: 4
[991.397s][debug][gc,phases      ] GC(39)   StringDedup Requests1 Weak     Min:  0.0, Avg:  0.0, Max:  0.0, Diff:  0.0, Sum:  0.0, Workers: 4
[991.397s][debug][gc,phases      ] GC(39)     Dead                           Min: 0, Avg:  0.0, Max: 0, Diff: 0, Sum: 0, Workers: 4
[991.397s][debug][gc,phases      ] GC(39)     Total                          Min: 0, Avg:  0.0, Max: 0, Diff: 0, Sum: 0, Workers: 4
[991.397s][debug][gc,phases      ] GC(39)   Weak JFR Old Object Samples    Min:  0.0, Avg:  0.0, Max:  0.0, Diff:  0.0, Sum:  0.0, Workers: 4
[991.397s][debug][gc,phases      ] GC(39)     Dead                           Min: 0, Avg:  0.0, Max: 0, Diff: 0, Sum: 0, Workers: 4
[991.397s][debug][gc,phases      ] GC(39)     Total                          Min: 0, Avg:  0.0, Max: 0, Diff: 0, Sum: 0, Workers: 4
[991.397s][debug][gc,phases      ] GC(39) Weak Processing 0.431ms
[991.397s][debug][gc,age         ] GC(39) Desired survivor size 91750400 bytes, new threshold 1 (max threshold 15)
[991.397s][info ][gc,heap        ] GC(39) PSYoungGen: 1895040K(1994240K)->12144K(2007552K) Eden: 1891328K(1891328K)->0K(1910784K) From: 3712K(102912K)->12144K(96768K)
[991.397s][info ][gc,heap        ] GC(39) ParOldGen: 305939K(306176K)->306771K(307200K)
[991.397s][info ][gc,metaspace   ] GC(39) Metaspace: 112591K(113920K)->112591K(113920K) NonClass: 95697K(96448K)->95697K(96448K) Class: 16893K(17472K)->16893K(17472K)
[991.397s][info ][gc             ] GC(39) Pause Young (Allocation Failure) 2149M->311M(2260M) 8.488ms
[991.397s][info ][gc,cpu         ] GC(39) User=0.03s Sys=0.00s Real=0.01s
[991.397s][info ][safepoint      ] Safepoint "ParallelGCFailedAllocation", Time since last: 33052747 ns, Reaching safepoint: 8500 ns, Cleanup: 4501 ns, At safepoint: 8562423 ns, Total: 8575424 ns
[992.398s][info ][safepoint      ] Safepoint "Cleanup", Time since last: 1000086704 ns, Reaching safepoint: 8000 ns, Cleanup: 10500 ns, At safepoint: 2600 ns, Total: 21100 ns
[1004.398s][info ][safepoint      ] Safepoint "Cleanup", Time since last: 12000880913 ns, Reaching safepoint: 8500 ns, Cleanup: 10500 ns, At safepoint: 2401 ns, Total: 21401 ns
[1016.399s][info ][safepoint      ] Safepoint "Cleanup", Time since last: 12000881305 ns, Reaching safepoint: 8800 ns, Cleanup: 10501 ns, At safepoint: 2700 ns, Total: 22001 ns
[1034.372s][info ][safepoint      ] Safepoint "Cleanup", Time since last: 17972631231 ns, Reaching safepoint: 8600 ns, Cleanup: 16201 ns, At safepoint: 2800 ns, Total: 27601 ns
[1042.903s][info ][gc,start       ] GC(40) Pause Young (Allocation Failure)
[1042.911s][debug][gc,phases      ] GC(40) Scavenge 8.284ms
[1042.912s][debug][gc,ref         ] GC(40) ReferenceProcessor::execute queues: 1, RefProcThreadModel::Single, marks_oops_alive: false
[1042.912s][debug][gc,ref         ] GC(40) Skipped KeepAliveFinalRefsPhase of Reference Processing: no references
[1042.912s][debug][gc,ref         ] GC(40) ReferenceProcessor::execute queues: 1, RefProcThreadModel::Single, marks_oops_alive: false
[1042.912s][debug][gc,phases      ] GC(40) Reference Processing 0.113ms
[1042.912s][debug][gc,phases      ] GC(40)   VM Weak                        Min:  0.0, Avg:  0.0, Max:  0.0, Diff:  0.0, Sum:  0.0, Workers: 4
[1042.912s][debug][gc,phases      ] GC(40)     Dead                           Min: 0, Avg:  0.0, Max: 0, Diff: 0, Sum: 0, Workers: 4
[1042.912s][debug][gc,phases      ] GC(40)     Total                          Min: 0, Avg: 261.0, Max: 576, Diff: 576, Sum: 1044, Workers: 4
[1042.912s][debug][gc,phases      ] GC(40)   ObjectSynchronizer Weak        Min:  0.0, Avg:  0.0, Max:  0.0, Diff:  0.0, Sum:  0.0, Workers: 4
[1042.912s][debug][gc,phases      ] GC(40)     Dead                           Min: 0, Avg:  0.0, Max: 0, Diff: 0, Sum: 0, Workers: 4
[1042.912s][debug][gc,phases      ] GC(40)     Total                          Min: 0, Avg:  0.8, Max: 3, Diff: 3, Sum: 3, Workers: 4
[1042.912s][debug][gc,phases      ] GC(40)   JVMTI Tag Weak OopStorage      Min:  0.0, Avg:  0.0, Max:  0.0, Diff:  0.0, Sum:  0.0, Workers: 4
[1042.912s][debug][gc,phases      ] GC(40)     Dead                           Min: 0, Avg:  0.0, Max: 0, Diff: 0, Sum: 0, Workers: 4
[1042.912s][debug][gc,phases      ] GC(40)     Total                          Min: 0, Avg:  0.0, Max: 0, Diff: 0, Sum: 0, Workers: 4
[1042.912s][debug][gc,phases      ] GC(40)   StringTable Weak               Min:  0.0, Avg:  0.1, Max:  0.2, Diff:  0.2, Sum:  0.5, Workers: 4
[1042.912s][debug][gc,phases      ] GC(40)     Dead                           Min: 0, Avg:  0.0, Max: 0, Diff: 0, Sum: 0, Workers: 4
[1042.912s][debug][gc,phases      ] GC(40)     Total                          Min: 0, Avg: 12327.5, Max: 16640, Diff: 16640, Sum: 49310, Workers: 4
[1042.912s][debug][gc,phases      ] GC(40)   ResolvedMethodTable Weak       Min:  0.0, Avg:  0.0, Max:  0.1, Diff:  0.1, Sum:  0.2, Workers: 4
[1042.912s][debug][gc,phases      ] GC(40)     Dead                           Min: 0, Avg:  4.0, Max: 10, Diff: 10, Sum: 16, Workers: 4
[1042.912s][debug][gc,phases      ] GC(40)     Total                          Min: 0, Avg: 4055.0, Max: 5958, Diff: 5958, Sum: 16220, Workers: 4
[1042.912s][debug][gc,phases      ] GC(40)   JNI Weak                       Min:  0.0, Avg:  0.0, Max:  0.0, Diff:  0.0, Sum:  0.0, Workers: 4
[1042.912s][debug][gc,phases      ] GC(40)     Dead                           Min: 0, Avg:  0.0, Max: 0, Diff: 0, Sum: 0, Workers: 4
[1042.912s][debug][gc,phases      ] GC(40)     Total                          Min: 0, Avg: 13.0, Max: 52, Diff: 52, Sum: 52, Workers: 4
[1042.912s][debug][gc,phases      ] GC(40)   StringDedup Table Weak         Min:  0.0, Avg:  0.0, Max:  0.0, Diff:  0.0, Sum:  0.0, Workers: 4
[1042.912s][debug][gc,phases      ] GC(40)     Dead                           Min: 0, Avg:  0.0, Max: 0, Diff: 0, Sum: 0, Workers: 4
[1042.912s][debug][gc,phases      ] GC(40)     Total                          Min: 0, Avg:  0.0, Max: 0, Diff: 0, Sum: 0, Workers: 4
[1042.912s][debug][gc,phases      ] GC(40)   StringDedup Requests0 Weak     Min:  0.0, Avg:  0.0, Max:  0.0, Diff:  0.0, Sum:  0.0, Workers: 4
[1042.912s][debug][gc,phases      ] GC(40)     Dead                           Min: 0, Avg:  0.0, Max: 0, Diff: 0, Sum: 0, Workers: 4
[1042.912s][debug][gc,phases      ] GC(40)     Total                          Min: 0, Avg:  0.0, Max: 0, Diff: 0, Sum: 0, Workers: 4
[1042.912s][debug][gc,phases      ] GC(40)   StringDedup Requests1 Weak     Min:  0.0, Avg:  0.0, Max:  0.0, Diff:  0.0, Sum:  0.0, Workers: 4
[1042.912s][debug][gc,phases      ] GC(40)     Dead                           Min: 0, Avg:  0.0, Max: 0, Diff: 0, Sum: 0, Workers: 4
[1042.912s][debug][gc,phases      ] GC(40)     Total                          Min: 0, Avg:  0.0, Max: 0, Diff: 0, Sum: 0, Workers: 4
[1042.912s][debug][gc,phases      ] GC(40)   Weak JFR Old Object Samples    Min:  0.0, Avg:  0.0, Max:  0.0, Diff:  0.0, Sum:  0.0, Workers: 4
[1042.912s][debug][gc,phases      ] GC(40)     Dead                           Min: 0, Avg:  0.0, Max: 0, Diff: 0, Sum: 0, Workers: 4
[1042.912s][debug][gc,phases      ] GC(40)     Total                          Min: 0, Avg:  0.0, Max: 0, Diff: 0, Sum: 0, Workers: 4
[1042.912s][debug][gc,phases      ] GC(40) Weak Processing 0.457ms
[1042.912s][debug][gc,age         ] GC(40) Desired survivor size 86507520 bytes, new threshold 1 (max threshold 15)
[1042.912s][info ][gc,heap        ] GC(40) PSYoungGen: 1922928K(2007552K)->2256K(2000384K) Eden: 1910784K(1910784K)->0K(1910784K) From: 12144K(96768K)->2256K(89600K)
[1042.912s][info ][gc,heap        ] GC(40) ParOldGen: 306771K(307200K)->317804K(317952K)
[1042.912s][info ][gc,metaspace   ] GC(40) Metaspace: 112601K(113984K)->112601K(113984K) NonClass: 95707K(96512K)->95707K(96512K) Class: 16893K(17472K)->16893K(17472K)
[1042.912s][info ][gc             ] GC(40) Pause Young (Allocation Failure) 2177M->312M(2264M) 8.984ms
[1042.912s][info ][gc,cpu         ] GC(40) User=0.02s Sys=0.00s Real=0.01s
[1042.912s][info ][safepoint      ] Safepoint "ParallelGCFailedAllocation", Time since last: 8531107007 ns, Reaching safepoint: 7900 ns, Cleanup: 3700 ns, At safepoint: 9064038 ns, Total: 9075638 ns
[1048.913s][info ][safepoint      ] Safepoint "Cleanup", Time since last: 6000513649 ns, Reaching safepoint: 11001 ns, Cleanup: 11900 ns, At safepoint: 3200 ns, Total: 26101 ns
[1053.913s][info ][safepoint      ] Safepoint "Cleanup", Time since last: 5000427219 ns, Reaching safepoint: 8700 ns, Cleanup: 15101 ns, At safepoint: 2800 ns, Total: 26601 ns
[1079.915s][info ][safepoint      ] Safepoint "Cleanup", Time since last: 26001989234 ns, Reaching safepoint: 8101 ns, Cleanup: 9500 ns, At safepoint: 2400 ns, Total: 20001 ns
[1080.915s][info ][safepoint      ] Safepoint "Cleanup", Time since last: 1000111545 ns, Reaching safepoint: 7700 ns, Cleanup: 8301 ns, At safepoint: 2300 ns, Total: 18301 ns
[1092.916s][info ][safepoint      ] Safepoint "Cleanup", Time since last: 12000884961 ns, Reaching safepoint: 8701 ns, Cleanup: 13700 ns, At safepoint: 2600 ns, Total: 25001 ns
[1093.916s][info ][safepoint      ] Safepoint "Cleanup", Time since last: 1000114908 ns, Reaching safepoint: 10501 ns, Cleanup: 19400 ns, At safepoint: 3301 ns, Total: 33202 ns
[1094.185s][info ][gc,start       ] GC(41) Pause Young (Allocation Failure)
[1094.187s][debug][gc,phases      ] GC(41) Scavenge 2.503ms
[1094.187s][debug][gc,ref         ] GC(41) ReferenceProcessor::execute queues: 1, RefProcThreadModel::Single, marks_oops_alive: false
[1094.187s][debug][gc,ref         ] GC(41) Skipped KeepAliveFinalRefsPhase of Reference Processing: no references
[1094.187s][debug][gc,ref         ] GC(41) ReferenceProcessor::execute queues: 1, RefProcThreadModel::Single, marks_oops_alive: false
[1094.187s][debug][gc,phases      ] GC(41) Reference Processing 0.112ms
[1094.188s][debug][gc,phases      ] GC(41)   VM Weak                        Min:  0.0, Avg:  0.0, Max:  0.0, Diff:  0.0, Sum:  0.0, Workers: 4
[1094.188s][debug][gc,phases      ] GC(41)     Dead                           Min: 0, Avg:  0.0, Max: 0, Diff: 0, Sum: 0, Workers: 4
[1094.188s][debug][gc,phases      ] GC(41)     Total                          Min: 0, Avg: 261.0, Max: 768, Diff: 768, Sum: 1044, Workers: 4
[1094.188s][debug][gc,phases      ] GC(41)   ObjectSynchronizer Weak        Min:  0.0, Avg:  0.0, Max:  0.0, Diff:  0.0, Sum:  0.0, Workers: 4
[1094.188s][debug][gc,phases      ] GC(41)     Dead                           Min: 0, Avg:  0.0, Max: 0, Diff: 0, Sum: 0, Workers: 4
[1094.188s][debug][gc,phases      ] GC(41)     Total                          Min: 0, Avg:  0.8, Max: 3, Diff: 3, Sum: 3, Workers: 4
[1094.188s][debug][gc,phases      ] GC(41)   JVMTI Tag Weak OopStorage      Min:  0.0, Avg:  0.0, Max:  0.0, Diff:  0.0, Sum:  0.0, Workers: 4
[1094.188s][debug][gc,phases      ] GC(41)     Dead                           Min: 0, Avg:  0.0, Max: 0, Diff: 0, Sum: 0, Workers: 4
[1094.188s][debug][gc,phases      ] GC(41)     Total                          Min: 0, Avg:  0.0, Max: 0, Diff: 0, Sum: 0, Workers: 4
[1094.188s][debug][gc,phases      ] GC(41)   StringTable Weak               Min:  0.0, Avg:  0.1, Max:  0.1, Diff:  0.1, Sum:  0.4, Workers: 4
[1094.188s][debug][gc,phases      ] GC(41)     Dead                           Min: 0, Avg:  0.0, Max: 0, Diff: 0, Sum: 0, Workers: 4
[1094.188s][debug][gc,phases      ] GC(41)     Total                          Min: 0, Avg: 12327.8, Max: 17280, Diff: 17280, Sum: 49311, Workers: 4
[1094.188s][debug][gc,phases      ] GC(41)   ResolvedMethodTable Weak       Min:  0.0, Avg:  0.0, Max:  0.0, Diff:  0.0, Sum:  0.1, Workers: 4
[1094.188s][debug][gc,phases      ] GC(41)     Dead                           Min: 0, Avg:  8.2, Max: 33, Diff: 33, Sum: 33, Workers: 4
[1094.188s][debug][gc,phases      ] GC(41)     Total                          Min: 0, Avg: 4056.2, Max: 6085, Diff: 6085, Sum: 16225, Workers: 4
[1094.188s][debug][gc,phases      ] GC(41)   JNI Weak                       Min:  0.0, Avg:  0.0, Max:  0.0, Diff:  0.0, Sum:  0.0, Workers: 4
[1094.188s][debug][gc,phases      ] GC(41)     Dead                           Min: 0, Avg:  0.0, Max: 0, Diff: 0, Sum: 0, Workers: 4
[1094.188s][debug][gc,phases      ] GC(41)     Total                          Min: 0, Avg: 13.0, Max: 52, Diff: 52, Sum: 52, Workers: 4
[1094.188s][debug][gc,phases      ] GC(41)   StringDedup Table Weak         Min:  0.0, Avg:  0.0, Max:  0.0, Diff:  0.0, Sum:  0.0, Workers: 4
[1094.188s][debug][gc,phases      ] GC(41)     Dead                           Min: 0, Avg:  0.0, Max: 0, Diff: 0, Sum: 0, Workers: 4
[1094.188s][debug][gc,phases      ] GC(41)     Total                          Min: 0, Avg:  0.0, Max: 0, Diff: 0, Sum: 0, Workers: 4
[1094.188s][debug][gc,phases      ] GC(41)   StringDedup Requests0 Weak     Min:  0.0, Avg:  0.0, Max:  0.0, Diff:  0.0, Sum:  0.0, Workers: 4
[1094.188s][debug][gc,phases      ] GC(41)     Dead                           Min: 0, Avg:  0.0, Max: 0, Diff: 0, Sum: 0, Workers: 4
[1094.188s][debug][gc,phases      ] GC(41)     Total                          Min: 0, Avg:  0.0, Max: 0, Diff: 0, Sum: 0, Workers: 4
[1094.188s][debug][gc,phases      ] GC(41)   StringDedup Requests1 Weak     Min:  0.0, Avg:  0.0, Max:  0.0, Diff:  0.0, Sum:  0.0, Workers: 4
[1094.188s][debug][gc,phases      ] GC(41)     Dead                           Min: 0, Avg:  0.0, Max: 0, Diff: 0, Sum: 0, Workers: 4
[1094.188s][debug][gc,phases      ] GC(41)     Total                          Min: 0, Avg:  0.0, Max: 0, Diff: 0, Sum: 0, Workers: 4
[1094.188s][debug][gc,phases      ] GC(41)   Weak JFR Old Object Samples    Min:  0.0, Avg:  0.0, Max:  0.0, Diff:  0.0, Sum:  0.0, Workers: 4
[1094.188s][debug][gc,phases      ] GC(41)     Dead                           Min: 0, Avg:  0.0, Max: 0, Diff: 0, Sum: 0, Workers: 4
[1094.188s][debug][gc,phases      ] GC(41)     Total                          Min: 0, Avg:  0.0, Max: 0, Diff: 0, Sum: 0, Workers: 4
[1094.188s][debug][gc,phases      ] GC(41) Weak Processing 0.387ms
[1094.188s][debug][gc,age         ] GC(41) Desired survivor size 81788928 bytes, new threshold 1 (max threshold 15)
[1094.188s][info ][gc,heap        ] GC(41) PSYoungGen: 1913040K(2000384K)->2656K(2017280K) Eden: 1910784K(1910784K)->0K(1932800K) From: 2256K(89600K)->2656K(84480K)
[1094.188s][info ][gc,heap        ] GC(41) ParOldGen: 317804K(317952K)->318408K(318464K)
[1094.188s][info ][gc,metaspace   ] GC(41) Metaspace: 112623K(113984K)->112623K(113984K) NonClass: 95729K(96512K)->95729K(96512K) Class: 16893K(17472K)->16893K(17472K)
[1094.188s][info ][gc             ] GC(41) Pause Young (Allocation Failure) 2178M->313M(2281M) 3.125ms
[1094.188s][info ][gc,cpu         ] GC(41) User=0.01s Sys=0.00s Real=0.01s
[1094.188s][info ][safepoint      ] Safepoint "ParallelGCFailedAllocation", Time since last: 268207026 ns, Reaching safepoint: 85304 ns, Cleanup: 14100 ns, At safepoint: 3202824 ns, Total: 3302228 ns
[1095.188s][info ][safepoint      ] Safepoint "Cleanup", Time since last: 1000097707 ns, Reaching safepoint: 80503 ns, Cleanup: 9600 ns, At safepoint: 6601 ns, Total: 96704 ns
[1097.188s][info ][safepoint      ] Safepoint "Cleanup", Time since last: 2000179162 ns, Reaching safepoint: 78403 ns, Cleanup: 17801 ns, At safepoint: 6400 ns, Total: 102604 ns
[1104.189s][info ][safepoint      ] Safepoint "Cleanup", Time since last: 7000540412 ns, Reaching safepoint: 102404 ns, Cleanup: 9000 ns, At safepoint: 15501 ns, Total: 126905 ns
[1129.191s][info ][safepoint      ] Safepoint "Cleanup", Time since last: 25001982359 ns, Reaching safepoint: 7900 ns, Cleanup: 18201 ns, At safepoint: 2700 ns, Total: 28801 ns
[1132.191s][info ][safepoint      ] Safepoint "Cleanup", Time since last: 3000292843 ns, Reaching safepoint: 118304 ns, Cleanup: 17801 ns, At safepoint: 12201 ns, Total: 148306 ns
[1139.192s][info ][safepoint      ] Safepoint "Cleanup", Time since last: 7000631815 ns, Reaching safepoint: 8701 ns, Cleanup: 10700 ns, At safepoint: 2600 ns, Total: 22001 ns
[1141.192s][info ][safepoint      ] Safepoint "Cleanup", Time since last: 2000198418 ns, Reaching safepoint: 9001 ns, Cleanup: 11500 ns, At safepoint: 30301 ns, Total: 50802 ns
[1145.784s][info ][gc,start       ] GC(42) Pause Young (Allocation Failure)
[1145.786s][debug][gc,phases      ] GC(42) Scavenge 2.392ms
[1145.786s][debug][gc,ref         ] GC(42) ReferenceProcessor::execute queues: 1, RefProcThreadModel::Single, marks_oops_alive: false
[1145.786s][debug][gc,ref         ] GC(42) Skipped KeepAliveFinalRefsPhase of Reference Processing: no references
[1145.786s][debug][gc,ref         ] GC(42) ReferenceProcessor::execute queues: 1, RefProcThreadModel::Single, marks_oops_alive: false
[1145.786s][debug][gc,phases      ] GC(42) Reference Processing 0.110ms
[1145.787s][debug][gc,phases      ] GC(42)   VM Weak                        Min:  0.0, Avg:  0.0, Max:  0.0, Diff:  0.0, Sum:  0.0, Workers: 4
[1145.787s][debug][gc,phases      ] GC(42)     Dead                           Min: 0, Avg:  0.0, Max: 0, Diff: 0, Sum: 0, Workers: 4
[1145.787s][debug][gc,phases      ] GC(42)     Total                          Min: 0, Avg: 261.2, Max: 853, Diff: 853, Sum: 1045, Workers: 4
[1145.787s][debug][gc,phases      ] GC(42)   ObjectSynchronizer Weak        Min:  0.0, Avg:  0.0, Max:  0.0, Diff:  0.0, Sum:  0.0, Workers: 4
[1145.787s][debug][gc,phases      ] GC(42)     Dead                           Min: 0, Avg:  0.0, Max: 0, Diff: 0, Sum: 0, Workers: 4
[1145.787s][debug][gc,phases      ] GC(42)     Total                          Min: 0, Avg:  0.8, Max: 3, Diff: 3, Sum: 3, Workers: 4
[1145.787s][debug][gc,phases      ] GC(42)   JVMTI Tag Weak OopStorage      Min:  0.0, Avg:  0.0, Max:  0.0, Diff:  0.0, Sum:  0.0, Workers: 4
[1145.787s][debug][gc,phases      ] GC(42)     Dead                           Min: 0, Avg:  0.0, Max: 0, Diff: 0, Sum: 0, Workers: 4
[1145.787s][debug][gc,phases      ] GC(42)     Total                          Min: 0, Avg:  0.0, Max: 0, Diff: 0, Sum: 0, Workers: 4
[1145.787s][debug][gc,phases      ] GC(42)   StringTable Weak               Min:  0.0, Avg:  0.1, Max:  0.1, Diff:  0.1, Sum:  0.4, Workers: 4
[1145.787s][debug][gc,phases      ] GC(42)     Dead                           Min: 0, Avg:  0.0, Max: 0, Diff: 0, Sum: 0, Workers: 4
[1145.787s][debug][gc,phases      ] GC(42)     Total                          Min: 0, Avg: 12328.8, Max: 19200, Diff: 19200, Sum: 49315, Workers: 4
[1145.787s][debug][gc,phases      ] GC(42)   ResolvedMethodTable Weak       Min:  0.0, Avg:  0.0, Max:  0.1, Diff:  0.1, Sum:  0.2, Workers: 4
[1145.787s][debug][gc,phases      ] GC(42)     Dead                           Min: 0, Avg:  4.2, Max: 14, Diff: 14, Sum: 17, Workers: 4
[1145.787s][debug][gc,phases      ] GC(42)     Total                          Min: 0, Avg: 4056.8, Max: 6515, Diff: 6515, Sum: 16227, Workers: 4
[1145.787s][debug][gc,phases      ] GC(42)   JNI Weak                       Min:  0.0, Avg:  0.0, Max:  0.0, Diff:  0.0, Sum:  0.0, Workers: 4
[1145.787s][debug][gc,phases      ] GC(42)     Dead                           Min: 0, Avg:  0.0, Max: 0, Diff: 0, Sum: 0, Workers: 4
[1145.787s][debug][gc,phases      ] GC(42)     Total                          Min: 0, Avg: 13.0, Max: 52, Diff: 52, Sum: 52, Workers: 4
[1145.787s][debug][gc,phases      ] GC(42)   StringDedup Table Weak         Min:  0.0, Avg:  0.0, Max:  0.0, Diff:  0.0, Sum:  0.0, Workers: 4
[1145.787s][debug][gc,phases      ] GC(42)     Dead                           Min: 0, Avg:  0.0, Max: 0, Diff: 0, Sum: 0, Workers: 4
[1145.787s][debug][gc,phases      ] GC(42)     Total                          Min: 0, Avg:  0.0, Max: 0, Diff: 0, Sum: 0, Workers: 4
[1145.787s][debug][gc,phases      ] GC(42)   StringDedup Requests0 Weak     Min:  0.0, Avg:  0.0, Max:  0.0, Diff:  0.0, Sum:  0.0, Workers: 4
[1145.787s][debug][gc,phases      ] GC(42)     Dead                           Min: 0, Avg:  0.0, Max: 0, Diff: 0, Sum: 0, Workers: 4
[1145.787s][debug][gc,phases      ] GC(42)     Total                          Min: 0, Avg:  0.0, Max: 0, Diff: 0, Sum: 0, Workers: 4
[1145.787s][debug][gc,phases      ] GC(42)   StringDedup Requests1 Weak     Min:  0.0, Avg:  0.0, Max:  0.0, Diff:  0.0, Sum:  0.0, Workers: 4
[1145.787s][debug][gc,phases      ] GC(42)     Dead                           Min: 0, Avg:  0.0, Max: 0, Diff: 0, Sum: 0, Workers: 4
[1145.787s][debug][gc,phases      ] GC(42)     Total                          Min: 0, Avg:  0.0, Max: 0, Diff: 0, Sum: 0, Workers: 4
[1145.787s][debug][gc,phases      ] GC(42)   Weak JFR Old Object Samples    Min:  0.0, Avg:  0.0, Max:  0.0, Diff:  0.0, Sum:  0.0, Workers: 4
[1145.787s][debug][gc,phases      ] GC(42)     Dead                           Min: 0, Avg:  0.0, Max: 0, Diff: 0, Sum: 0, Workers: 4
[1145.787s][debug][gc,phases      ] GC(42)     Total                          Min: 0, Avg:  0.0, Max: 0, Diff: 0, Sum: 0, Workers: 4
[1145.787s][debug][gc,phases      ] GC(42) Weak Processing 0.415ms
[1145.787s][debug][gc,age         ] GC(42) Desired survivor size 77070336 bytes, new threshold 1 (max threshold 15)
[1145.787s][info ][gc,heap        ] GC(42) PSYoungGen: 1935456K(2017280K)->2208K(2012672K) Eden: 1932800K(1932800K)->0K(1932800K) From: 2656K(84480K)->2208K(79872K)
[1145.787s][info ][gc,heap        ] GC(42) ParOldGen: 318408K(318464K)->319028K(319488K)
[1145.787s][info ][gc,metaspace   ] GC(42) Metaspace: 112676K(113984K)->112676K(113984K) NonClass: 95780K(96512K)->95780K(96512K) Class: 16895K(17472K)->16895K(17472K)
[1145.787s][info ][gc             ] GC(42) Pause Young (Allocation Failure) 2201M->313M(2277M) 3.022ms
[1145.787s][info ][gc,cpu         ] GC(42) User=0.01s Sys=0.00s Real=0.01s
[1145.787s][info ][safepoint      ] Safepoint "ParallelGCFailedAllocation", Time since last: 4591367032 ns, Reaching safepoint: 84903 ns, Cleanup: 3000 ns, At safepoint: 3093716 ns, Total: 3181619 ns
[1147.787s][info ][safepoint      ] Safepoint "Cleanup", Time since last: 2000192657 ns, Reaching safepoint: 83603 ns, Cleanup: 9200 ns, At safepoint: 7500 ns, Total: 100303 ns
[1155.788s][info ][safepoint      ] Safepoint "Cleanup", Time since last: 8000696700 ns, Reaching safepoint: 81203 ns, Cleanup: 10401 ns, At safepoint: 9800 ns, Total: 101404 ns
[1156.788s][info ][safepoint      ] Safepoint "Cleanup", Time since last: 1000110695 ns, Reaching safepoint: 80003 ns, Cleanup: 10801 ns, At safepoint: 6200 ns, Total: 97004 ns
[1168.789s][info ][safepoint      ] Safepoint "Cleanup", Time since last: 12001062643 ns, Reaching safepoint: 100704 ns, Cleanup: 14700 ns, At safepoint: 9401 ns, Total: 124805 ns
[1169.790s][info ][safepoint      ] Safepoint "Cleanup", Time since last: 1000152425 ns, Reaching safepoint: 107604 ns, Cleanup: 10401 ns, At safepoint: 8800 ns, Total: 126805 ns
[1179.791s][info ][safepoint      ] Safepoint "Cleanup", Time since last: 10000805334 ns, Reaching safepoint: 79203 ns, Cleanup: 10000 ns, At safepoint: 8100 ns, Total: 97303 ns
[1181.791s][info ][safepoint      ] Safepoint "Cleanup", Time since last: 2000238500 ns, Reaching safepoint: 113804 ns, Cleanup: 11400 ns, At safepoint: 7801 ns, Total: 133005 ns
[1185.791s][info ][safepoint      ] Safepoint "Cleanup", Time since last: 4000332254 ns, Reaching safepoint: 7500 ns, Cleanup: 10701 ns, At safepoint: 2300 ns, Total: 20501 ns
[1186.792s][info ][safepoint      ] Safepoint "Cleanup", Time since last: 1000116476 ns, Reaching safepoint: 80003 ns, Cleanup: 10000 ns, At safepoint: 6701 ns, Total: 96704 ns
[1196.792s][info ][safepoint      ] Safepoint "Cleanup", Time since last: 10000772136 ns, Reaching safepoint: 8000 ns, Cleanup: 10901 ns, At safepoint: 2300 ns, Total: 21201 ns
[1197.792s][info ][safepoint      ] Safepoint "Cleanup", Time since last: 1000113274 ns, Reaching safepoint: 7100 ns, Cleanup: 10500 ns, At safepoint: 2600 ns, Total: 20200 ns
[1198.238s][info ][gc,start       ] GC(43) Pause Young (Allocation Failure)
[1198.240s][debug][gc,phases      ] GC(43) Scavenge 2.125ms
[1198.240s][debug][gc,ref         ] GC(43) ReferenceProcessor::execute queues: 1, RefProcThreadModel::Single, marks_oops_alive: false
[1198.240s][debug][gc,ref         ] GC(43) Skipped KeepAliveFinalRefsPhase of Reference Processing: no references
[1198.240s][debug][gc,ref         ] GC(43) ReferenceProcessor::execute queues: 1, RefProcThreadModel::Single, marks_oops_alive: false
[1198.240s][debug][gc,phases      ] GC(43) Reference Processing 0.109ms
[1198.241s][debug][gc,phases      ] GC(43)   VM Weak                        Min:  0.0, Avg:  0.0, Max:  0.0, Diff:  0.0, Sum:  0.0, Workers: 4
[1198.241s][debug][gc,phases      ] GC(43)     Dead                           Min: 0, Avg:  0.0, Max: 0, Diff: 0, Sum: 0, Workers: 4
[1198.241s][debug][gc,phases      ] GC(43)     Total                          Min: 0, Avg: 261.2, Max: 597, Diff: 597, Sum: 1045, Workers: 4
[1198.241s][debug][gc,phases      ] GC(43)   ObjectSynchronizer Weak        Min:  0.0, Avg:  0.0, Max:  0.0, Diff:  0.0, Sum:  0.0, Workers: 4
[1198.241s][debug][gc,phases      ] GC(43)     Dead                           Min: 0, Avg:  0.0, Max: 0, Diff: 0, Sum: 0, Workers: 4
[1198.241s][debug][gc,phases      ] GC(43)     Total                          Min: 0, Avg:  0.8, Max: 3, Diff: 3, Sum: 3, Workers: 4
[1198.241s][debug][gc,phases      ] GC(43)   JVMTI Tag Weak OopStorage      Min:  0.0, Avg:  0.0, Max:  0.0, Diff:  0.0, Sum:  0.0, Workers: 4
[1198.241s][debug][gc,phases      ] GC(43)     Dead                           Min: 0, Avg:  0.0, Max: 0, Diff: 0, Sum: 0, Workers: 4
[1198.241s][debug][gc,phases      ] GC(43)     Total                          Min: 0, Avg:  0.0, Max: 0, Diff: 0, Sum: 0, Workers: 4
[1198.241s][debug][gc,phases      ] GC(43)   StringTable Weak               Min:  0.0, Avg:  0.1, Max:  0.2, Diff:  0.2, Sum:  0.5, Workers: 4
[1198.241s][debug][gc,phases      ] GC(43)     Dead                           Min: 0, Avg:  0.0, Max: 0, Diff: 0, Sum: 0, Workers: 4
[1198.241s][debug][gc,phases      ] GC(43)     Total                          Min: 0, Avg: 12330.5, Max: 17834, Diff: 17834, Sum: 49322, Workers: 4
[1198.241s][debug][gc,phases      ] GC(43)   ResolvedMethodTable Weak       Min:  0.0, Avg:  0.0, Max:  0.1, Diff:  0.1, Sum:  0.2, Workers: 4
[1198.241s][debug][gc,phases      ] GC(43)     Dead                           Min: 0, Avg:  4.0, Max: 13, Diff: 13, Sum: 16, Workers: 4
[1198.241s][debug][gc,phases      ] GC(43)     Total                          Min: 0, Avg: 4056.8, Max: 5996, Diff: 5996, Sum: 16227, Workers: 4
[1198.241s][debug][gc,phases      ] GC(43)   JNI Weak                       Min:  0.0, Avg:  0.0, Max:  0.0, Diff:  0.0, Sum:  0.0, Workers: 4
[1198.241s][debug][gc,phases      ] GC(43)     Dead                           Min: 0, Avg:  0.0, Max: 0, Diff: 0, Sum: 0, Workers: 4
[1198.241s][debug][gc,phases      ] GC(43)     Total                          Min: 0, Avg: 13.0, Max: 52, Diff: 52, Sum: 52, Workers: 4
[1198.241s][debug][gc,phases      ] GC(43)   StringDedup Table Weak         Min:  0.0, Avg:  0.0, Max:  0.0, Diff:  0.0, Sum:  0.0, Workers: 4
[1198.241s][debug][gc,phases      ] GC(43)     Dead                           Min: 0, Avg:  0.0, Max: 0, Diff: 0, Sum: 0, Workers: 4
[1198.241s][debug][gc,phases      ] GC(43)     Total                          Min: 0, Avg:  0.0, Max: 0, Diff: 0, Sum: 0, Workers: 4
[1198.241s][debug][gc,phases      ] GC(43)   StringDedup Requests0 Weak     Min:  0.0, Avg:  0.0, Max:  0.0, Diff:  0.0, Sum:  0.0, Workers: 4
[1198.241s][debug][gc,phases      ] GC(43)     Dead                           Min: 0, Avg:  0.0, Max: 0, Diff: 0, Sum: 0, Workers: 4
[1198.241s][debug][gc,phases      ] GC(43)     Total                          Min: 0, Avg:  0.0, Max: 0, Diff: 0, Sum: 0, Workers: 4
[1198.241s][debug][gc,phases      ] GC(43)   StringDedup Requests1 Weak     Min:  0.0, Avg:  0.0, Max:  0.0, Diff:  0.0, Sum:  0.0, Workers: 4
[1198.241s][debug][gc,phases      ] GC(43)     Dead                           Min: 0, Avg:  0.0, Max: 0, Diff: 0, Sum: 0, Workers: 4
[1198.241s][debug][gc,phases      ] GC(43)     Total                          Min: 0, Avg:  0.0, Max: 0, Diff: 0, Sum: 0, Workers: 4
[1198.241s][debug][gc,phases      ] GC(43)   Weak JFR Old Object Samples    Min:  0.0, Avg:  0.0, Max:  0.0, Diff:  0.0, Sum:  0.0, Workers: 4
[1198.241s][debug][gc,phases      ] GC(43)     Dead                           Min: 0, Avg:  0.0, Max: 0, Diff: 0, Sum: 0, Workers: 4
[1198.241s][debug][gc,phases      ] GC(43)     Total                          Min: 0, Avg:  0.0, Max: 0, Diff: 0, Sum: 0, Workers: 4
[1198.241s][debug][gc,phases      ] GC(43) Weak Processing 0.404ms
[1198.241s][debug][gc,age         ] GC(43) Desired survivor size 72351744 bytes, new threshold 1 (max threshold 15)
[1198.241s][info ][gc,heap        ] GC(43) PSYoungGen: 1935008K(2012672K)->2192K(2026496K) Eden: 1932800K(1932800K)->0K(1951232K) From: 2208K(79872K)->2192K(75264K)
[1198.241s][info ][gc,heap        ] GC(43) ParOldGen: 319028K(319488K)->319624K(320000K)
[1198.241s][info ][gc,metaspace   ] GC(43) Metaspace: 112723K(114048K)->112723K(114048K) NonClass: 95827K(96576K)->95827K(96576K) Class: 16895K(17472K)->16895K(17472K)
[1198.241s][info ][gc             ] GC(43) Pause Young (Allocation Failure) 2201M->314M(2291M) 2.761ms
[1198.241s][info ][gc,cpu         ] GC(43) User=0.01s Sys=0.00s Real=0.00s
[1198.241s][info ][safepoint      ] Safepoint "ParallelGCFailedAllocation", Time since last: 445632553 ns, Reaching safepoint: 8001 ns, Cleanup: 4300 ns, At safepoint: 2855507 ns, Total: 2867808 ns
[1201.241s][info ][safepoint      ] Safepoint "Cleanup", Time since last: 3000232981 ns, Reaching safepoint: 6900 ns, Cleanup: 21201 ns, At safepoint: 27401 ns, Total: 55502 ns
[1206.242s][info ][safepoint      ] Safepoint "Cleanup", Time since last: 5000401402 ns, Reaching safepoint: 7700 ns, Cleanup: 23701 ns, At safepoint: 2300 ns, Total: 33701 ns
[1210.242s][info ][safepoint      ] Safepoint "Cleanup", Time since last: 4000361598 ns, Reaching safepoint: 9000 ns, Cleanup: 8701 ns, At safepoint: 2500 ns, Total: 20201 ns
[1213.242s][info ][safepoint      ] Safepoint "Cleanup", Time since last: 3000310766 ns, Reaching safepoint: 7400 ns, Cleanup: 10400 ns, At safepoint: 2201 ns, Total: 20001 ns
[1214.243s][info ][safepoint      ] Safepoint "Cleanup", Time since last: 1000116122 ns, Reaching safepoint: 83903 ns, Cleanup: 24601 ns, At safepoint: 9201 ns, Total: 117705 ns
[1232.244s][info ][safepoint      ] Safepoint "Cleanup", Time since last: 18001344956 ns, Reaching safepoint: 7500 ns, Cleanup: 10801 ns, At safepoint: 29001 ns, Total: 47302 ns
[1235.244s][info ][safepoint      ] Safepoint "Cleanup", Time since last: 3000250892 ns, Reaching safepoint: 7300 ns, Cleanup: 52702 ns, At safepoint: 2300 ns, Total: 62302 ns
[1236.244s][info ][safepoint      ] Safepoint "Cleanup", Time since last: 1000124766 ns, Reaching safepoint: 8000 ns, Cleanup: 28101 ns, At safepoint: 2200 ns, Total: 38301 ns
[1242.245s][info ][safepoint      ] Safepoint "Cleanup", Time since last: 6000492064 ns, Reaching safepoint: 7400 ns, Cleanup: 9800 ns, At safepoint: 2700 ns, Total: 19900 ns
[1245.245s][info ][safepoint      ] Safepoint "Cleanup", Time since last: 3000255417 ns, Reaching safepoint: 7301 ns, Cleanup: 14100 ns, At safepoint: 2600 ns, Total: 24001 ns
[1249.588s][info ][gc,start       ] GC(44) Pause Young (Allocation Failure)
[1249.591s][debug][gc,phases      ] GC(44) Scavenge 2.678ms
[1249.591s][debug][gc,ref         ] GC(44) ReferenceProcessor::execute queues: 1, RefProcThreadModel::Single, marks_oops_alive: false
[1249.591s][debug][gc,ref         ] GC(44) Skipped KeepAliveFinalRefsPhase of Reference Processing: no references
[1249.591s][debug][gc,ref         ] GC(44) ReferenceProcessor::execute queues: 1, RefProcThreadModel::Single, marks_oops_alive: false
[1249.591s][debug][gc,phases      ] GC(44) Reference Processing 0.111ms
[1249.591s][debug][gc,phases      ] GC(44)   VM Weak                        Min:  0.0, Avg:  0.0, Max:  0.0, Diff:  0.0, Sum:  0.0, Workers: 4
[1249.591s][debug][gc,phases      ] GC(44)     Dead                           Min: 0, Avg:  0.0, Max: 0, Diff: 0, Sum: 0, Workers: 4
[1249.591s][debug][gc,phases      ] GC(44)     Total                          Min: 0, Avg: 261.2, Max: 576, Diff: 576, Sum: 1045, Workers: 4
[1249.591s][debug][gc,phases      ] GC(44)   ObjectSynchronizer Weak        Min:  0.0, Avg:  0.0, Max:  0.0, Diff:  0.0, Sum:  0.0, Workers: 4
[1249.591s][debug][gc,phases      ] GC(44)     Dead                           Min: 0, Avg:  0.0, Max: 0, Diff: 0, Sum: 0, Workers: 4
[1249.591s][debug][gc,phases      ] GC(44)     Total                          Min: 0, Avg:  0.8, Max: 3, Diff: 3, Sum: 3, Workers: 4
[1249.591s][debug][gc,phases      ] GC(44)   JVMTI Tag Weak OopStorage      Min:  0.0, Avg:  0.0, Max:  0.0, Diff:  0.0, Sum:  0.0, Workers: 4
[1249.591s][debug][gc,phases      ] GC(44)     Dead                           Min: 0, Avg:  0.0, Max: 0, Diff: 0, Sum: 0, Workers: 4
[1249.591s][debug][gc,phases      ] GC(44)     Total                          Min: 0, Avg:  0.0, Max: 0, Diff: 0, Sum: 0, Workers: 4
[1249.591s][debug][gc,phases      ] GC(44)   StringTable Weak               Min:  0.0, Avg:  0.1, Max:  0.1, Diff:  0.1, Sum:  0.4, Workers: 4
[1249.591s][debug][gc,phases      ] GC(44)     Dead                           Min: 0, Avg:  0.0, Max: 0, Diff: 0, Sum: 0, Workers: 4
[1249.591s][debug][gc,phases      ] GC(44)     Total                          Min: 0, Avg: 12335.5, Max: 17600, Diff: 17600, Sum: 49342, Workers: 4
[1249.591s][debug][gc,phases      ] GC(44)   ResolvedMethodTable Weak       Min:  0.0, Avg:  0.0, Max:  0.1, Diff:  0.1, Sum:  0.2, Workers: 4
[1249.591s][debug][gc,phases      ] GC(44)     Dead                           Min: 0, Avg:  4.0, Max: 16, Diff: 16, Sum: 16, Workers: 4
[1249.591s][debug][gc,phases      ] GC(44)     Total                          Min: 0, Avg: 4056.8, Max: 6252, Diff: 6252, Sum: 16227, Workers: 4
[1249.591s][debug][gc,phases      ] GC(44)   JNI Weak                       Min:  0.0, Avg:  0.0, Max:  0.0, Diff:  0.0, Sum:  0.0, Workers: 4
[1249.591s][debug][gc,phases      ] GC(44)     Dead                           Min: 0, Avg:  0.0, Max: 0, Diff: 0, Sum: 0, Workers: 4
[1249.591s][debug][gc,phases      ] GC(44)     Total                          Min: 0, Avg: 13.0, Max: 52, Diff: 52, Sum: 52, Workers: 4
[1249.591s][debug][gc,phases      ] GC(44)   StringDedup Table Weak         Min:  0.0, Avg:  0.0, Max:  0.0, Diff:  0.0, Sum:  0.0, Workers: 4
[1249.591s][debug][gc,phases      ] GC(44)     Dead                           Min: 0, Avg:  0.0, Max: 0, Diff: 0, Sum: 0, Workers: 4
[1249.591s][debug][gc,phases      ] GC(44)     Total                          Min: 0, Avg:  0.0, Max: 0, Diff: 0, Sum: 0, Workers: 4
[1249.591s][debug][gc,phases      ] GC(44)   StringDedup Requests0 Weak     Min:  0.0, Avg:  0.0, Max:  0.0, Diff:  0.0, Sum:  0.0, Workers: 4
[1249.591s][debug][gc,phases      ] GC(44)     Dead                           Min: 0, Avg:  0.0, Max: 0, Diff: 0, Sum: 0, Workers: 4
[1249.592s][debug][gc,phases      ] GC(44)     Total                          Min: 0, Avg:  0.0, Max: 0, Diff: 0, Sum: 0, Workers: 4
[1249.592s][debug][gc,phases      ] GC(44)   StringDedup Requests1 Weak     Min:  0.0, Avg:  0.0, Max:  0.0, Diff:  0.0, Sum:  0.0, Workers: 4
[1249.592s][debug][gc,phases      ] GC(44)     Dead                           Min: 0, Avg:  0.0, Max: 0, Diff: 0, Sum: 0, Workers: 4
[1249.592s][debug][gc,phases      ] GC(44)     Total                          Min: 0, Avg:  0.0, Max: 0, Diff: 0, Sum: 0, Workers: 4
[1249.592s][debug][gc,phases      ] GC(44)   Weak JFR Old Object Samples    Min:  0.0, Avg:  0.0, Max:  0.0, Diff:  0.0, Sum:  0.0, Workers: 4
[1249.592s][debug][gc,phases      ] GC(44)     Dead                           Min: 0, Avg:  0.0, Max: 0, Diff: 0, Sum: 0, Workers: 4
[1249.592s][debug][gc,phases      ] GC(44)     Total                          Min: 0, Avg:  0.0, Max: 0, Diff: 0, Sum: 0, Workers: 4
[1249.592s][debug][gc,phases      ] GC(44) Weak Processing 0.405ms
[1249.592s][debug][gc,age         ] GC(44) Desired survivor size 67633152 bytes, new threshold 1 (max threshold 15)
[1249.592s][info ][gc,heap        ] GC(44) PSYoungGen: 1953424K(2026496K)->2528K(2021888K) Eden: 1951232K(1951232K)->0K(1951232K) From: 2192K(75264K)->2528K(70656K)
[1249.592s][info ][gc,heap        ] GC(44) ParOldGen: 319624K(320000K)->320341K(320512K)
[1249.592s][info ][gc,metaspace   ] GC(44) Metaspace: 112774K(114176K)->112774K(114176K) NonClass: 95879K(96704K)->95879K(96704K) Class: 16895K(17472K)->16895K(17472K)
[1249.592s][info ][gc             ] GC(44) Pause Young (Allocation Failure) 2219M->315M(2287M) 3.323ms
[1249.592s][info ][gc,cpu         ] GC(44) User=0.00s Sys=0.01s Real=0.00s
[1249.592s][info ][safepoint      ] Safepoint "ParallelGCFailedAllocation", Time since last: 4342911680 ns, Reaching safepoint: 8800 ns, Cleanup: 4700 ns, At safepoint: 3395730 ns, Total: 3409230 ns
[1251.592s][info ][safepoint      ] Safepoint "Cleanup", Time since last: 2000168112 ns, Reaching safepoint: 7700 ns, Cleanup: 12300 ns, At safepoint: 2801 ns, Total: 22801 ns
[1257.592s][info ][safepoint      ] Safepoint "Cleanup", Time since last: 6000473340 ns, Reaching safepoint: 7400 ns, Cleanup: 6900 ns, At safepoint: 2300 ns, Total: 16600 ns
[1260.593s][info ][safepoint      ] Safepoint "Cleanup", Time since last: 3000301117 ns, Reaching safepoint: 101404 ns, Cleanup: 15701 ns, At safepoint: 8300 ns, Total: 125405 ns
[1261.593s][info ][safepoint      ] Safepoint "Cleanup", Time since last: 1000117739 ns, Reaching safepoint: 79803 ns, Cleanup: 28502 ns, At safepoint: 7600 ns, Total: 115905 ns
[1264.593s][info ][safepoint      ] Safepoint "Cleanup", Time since last: 3000280348 ns, Reaching safepoint: 101204 ns, Cleanup: 10300 ns, At safepoint: 9201 ns, Total: 120705 ns
[1265.594s][info ][safepoint      ] Safepoint "Cleanup", Time since last: 1000137925 ns, Reaching safepoint: 83603 ns, Cleanup: 10601 ns, At safepoint: 8100 ns, Total: 102304 ns
[1266.594s][info ][safepoint      ] Safepoint "Cleanup", Time since last: 1000120525 ns, Reaching safepoint: 79303 ns, Cleanup: 9301 ns, At safepoint: 7000 ns, Total: 95604 ns
[1269.594s][info ][safepoint      ] Safepoint "Cleanup", Time since last: 3000239471 ns, Reaching safepoint: 9900 ns, Cleanup: 11100 ns, At safepoint: 10401 ns, Total: 31401 ns
[1270.594s][info ][safepoint      ] Safepoint "Cleanup", Time since last: 1000139226 ns, Reaching safepoint: 7300 ns, Cleanup: 12300 ns, At safepoint: 2400 ns, Total: 22000 ns
[1271.595s][info ][safepoint      ] Safepoint "Cleanup", Time since last: 1000138726 ns, Reaching safepoint: 94004 ns, Cleanup: 14100 ns, At safepoint: 9101 ns, Total: 117205 ns
[1274.595s][info ][safepoint      ] Safepoint "Cleanup", Time since last: 3000347776 ns, Reaching safepoint: 6701 ns, Cleanup: 9700 ns, At safepoint: 2100 ns, Total: 18501 ns
[1283.596s][info ][safepoint      ] Safepoint "Cleanup", Time since last: 9000683117 ns, Reaching safepoint: 7000 ns, Cleanup: 14501 ns, At safepoint: 2500 ns, Total: 24001 ns
[1285.596s][info ][safepoint      ] Safepoint "Cleanup", Time since last: 2000202894 ns, Reaching safepoint: 7400 ns, Cleanup: 9800 ns, At safepoint: 2000 ns, Total: 19200 ns
[1287.793s][info ][gc,start       ] GC(45) Pause Young (Allocation Failure)
[1287.796s][debug][gc,phases      ] GC(45) Scavenge 2.896ms
[1287.796s][debug][gc,ref         ] GC(45) ReferenceProcessor::execute queues: 1, RefProcThreadModel::Single, marks_oops_alive: false
[1287.796s][debug][gc,ref         ] GC(45) Skipped KeepAliveFinalRefsPhase of Reference Processing: no references
[1287.796s][debug][gc,ref         ] GC(45) Skipped PhantomRefsPhase of Reference Processing: no references
[1287.796s][debug][gc,phases      ] GC(45) Reference Processing 0.113ms
[1287.797s][debug][gc,phases      ] GC(45)   VM Weak                        Min:  0.0, Avg:  0.0, Max:  0.0, Diff:  0.0, Sum:  0.0, Workers: 4
[1287.797s][debug][gc,phases      ] GC(45)     Dead                           Min: 0, Avg:  0.0, Max: 0, Diff: 0, Sum: 0, Workers: 4
[1287.797s][debug][gc,phases      ] GC(45)     Total                          Min: 0, Avg: 261.2, Max: 832, Diff: 832, Sum: 1045, Workers: 4
[1287.797s][debug][gc,phases      ] GC(45)   ObjectSynchronizer Weak        Min:  0.0, Avg:  0.0, Max:  0.0, Diff:  0.0, Sum:  0.0, Workers: 4
[1287.797s][debug][gc,phases      ] GC(45)     Dead                           Min: 0, Avg:  0.0, Max: 0, Diff: 0, Sum: 0, Workers: 4
[1287.797s][debug][gc,phases      ] GC(45)     Total                          Min: 0, Avg:  1.0, Max: 4, Diff: 4, Sum: 4, Workers: 4
[1287.797s][debug][gc,phases      ] GC(45)   JVMTI Tag Weak OopStorage      Min:  0.0, Avg:  0.0, Max:  0.0, Diff:  0.0, Sum:  0.0, Workers: 4
[1287.797s][debug][gc,phases      ] GC(45)     Dead                           Min: 0, Avg:  0.0, Max: 0, Diff: 0, Sum: 0, Workers: 4
[1287.797s][debug][gc,phases      ] GC(45)     Total                          Min: 0, Avg:  0.0, Max: 0, Diff: 0, Sum: 0, Workers: 4
[1287.797s][debug][gc,phases      ] GC(45)   StringTable Weak               Min:  0.0, Avg:  0.1, Max:  0.1, Diff:  0.1, Sum:  0.4, Workers: 4
[1287.797s][debug][gc,phases      ] GC(45)     Dead                           Min: 0, Avg:  0.0, Max: 0, Diff: 0, Sum: 0, Workers: 4
[1287.797s][debug][gc,phases      ] GC(45)     Total                          Min: 0, Avg: 12336.0, Max: 17280, Diff: 17280, Sum: 49344, Workers: 4
[1287.797s][debug][gc,phases      ] GC(45)   ResolvedMethodTable Weak       Min:  0.0, Avg:  0.0, Max:  0.1, Diff:  0.1, Sum:  0.2, Workers: 4
[1287.797s][debug][gc,phases      ] GC(45)     Dead                           Min: 0, Avg:  4.0, Max: 16, Diff: 16, Sum: 16, Workers: 4
[1287.797s][debug][gc,phases      ] GC(45)     Total                          Min: 0, Avg: 4056.8, Max: 6349, Diff: 6349, Sum: 16227, Workers: 4
[1287.797s][debug][gc,phases      ] GC(45)   JNI Weak                       Min:  0.0, Avg:  0.0, Max:  0.0, Diff:  0.0, Sum:  0.0, Workers: 4
[1287.797s][debug][gc,phases      ] GC(45)     Dead                           Min: 0, Avg:  0.0, Max: 0, Diff: 0, Sum: 0, Workers: 4
[1287.797s][debug][gc,phases      ] GC(45)     Total                          Min: 0, Avg: 13.0, Max: 52, Diff: 52, Sum: 52, Workers: 4
[1287.797s][debug][gc,phases      ] GC(45)   StringDedup Table Weak         Min:  0.0, Avg:  0.0, Max:  0.0, Diff:  0.0, Sum:  0.0, Workers: 4
[1287.797s][debug][gc,phases      ] GC(45)     Dead                           Min: 0, Avg:  0.0, Max: 0, Diff: 0, Sum: 0, Workers: 4
[1287.797s][debug][gc,phases      ] GC(45)     Total                          Min: 0, Avg:  0.0, Max: 0, Diff: 0, Sum: 0, Workers: 4
[1287.797s][debug][gc,phases      ] GC(45)   StringDedup Requests0 Weak     Min:  0.0, Avg:  0.0, Max:  0.0, Diff:  0.0, Sum:  0.0, Workers: 4
[1287.797s][debug][gc,phases      ] GC(45)     Dead                           Min: 0, Avg:  0.0, Max: 0, Diff: 0, Sum: 0, Workers: 4
[1287.797s][debug][gc,phases      ] GC(45)     Total                          Min: 0, Avg:  0.0, Max: 0, Diff: 0, Sum: 0, Workers: 4
[1287.797s][debug][gc,phases      ] GC(45)   StringDedup Requests1 Weak     Min:  0.0, Avg:  0.0, Max:  0.0, Diff:  0.0, Sum:  0.0, Workers: 4
[1287.797s][debug][gc,phases      ] GC(45)     Dead                           Min: 0, Avg:  0.0, Max: 0, Diff: 0, Sum: 0, Workers: 4
[1287.797s][debug][gc,phases      ] GC(45)     Total                          Min: 0, Avg:  0.0, Max: 0, Diff: 0, Sum: 0, Workers: 4
[1287.797s][debug][gc,phases      ] GC(45)   Weak JFR Old Object Samples    Min:  0.0, Avg:  0.0, Max:  0.0, Diff:  0.0, Sum:  0.0, Workers: 4
[1287.797s][debug][gc,phases      ] GC(45)     Dead                           Min: 0, Avg:  0.0, Max: 0, Diff: 0, Sum: 0, Workers: 4
[1287.797s][debug][gc,phases      ] GC(45)     Total                          Min: 0, Avg:  0.0, Max: 0, Diff: 0, Sum: 0, Workers: 4
[1287.797s][debug][gc,phases      ] GC(45) Weak Processing 0.380ms
[1287.797s][debug][gc,age         ] GC(45) Desired survivor size 63438848 bytes, new threshold 1 (max threshold 15)
[1287.797s][info ][gc,heap        ] GC(45) PSYoungGen: 1953760K(2021888K)->2768K(2035200K) Eden: 1951232K(1951232K)->0K(1969152K) From: 2528K(70656K)->2768K(66048K)
[1287.797s][info ][gc,heap        ] GC(45) ParOldGen: 320341K(320512K)->320865K(321024K)
[1287.797s][info ][gc,metaspace   ] GC(45) Metaspace: 112787K(114176K)->112787K(114176K) NonClass: 95892K(96704K)->95892K(96704K) Class: 16895K(17472K)->16895K(17472K)
[1287.797s][info ][gc             ] GC(45) Pause Young (Allocation Failure) 2220M->316M(2301M) 3.509ms
[1287.797s][info ][gc,cpu         ] GC(45) User=0.01s Sys=0.00s Real=0.01s
[1287.797s][info ][safepoint      ] Safepoint "ParallelGCFailedAllocation", Time since last: 2197563484 ns, Reaching safepoint: 7000 ns, Cleanup: 4400 ns, At safepoint: 3598635 ns, Total: 3610035 ns
[1290.797s][info ][safepoint      ] Safepoint "Cleanup", Time since last: 3000231338 ns, Reaching safepoint: 7401 ns, Cleanup: 44601 ns, At safepoint: 2101 ns, Total: 54103 ns
[1292.797s][info ][safepoint      ] Safepoint "Cleanup", Time since last: 2000185683 ns, Reaching safepoint: 6800 ns, Cleanup: 14201 ns, At safepoint: 2300 ns, Total: 23301 ns
[1299.798s][info ][safepoint      ] Safepoint "Cleanup", Time since last: 7000602569 ns, Reaching safepoint: 7401 ns, Cleanup: 10600 ns, At safepoint: 2300 ns, Total: 20301 ns
[1300.798s][info ][safepoint      ] Safepoint "Cleanup", Time since last: 1000130367 ns, Reaching safepoint: 10000 ns, Cleanup: 13001 ns, At safepoint: 2800 ns, Total: 25801 ns
[1302.798s][info ][safepoint      ] Safepoint "Cleanup", Time since last: 2000183531 ns, Reaching safepoint: 7400 ns, Cleanup: 11801 ns, At safepoint: 2200 ns, Total: 21401 ns
[1304.799s][info ][safepoint      ] Safepoint "Cleanup", Time since last: 2000183569 ns, Reaching safepoint: 6800 ns, Cleanup: 13601 ns, At safepoint: 2200 ns, Total: 22601 ns
[1306.799s][info ][safepoint      ] Safepoint "Cleanup", Time since last: 2000206776 ns, Reaching safepoint: 6800 ns, Cleanup: 9300 ns, At safepoint: 2600 ns, Total: 18700 ns
[1308.799s][info ][safepoint      ] Safepoint "Cleanup", Time since last: 2000183675 ns, Reaching safepoint: 7001 ns, Cleanup: 18500 ns, At safepoint: 2400 ns, Total: 27901 ns
[1310.799s][info ][safepoint      ] Safepoint "Cleanup", Time since last: 2000185975 ns, Reaching safepoint: 7301 ns, Cleanup: 11200 ns, At safepoint: 2500 ns, Total: 21001 ns
[1311.799s][info ][safepoint      ] Safepoint "Cleanup", Time since last: 1000119039 ns, Reaching safepoint: 7300 ns, Cleanup: 28601 ns, At safepoint: 2800 ns, Total: 38701 ns
[1315.800s][info ][safepoint      ] Safepoint "Cleanup", Time since last: 4000329650 ns, Reaching safepoint: 7701 ns, Cleanup: 13700 ns, At safepoint: 2500 ns, Total: 23901 ns
[1316.800s][info ][safepoint      ] Safepoint "Cleanup", Time since last: 1000116111 ns, Reaching safepoint: 6900 ns, Cleanup: 29901 ns, At safepoint: 2600 ns, Total: 39401 ns
[1318.800s][info ][safepoint      ] Safepoint "Cleanup", Time since last: 2000189419 ns, Reaching safepoint: 7401 ns, Cleanup: 9300 ns, At safepoint: 2700 ns, Total: 19401 ns
[1320.461s][info ][safepoint      ] Safepoint "Cleanup", Time since last: 1660528174 ns, Reaching safepoint: 3600 ns, Cleanup: 12901 ns, At safepoint: 3100 ns, Total: 19601 ns
[1322.461s][info ][safepoint      ] Safepoint "Cleanup", Time since last: 2000237751 ns, Reaching safepoint: 8600 ns, Cleanup: 11001 ns, At safepoint: 2800 ns, Total: 22401 ns
[1326.461s][info ][safepoint      ] Safepoint "Cleanup", Time since last: 4000359198 ns, Reaching safepoint: 7400 ns, Cleanup: 12300 ns, At safepoint: 2501 ns, Total: 22201 ns
[1327.192s][info ][gc,start       ] GC(46) Pause Young (Allocation Failure)
[1327.195s][debug][gc,phases      ] GC(46) Scavenge 3.533ms
[1327.195s][debug][gc,ref         ] GC(46) ReferenceProcessor::execute queues: 1, RefProcThreadModel::Single, marks_oops_alive: false
[1327.195s][debug][gc,ref         ] GC(46) Skipped KeepAliveFinalRefsPhase of Reference Processing: no references
[1327.195s][debug][gc,ref         ] GC(46) ReferenceProcessor::execute queues: 1, RefProcThreadModel::Single, marks_oops_alive: false
[1327.195s][debug][gc,phases      ] GC(46) Reference Processing 0.111ms
[1327.196s][debug][gc,phases      ] GC(46)   VM Weak                        Min:  0.0, Avg:  0.0, Max:  0.0, Diff:  0.0, Sum:  0.0, Workers: 4
[1327.196s][debug][gc,phases      ] GC(46)     Dead                           Min: 0, Avg:  0.0, Max: 0, Diff: 0, Sum: 0, Workers: 4
[1327.196s][debug][gc,phases      ] GC(46)     Total                          Min: 0, Avg: 261.2, Max: 896, Diff: 896, Sum: 1045, Workers: 4
[1327.196s][debug][gc,phases      ] GC(46)   ObjectSynchronizer Weak        Min:  0.0, Avg:  0.0, Max:  0.0, Diff:  0.0, Sum:  0.0, Workers: 4
[1327.196s][debug][gc,phases      ] GC(46)     Dead                           Min: 0, Avg:  0.0, Max: 0, Diff: 0, Sum: 0, Workers: 4
[1327.196s][debug][gc,phases      ] GC(46)     Total                          Min: 0, Avg:  1.0, Max: 4, Diff: 4, Sum: 4, Workers: 4
[1327.196s][debug][gc,phases      ] GC(46)   JVMTI Tag Weak OopStorage      Min:  0.0, Avg:  0.0, Max:  0.0, Diff:  0.0, Sum:  0.0, Workers: 4
[1327.196s][debug][gc,phases      ] GC(46)     Dead                           Min: 0, Avg:  0.0, Max: 0, Diff: 0, Sum: 0, Workers: 4
[1327.196s][debug][gc,phases      ] GC(46)     Total                          Min: 0, Avg:  0.0, Max: 0, Diff: 0, Sum: 0, Workers: 4
[1327.196s][debug][gc,phases      ] GC(46)   StringTable Weak               Min:  0.0, Avg:  0.1, Max:  0.1, Diff:  0.1, Sum:  0.4, Workers: 4
[1327.196s][debug][gc,phases      ] GC(46)     Dead                           Min: 0, Avg:  0.0, Max: 0, Diff: 0, Sum: 0, Workers: 4
[1327.196s][debug][gc,phases      ] GC(46)     Total                          Min: 0, Avg: 12338.0, Max: 17984, Diff: 17984, Sum: 49352, Workers: 4
[1327.196s][debug][gc,phases      ] GC(46)   ResolvedMethodTable Weak       Min:  0.0, Avg:  0.0, Max:  0.0, Diff:  0.0, Sum:  0.1, Workers: 4
[1327.196s][debug][gc,phases      ] GC(46)     Dead                           Min: 0, Avg:  4.0, Max: 16, Diff: 16, Sum: 16, Workers: 4
[1327.196s][debug][gc,phases      ] GC(46)     Total                          Min: 0, Avg: 4057.2, Max: 5696, Diff: 5696, Sum: 16229, Workers: 4
[1327.196s][debug][gc,phases      ] GC(46)   JNI Weak                       Min:  0.0, Avg:  0.0, Max:  0.0, Diff:  0.0, Sum:  0.0, Workers: 4
[1327.196s][debug][gc,phases      ] GC(46)     Dead                           Min: 0, Avg:  0.0, Max: 0, Diff: 0, Sum: 0, Workers: 4
[1327.196s][debug][gc,phases      ] GC(46)     Total                          Min: 0, Avg: 13.0, Max: 52, Diff: 52, Sum: 52, Workers: 4
[1327.196s][debug][gc,phases      ] GC(46)   StringDedup Table Weak         Min:  0.0, Avg:  0.0, Max:  0.0, Diff:  0.0, Sum:  0.0, Workers: 4
[1327.196s][debug][gc,phases      ] GC(46)     Dead                           Min: 0, Avg:  0.0, Max: 0, Diff: 0, Sum: 0, Workers: 4
[1327.196s][debug][gc,phases      ] GC(46)     Total                          Min: 0, Avg:  0.0, Max: 0, Diff: 0, Sum: 0, Workers: 4
[1327.196s][debug][gc,phases      ] GC(46)   StringDedup Requests0 Weak     Min:  0.0, Avg:  0.0, Max:  0.0, Diff:  0.0, Sum:  0.0, Workers: 4
[1327.196s][debug][gc,phases      ] GC(46)     Dead                           Min: 0, Avg:  0.0, Max: 0, Diff: 0, Sum: 0, Workers: 4
[1327.196s][debug][gc,phases      ] GC(46)     Total                          Min: 0, Avg:  0.0, Max: 0, Diff: 0, Sum: 0, Workers: 4
[1327.196s][debug][gc,phases      ] GC(46)   StringDedup Requests1 Weak     Min:  0.0, Avg:  0.0, Max:  0.0, Diff:  0.0, Sum:  0.0, Workers: 4
[1327.196s][debug][gc,phases      ] GC(46)     Dead                           Min: 0, Avg:  0.0, Max: 0, Diff: 0, Sum: 0, Workers: 4
[1327.196s][debug][gc,phases      ] GC(46)     Total                          Min: 0, Avg:  0.0, Max: 0, Diff: 0, Sum: 0, Workers: 4
[1327.196s][debug][gc,phases      ] GC(46)   Weak JFR Old Object Samples    Min:  0.0, Avg:  0.0, Max:  0.0, Diff:  0.0, Sum:  0.0, Workers: 4
[1327.196s][debug][gc,phases      ] GC(46)     Dead                           Min: 0, Avg:  0.0, Max: 0, Diff: 0, Sum: 0, Workers: 4
[1327.196s][debug][gc,phases      ] GC(46)     Total                          Min: 0, Avg:  0.0, Max: 0, Diff: 0, Sum: 0, Workers: 4
[1327.196s][debug][gc,phases      ] GC(46) Weak Processing 0.383ms
[1327.196s][debug][gc,age         ] GC(46) Desired survivor size 59244544 bytes, new threshold 1 (max threshold 15)
[1327.196s][info ][gc,heap        ] GC(46) PSYoungGen: 1971920K(2035200K)->3744K(2031104K) Eden: 1969152K(1969152K)->0K(1969152K) From: 2768K(66048K)->3744K(61952K)
[1327.196s][info ][gc,heap        ] GC(46) ParOldGen: 320865K(321024K)->321293K(321536K)
[1327.196s][info ][gc,metaspace   ] GC(46) Metaspace: 112840K(114240K)->112840K(114240K) NonClass: 95944K(96768K)->95944K(96768K) Class: 16895K(17472K)->16895K(17472K)
[1327.196s][info ][gc             ] GC(46) Pause Young (Allocation Failure) 2239M->317M(2297M) 4.160ms
[1327.196s][info ][gc,cpu         ] GC(46) User=0.01s Sys=0.00s Real=0.01s
[1327.196s][info ][safepoint      ] Safepoint "ParallelGCFailedAllocation", Time since last: 730139259 ns, Reaching safepoint: 7600 ns, Cleanup: 4700 ns, At safepoint: 4231759 ns, Total: 4244059 ns
[1330.196s][info ][safepoint      ] Safepoint "Cleanup", Time since last: 3000239233 ns, Reaching safepoint: 7000 ns, Cleanup: 9701 ns, At safepoint: 2200 ns, Total: 18901 ns
[1332.196s][info ][safepoint      ] Safepoint "Cleanup", Time since last: 2000186825 ns, Reaching safepoint: 7100 ns, Cleanup: 16201 ns, At safepoint: 3600 ns, Total: 26901 ns
[1336.197s][info ][safepoint      ] Safepoint "Cleanup", Time since last: 4000329050 ns, Reaching safepoint: 7500 ns, Cleanup: 10900 ns, At safepoint: 2300 ns, Total: 20700 ns
[1340.197s][info ][safepoint      ] Safepoint "Cleanup", Time since last: 4000324119 ns, Reaching safepoint: 7300 ns, Cleanup: 9901 ns, At safepoint: 2400 ns, Total: 19601 ns
[1343.197s][info ][safepoint      ] Safepoint "Cleanup", Time since last: 3000303663 ns, Reaching safepoint: 7901 ns, Cleanup: 12100 ns, At safepoint: 3000 ns, Total: 23001 ns
[1351.198s][info ][safepoint      ] Safepoint "Cleanup", Time since last: 8000608862 ns, Reaching safepoint: 6500 ns, Cleanup: 6400 ns, At safepoint: 2400 ns, Total: 15300 ns
[1352.198s][info ][safepoint      ] Safepoint "Cleanup", Time since last: 1000119429 ns, Reaching safepoint: 6601 ns, Cleanup: 8100 ns, At safepoint: 2400 ns, Total: 17101 ns
[1355.198s][info ][safepoint      ] Safepoint "Cleanup", Time since last: 3000262355 ns, Reaching safepoint: 7500 ns, Cleanup: 10500 ns, At safepoint: 38302 ns, Total: 56302 ns
[1358.199s][info ][safepoint      ] Safepoint "Cleanup", Time since last: 3000248844 ns, Reaching safepoint: 7600 ns, Cleanup: 16001 ns, At safepoint: 2500 ns, Total: 26101 ns
[1360.199s][info ][safepoint      ] Safepoint "Cleanup", Time since last: 2000188497 ns, Reaching safepoint: 6900 ns, Cleanup: 9800 ns, At safepoint: 2300 ns, Total: 19000 ns
[1362.199s][info ][safepoint      ] Safepoint "Cleanup", Time since last: 2000185041 ns, Reaching safepoint: 6800 ns, Cleanup: 11601 ns, At safepoint: 2500 ns, Total: 20901 ns
[1364.199s][info ][safepoint      ] Safepoint "Cleanup", Time since last: 2000214037 ns, Reaching safepoint: 9601 ns, Cleanup: 12000 ns, At safepoint: 3400 ns, Total: 25001 ns
[1365.199s][info ][safepoint      ] Safepoint "Cleanup", Time since last: 1000116019 ns, Reaching safepoint: 6700 ns, Cleanup: 10501 ns, At safepoint: 2100 ns, Total: 19301 ns
[1367.200s][info ][safepoint      ] Safepoint "Cleanup", Time since last: 2000221038 ns, Reaching safepoint: 6200 ns, Cleanup: 7000 ns, At safepoint: 2100 ns, Total: 15300 ns
[1369.200s][info ][safepoint      ] Safepoint "Cleanup", Time since last: 2000183763 ns, Reaching safepoint: 7101 ns, Cleanup: 19700 ns, At safepoint: 2601 ns, Total: 29402 ns
[1369.267s][info ][gc,start       ] GC(47) Pause Young (Allocation Failure)
[1369.273s][debug][gc,phases      ] GC(47) Scavenge 5.964ms
[1369.273s][debug][gc,ref         ] GC(47) ReferenceProcessor::execute queues: 1, RefProcThreadModel::Single, marks_oops_alive: false
[1369.273s][debug][gc,ref         ] GC(47) Skipped KeepAliveFinalRefsPhase of Reference Processing: no references
[1369.273s][debug][gc,ref         ] GC(47) Skipped PhantomRefsPhase of Reference Processing: no references
[1369.273s][debug][gc,phases      ] GC(47) Reference Processing 0.029ms
[1369.273s][debug][gc,phases      ] GC(47)   VM Weak                        Min:  0.0, Avg:  0.0, Max:  0.0, Diff:  0.0, Sum:  0.0, Workers: 4
[1369.273s][debug][gc,phases      ] GC(47)     Dead                           Min: 0, Avg:  0.0, Max: 0, Diff: 0, Sum: 0, Workers: 4
[1369.273s][debug][gc,phases      ] GC(47)     Total                          Min: 0, Avg: 261.2, Max: 981, Diff: 981, Sum: 1045, Workers: 4
[1369.273s][debug][gc,phases      ] GC(47)   ObjectSynchronizer Weak        Min:  0.0, Avg:  0.0, Max:  0.0, Diff:  0.0, Sum:  0.0, Workers: 4
[1369.273s][debug][gc,phases      ] GC(47)     Dead                           Min: 0, Avg:  0.0, Max: 0, Diff: 0, Sum: 0, Workers: 4
[1369.273s][debug][gc,phases      ] GC(47)     Total                          Min: 0, Avg:  1.0, Max: 4, Diff: 4, Sum: 4, Workers: 4
[1369.273s][debug][gc,phases      ] GC(47)   JVMTI Tag Weak OopStorage      Min:  0.0, Avg:  0.0, Max:  0.0, Diff:  0.0, Sum:  0.0, Workers: 4
[1369.273s][debug][gc,phases      ] GC(47)     Dead                           Min: 0, Avg:  0.0, Max: 0, Diff: 0, Sum: 0, Workers: 4
[1369.273s][debug][gc,phases      ] GC(47)     Total                          Min: 0, Avg:  0.0, Max: 0, Diff: 0, Sum: 0, Workers: 4
[1369.273s][debug][gc,phases      ] GC(47)   StringTable Weak               Min:  0.1, Avg:  0.1, Max:  0.1, Diff:  0.0, Sum:  0.5, Workers: 4
[1369.273s][debug][gc,phases      ] GC(47)     Dead                           Min: 0, Avg:  0.0, Max: 0, Diff: 0, Sum: 0, Workers: 4
[1369.273s][debug][gc,phases      ] GC(47)     Total                          Min: 11392, Avg: 12340.0, Max: 13648, Diff: 2256, Sum: 49360, Workers: 4
[1369.273s][debug][gc,phases      ] GC(47)   ResolvedMethodTable Weak       Min:  0.0, Avg:  0.0, Max:  0.0, Diff:  0.0, Sum:  0.2, Workers: 4
[1369.273s][debug][gc,phases      ] GC(47)     Dead                           Min: 0, Avg:  4.0, Max: 16, Diff: 16, Sum: 16, Workers: 4
[1369.273s][debug][gc,phases      ] GC(47)     Total                          Min: 3848, Avg: 4057.2, Max: 4291, Diff: 443, Sum: 16229, Workers: 4
[1369.273s][debug][gc,phases      ] GC(47)   JNI Weak                       Min:  0.0, Avg:  0.0, Max:  0.0, Diff:  0.0, Sum:  0.0, Workers: 4
[1369.273s][debug][gc,phases      ] GC(47)     Dead                           Min: 0, Avg:  0.0, Max: 0, Diff: 0, Sum: 0, Workers: 4
[1369.273s][debug][gc,phases      ] GC(47)     Total                          Min: 0, Avg: 13.5, Max: 54, Diff: 54, Sum: 54, Workers: 4
[1369.273s][debug][gc,phases      ] GC(47)   StringDedup Table Weak         Min:  0.0, Avg:  0.0, Max:  0.0, Diff:  0.0, Sum:  0.0, Workers: 4
[1369.273s][debug][gc,phases      ] GC(47)     Dead                           Min: 0, Avg:  0.0, Max: 0, Diff: 0, Sum: 0, Workers: 4
[1369.273s][debug][gc,phases      ] GC(47)     Total                          Min: 0, Avg:  0.0, Max: 0, Diff: 0, Sum: 0, Workers: 4
[1369.273s][debug][gc,phases      ] GC(47)   StringDedup Requests0 Weak     Min:  0.0, Avg:  0.0, Max:  0.0, Diff:  0.0, Sum:  0.0, Workers: 4
[1369.273s][debug][gc,phases      ] GC(47)     Dead                           Min: 0, Avg:  0.0, Max: 0, Diff: 0, Sum: 0, Workers: 4
[1369.273s][debug][gc,phases      ] GC(47)     Total                          Min: 0, Avg:  0.0, Max: 0, Diff: 0, Sum: 0, Workers: 4
[1369.273s][debug][gc,phases      ] GC(47)   StringDedup Requests1 Weak     Min:  0.0, Avg:  0.0, Max:  0.0, Diff:  0.0, Sum:  0.0, Workers: 4
[1369.273s][debug][gc,phases      ] GC(47)     Dead                           Min: 0, Avg:  0.0, Max: 0, Diff: 0, Sum: 0, Workers: 4
[1369.273s][debug][gc,phases      ] GC(47)     Total                          Min: 0, Avg:  0.0, Max: 0, Diff: 0, Sum: 0, Workers: 4
[1369.273s][debug][gc,phases      ] GC(47)   Weak JFR Old Object Samples    Min:  0.0, Avg:  0.0, Max:  0.0, Diff:  0.0, Sum:  0.0, Workers: 4
[1369.273s][debug][gc,phases      ] GC(47)     Dead                           Min: 0, Avg:  0.0, Max: 0, Diff: 0, Sum: 0, Workers: 4
[1369.273s][debug][gc,phases      ] GC(47)     Total                          Min: 0, Avg:  0.0, Max: 0, Diff: 0, Sum: 0, Workers: 4
[1369.273s][debug][gc,phases      ] GC(47) Weak Processing 0.374ms
[1369.273s][debug][gc,age         ] GC(47) Desired survivor size 54525952 bytes, new threshold 1 (max threshold 15)
[1369.273s][info ][gc,heap        ] GC(47) PSYoungGen: 1972896K(2031104K)->8352K(2043904K) Eden: 1969152K(1969152K)->0K(1986048K) From: 3744K(61952K)->8352K(57856K)
[1369.273s][info ][gc,heap        ] GC(47) ParOldGen: 321293K(321536K)->322193K(322560K)
[1369.273s][info ][gc,metaspace   ] GC(47) Metaspace: 112861K(114240K)->112861K(114240K) NonClass: 95966K(96768K)->95966K(96768K) Class: 16895K(17472K)->16895K(17472K)
[1369.273s][info ][gc             ] GC(47) Pause Young (Allocation Failure) 2240M->322M(2311M) 6.493ms
[1369.273s][info ][gc,cpu         ] GC(47) User=0.03s Sys=0.00s Real=0.00s
[1369.273s][info ][safepoint      ] Safepoint "ParallelGCFailedAllocation", Time since last: 66597847 ns, Reaching safepoint: 81503 ns, Cleanup: 8300 ns, At safepoint: 6577352 ns, Total: 6667155 ns
[1370.273s][info ][safepoint      ] Safepoint "Cleanup", Time since last: 1000101053 ns, Reaching safepoint: 8401 ns, Cleanup: 13600 ns, At safepoint: 2400 ns, Total: 24401 ns
[1372.273s][info ][safepoint      ] Safepoint "Cleanup", Time since last: 2000191606 ns, Reaching safepoint: 7401 ns, Cleanup: 11900 ns, At safepoint: 2700 ns, Total: 22001 ns
[1373.274s][info ][safepoint      ] Safepoint "Cleanup", Time since last: 1000123955 ns, Reaching safepoint: 7500 ns, Cleanup: 15900 ns, At safepoint: 2801 ns, Total: 26201 ns
[1374.274s][info ][safepoint      ] Safepoint "Cleanup", Time since last: 1000112253 ns, Reaching safepoint: 7501 ns, Cleanup: 18200 ns, At safepoint: 3000 ns, Total: 28701 ns
[1375.274s][info ][safepoint      ] Safepoint "Cleanup", Time since last: 1000114354 ns, Reaching safepoint: 8501 ns, Cleanup: 17000 ns, At safepoint: 2800 ns, Total: 28301 ns
[1376.274s][info ][safepoint      ] Safepoint "Cleanup", Time since last: 1000116354 ns, Reaching safepoint: 8901 ns, Cleanup: 45201 ns, At safepoint: 2700 ns, Total: 56802 ns
[1377.274s][info ][safepoint      ] Safepoint "Cleanup", Time since last: 1000148475 ns, Reaching safepoint: 8800 ns, Cleanup: 41302 ns, At safepoint: 3700 ns, Total: 53802 ns
[1378.274s][info ][safepoint      ] Safepoint "Cleanup", Time since last: 1000124412 ns, Reaching safepoint: 7701 ns, Cleanup: 12500 ns, At safepoint: 2600 ns, Total: 22801 ns
[1379.275s][info ][safepoint      ] Safepoint "Cleanup", Time since last: 1000112212 ns, Reaching safepoint: 7701 ns, Cleanup: 15500 ns, At safepoint: 2900 ns, Total: 26101 ns
[1381.479s][info ][safepoint      ] Safepoint "Cleanup", Time since last: 2204949603 ns, Reaching safepoint: 8201 ns, Cleanup: 12900 ns, At safepoint: 2400 ns, Total: 23501 ns
[1383.480s][info ][safepoint      ] Safepoint "Cleanup", Time since last: 2000214524 ns, Reaching safepoint: 8900 ns, Cleanup: 21601 ns, At safepoint: 3100 ns, Total: 33601 ns
[1384.480s][info ][safepoint      ] Safepoint "Cleanup", Time since last: 1000136620 ns, Reaching safepoint: 8201 ns, Cleanup: 12600 ns, At safepoint: 2600 ns, Total: 23401 ns
[1385.480s][info ][safepoint      ] Safepoint "Cleanup", Time since last: 1000141678 ns, Reaching safepoint: 7400 ns, Cleanup: 12201 ns, At safepoint: 28201 ns, Total: 47802 ns
[1392.691s][info ][gc,start       ] GC(48) Pause Young (Allocation Failure)
[1392.705s][debug][gc,phases      ] GC(48) Scavenge 13.144ms
[1392.705s][debug][gc,ref         ] GC(48) ReferenceProcessor::execute queues: 1, RefProcThreadModel::Single, marks_oops_alive: false
[1392.705s][debug][gc,ref         ] GC(48) Skipped KeepAliveFinalRefsPhase of Reference Processing: no references
[1392.705s][debug][gc,ref         ] GC(48) ReferenceProcessor::execute queues: 1, RefProcThreadModel::Single, marks_oops_alive: false
[1392.705s][debug][gc,phases      ] GC(48) Reference Processing 0.123ms
[1392.705s][debug][gc,phases      ] GC(48)   VM Weak                        Min:  0.0, Avg:  0.0, Max:  0.0, Diff:  0.0, Sum:  0.0, Workers: 4
[1392.705s][debug][gc,phases      ] GC(48)     Dead                           Min: 0, Avg:  0.0, Max: 0, Diff: 0, Sum: 0, Workers: 4
[1392.705s][debug][gc,phases      ] GC(48)     Total                          Min: 0, Avg: 262.2, Max: 640, Diff: 640, Sum: 1049, Workers: 4
[1392.705s][debug][gc,phases      ] GC(48)   ObjectSynchronizer Weak        Min:  0.0, Avg:  0.0, Max:  0.0, Diff:  0.0, Sum:  0.0, Workers: 4
[1392.705s][debug][gc,phases      ] GC(48)     Dead                           Min: 0, Avg:  0.0, Max: 0, Diff: 0, Sum: 0, Workers: 4
[1392.705s][debug][gc,phases      ] GC(48)     Total                          Min: 0, Avg:  1.0, Max: 4, Diff: 4, Sum: 4, Workers: 4
[1392.705s][debug][gc,phases      ] GC(48)   JVMTI Tag Weak OopStorage      Min:  0.0, Avg:  0.0, Max:  0.0, Diff:  0.0, Sum:  0.0, Workers: 4
[1392.705s][debug][gc,phases      ] GC(48)     Dead                           Min: 0, Avg:  0.0, Max: 0, Diff: 0, Sum: 0, Workers: 4
[1392.705s][debug][gc,phases      ] GC(48)     Total                          Min: 0, Avg:  0.0, Max: 0, Diff: 0, Sum: 0, Workers: 4
[1392.705s][debug][gc,phases      ] GC(48)   StringTable Weak               Min:  0.0, Avg:  0.1, Max:  0.2, Diff:  0.2, Sum:  0.5, Workers: 4
[1392.705s][debug][gc,phases      ] GC(48)     Dead                           Min: 0, Avg:  0.5, Max: 2, Diff: 2, Sum: 2, Workers: 4
[1392.705s][debug][gc,phases      ] GC(48)     Total                          Min: 0, Avg: 12343.0, Max: 17885, Diff: 17885, Sum: 49372, Workers: 4
[1392.705s][debug][gc,phases      ] GC(48)   ResolvedMethodTable Weak       Min:  0.0, Avg:  0.0, Max:  0.1, Diff:  0.1, Sum:  0.2, Workers: 4
[1392.705s][debug][gc,phases      ] GC(48)     Dead                           Min: 0, Avg:  7.5, Max: 19, Diff: 19, Sum: 30, Workers: 4
[1392.705s][debug][gc,phases      ] GC(48)     Total                          Min: 0, Avg: 4063.5, Max: 6307, Diff: 6307, Sum: 16254, Workers: 4
[1392.705s][debug][gc,phases      ] GC(48)   JNI Weak                       Min:  0.0, Avg:  0.0, Max:  0.0, Diff:  0.0, Sum:  0.0, Workers: 4
[1392.705s][debug][gc,phases      ] GC(48)     Dead                           Min: 0, Avg:  0.0, Max: 0, Diff: 0, Sum: 0, Workers: 4
[1392.705s][debug][gc,phases      ] GC(48)     Total                          Min: 0, Avg: 13.0, Max: 52, Diff: 52, Sum: 52, Workers: 4
[1392.705s][debug][gc,phases      ] GC(48)   StringDedup Table Weak         Min:  0.0, Avg:  0.0, Max:  0.0, Diff:  0.0, Sum:  0.0, Workers: 4
[1392.705s][debug][gc,phases      ] GC(48)     Dead                           Min: 0, Avg:  0.0, Max: 0, Diff: 0, Sum: 0, Workers: 4
[1392.705s][debug][gc,phases      ] GC(48)     Total                          Min: 0, Avg:  0.0, Max: 0, Diff: 0, Sum: 0, Workers: 4
[1392.705s][debug][gc,phases      ] GC(48)   StringDedup Requests0 Weak     Min:  0.0, Avg:  0.0, Max:  0.0, Diff:  0.0, Sum:  0.0, Workers: 4
[1392.705s][debug][gc,phases      ] GC(48)     Dead                           Min: 0, Avg:  0.0, Max: 0, Diff: 0, Sum: 0, Workers: 4
[1392.705s][debug][gc,phases      ] GC(48)     Total                          Min: 0, Avg:  0.0, Max: 0, Diff: 0, Sum: 0, Workers: 4
[1392.705s][debug][gc,phases      ] GC(48)   StringDedup Requests1 Weak     Min:  0.0, Avg:  0.0, Max:  0.0, Diff:  0.0, Sum:  0.0, Workers: 4
[1392.705s][debug][gc,phases      ] GC(48)     Dead                           Min: 0, Avg:  0.0, Max: 0, Diff: 0, Sum: 0, Workers: 4
[1392.705s][debug][gc,phases      ] GC(48)     Total                          Min: 0, Avg:  0.0, Max: 0, Diff: 0, Sum: 0, Workers: 4
[1392.705s][debug][gc,phases      ] GC(48)   Weak JFR Old Object Samples    Min:  0.0, Avg:  0.0, Max:  0.0, Diff:  0.0, Sum:  0.0, Workers: 4
[1392.705s][debug][gc,phases      ] GC(48)     Dead                           Min: 0, Avg:  0.0, Max: 0, Diff: 0, Sum: 0, Workers: 4
[1392.705s][debug][gc,phases      ] GC(48)     Total                          Min: 0, Avg:  0.0, Max: 0, Diff: 0, Sum: 0, Workers: 4
[1392.705s][debug][gc,phases      ] GC(48) Weak Processing 0.444ms
[1392.705s][debug][gc,age         ] GC(48) Desired survivor size 55574528 bytes, new threshold 1 (max threshold 15)
[1392.705s][info ][gc,heap        ] GC(48) PSYoungGen: 1994400K(2043904K)->24448K(2039296K) Eden: 1986048K(1986048K)->0K(1986048K) From: 8352K(57856K)->24448K(53248K)
[1392.705s][info ][gc,heap        ] GC(48) ParOldGen: 322193K(322560K)->327414K(327680K)
[1392.705s][info ][gc,metaspace   ] GC(48) Metaspace: 112934K(114304K)->112934K(114304K) NonClass: 96030K(96832K)->96030K(96832K) Class: 16904K(17472K)->16904K(17472K)
[1392.705s][info ][gc             ] GC(48) Pause Young (Allocation Failure) 2262M->343M(2311M) 13.851ms
[1392.705s][info ][gc,cpu         ] GC(48) User=0.05s Sys=0.01s Real=0.02s
[1392.705s][info ][safepoint      ] Safepoint "ParallelGCFailedAllocation", Time since last: 7211311838 ns, Reaching safepoint: 8100 ns, Cleanup: 4700 ns, At safepoint: 13934923 ns, Total: 13947723 ns
[1396.706s][info ][safepoint      ] Safepoint "Cleanup", Time since last: 4000322782 ns, Reaching safepoint: 7401 ns, Cleanup: 10600 ns, At safepoint: 2400 ns, Total: 20401 ns
[1399.706s][info ][safepoint      ] Safepoint "Cleanup", Time since last: 3000289338 ns, Reaching safepoint: 8401 ns, Cleanup: 11200 ns, At safepoint: 2700 ns, Total: 22301 ns
[1400.706s][info ][safepoint      ] Safepoint "Cleanup", Time since last: 1000125243 ns, Reaching safepoint: 6200 ns, Cleanup: 11101 ns, At safepoint: 2100 ns, Total: 19401 ns
[1401.706s][info ][safepoint      ] Safepoint "Cleanup", Time since last: 1000098833 ns, Reaching safepoint: 7001 ns, Cleanup: 9900 ns, At safepoint: 2300 ns, Total: 19201 ns
[1408.707s][info ][safepoint      ] Safepoint "Cleanup", Time since last: 7000516065 ns, Reaching safepoint: 7701 ns, Cleanup: 21301 ns, At safepoint: 2400 ns, Total: 31402 ns
[1409.707s][info ][safepoint      ] Safepoint "Cleanup", Time since last: 1000124976 ns, Reaching safepoint: 8000 ns, Cleanup: 10001 ns, At safepoint: 2500 ns, Total: 20501 ns
[1410.707s][info ][safepoint      ] Safepoint "Cleanup", Time since last: 1000104875 ns, Reaching safepoint: 78303 ns, Cleanup: 7300 ns, At safepoint: 6501 ns, Total: 92104 ns
[1413.707s][info ][safepoint      ] Safepoint "Cleanup", Time since last: 3000245323 ns, Reaching safepoint: 7301 ns, Cleanup: 9900 ns, At safepoint: 2800 ns, Total: 20001 ns
[1414.708s][info ][safepoint      ] Safepoint "Cleanup", Time since last: 1000123876 ns, Reaching safepoint: 7501 ns, Cleanup: 16800 ns, At safepoint: 2500 ns, Total: 26801 ns
[1416.708s][info ][safepoint      ] Safepoint "Cleanup", Time since last: 2000162324 ns, Reaching safepoint: 7500 ns, Cleanup: 17001 ns, At safepoint: 2400 ns, Total: 26901 ns
[1419.708s][info ][safepoint      ] Safepoint "Cleanup", Time since last: 3000268175 ns, Reaching safepoint: 8600 ns, Cleanup: 11401 ns, At safepoint: 2600 ns, Total: 22601 ns
[1421.708s][info ][safepoint      ] Safepoint "Cleanup", Time since last: 2000193817 ns, Reaching safepoint: 9501 ns, Cleanup: 13500 ns, At safepoint: 3000 ns, Total: 26001 ns
[1424.709s][info ][safepoint      ] Safepoint "Cleanup", Time since last: 3000279093 ns, Reaching safepoint: 7001 ns, Cleanup: 13100 ns, At safepoint: 2300 ns, Total: 22401 ns
[1426.709s][info ][safepoint      ] Safepoint "Cleanup", Time since last: 2000201635 ns, Reaching safepoint: 9300 ns, Cleanup: 12301 ns, At safepoint: 2600 ns, Total: 24201 ns
[1426.992s][info ][gc,start       ] GC(49) Pause Young (Allocation Failure)
[1427.008s][debug][gc,phases      ] GC(49) Scavenge 15.092ms
[1427.008s][debug][gc,ref         ] GC(49) ReferenceProcessor::execute queues: 1, RefProcThreadModel::Single, marks_oops_alive: false
[1427.008s][debug][gc,ref         ] GC(49) Skipped KeepAliveFinalRefsPhase of Reference Processing: no references
[1427.008s][debug][gc,ref         ] GC(49) ReferenceProcessor::execute queues: 1, RefProcThreadModel::Single, marks_oops_alive: false
[1427.008s][debug][gc,phases      ] GC(49) Reference Processing 0.112ms
[1427.008s][debug][gc,phases      ] GC(49)   VM Weak                        Min:  0.0, Avg:  0.0, Max:  0.0, Diff:  0.0, Sum:  0.0, Workers: 4
[1427.008s][debug][gc,phases      ] GC(49)     Dead                           Min: 0, Avg:  0.0, Max: 0, Diff: 0, Sum: 0, Workers: 4
[1427.008s][debug][gc,phases      ] GC(49)     Total                          Min: 0, Avg: 262.2, Max: 1049, Diff: 1049, Sum: 1049, Workers: 4
[1427.008s][debug][gc,phases      ] GC(49)   ObjectSynchronizer Weak        Min:  0.0, Avg:  0.0, Max:  0.0, Diff:  0.0, Sum:  0.0, Workers: 4
[1427.008s][debug][gc,phases      ] GC(49)     Dead                           Min: 0, Avg:  0.0, Max: 0, Diff: 0, Sum: 0, Workers: 4
[1427.008s][debug][gc,phases      ] GC(49)     Total                          Min: 0, Avg:  1.0, Max: 4, Diff: 4, Sum: 4, Workers: 4
[1427.008s][debug][gc,phases      ] GC(49)   JVMTI Tag Weak OopStorage      Min:  0.0, Avg:  0.0, Max:  0.0, Diff:  0.0, Sum:  0.0, Workers: 4
[1427.008s][debug][gc,phases      ] GC(49)     Dead                           Min: 0, Avg:  0.0, Max: 0, Diff: 0, Sum: 0, Workers: 4
[1427.008s][debug][gc,phases      ] GC(49)     Total                          Min: 0, Avg:  0.0, Max: 0, Diff: 0, Sum: 0, Workers: 4
[1427.008s][debug][gc,phases      ] GC(49)   StringTable Weak               Min:  0.0, Avg:  0.1, Max:  0.1, Diff:  0.1, Sum:  0.4, Workers: 4
[1427.008s][debug][gc,phases      ] GC(49)     Dead                           Min: 0, Avg:  0.0, Max: 0, Diff: 0, Sum: 0, Workers: 4
[1427.008s][debug][gc,phases      ] GC(49)     Total                          Min: 0, Avg: 12344.0, Max: 18016, Diff: 18016, Sum: 49376, Workers: 4
[1427.008s][debug][gc,phases      ] GC(49)   ResolvedMethodTable Weak       Min:  0.0, Avg:  0.0, Max:  0.1, Diff:  0.1, Sum:  0.1, Workers: 4
[1427.008s][debug][gc,phases      ] GC(49)     Dead                           Min: 0, Avg:  4.0, Max: 12, Diff: 12, Sum: 16, Workers: 4
[1427.008s][debug][gc,phases      ] GC(49)     Total                          Min: 0, Avg: 4063.8, Max: 6411, Diff: 6411, Sum: 16255, Workers: 4
[1427.008s][debug][gc,phases      ] GC(49)   JNI Weak                       Min:  0.0, Avg:  0.0, Max:  0.0, Diff:  0.0, Sum:  0.0, Workers: 4
[1427.008s][debug][gc,phases      ] GC(49)     Dead                           Min: 0, Avg:  0.0, Max: 0, Diff: 0, Sum: 0, Workers: 4
[1427.008s][debug][gc,phases      ] GC(49)     Total                          Min: 0, Avg: 13.0, Max: 52, Diff: 52, Sum: 52, Workers: 4
[1427.008s][debug][gc,phases      ] GC(49)   StringDedup Table Weak         Min:  0.0, Avg:  0.0, Max:  0.0, Diff:  0.0, Sum:  0.0, Workers: 4
[1427.008s][debug][gc,phases      ] GC(49)     Dead                           Min: 0, Avg:  0.0, Max: 0, Diff: 0, Sum: 0, Workers: 4
[1427.008s][debug][gc,phases      ] GC(49)     Total                          Min: 0, Avg:  0.0, Max: 0, Diff: 0, Sum: 0, Workers: 4
[1427.008s][debug][gc,phases      ] GC(49)   StringDedup Requests0 Weak     Min:  0.0, Avg:  0.0, Max:  0.0, Diff:  0.0, Sum:  0.0, Workers: 4
[1427.008s][debug][gc,phases      ] GC(49)     Dead                           Min: 0, Avg:  0.0, Max: 0, Diff: 0, Sum: 0, Workers: 4
[1427.008s][debug][gc,phases      ] GC(49)     Total                          Min: 0, Avg:  0.0, Max: 0, Diff: 0, Sum: 0, Workers: 4
[1427.008s][debug][gc,phases      ] GC(49)   StringDedup Requests1 Weak     Min:  0.0, Avg:  0.0, Max:  0.0, Diff:  0.0, Sum:  0.0, Workers: 4
[1427.008s][debug][gc,phases      ] GC(49)     Dead                           Min: 0, Avg:  0.0, Max: 0, Diff: 0, Sum: 0, Workers: 4
[1427.008s][debug][gc,phases      ] GC(49)     Total                          Min: 0, Avg:  0.0, Max: 0, Diff: 0, Sum: 0, Workers: 4
[1427.008s][debug][gc,phases      ] GC(49)   Weak JFR Old Object Samples    Min:  0.0, Avg:  0.0, Max:  0.0, Diff:  0.0, Sum:  0.0, Workers: 4
[1427.008s][debug][gc,phases      ] GC(49)     Dead                           Min: 0, Avg:  0.0, Max: 0, Diff: 0, Sum: 0, Workers: 4
[1427.008s][debug][gc,phases      ] GC(49)     Total                          Min: 0, Avg:  0.0, Max: 0, Diff: 0, Sum: 0, Workers: 4
[1427.008s][debug][gc,phases      ] GC(49) Weak Processing 0.407ms
[1427.008s][debug][gc,age         ] GC(49) Desired survivor size 52428800 bytes, new threshold 1 (max threshold 15)
[1427.008s][info ][gc,heap        ] GC(49) PSYoungGen: 2010496K(2039296K)->4240K(2045952K) Eden: 1986048K(1986048K)->0K(1991680K) From: 24448K(53248K)->4240K(54272K)
[1427.008s][info ][gc,heap        ] GC(49) ParOldGen: 327414K(327680K)->350858K(351232K)
[1427.008s][info ][gc,metaspace   ] GC(49) Metaspace: 112956K(114304K)->112956K(114304K) NonClass: 96051K(96832K)->96051K(96832K) Class: 16905K(17472K)->16905K(17472K)
[1427.008s][info ][gc             ] GC(49) Pause Young (Allocation Failure) 2283M->346M(2341M) 15.743ms
[1427.008s][info ][gc,cpu         ] GC(49) User=0.04s Sys=0.01s Real=0.02s
[1427.008s][info ][safepoint      ] Safepoint "ParallelGCFailedAllocation", Time since last: 283515364 ns, Reaching safepoint: 7500 ns, Cleanup: 4000 ns, At safepoint: 15825395 ns, Total: 15836895 ns
[1428.008s][info ][safepoint      ] Safepoint "Cleanup", Time since last: 1000103018 ns, Reaching safepoint: 11100 ns, Cleanup: 15501 ns, At safepoint: 2900 ns, Total: 29501 ns
[1431.009s][info ][safepoint      ] Safepoint "Cleanup", Time since last: 3000292752 ns, Reaching safepoint: 9900 ns, Cleanup: 13801 ns, At safepoint: 2900 ns, Total: 26601 ns
[1436.009s][info ][safepoint      ] Safepoint "Cleanup", Time since last: 5000447108 ns, Reaching safepoint: 10000 ns, Cleanup: 11300 ns, At safepoint: 2800 ns, Total: 24100 ns
[1437.009s][info ][safepoint      ] Safepoint "Cleanup", Time since last: 1000110725 ns, Reaching safepoint: 7800 ns, Cleanup: 11100 ns, At safepoint: 2500 ns, Total: 21400 ns
[1439.009s][info ][safepoint      ] Safepoint "Cleanup", Time since last: 2000180447 ns, Reaching safepoint: 9601 ns, Cleanup: 17300 ns, At safepoint: 2800 ns, Total: 29701 ns
[1443.498s][info ][safepoint      ] Safepoint "Cleanup", Time since last: 4488978641 ns, Reaching safepoint: 8400 ns, Cleanup: 11401 ns, At safepoint: 2900 ns, Total: 22701 ns
[1444.499s][info ][safepoint      ] Safepoint "Cleanup", Time since last: 1000120248 ns, Reaching safepoint: 7100 ns, Cleanup: 11601 ns, At safepoint: 2400 ns, Total: 21101 ns
[1446.499s][info ][safepoint      ] Safepoint "Cleanup", Time since last: 2000184393 ns, Reaching safepoint: 6600 ns, Cleanup: 9701 ns, At safepoint: 2300 ns, Total: 18601 ns
[1455.500s][info ][safepoint      ] Safepoint "Cleanup", Time since last: 9000718350 ns, Reaching safepoint: 7101 ns, Cleanup: 14600 ns, At safepoint: 2500 ns, Total: 24201 ns
[1456.500s][info ][safepoint      ] Safepoint "Cleanup", Time since last: 1000117225 ns, Reaching safepoint: 7400 ns, Cleanup: 12601 ns, At safepoint: 2600 ns, Total: 22601 ns
[1458.500s][info ][safepoint      ] Safepoint "Cleanup", Time since last: 2000206552 ns, Reaching safepoint: 7500 ns, Cleanup: 17801 ns, At safepoint: 2300 ns, Total: 27601 ns
[1459.500s][info ][safepoint      ] Safepoint "Cleanup", Time since last: 1000119527 ns, Reaching safepoint: 7600 ns, Cleanup: 10601 ns, At safepoint: 2800 ns, Total: 21001 ns
[1463.018s][info ][gc,start       ] GC(50) Pause Young (Allocation Failure)
[1463.023s][debug][gc,phases      ] GC(50) Scavenge 4.822ms
[1463.023s][debug][gc,ref         ] GC(50) ReferenceProcessor::execute queues: 1, RefProcThreadModel::Single, marks_oops_alive: false
[1463.023s][debug][gc,ref         ] GC(50) Skipped KeepAliveFinalRefsPhase of Reference Processing: no references
[1463.023s][debug][gc,ref         ] GC(50) ReferenceProcessor::execute queues: 1, RefProcThreadModel::Single, marks_oops_alive: false
[1463.023s][debug][gc,phases      ] GC(50) Reference Processing 0.114ms
[1463.023s][debug][gc,phases      ] GC(50)   VM Weak                        Min:  0.0, Avg:  0.0, Max:  0.0, Diff:  0.0, Sum:  0.0, Workers: 4
[1463.023s][debug][gc,phases      ] GC(50)     Dead                           Min: 0, Avg:  0.0, Max: 0, Diff: 0, Sum: 0, Workers: 4
[1463.023s][debug][gc,phases      ] GC(50)     Total                          Min: 0, Avg: 262.2, Max: 768, Diff: 768, Sum: 1049, Workers: 4
[1463.023s][debug][gc,phases      ] GC(50)   ObjectSynchronizer Weak        Min:  0.0, Avg:  0.0, Max:  0.0, Diff:  0.0, Sum:  0.0, Workers: 4
[1463.023s][debug][gc,phases      ] GC(50)     Dead                           Min: 0, Avg:  0.0, Max: 0, Diff: 0, Sum: 0, Workers: 4
[1463.023s][debug][gc,phases      ] GC(50)     Total                          Min: 0, Avg:  1.0, Max: 4, Diff: 4, Sum: 4, Workers: 4
[1463.023s][debug][gc,phases      ] GC(50)   JVMTI Tag Weak OopStorage      Min:  0.0, Avg:  0.0, Max:  0.0, Diff:  0.0, Sum:  0.0, Workers: 4
[1463.023s][debug][gc,phases      ] GC(50)     Dead                           Min: 0, Avg:  0.0, Max: 0, Diff: 0, Sum: 0, Workers: 4
[1463.023s][debug][gc,phases      ] GC(50)     Total                          Min: 0, Avg:  0.0, Max: 0, Diff: 0, Sum: 0, Workers: 4
[1463.023s][debug][gc,phases      ] GC(50)   StringTable Weak               Min:  0.0, Avg:  0.1, Max:  0.2, Diff:  0.2, Sum:  0.5, Workers: 4
[1463.023s][debug][gc,phases      ] GC(50)     Dead                           Min: 0, Avg:  0.0, Max: 0, Diff: 0, Sum: 0, Workers: 4
[1463.023s][debug][gc,phases      ] GC(50)     Total                          Min: 0, Avg: 12344.0, Max: 17664, Diff: 17664, Sum: 49376, Workers: 4
[1463.023s][debug][gc,phases      ] GC(50)   ResolvedMethodTable Weak       Min:  0.0, Avg:  0.0, Max:  0.0, Diff:  0.0, Sum:  0.1, Workers: 4
[1463.023s][debug][gc,phases      ] GC(50)     Dead                           Min: 0, Avg:  4.0, Max: 11, Diff: 11, Sum: 16, Workers: 4
[1463.023s][debug][gc,phases      ] GC(50)     Total                          Min: 0, Avg: 4063.8, Max: 5848, Diff: 5848, Sum: 16255, Workers: 4
[1463.023s][debug][gc,phases      ] GC(50)   JNI Weak                       Min:  0.0, Avg:  0.0, Max:  0.0, Diff:  0.0, Sum:  0.0, Workers: 4
[1463.023s][debug][gc,phases      ] GC(50)     Dead                           Min: 0, Avg:  0.0, Max: 0, Diff: 0, Sum: 0, Workers: 4
[1463.023s][debug][gc,phases      ] GC(50)     Total                          Min: 0, Avg: 13.0, Max: 52, Diff: 52, Sum: 52, Workers: 4
[1463.023s][debug][gc,phases      ] GC(50)   StringDedup Table Weak         Min:  0.0, Avg:  0.0, Max:  0.0, Diff:  0.0, Sum:  0.0, Workers: 4
[1463.023s][debug][gc,phases      ] GC(50)     Dead                           Min: 0, Avg:  0.0, Max: 0, Diff: 0, Sum: 0, Workers: 4
[1463.023s][debug][gc,phases      ] GC(50)     Total                          Min: 0, Avg:  0.0, Max: 0, Diff: 0, Sum: 0, Workers: 4
[1463.023s][debug][gc,phases      ] GC(50)   StringDedup Requests0 Weak     Min:  0.0, Avg:  0.0, Max:  0.0, Diff:  0.0, Sum:  0.0, Workers: 4
[1463.023s][debug][gc,phases      ] GC(50)     Dead                           Min: 0, Avg:  0.0, Max: 0, Diff: 0, Sum: 0, Workers: 4
[1463.023s][debug][gc,phases      ] GC(50)     Total                          Min: 0, Avg:  0.0, Max: 0, Diff: 0, Sum: 0, Workers: 4
[1463.023s][debug][gc,phases      ] GC(50)   StringDedup Requests1 Weak     Min:  0.0, Avg:  0.0, Max:  0.0, Diff:  0.0, Sum:  0.0, Workers: 4
[1463.023s][debug][gc,phases      ] GC(50)     Dead                           Min: 0, Avg:  0.0, Max: 0, Diff: 0, Sum: 0, Workers: 4
[1463.023s][debug][gc,phases      ] GC(50)     Total                          Min: 0, Avg:  0.0, Max: 0, Diff: 0, Sum: 0, Workers: 4
[1463.023s][debug][gc,phases      ] GC(50)   Weak JFR Old Object Samples    Min:  0.0, Avg:  0.0, Max:  0.0, Diff:  0.0, Sum:  0.0, Workers: 4
[1463.023s][debug][gc,phases      ] GC(50)     Dead                           Min: 0, Avg:  0.0, Max: 0, Diff: 0, Sum: 0, Workers: 4
[1463.023s][debug][gc,phases      ] GC(50)     Total                          Min: 0, Avg:  0.0, Max: 0, Diff: 0, Sum: 0, Workers: 4
[1463.023s][debug][gc,phases      ] GC(50) Weak Processing 0.411ms
[1463.023s][debug][gc,age         ] GC(50) Desired survivor size 49283072 bytes, new threshold 1 (max threshold 15)
[1463.023s][info ][gc,heap        ] GC(50) PSYoungGen: 1995920K(2045952K)->4336K(2042880K) Eden: 1991680K(1991680K)->0K(1991680K) From: 4240K(54272K)->4336K(51200K)
[1463.023s][info ][gc,heap        ] GC(50) ParOldGen: 350858K(351232K)->352420K(352768K)
[1463.023s][info ][gc,metaspace   ] GC(50) Metaspace: 112973K(114304K)->112973K(114304K) NonClass: 96068K(96832K)->96068K(96832K) Class: 16905K(17472K)->16905K(17472K)
[1463.023s][info ][gc             ] GC(50) Pause Young (Allocation Failure) 2291M->348M(2339M) 5.475ms
[1463.023s][info ][gc,cpu         ] GC(50) User=0.02s Sys=0.01s Real=0.00s
[1463.023s][info ][safepoint      ] Safepoint "ParallelGCFailedAllocation", Time since last: 3517746345 ns, Reaching safepoint: 9101 ns, Cleanup: 12500 ns, At safepoint: 5552709 ns, Total: 5574310 ns
[1480.025s][info ][safepoint      ] Safepoint "Cleanup", Time since last: 17001333507 ns, Reaching safepoint: 7400 ns, Cleanup: 10701 ns, At safepoint: 2300 ns, Total: 20401 ns
[1481.025s][info ][safepoint      ] Safepoint "Cleanup", Time since last: 1000104369 ns, Reaching safepoint: 7800 ns, Cleanup: 9001 ns, At safepoint: 2200 ns, Total: 19001 ns
[1483.025s][info ][safepoint      ] Safepoint "Cleanup", Time since last: 2000206934 ns, Reaching safepoint: 7100 ns, Cleanup: 14300 ns, At safepoint: 2501 ns, Total: 23901 ns
[1484.025s][info ][safepoint      ] Safepoint "Cleanup", Time since last: 1000099216 ns, Reaching safepoint: 8601 ns, Cleanup: 11600 ns, At safepoint: 2600 ns, Total: 22801 ns
[1485.025s][info ][safepoint      ] Safepoint "Cleanup", Time since last: 1000096417 ns, Reaching safepoint: 7400 ns, Cleanup: 11601 ns, At safepoint: 2200 ns, Total: 21201 ns
[1487.026s][info ][safepoint      ] Safepoint "Cleanup", Time since last: 2000233535 ns, Reaching safepoint: 6900 ns, Cleanup: 15401 ns, At safepoint: 2500 ns, Total: 24801 ns
[1493.026s][info ][safepoint      ] Safepoint "Cleanup", Time since last: 6000458545 ns, Reaching safepoint: 7100 ns, Cleanup: 10601 ns, At safepoint: 2500 ns, Total: 20201 ns
[1501.516s][info ][safepoint      ] Safepoint "Cleanup", Time since last: 8490152138 ns, Reaching safepoint: 8100 ns, Cleanup: 12301 ns, At safepoint: 2800 ns, Total: 23201 ns
[1503.028s][info ][gc,start       ] GC(51) Pause Young (Allocation Failure)
[1503.033s][debug][gc,phases      ] GC(51) Scavenge 5.041ms
[1503.033s][debug][gc,ref         ] GC(51) ReferenceProcessor::execute queues: 1, RefProcThreadModel::Single, marks_oops_alive: false
[1503.033s][debug][gc,ref         ] GC(51) Skipped KeepAliveFinalRefsPhase of Reference Processing: no references
[1503.033s][debug][gc,ref         ] GC(51) Skipped PhantomRefsPhase of Reference Processing: no references
[1503.033s][debug][gc,phases      ] GC(51) Reference Processing 0.108ms
[1503.033s][debug][gc,phases      ] GC(51)   VM Weak                        Min:  0.0, Avg:  0.0, Max:  0.0, Diff:  0.0, Sum:  0.0, Workers: 4
[1503.033s][debug][gc,phases      ] GC(51)     Dead                           Min: 0, Avg:  0.0, Max: 0, Diff: 0, Sum: 0, Workers: 4
[1503.033s][debug][gc,phases      ] GC(51)     Total                          Min: 0, Avg: 262.2, Max: 576, Diff: 576, Sum: 1049, Workers: 4
[1503.033s][debug][gc,phases      ] GC(51)   ObjectSynchronizer Weak        Min:  0.0, Avg:  0.0, Max:  0.0, Diff:  0.0, Sum:  0.0, Workers: 4
[1503.033s][debug][gc,phases      ] GC(51)     Dead                           Min: 0, Avg:  0.0, Max: 0, Diff: 0, Sum: 0, Workers: 4
[1503.033s][debug][gc,phases      ] GC(51)     Total                          Min: 0, Avg:  1.0, Max: 4, Diff: 4, Sum: 4, Workers: 4
[1503.033s][debug][gc,phases      ] GC(51)   JVMTI Tag Weak OopStorage      Min:  0.0, Avg:  0.0, Max:  0.0, Diff:  0.0, Sum:  0.0, Workers: 4
[1503.033s][debug][gc,phases      ] GC(51)     Dead                           Min: 0, Avg:  0.0, Max: 0, Diff: 0, Sum: 0, Workers: 4
[1503.033s][debug][gc,phases      ] GC(51)     Total                          Min: 0, Avg:  0.0, Max: 0, Diff: 0, Sum: 0, Workers: 4
[1503.033s][debug][gc,phases      ] GC(51)   StringTable Weak               Min:  0.0, Avg:  0.1, Max:  0.2, Diff:  0.2, Sum:  0.5, Workers: 4
[1503.033s][debug][gc,phases      ] GC(51)     Dead                           Min: 0, Avg:  0.0, Max: 0, Diff: 0, Sum: 0, Workers: 4
[1503.033s][debug][gc,phases      ] GC(51)     Total                          Min: 0, Avg: 12346.2, Max: 17385, Diff: 17385, Sum: 49385, Workers: 4
[1503.033s][debug][gc,phases      ] GC(51)   ResolvedMethodTable Weak       Min:  0.0, Avg:  0.1, Max:  0.1, Diff:  0.1, Sum:  0.2, Workers: 4
[1503.033s][debug][gc,phases      ] GC(51)     Dead                           Min: 0, Avg:  4.0, Max: 9, Diff: 9, Sum: 16, Workers: 4
[1503.033s][debug][gc,phases      ] GC(51)     Total                          Min: 0, Avg: 4063.8, Max: 5651, Diff: 5651, Sum: 16255, Workers: 4
[1503.033s][debug][gc,phases      ] GC(51)   JNI Weak                       Min:  0.0, Avg:  0.0, Max:  0.0, Diff:  0.0, Sum:  0.0, Workers: 4
[1503.033s][debug][gc,phases      ] GC(51)     Dead                           Min: 0, Avg:  0.0, Max: 0, Diff: 0, Sum: 0, Workers: 4
[1503.033s][debug][gc,phases      ] GC(51)     Total                          Min: 0, Avg: 13.0, Max: 52, Diff: 52, Sum: 52, Workers: 4
[1503.033s][debug][gc,phases      ] GC(51)   StringDedup Table Weak         Min:  0.0, Avg:  0.0, Max:  0.0, Diff:  0.0, Sum:  0.0, Workers: 4
[1503.033s][debug][gc,phases      ] GC(51)     Dead                           Min: 0, Avg:  0.0, Max: 0, Diff: 0, Sum: 0, Workers: 4
[1503.033s][debug][gc,phases      ] GC(51)     Total                          Min: 0, Avg:  0.0, Max: 0, Diff: 0, Sum: 0, Workers: 4
[1503.033s][debug][gc,phases      ] GC(51)   StringDedup Requests0 Weak     Min:  0.0, Avg:  0.0, Max:  0.0, Diff:  0.0, Sum:  0.0, Workers: 4
[1503.033s][debug][gc,phases      ] GC(51)     Dead                           Min: 0, Avg:  0.0, Max: 0, Diff: 0, Sum: 0, Workers: 4
[1503.033s][debug][gc,phases      ] GC(51)     Total                          Min: 0, Avg:  0.0, Max: 0, Diff: 0, Sum: 0, Workers: 4
[1503.033s][debug][gc,phases      ] GC(51)   StringDedup Requests1 Weak     Min:  0.0, Avg:  0.0, Max:  0.0, Diff:  0.0, Sum:  0.0, Workers: 4
[1503.033s][debug][gc,phases      ] GC(51)     Dead                           Min: 0, Avg:  0.0, Max: 0, Diff: 0, Sum: 0, Workers: 4
[1503.033s][debug][gc,phases      ] GC(51)     Total                          Min: 0, Avg:  0.0, Max: 0, Diff: 0, Sum: 0, Workers: 4
[1503.033s][debug][gc,phases      ] GC(51)   Weak JFR Old Object Samples    Min:  0.0, Avg:  0.0, Max:  0.0, Diff:  0.0, Sum:  0.0, Workers: 4
[1503.033s][debug][gc,phases      ] GC(51)     Dead                           Min: 0, Avg:  0.0, Max: 0, Diff: 0, Sum: 0, Workers: 4
[1503.033s][debug][gc,phases      ] GC(51)     Total                          Min: 0, Avg:  0.0, Max: 0, Diff: 0, Sum: 0, Workers: 4
[1503.033s][debug][gc,phases      ] GC(51) Weak Processing 0.433ms
[1503.033s][debug][gc,age         ] GC(51) Desired survivor size 46137344 bytes, new threshold 1 (max threshold 15)
[1503.033s][info ][gc,heap        ] GC(51) PSYoungGen: 1996016K(2042880K)->3952K(2052096K) Eden: 1991680K(1991680K)->0K(2003968K) From: 4336K(51200K)->3952K(48128K)
[1503.033s][info ][gc,heap        ] GC(51) ParOldGen: 352420K(352768K)->354733K(354816K)
[1503.033s][info ][gc,metaspace   ] GC(51) Metaspace: 113007K(114368K)->113007K(114368K) NonClass: 96102K(96896K)->96102K(96896K) Class: 16905K(17472K)->16905K(17472K)
[1503.033s][info ][gc             ] GC(51) Pause Young (Allocation Failure) 2293M->350M(2350M) 5.705ms
[1503.033s][info ][gc,cpu         ] GC(51) User=0.02s Sys=0.00s Real=0.00s
[1503.033s][info ][safepoint      ] Safepoint "ParallelGCFailedAllocation", Time since last: 1511258414 ns, Reaching safepoint: 7600 ns, Cleanup: 4100 ns, At safepoint: 5780518 ns, Total: 5792218 ns
[1504.033s][info ][safepoint      ] Safepoint "Cleanup", Time since last: 1000104664 ns, Reaching safepoint: 102304 ns, Cleanup: 12000 ns, At safepoint: 9001 ns, Total: 123305 ns
[1507.034s][info ][safepoint      ] Safepoint "Cleanup", Time since last: 3000276218 ns, Reaching safepoint: 80203 ns, Cleanup: 17100 ns, At safepoint: 6201 ns, Total: 103504 ns
[1508.034s][info ][safepoint      ] Safepoint "Cleanup", Time since last: 1000124060 ns, Reaching safepoint: 100604 ns, Cleanup: 14300 ns, At safepoint: 8301 ns, Total: 123205 ns
[1509.034s][info ][safepoint      ] Safepoint "Cleanup", Time since last: 1000126260 ns, Reaching safepoint: 104904 ns, Cleanup: 10501 ns, At safepoint: 27301 ns, Total: 142706 ns
[1512.035s][info ][safepoint      ] Safepoint "Cleanup", Time since last: 3000283656 ns, Reaching safepoint: 84803 ns, Cleanup: 11601 ns, At safepoint: 7000 ns, Total: 103404 ns
[1515.036s][info ][safepoint      ] Safepoint "Cleanup", Time since last: 3000269027 ns, Reaching safepoint: 426417 ns, Cleanup: 45901 ns, At safepoint: 9001 ns, Total: 481319 ns
[1519.036s][info ][safepoint      ] Safepoint "Cleanup", Time since last: 4000331169 ns, Reaching safepoint: 90404 ns, Cleanup: 14000 ns, At safepoint: 6300 ns, Total: 110704 ns
[1523.036s][info ][safepoint      ] Safepoint "Cleanup", Time since last: 4000335926 ns, Reaching safepoint: 84103 ns, Cleanup: 10201 ns, At safepoint: 6800 ns, Total: 101104 ns
[1524.037s][info ][safepoint      ] Safepoint "Cleanup", Time since last: 1000122867 ns, Reaching safepoint: 102104 ns, Cleanup: 10300 ns, At safepoint: 9201 ns, Total: 121605 ns
[1527.037s][info ][safepoint      ] Safepoint "Cleanup", Time since last: 3000284098 ns, Reaching safepoint: 104404 ns, Cleanup: 9500 ns, At safepoint: 6601 ns, Total: 120505 ns
[1532.038s][info ][safepoint      ] Safepoint "Cleanup", Time since last: 5000440599 ns, Reaching safepoint: 102004 ns, Cleanup: 17801 ns, At safepoint: 8800 ns, Total: 128605 ns
[1533.038s][info ][safepoint      ] Safepoint "Cleanup", Time since last: 1000116673 ns, Reaching safepoint: 84704 ns, Cleanup: 17300 ns, At safepoint: 7501 ns, Total: 109505 ns
[1536.038s][info ][safepoint      ] Safepoint "Cleanup", Time since last: 3000393621 ns, Reaching safepoint: 91803 ns, Cleanup: 8701 ns, At safepoint: 12500 ns, Total: 113004 ns
[1536.682s][info ][gc,start       ] GC(52) Pause Young (Allocation Failure)
[1536.686s][debug][gc,phases      ] GC(52) Scavenge 3.874ms
[1536.686s][debug][gc,ref         ] GC(52) ReferenceProcessor::execute queues: 1, RefProcThreadModel::Single, marks_oops_alive: false
[1536.686s][debug][gc,ref         ] GC(52) Skipped KeepAliveFinalRefsPhase of Reference Processing: no references
[1536.686s][debug][gc,ref         ] GC(52) ReferenceProcessor::execute queues: 1, RefProcThreadModel::Single, marks_oops_alive: false
[1536.686s][debug][gc,phases      ] GC(52) Reference Processing 0.117ms
[1536.686s][debug][gc,phases      ] GC(52)   VM Weak                        Min:  0.0, Avg:  0.0, Max:  0.0, Diff:  0.0, Sum:  0.0, Workers: 4
[1536.686s][debug][gc,phases      ] GC(52)     Dead                           Min: 0, Avg:  0.0, Max: 0, Diff: 0, Sum: 0, Workers: 4
[1536.686s][debug][gc,phases      ] GC(52)     Total                          Min: 0, Avg: 262.2, Max: 857, Diff: 857, Sum: 1049, Workers: 4
[1536.686s][debug][gc,phases      ] GC(52)   ObjectSynchronizer Weak        Min:  0.0, Avg:  0.0, Max:  0.0, Diff:  0.0, Sum:  0.0, Workers: 4
[1536.686s][debug][gc,phases      ] GC(52)     Dead                           Min: 0, Avg:  0.0, Max: 0, Diff: 0, Sum: 0, Workers: 4
[1536.686s][debug][gc,phases      ] GC(52)     Total                          Min: 0, Avg:  1.0, Max: 4, Diff: 4, Sum: 4, Workers: 4
[1536.686s][debug][gc,phases      ] GC(52)   JVMTI Tag Weak OopStorage      Min:  0.0, Avg:  0.0, Max:  0.0, Diff:  0.0, Sum:  0.0, Workers: 4
[1536.686s][debug][gc,phases      ] GC(52)     Dead                           Min: 0, Avg:  0.0, Max: 0, Diff: 0, Sum: 0, Workers: 4
[1536.686s][debug][gc,phases      ] GC(52)     Total                          Min: 0, Avg:  0.0, Max: 0, Diff: 0, Sum: 0, Workers: 4
[1536.686s][debug][gc,phases      ] GC(52)   StringTable Weak               Min:  0.0, Avg:  0.1, Max:  0.1, Diff:  0.1, Sum:  0.4, Workers: 4
[1536.686s][debug][gc,phases      ] GC(52)     Dead                           Min: 0, Avg:  0.0, Max: 0, Diff: 0, Sum: 0, Workers: 4
[1536.686s][debug][gc,phases      ] GC(52)     Total                          Min: 0, Avg: 12348.5, Max: 17344, Diff: 17344, Sum: 49394, Workers: 4
[1536.686s][debug][gc,phases      ] GC(52)   ResolvedMethodTable Weak       Min:  0.0, Avg:  0.0, Max:  0.1, Diff:  0.1, Sum:  0.2, Workers: 4
[1536.686s][debug][gc,phases      ] GC(52)     Dead                           Min: 0, Avg:  4.0, Max: 16, Diff: 16, Sum: 16, Workers: 4
[1536.686s][debug][gc,phases      ] GC(52)     Total                          Min: 0, Avg: 4063.8, Max: 5733, Diff: 5733, Sum: 16255, Workers: 4
[1536.686s][debug][gc,phases      ] GC(52)   JNI Weak                       Min:  0.0, Avg:  0.0, Max:  0.0, Diff:  0.0, Sum:  0.0, Workers: 4
[1536.686s][debug][gc,phases      ] GC(52)     Dead                           Min: 0, Avg:  0.0, Max: 0, Diff: 0, Sum: 0, Workers: 4
[1536.686s][debug][gc,phases      ] GC(52)     Total                          Min: 0, Avg: 13.0, Max: 52, Diff: 52, Sum: 52, Workers: 4
[1536.686s][debug][gc,phases      ] GC(52)   StringDedup Table Weak         Min:  0.0, Avg:  0.0, Max:  0.0, Diff:  0.0, Sum:  0.0, Workers: 4
[1536.686s][debug][gc,phases      ] GC(52)     Dead                           Min: 0, Avg:  0.0, Max: 0, Diff: 0, Sum: 0, Workers: 4
[1536.686s][debug][gc,phases      ] GC(52)     Total                          Min: 0, Avg:  0.0, Max: 0, Diff: 0, Sum: 0, Workers: 4
[1536.686s][debug][gc,phases      ] GC(52)   StringDedup Requests0 Weak     Min:  0.0, Avg:  0.0, Max:  0.0, Diff:  0.0, Sum:  0.0, Workers: 4
[1536.686s][debug][gc,phases      ] GC(52)     Dead                           Min: 0, Avg:  0.0, Max: 0, Diff: 0, Sum: 0, Workers: 4
[1536.686s][debug][gc,phases      ] GC(52)     Total                          Min: 0, Avg:  0.0, Max: 0, Diff: 0, Sum: 0, Workers: 4
[1536.686s][debug][gc,phases      ] GC(52)   StringDedup Requests1 Weak     Min:  0.0, Avg:  0.0, Max:  0.0, Diff:  0.0, Sum:  0.0, Workers: 4
[1536.686s][debug][gc,phases      ] GC(52)     Dead                           Min: 0, Avg:  0.0, Max: 0, Diff: 0, Sum: 0, Workers: 4
[1536.686s][debug][gc,phases      ] GC(52)     Total                          Min: 0, Avg:  0.0, Max: 0, Diff: 0, Sum: 0, Workers: 4
[1536.686s][debug][gc,phases      ] GC(52)   Weak JFR Old Object Samples    Min:  0.0, Avg:  0.0, Max:  0.0, Diff:  0.0, Sum:  0.0, Workers: 4
[1536.686s][debug][gc,phases      ] GC(52)     Dead                           Min: 0, Avg:  0.0, Max: 0, Diff: 0, Sum: 0, Workers: 4
[1536.686s][debug][gc,phases      ] GC(52)     Total                          Min: 0, Avg:  0.0, Max: 0, Diff: 0, Sum: 0, Workers: 4
[1536.686s][debug][gc,phases      ] GC(52) Weak Processing 0.400ms
[1536.687s][debug][gc,age         ] GC(52) Desired survivor size 43515904 bytes, new threshold 1 (max threshold 15)
[1536.687s][info ][gc,heap        ] GC(52) PSYoungGen: 2007920K(2052096K)->3200K(2049024K) Eden: 2003968K(2003968K)->0K(2003968K) From: 3952K(48128K)->3200K(45056K)
[1536.687s][info ][gc,heap        ] GC(52) ParOldGen: 354733K(354816K)->355869K(356352K)
[1536.687s][info ][gc,metaspace   ] GC(52) Metaspace: 113028K(114368K)->113028K(114368K) NonClass: 96122K(96896K)->96122K(96896K) Class: 16905K(17472K)->16905K(17472K)
[1536.687s][info ][gc             ] GC(52) Pause Young (Allocation Failure) 2307M->350M(2349M) 4.552ms
[1536.687s][info ][gc,cpu         ] GC(52) User=0.02s Sys=0.00s Real=0.01s
[1536.687s][info ][safepoint      ] Safepoint "ParallelGCFailedAllocation", Time since last: 643594000 ns, Reaching safepoint: 8801 ns, Cleanup: 4700 ns, At safepoint: 4623574 ns, Total: 4637075 ns
[1537.687s][info ][safepoint      ] Safepoint "Cleanup", Time since last: 1000088111 ns, Reaching safepoint: 80603 ns, Cleanup: 24101 ns, At safepoint: 6200 ns, Total: 110904 ns
[1538.687s][info ][safepoint      ] Safepoint "Cleanup", Time since last: 1000117112 ns, Reaching safepoint: 82003 ns, Cleanup: 11601 ns, At safepoint: 6400 ns, Total: 100004 ns
[1539.687s][info ][safepoint      ] Safepoint "Cleanup", Time since last: 1000110212 ns, Reaching safepoint: 81403 ns, Cleanup: 13001 ns, At safepoint: 6300 ns, Total: 100704 ns
[1540.687s][info ][safepoint      ] Safepoint "Cleanup", Time since last: 1000113112 ns, Reaching safepoint: 80703 ns, Cleanup: 13000 ns, At safepoint: 5900 ns, Total: 99603 ns
[1544.688s][info ][safepoint      ] Safepoint "Cleanup", Time since last: 4000358845 ns, Reaching safepoint: 114904 ns, Cleanup: 9101 ns, At safepoint: 11900 ns, Total: 135905 ns
[1553.689s][info ][safepoint      ] Safepoint "Cleanup", Time since last: 9000797305 ns, Reaching safepoint: 80603 ns, Cleanup: 10100 ns, At safepoint: 7000 ns, Total: 97703 ns
[1554.689s][info ][safepoint      ] Safepoint "Cleanup", Time since last: 1000153508 ns, Reaching safepoint: 94303 ns, Cleanup: 12501 ns, At safepoint: 7600 ns, Total: 114404 ns
[1555.689s][info ][safepoint      ] Safepoint "Cleanup", Time since last: 1000136506 ns, Reaching safepoint: 88204 ns, Cleanup: 10000 ns, At safepoint: 8400 ns, Total: 106604 ns
[1559.690s][info ][safepoint      ] Safepoint "Cleanup", Time since last: 4000379320 ns, Reaching safepoint: 86303 ns, Cleanup: 12401 ns, At safepoint: 7800 ns, Total: 106504 ns
[1561.535s][info ][safepoint      ] Safepoint "Cleanup", Time since last: 1844709722 ns, Reaching safepoint: 84904 ns, Cleanup: 10600 ns, At safepoint: 7200 ns, Total: 102704 ns
[1563.535s][info ][safepoint      ] Safepoint "Cleanup", Time since last: 2000215857 ns, Reaching safepoint: 87404 ns, Cleanup: 26801 ns, At safepoint: 6500 ns, Total: 120705 ns
[1564.535s][info ][safepoint      ] Safepoint "Cleanup", Time since last: 1000138280 ns, Reaching safepoint: 85103 ns, Cleanup: 16900 ns, At safepoint: 7901 ns, Total: 109904 ns
[1568.536s][info ][safepoint      ] Safepoint "Cleanup", Time since last: 4000358511 ns, Reaching safepoint: 78603 ns, Cleanup: 13901 ns, At safepoint: 6100 ns, Total: 98604 ns
[1569.536s][info ][safepoint      ] Safepoint "Cleanup", Time since last: 1000157877 ns, Reaching safepoint: 140605 ns, Cleanup: 14001 ns, At safepoint: 9800 ns, Total: 164406 ns
[1575.993s][info ][gc,start       ] GC(53) Pause Young (Allocation Failure)
[1575.998s][debug][gc,phases      ] GC(53) Scavenge 4.599ms
[1575.998s][debug][gc,ref         ] GC(53) ReferenceProcessor::execute queues: 1, RefProcThreadModel::Single, marks_oops_alive: false
[1575.998s][debug][gc,ref         ] GC(53) Skipped KeepAliveFinalRefsPhase of Reference Processing: no references
[1575.998s][debug][gc,ref         ] GC(53) Skipped PhantomRefsPhase of Reference Processing: no references
[1575.998s][debug][gc,phases      ] GC(53) Reference Processing 0.126ms
[1575.998s][debug][gc,phases      ] GC(53)   VM Weak                        Min:  0.0, Avg:  0.0, Max:  0.0, Diff:  0.0, Sum:  0.0, Workers: 4
[1575.998s][debug][gc,phases      ] GC(53)     Dead                           Min: 0, Avg:  0.0, Max: 0, Diff: 0, Sum: 0, Workers: 4
[1575.998s][debug][gc,phases      ] GC(53)     Total                          Min: 0, Avg: 262.2, Max: 537, Diff: 537, Sum: 1049, Workers: 4
[1575.998s][debug][gc,phases      ] GC(53)   ObjectSynchronizer Weak        Min:  0.0, Avg:  0.0, Max:  0.0, Diff:  0.0, Sum:  0.0, Workers: 4
[1575.999s][debug][gc,phases      ] GC(53)     Dead                           Min: 0, Avg:  0.0, Max: 0, Diff: 0, Sum: 0, Workers: 4
[1575.999s][debug][gc,phases      ] GC(53)     Total                          Min: 0, Avg:  1.0, Max: 4, Diff: 4, Sum: 4, Workers: 4
[1575.999s][debug][gc,phases      ] GC(53)   JVMTI Tag Weak OopStorage      Min:  0.0, Avg:  0.0, Max:  0.0, Diff:  0.0, Sum:  0.0, Workers: 4
[1575.999s][debug][gc,phases      ] GC(53)     Dead                           Min: 0, Avg:  0.0, Max: 0, Diff: 0, Sum: 0, Workers: 4
[1575.999s][debug][gc,phases      ] GC(53)     Total                          Min: 0, Avg:  0.0, Max: 0, Diff: 0, Sum: 0, Workers: 4
[1575.999s][debug][gc,phases      ] GC(53)   StringTable Weak               Min:  0.0, Avg:  0.1, Max:  0.1, Diff:  0.1, Sum:  0.4, Workers: 4
[1575.999s][debug][gc,phases      ] GC(53)     Dead                           Min: 0, Avg:  0.0, Max: 0, Diff: 0, Sum: 0, Workers: 4
[1575.999s][debug][gc,phases      ] GC(53)     Total                          Min: 0, Avg: 12348.5, Max: 19634, Diff: 19634, Sum: 49394, Workers: 4
[1575.999s][debug][gc,phases      ] GC(53)   ResolvedMethodTable Weak       Min:  0.0, Avg:  0.0, Max:  0.1, Diff:  0.1, Sum:  0.2, Workers: 4
[1575.999s][debug][gc,phases      ] GC(53)     Dead                           Min: 0, Avg:  4.0, Max: 7, Diff: 7, Sum: 16, Workers: 4
[1575.999s][debug][gc,phases      ] GC(53)     Total                          Min: 0, Avg: 4063.8, Max: 5893, Diff: 5893, Sum: 16255, Workers: 4
[1575.999s][debug][gc,phases      ] GC(53)   JNI Weak                       Min:  0.0, Avg:  0.0, Max:  0.0, Diff:  0.0, Sum:  0.0, Workers: 4
[1575.999s][debug][gc,phases      ] GC(53)     Dead                           Min: 0, Avg:  0.0, Max: 0, Diff: 0, Sum: 0, Workers: 4
[1575.999s][debug][gc,phases      ] GC(53)     Total                          Min: 0, Avg: 13.0, Max: 52, Diff: 52, Sum: 52, Workers: 4
[1575.999s][debug][gc,phases      ] GC(53)   StringDedup Table Weak         Min:  0.0, Avg:  0.0, Max:  0.0, Diff:  0.0, Sum:  0.0, Workers: 4
[1575.999s][debug][gc,phases      ] GC(53)     Dead                           Min: 0, Avg:  0.0, Max: 0, Diff: 0, Sum: 0, Workers: 4
[1575.999s][debug][gc,phases      ] GC(53)     Total                          Min: 0, Avg:  0.0, Max: 0, Diff: 0, Sum: 0, Workers: 4
[1575.999s][debug][gc,phases      ] GC(53)   StringDedup Requests0 Weak     Min:  0.0, Avg:  0.0, Max:  0.0, Diff:  0.0, Sum:  0.0, Workers: 4
[1575.999s][debug][gc,phases      ] GC(53)     Dead                           Min: 0, Avg:  0.0, Max: 0, Diff: 0, Sum: 0, Workers: 4
[1575.999s][debug][gc,phases      ] GC(53)     Total                          Min: 0, Avg:  0.0, Max: 0, Diff: 0, Sum: 0, Workers: 4
[1575.999s][debug][gc,phases      ] GC(53)   StringDedup Requests1 Weak     Min:  0.0, Avg:  0.0, Max:  0.0, Diff:  0.0, Sum:  0.0, Workers: 4
[1575.999s][debug][gc,phases      ] GC(53)     Dead                           Min: 0, Avg:  0.0, Max: 0, Diff: 0, Sum: 0, Workers: 4
[1575.999s][debug][gc,phases      ] GC(53)     Total                          Min: 0, Avg:  0.0, Max: 0, Diff: 0, Sum: 0, Workers: 4
[1575.999s][debug][gc,phases      ] GC(53)   Weak JFR Old Object Samples    Min:  0.0, Avg:  0.0, Max:  0.0, Diff:  0.0, Sum:  0.0, Workers: 4
[1575.999s][debug][gc,phases      ] GC(53)     Dead                           Min: 0, Avg:  0.0, Max: 0, Diff: 0, Sum: 0, Workers: 4
[1575.999s][debug][gc,phases      ] GC(53)     Total                          Min: 0, Avg:  0.0, Max: 0, Diff: 0, Sum: 0, Workers: 4
[1575.999s][debug][gc,phases      ] GC(53) Weak Processing 0.398ms
[1575.999s][debug][gc,age         ] GC(53) Desired survivor size 40370176 bytes, new threshold 1 (max threshold 15)
[1575.999s][info ][gc,heap        ] GC(53) PSYoungGen: 2007168K(2049024K)->5216K(2057728K) Eden: 2003968K(2003968K)->0K(2015232K) From: 3200K(45056K)->5216K(42496K)
[1575.999s][info ][gc,heap        ] GC(53) ParOldGen: 355869K(356352K)->356481K(356864K)
[1575.999s][info ][gc,metaspace   ] GC(53) Metaspace: 113033K(114368K)->113033K(114368K) NonClass: 96127K(96896K)->96127K(96896K) Class: 16905K(17472K)->16905K(17472K)
[1575.999s][info ][gc             ] GC(53) Pause Young (Allocation Failure) 2307M->353M(2358M) 5.267ms
[1575.999s][info ][gc,cpu         ] GC(53) User=0.01s Sys=0.00s Real=0.01s
[1575.999s][info ][safepoint      ] Safepoint "ParallelGCFailedAllocation", Time since last: 6457370580 ns, Reaching safepoint: 8200 ns, Cleanup: 4500 ns, At safepoint: 5338104 ns, Total: 5350804 ns
[1583.999s][info ][safepoint      ] Safepoint "Cleanup", Time since last: 8000596493 ns, Reaching safepoint: 8000 ns, Cleanup: 11001 ns, At safepoint: 2300 ns, Total: 21301 ns
[1600.001s][info ][safepoint      ] Safepoint "Cleanup", Time since last: 16001192735 ns, Reaching safepoint: 7300 ns, Cleanup: 13601 ns, At safepoint: 2300 ns, Total: 23201 ns
[1602.001s][info ][safepoint      ] Safepoint "Cleanup", Time since last: 2000203527 ns, Reaching safepoint: 6700 ns, Cleanup: 20201 ns, At safepoint: 2300 ns, Total: 29201 ns
[1603.001s][info ][safepoint      ] Safepoint "Cleanup", Time since last: 1000150077 ns, Reaching safepoint: 30501 ns, Cleanup: 43202 ns, At safepoint: 3200 ns, Total: 76903 ns
[1607.001s][info ][safepoint      ] Safepoint "Cleanup", Time since last: 4000342599 ns, Reaching safepoint: 6401 ns, Cleanup: 8000 ns, At safepoint: 2600 ns, Total: 17001 ns
[1608.001s][info ][safepoint      ] Safepoint "Cleanup", Time since last: 1000115576 ns, Reaching safepoint: 6300 ns, Cleanup: 11701 ns, At safepoint: 2300 ns, Total: 20301 ns
[1609.002s][info ][safepoint      ] Safepoint "Cleanup", Time since last: 1000117615 ns, Reaching safepoint: 7100 ns, Cleanup: 12300 ns, At safepoint: 3001 ns, Total: 22401 ns
[1610.002s][info ][safepoint      ] Safepoint "Cleanup", Time since last: 1000115684 ns, Reaching safepoint: 6700 ns, Cleanup: 9500 ns, At safepoint: 2800 ns, Total: 19000 ns
[1611.002s][info ][safepoint      ] Safepoint "Cleanup", Time since last: 1000150986 ns, Reaching safepoint: 7900 ns, Cleanup: 35101 ns, At safepoint: 3000 ns, Total: 46001 ns
[1612.002s][info ][safepoint      ] Safepoint "Cleanup", Time since last: 1000138685 ns, Reaching safepoint: 7401 ns, Cleanup: 10000 ns, At safepoint: 2400 ns, Total: 19801 ns
[1617.003s][info ][safepoint      ] Safepoint "Cleanup", Time since last: 5000414289 ns, Reaching safepoint: 7300 ns, Cleanup: 10600 ns, At safepoint: 2500 ns, Total: 20400 ns
[1618.003s][info ][safepoint      ] Safepoint "Cleanup", Time since last: 1000136511 ns, Reaching safepoint: 6901 ns, Cleanup: 7800 ns, At safepoint: 2100 ns, Total: 16801 ns
[1618.489s][info ][gc,start       ] GC(54) Pause Young (Allocation Failure)
[1618.494s][debug][gc,phases      ] GC(54) Scavenge 4.941ms
[1618.494s][debug][gc,ref         ] GC(54) ReferenceProcessor::execute queues: 1, RefProcThreadModel::Single, marks_oops_alive: false
[1618.494s][debug][gc,ref         ] GC(54) Skipped KeepAliveFinalRefsPhase of Reference Processing: no references
[1618.494s][debug][gc,ref         ] GC(54) ReferenceProcessor::execute queues: 1, RefProcThreadModel::Single, marks_oops_alive: false
[1618.494s][debug][gc,phases      ] GC(54) Reference Processing 0.116ms
[1618.495s][debug][gc,phases      ] GC(54)   VM Weak                        Min:  0.0, Avg:  0.0, Max:  0.0, Diff:  0.0, Sum:  0.0, Workers: 4
[1618.495s][debug][gc,phases      ] GC(54)     Dead                           Min: 0, Avg:  0.0, Max: 0, Diff: 0, Sum: 0, Workers: 4
[1618.495s][debug][gc,phases      ] GC(54)     Total                          Min: 0, Avg: 262.2, Max: 729, Diff: 729, Sum: 1049, Workers: 4
[1618.495s][debug][gc,phases      ] GC(54)   ObjectSynchronizer Weak        Min:  0.0, Avg:  0.0, Max:  0.0, Diff:  0.0, Sum:  0.0, Workers: 4
[1618.495s][debug][gc,phases      ] GC(54)     Dead                           Min: 0, Avg:  0.0, Max: 0, Diff: 0, Sum: 0, Workers: 4
[1618.495s][debug][gc,phases      ] GC(54)     Total                          Min: 0, Avg:  1.0, Max: 4, Diff: 4, Sum: 4, Workers: 4
[1618.495s][debug][gc,phases      ] GC(54)   JVMTI Tag Weak OopStorage      Min:  0.0, Avg:  0.0, Max:  0.0, Diff:  0.0, Sum:  0.0, Workers: 4
[1618.495s][debug][gc,phases      ] GC(54)     Dead                           Min: 0, Avg:  0.0, Max: 0, Diff: 0, Sum: 0, Workers: 4
[1618.495s][debug][gc,phases      ] GC(54)     Total                          Min: 0, Avg:  0.0, Max: 0, Diff: 0, Sum: 0, Workers: 4
[1618.495s][debug][gc,phases      ] GC(54)   StringTable Weak               Min:  0.1, Avg:  0.1, Max:  0.1, Diff:  0.0, Sum:  0.4, Workers: 4
[1618.495s][debug][gc,phases      ] GC(54)     Dead                           Min: 0, Avg:  0.0, Max: 0, Diff: 0, Sum: 0, Workers: 4
[1618.495s][debug][gc,phases      ] GC(54)     Total                          Min: 11066, Avg: 12350.5, Max: 14464, Diff: 3398, Sum: 49402, Workers: 4
[1618.495s][debug][gc,phases      ] GC(54)   ResolvedMethodTable Weak       Min:  0.0, Avg:  0.0, Max:  0.0, Diff:  0.0, Sum:  0.2, Workers: 4
[1618.495s][debug][gc,phases      ] GC(54)     Dead                           Min: 0, Avg:  4.0, Max: 9, Diff: 9, Sum: 16, Workers: 4
[1618.495s][debug][gc,phases      ] GC(54)     Total                          Min: 3577, Avg: 4066.2, Max: 4629, Diff: 1052, Sum: 16265, Workers: 4
[1618.495s][debug][gc,phases      ] GC(54)   JNI Weak                       Min:  0.0, Avg:  0.0, Max:  0.0, Diff:  0.0, Sum:  0.0, Workers: 4
[1618.495s][debug][gc,phases      ] GC(54)     Dead                           Min: 0, Avg:  0.0, Max: 0, Diff: 0, Sum: 0, Workers: 4
[1618.495s][debug][gc,phases      ] GC(54)     Total                          Min: 0, Avg: 13.0, Max: 52, Diff: 52, Sum: 52, Workers: 4
[1618.495s][debug][gc,phases      ] GC(54)   StringDedup Table Weak         Min:  0.0, Avg:  0.0, Max:  0.0, Diff:  0.0, Sum:  0.0, Workers: 4
[1618.495s][debug][gc,phases      ] GC(54)     Dead                           Min: 0, Avg:  0.0, Max: 0, Diff: 0, Sum: 0, Workers: 4
[1618.495s][debug][gc,phases      ] GC(54)     Total                          Min: 0, Avg:  0.0, Max: 0, Diff: 0, Sum: 0, Workers: 4
[1618.495s][debug][gc,phases      ] GC(54)   StringDedup Requests0 Weak     Min:  0.0, Avg:  0.0, Max:  0.0, Diff:  0.0, Sum:  0.0, Workers: 4
[1618.495s][debug][gc,phases      ] GC(54)     Dead                           Min: 0, Avg:  0.0, Max: 0, Diff: 0, Sum: 0, Workers: 4
[1618.495s][debug][gc,phases      ] GC(54)     Total                          Min: 0, Avg:  0.0, Max: 0, Diff: 0, Sum: 0, Workers: 4
[1618.495s][debug][gc,phases      ] GC(54)   StringDedup Requests1 Weak     Min:  0.0, Avg:  0.0, Max:  0.0, Diff:  0.0, Sum:  0.0, Workers: 4
[1618.495s][debug][gc,phases      ] GC(54)     Dead                           Min: 0, Avg:  0.0, Max: 0, Diff: 0, Sum: 0, Workers: 4
[1618.495s][debug][gc,phases      ] GC(54)     Total                          Min: 0, Avg:  0.0, Max: 0, Diff: 0, Sum: 0, Workers: 4
[1618.495s][debug][gc,phases      ] GC(54)   Weak JFR Old Object Samples    Min:  0.0, Avg:  0.0, Max:  0.0, Diff:  0.0, Sum:  0.0, Workers: 4
[1618.495s][debug][gc,phases      ] GC(54)     Dead                           Min: 0, Avg:  0.0, Max: 0, Diff: 0, Sum: 0, Workers: 4
[1618.495s][debug][gc,phases      ] GC(54)     Total                          Min: 0, Avg:  0.0, Max: 0, Diff: 0, Sum: 0, Workers: 4
[1618.495s][debug][gc,phases      ] GC(54) Weak Processing 0.354ms
[1618.495s][debug][gc,age         ] GC(54) Desired survivor size 38273024 bytes, new threshold 1 (max threshold 15)
[1618.495s][info ][gc,heap        ] GC(54) PSYoungGen: 2020448K(2057728K)->3888K(2054656K) Eden: 2015232K(2015232K)->0K(2015232K) From: 5216K(42496K)->3888K(39424K)
[1618.495s][info ][gc,heap        ] GC(54) ParOldGen: 356481K(356864K)->358349K(358400K)
[1618.495s][info ][gc,metaspace   ] GC(54) Metaspace: 113066K(114368K)->113066K(114368K) NonClass: 96158K(96896K)->96158K(96896K) Class: 16908K(17472K)->16908K(17472K)
[1618.495s][info ][gc             ] GC(54) Pause Young (Allocation Failure) 2321M->353M(2356M) 5.551ms
[1618.495s][info ][gc,cpu         ] GC(54) User=0.01s Sys=0.00s Real=0.00s
[1618.495s][info ][safepoint      ] Safepoint "ParallelGCFailedAllocation", Time since last: 486513496 ns, Reaching safepoint: 8700 ns, Cleanup: 4800 ns, At safepoint: 5626612 ns, Total: 5640112 ns
[1626.554s][info ][safepoint      ] Safepoint "Cleanup", Time since last: 8058671578 ns, Reaching safepoint: 7800 ns, Cleanup: 12801 ns, At safepoint: 2400 ns, Total: 23001 ns
[1627.554s][info ][safepoint      ] Safepoint "Cleanup", Time since last: 1000116517 ns, Reaching safepoint: 7700 ns, Cleanup: 14601 ns, At safepoint: 2600 ns, Total: 24901 ns
[1634.554s][info ][safepoint      ] Safepoint "Cleanup", Time since last: 7000753948 ns, Reaching safepoint: 7900 ns, Cleanup: 10700 ns, At safepoint: 2800 ns, Total: 21400 ns
[1638.555s][info ][safepoint      ] Safepoint "Cleanup", Time since last: 4000343340 ns, Reaching safepoint: 7400 ns, Cleanup: 14001 ns, At safepoint: 2500 ns, Total: 23901 ns
[1647.556s][info ][safepoint      ] Safepoint "Cleanup", Time since last: 9000704520 ns, Reaching safepoint: 7401 ns, Cleanup: 9900 ns, At safepoint: 2600 ns, Total: 19901 ns
[1650.556s][info ][safepoint      ] Safepoint "Cleanup", Time since last: 3000254836 ns, Reaching safepoint: 6000 ns, Cleanup: 20401 ns, At safepoint: 2300 ns, Total: 28701 ns
[1653.556s][info ][safepoint      ] Safepoint "Cleanup", Time since last: 3000286136 ns, Reaching safepoint: 8100 ns, Cleanup: 12601 ns, At safepoint: 3000 ns, Total: 23701 ns
[1659.557s][info ][safepoint      ] Safepoint "Cleanup", Time since last: 6000542946 ns, Reaching safepoint: 8400 ns, Cleanup: 11301 ns, At safepoint: 2900 ns, Total: 22601 ns
[1659.785s][info ][gc,start       ] GC(55) Pause Young (Allocation Failure)
[1659.790s][debug][gc,phases      ] GC(55) Scavenge 4.855ms
[1659.790s][debug][gc,ref         ] GC(55) ReferenceProcessor::execute queues: 1, RefProcThreadModel::Single, marks_oops_alive: false
[1659.790s][debug][gc,ref         ] GC(55) Skipped KeepAliveFinalRefsPhase of Reference Processing: no references
[1659.790s][debug][gc,ref         ] GC(55) ReferenceProcessor::execute queues: 1, RefProcThreadModel::Single, marks_oops_alive: false
[1659.790s][debug][gc,phases      ] GC(55) Reference Processing 0.117ms
[1659.790s][debug][gc,phases      ] GC(55)   VM Weak                        Min:  0.0, Avg:  0.0, Max:  0.0, Diff:  0.0, Sum:  0.0, Workers: 4
[1659.790s][debug][gc,phases      ] GC(55)     Dead                           Min: 0, Avg:  0.0, Max: 0, Diff: 0, Sum: 0, Workers: 4
[1659.790s][debug][gc,phases      ] GC(55)     Total                          Min: 0, Avg: 262.2, Max: 729, Diff: 729, Sum: 1049, Workers: 4
[1659.790s][debug][gc,phases      ] GC(55)   ObjectSynchronizer Weak        Min:  0.0, Avg:  0.0, Max:  0.0, Diff:  0.0, Sum:  0.0, Workers: 4
[1659.790s][debug][gc,phases      ] GC(55)     Dead                           Min: 0, Avg:  0.0, Max: 0, Diff: 0, Sum: 0, Workers: 4
[1659.790s][debug][gc,phases      ] GC(55)     Total                          Min: 0, Avg:  1.0, Max: 4, Diff: 4, Sum: 4, Workers: 4
[1659.790s][debug][gc,phases      ] GC(55)   JVMTI Tag Weak OopStorage      Min:  0.0, Avg:  0.0, Max:  0.0, Diff:  0.0, Sum:  0.0, Workers: 4
[1659.790s][debug][gc,phases      ] GC(55)     Dead                           Min: 0, Avg:  0.0, Max: 0, Diff: 0, Sum: 0, Workers: 4
[1659.790s][debug][gc,phases      ] GC(55)     Total                          Min: 0, Avg:  0.0, Max: 0, Diff: 0, Sum: 0, Workers: 4
[1659.790s][debug][gc,phases      ] GC(55)   StringTable Weak               Min:  0.1, Avg:  0.1, Max:  0.1, Diff:  0.0, Sum:  0.4, Workers: 4
[1659.790s][debug][gc,phases      ] GC(55)     Dead                           Min: 0, Avg:  0.2, Max: 1, Diff: 1, Sum: 1, Workers: 4
[1659.790s][debug][gc,phases      ] GC(55)     Total                          Min: 11648, Avg: 12351.8, Max: 13184, Diff: 1536, Sum: 49407, Workers: 4
[1659.790s][debug][gc,phases      ] GC(55)   ResolvedMethodTable Weak       Min:  0.0, Avg:  0.0, Max:  0.0, Diff:  0.0, Sum:  0.2, Workers: 4
[1659.790s][debug][gc,phases      ] GC(55)     Dead                           Min: 0, Avg:  4.5, Max: 10, Diff: 10, Sum: 18, Workers: 4
[1659.790s][debug][gc,phases      ] GC(55)     Total                          Min: 3651, Avg: 4068.2, Max: 4263, Diff: 612, Sum: 16273, Workers: 4
[1659.790s][debug][gc,phases      ] GC(55)   JNI Weak                       Min:  0.0, Avg:  0.0, Max:  0.0, Diff:  0.0, Sum:  0.0, Workers: 4
[1659.790s][debug][gc,phases      ] GC(55)     Dead                           Min: 0, Avg:  0.0, Max: 0, Diff: 0, Sum: 0, Workers: 4
[1659.790s][debug][gc,phases      ] GC(55)     Total                          Min: 0, Avg: 13.0, Max: 52, Diff: 52, Sum: 52, Workers: 4
[1659.790s][debug][gc,phases      ] GC(55)   StringDedup Table Weak         Min:  0.0, Avg:  0.0, Max:  0.0, Diff:  0.0, Sum:  0.0, Workers: 4
[1659.790s][debug][gc,phases      ] GC(55)     Dead                           Min: 0, Avg:  0.0, Max: 0, Diff: 0, Sum: 0, Workers: 4
[1659.790s][debug][gc,phases      ] GC(55)     Total                          Min: 0, Avg:  0.0, Max: 0, Diff: 0, Sum: 0, Workers: 4
[1659.790s][debug][gc,phases      ] GC(55)   StringDedup Requests0 Weak     Min:  0.0, Avg:  0.0, Max:  0.0, Diff:  0.0, Sum:  0.0, Workers: 4
[1659.790s][debug][gc,phases      ] GC(55)     Dead                           Min: 0, Avg:  0.0, Max: 0, Diff: 0, Sum: 0, Workers: 4
[1659.790s][debug][gc,phases      ] GC(55)     Total                          Min: 0, Avg:  0.0, Max: 0, Diff: 0, Sum: 0, Workers: 4
[1659.790s][debug][gc,phases      ] GC(55)   StringDedup Requests1 Weak     Min:  0.0, Avg:  0.0, Max:  0.0, Diff:  0.0, Sum:  0.0, Workers: 4
[1659.790s][debug][gc,phases      ] GC(55)     Dead                           Min: 0, Avg:  0.0, Max: 0, Diff: 0, Sum: 0, Workers: 4
[1659.790s][debug][gc,phases      ] GC(55)     Total                          Min: 0, Avg:  0.0, Max: 0, Diff: 0, Sum: 0, Workers: 4
[1659.790s][debug][gc,phases      ] GC(55)   Weak JFR Old Object Samples    Min:  0.0, Avg:  0.0, Max:  0.0, Diff:  0.0, Sum:  0.0, Workers: 4
[1659.790s][debug][gc,phases      ] GC(55)     Dead                           Min: 0, Avg:  0.0, Max: 0, Diff: 0, Sum: 0, Workers: 4
[1659.790s][debug][gc,phases      ] GC(55)     Total                          Min: 0, Avg:  0.0, Max: 0, Diff: 0, Sum: 0, Workers: 4
[1659.790s][debug][gc,phases      ] GC(55) Weak Processing 0.363ms
[1659.790s][debug][gc,age         ] GC(55) Desired survivor size 35651584 bytes, new threshold 1 (max threshold 15)
[1659.790s][info ][gc,heap        ] GC(55) PSYoungGen: 2019120K(2054656K)->5328K(2062336K) Eden: 2015232K(2015232K)->0K(2024960K) From: 3888K(39424K)->5328K(37376K)
[1659.790s][info ][gc,heap        ] GC(55) ParOldGen: 358349K(358400K)->359437K(359936K)
[1659.790s][info ][gc,metaspace   ] GC(55) Metaspace: 113082K(114432K)->113082K(114432K) NonClass: 96170K(96960K)->96170K(96960K) Class: 16911K(17472K)->16911K(17472K)
[1659.790s][info ][gc             ] GC(55) Pause Young (Allocation Failure) 2321M->356M(2365M) 5.485ms
[1659.791s][info ][gc,cpu         ] GC(55) User=0.01s Sys=0.00s Real=0.00s
[1659.791s][info ][safepoint      ] Safepoint "ParallelGCFailedAllocation", Time since last: 228161501 ns, Reaching safepoint: 81503 ns, Cleanup: 4600 ns, At safepoint: 5564310 ns, Total: 5650413 ns
[1660.791s][info ][safepoint      ] Safepoint "Cleanup", Time since last: 1000098502 ns, Reaching safepoint: 81503 ns, Cleanup: 12900 ns, At safepoint: 7301 ns, Total: 101704 ns
[1663.791s][info ][safepoint      ] Safepoint "Cleanup", Time since last: 3000280204 ns, Reaching safepoint: 80503 ns, Cleanup: 15100 ns, At safepoint: 7601 ns, Total: 103204 ns
[1664.791s][info ][safepoint      ] Safepoint "Cleanup", Time since last: 1000148105 ns, Reaching safepoint: 10900 ns, Cleanup: 11700 ns, At safepoint: 3001 ns, Total: 25601 ns
[1666.792s][info ][safepoint      ] Safepoint "Cleanup", Time since last: 2000231138 ns, Reaching safepoint: 8200 ns, Cleanup: 11100 ns, At safepoint: 2301 ns, Total: 21601 ns
[1668.792s][info ][safepoint      ] Safepoint "Cleanup", Time since last: 2000190036 ns, Reaching safepoint: 85903 ns, Cleanup: 11001 ns, At safepoint: 7000 ns, Total: 103904 ns
[1675.792s][info ][safepoint      ] Safepoint "Cleanup", Time since last: 7000587378 ns, Reaching safepoint: 7701 ns, Cleanup: 10900 ns, At safepoint: 2700 ns, Total: 21301 ns
[1676.793s][info ][safepoint      ] Safepoint "Cleanup", Time since last: 1000169706 ns, Reaching safepoint: 8800 ns, Cleanup: 14201 ns, At safepoint: 2600 ns, Total: 25601 ns
[1677.793s][info ][safepoint      ] Safepoint "Cleanup", Time since last: 1000156305 ns, Reaching safepoint: 8800 ns, Cleanup: 14101 ns, At safepoint: 3000 ns, Total: 25901 ns
[1678.793s][info ][safepoint      ] Safepoint "Cleanup", Time since last: 1000136405 ns, Reaching safepoint: 7500 ns, Cleanup: 7500 ns, At safepoint: 2000 ns, Total: 17000 ns
[1679.793s][info ][safepoint      ] Safepoint "Cleanup", Time since last: 1000133305 ns, Reaching safepoint: 8300 ns, Cleanup: 15101 ns, At safepoint: 2300 ns, Total: 25701 ns
[1682.573s][info ][safepoint      ] Safepoint "Cleanup", Time since last: 2779375020 ns, Reaching safepoint: 7900 ns, Cleanup: 11401 ns, At safepoint: 2800 ns, Total: 22101 ns
[1685.573s][info ][safepoint      ] Safepoint "Cleanup", Time since last: 3000256409 ns, Reaching safepoint: 7500 ns, Cleanup: 25501 ns, At safepoint: 2700 ns, Total: 35701 ns
[1686.573s][info ][safepoint      ] Safepoint "Cleanup", Time since last: 1000128772 ns, Reaching safepoint: 8100 ns, Cleanup: 11801 ns, At safepoint: 2400 ns, Total: 22301 ns
[1694.574s][info ][safepoint      ] Safepoint "Cleanup", Time since last: 8000596579 ns, Reaching safepoint: 8500 ns, Cleanup: 10800 ns, At safepoint: 2100 ns, Total: 21400 ns
[1695.574s][info ][safepoint      ] Safepoint "Cleanup", Time since last: 1000116413 ns, Reaching safepoint: 8000 ns, Cleanup: 12000 ns, At safepoint: 2301 ns, Total: 22301 ns
[1700.574s][info ][safepoint      ] Safepoint "Cleanup", Time since last: 5000412605 ns, Reaching safepoint: 9300 ns, Cleanup: 15801 ns, At safepoint: 2900 ns, Total: 28001 ns
[1704.393s][info ][gc,start       ] GC(56) Pause Young (Allocation Failure)
[1704.398s][debug][gc,phases      ] GC(56) Scavenge 4.682ms
[1704.398s][debug][gc,ref         ] GC(56) ReferenceProcessor::execute queues: 1, RefProcThreadModel::Single, marks_oops_alive: false
[1704.398s][debug][gc,ref         ] GC(56) Skipped KeepAliveFinalRefsPhase of Reference Processing: no references
[1704.398s][debug][gc,ref         ] GC(56) ReferenceProcessor::execute queues: 1, RefProcThreadModel::Single, marks_oops_alive: false
[1704.398s][debug][gc,phases      ] GC(56) Reference Processing 0.113ms
[1704.398s][debug][gc,phases      ] GC(56)   VM Weak                        Min:  0.0, Avg:  0.0, Max:  0.0, Diff:  0.0, Sum:  0.0, Workers: 4
[1704.398s][debug][gc,phases      ] GC(56)     Dead                           Min: 0, Avg:  0.0, Max: 0, Diff: 0, Sum: 0, Workers: 4
[1704.398s][debug][gc,phases      ] GC(56)     Total                          Min: 0, Avg: 262.8, Max: 704, Diff: 704, Sum: 1051, Workers: 4
[1704.398s][debug][gc,phases      ] GC(56)   ObjectSynchronizer Weak        Min:  0.0, Avg:  0.0, Max:  0.0, Diff:  0.0, Sum:  0.0, Workers: 4
[1704.398s][debug][gc,phases      ] GC(56)     Dead                           Min: 0, Avg:  0.0, Max: 0, Diff: 0, Sum: 0, Workers: 4
[1704.398s][debug][gc,phases      ] GC(56)     Total                          Min: 0, Avg:  1.0, Max: 4, Diff: 4, Sum: 4, Workers: 4
[1704.398s][debug][gc,phases      ] GC(56)   JVMTI Tag Weak OopStorage      Min:  0.0, Avg:  0.0, Max:  0.0, Diff:  0.0, Sum:  0.0, Workers: 4
[1704.398s][debug][gc,phases      ] GC(56)     Dead                           Min: 0, Avg:  0.0, Max: 0, Diff: 0, Sum: 0, Workers: 4
[1704.398s][debug][gc,phases      ] GC(56)     Total                          Min: 0, Avg:  0.0, Max: 0, Diff: 0, Sum: 0, Workers: 4
[1704.398s][debug][gc,phases      ] GC(56)   StringTable Weak               Min:  0.0, Avg:  0.1, Max:  0.2, Diff:  0.2, Sum:  0.5, Workers: 4
[1704.398s][debug][gc,phases      ] GC(56)     Dead                           Min: 0, Avg:  0.0, Max: 0, Diff: 0, Sum: 0, Workers: 4
[1704.398s][debug][gc,phases      ] GC(56)     Total                          Min: 0, Avg: 12352.2, Max: 17793, Diff: 17793, Sum: 49409, Workers: 4
[1704.398s][debug][gc,phases      ] GC(56)   ResolvedMethodTable Weak       Min:  0.0, Avg:  0.0, Max:  0.1, Diff:  0.1, Sum:  0.2, Workers: 4
[1704.399s][debug][gc,phases      ] GC(56)     Dead                           Min: 0, Avg:  4.0, Max: 16, Diff: 16, Sum: 16, Workers: 4
[1704.399s][debug][gc,phases      ] GC(56)     Total                          Min: 0, Avg: 4070.0, Max: 5634, Diff: 5634, Sum: 16280, Workers: 4
[1704.399s][debug][gc,phases      ] GC(56)   JNI Weak                       Min:  0.0, Avg:  0.0, Max:  0.0, Diff:  0.0, Sum:  0.0, Workers: 4
[1704.399s][debug][gc,phases      ] GC(56)     Dead                           Min: 0, Avg:  0.0, Max: 0, Diff: 0, Sum: 0, Workers: 4
[1704.399s][debug][gc,phases      ] GC(56)     Total                          Min: 0, Avg: 13.0, Max: 52, Diff: 52, Sum: 52, Workers: 4
[1704.399s][debug][gc,phases      ] GC(56)   StringDedup Table Weak         Min:  0.0, Avg:  0.0, Max:  0.0, Diff:  0.0, Sum:  0.0, Workers: 4
[1704.399s][debug][gc,phases      ] GC(56)     Dead                           Min: 0, Avg:  0.0, Max: 0, Diff: 0, Sum: 0, Workers: 4
[1704.399s][debug][gc,phases      ] GC(56)     Total                          Min: 0, Avg:  0.0, Max: 0, Diff: 0, Sum: 0, Workers: 4
[1704.399s][debug][gc,phases      ] GC(56)   StringDedup Requests0 Weak     Min:  0.0, Avg:  0.0, Max:  0.0, Diff:  0.0, Sum:  0.0, Workers: 4
[1704.399s][debug][gc,phases      ] GC(56)     Dead                           Min: 0, Avg:  0.0, Max: 0, Diff: 0, Sum: 0, Workers: 4
[1704.399s][debug][gc,phases      ] GC(56)     Total                          Min: 0, Avg:  0.0, Max: 0, Diff: 0, Sum: 0, Workers: 4
[1704.399s][debug][gc,phases      ] GC(56)   StringDedup Requests1 Weak     Min:  0.0, Avg:  0.0, Max:  0.0, Diff:  0.0, Sum:  0.0, Workers: 4
[1704.399s][debug][gc,phases      ] GC(56)     Dead                           Min: 0, Avg:  0.0, Max: 0, Diff: 0, Sum: 0, Workers: 4
[1704.399s][debug][gc,phases      ] GC(56)     Total                          Min: 0, Avg:  0.0, Max: 0, Diff: 0, Sum: 0, Workers: 4
[1704.399s][debug][gc,phases      ] GC(56)   Weak JFR Old Object Samples    Min:  0.0, Avg:  0.0, Max:  0.0, Diff:  0.0, Sum:  0.0, Workers: 4
[1704.399s][debug][gc,phases      ] GC(56)     Dead                           Min: 0, Avg:  0.0, Max: 0, Diff: 0, Sum: 0, Workers: 4
[1704.399s][debug][gc,phases      ] GC(56)     Total                          Min: 0, Avg:  0.0, Max: 0, Diff: 0, Sum: 0, Workers: 4
[1704.399s][debug][gc,phases      ] GC(56) Weak Processing 0.421ms
[1704.399s][debug][gc,age         ] GC(56) Desired survivor size 33030144 bytes, new threshold 1 (max threshold 15)
[1704.399s][info ][gc,heap        ] GC(56) PSYoungGen: 2030288K(2062336K)->4064K(2059776K) Eden: 2024960K(2024960K)->0K(2024960K) From: 5328K(37376K)->4064K(34816K)
[1704.399s][info ][gc,heap        ] GC(56) ParOldGen: 359437K(359936K)->361737K(361984K)
[1704.399s][info ][gc,metaspace   ] GC(56) Metaspace: 113152K(114496K)->113152K(114496K) NonClass: 96238K(97024K)->96238K(97024K) Class: 16913K(17472K)->16913K(17472K)
[1704.399s][info ][gc             ] GC(56) Pause Young (Allocation Failure) 2333M->357M(2365M) 5.356ms
[1704.399s][info ][gc,cpu         ] GC(56) User=0.02s Sys=0.00s Real=0.01s
[1704.399s][info ][safepoint      ] Safepoint "ParallelGCFailedAllocation", Time since last: 3819044841 ns, Reaching safepoint: 7800 ns, Cleanup: 4200 ns, At safepoint: 5430805 ns, Total: 5442805 ns
[1705.399s][info ][safepoint      ] Safepoint "Cleanup", Time since last: 1000120083 ns, Reaching safepoint: 7700 ns, Cleanup: 11301 ns, At safepoint: 2700 ns, Total: 21701 ns
[1707.399s][info ][safepoint      ] Safepoint "Cleanup", Time since last: 2000193951 ns, Reaching safepoint: 6301 ns, Cleanup: 15100 ns, At safepoint: 2200 ns, Total: 23601 ns
[1710.399s][info ][safepoint      ] Safepoint "Cleanup", Time since last: 3000245426 ns, Reaching safepoint: 6400 ns, Cleanup: 16401 ns, At safepoint: 2300 ns, Total: 25101 ns
[1711.399s][info ][safepoint      ] Safepoint "Cleanup", Time since last: 1000115876 ns, Reaching safepoint: 6800 ns, Cleanup: 11001 ns, At safepoint: 2300 ns, Total: 20101 ns
[1712.400s][info ][safepoint      ] Safepoint "Cleanup", Time since last: 1000110776 ns, Reaching safepoint: 7901 ns, Cleanup: 10100 ns, At safepoint: 2500 ns, Total: 20501 ns
[1714.400s][info ][safepoint      ] Safepoint "Cleanup", Time since last: 2000203651 ns, Reaching safepoint: 7501 ns, Cleanup: 16400 ns, At safepoint: 2400 ns, Total: 26301 ns
[1715.400s][info ][safepoint      ] Safepoint "Cleanup", Time since last: 1000114476 ns, Reaching safepoint: 7201 ns, Cleanup: 9900 ns, At safepoint: 2800 ns, Total: 19901 ns
[1718.400s][info ][safepoint      ] Safepoint "Cleanup", Time since last: 3000273726 ns, Reaching safepoint: 8300 ns, Cleanup: 11200 ns, At safepoint: 2500 ns, Total: 22000 ns
[1721.401s][info ][safepoint      ] Safepoint "Cleanup", Time since last: 3000295226 ns, Reaching safepoint: 7800 ns, Cleanup: 11401 ns, At safepoint: 2300 ns, Total: 21501 ns
[1722.401s][info ][safepoint      ] Safepoint "Cleanup", Time since last: 1000121576 ns, Reaching safepoint: 7100 ns, Cleanup: 12800 ns, At safepoint: 2500 ns, Total: 22400 ns
[1723.401s][info ][safepoint      ] Safepoint "Cleanup", Time since last: 1000115076 ns, Reaching safepoint: 6800 ns, Cleanup: 10000 ns, At safepoint: 29301 ns, Total: 46101 ns
[1727.401s][info ][safepoint      ] Safepoint "Cleanup", Time since last: 4000312196 ns, Reaching safepoint: 7900 ns, Cleanup: 10501 ns, At safepoint: 2600 ns, Total: 21001 ns
[1732.402s][info ][safepoint      ] Safepoint "Cleanup", Time since last: 5000479585 ns, Reaching safepoint: 7900 ns, Cleanup: 10000 ns, At safepoint: 2000 ns, Total: 19900 ns
[1734.402s][info ][safepoint      ] Safepoint "Cleanup", Time since last: 2000186022 ns, Reaching safepoint: 7800 ns, Cleanup: 12501 ns, At safepoint: 2700 ns, Total: 23001 ns
[1737.402s][info ][safepoint      ] Safepoint "Cleanup", Time since last: 3000301958 ns, Reaching safepoint: 8301 ns, Cleanup: 27101 ns, At safepoint: 3000 ns, Total: 38402 ns
[1738.402s][info ][safepoint      ] Safepoint "Cleanup", Time since last: 1000165722 ns, Reaching safepoint: 8200 ns, Cleanup: 11500 ns, At safepoint: 2900 ns, Total: 22600 ns
[1740.591s][info ][safepoint      ] Safepoint "Cleanup", Time since last: 2188105026 ns, Reaching safepoint: 110704 ns, Cleanup: 11500 ns, At safepoint: 14101 ns, Total: 136305 ns
[1741.591s][info ][safepoint      ] Safepoint "Cleanup", Time since last: 1000192523 ns, Reaching safepoint: 92503 ns, Cleanup: 15101 ns, At safepoint: 10300 ns, Total: 117904 ns
[1742.591s][info ][safepoint      ] Safepoint "Cleanup", Time since last: 1000147921 ns, Reaching safepoint: 102904 ns, Cleanup: 13701 ns, At safepoint: 8900 ns, Total: 125505 ns
[1742.935s][info ][gc,start       ] GC(57) Pause Young (Allocation Failure)
[1742.939s][debug][gc,phases      ] GC(57) Scavenge 3.885ms
[1742.939s][debug][gc,ref         ] GC(57) ReferenceProcessor::execute queues: 1, RefProcThreadModel::Single, marks_oops_alive: false
[1742.939s][debug][gc,ref         ] GC(57) Skipped KeepAliveFinalRefsPhase of Reference Processing: no references
[1742.939s][debug][gc,ref         ] GC(57) ReferenceProcessor::execute queues: 1, RefProcThreadModel::Single, marks_oops_alive: false
[1742.939s][debug][gc,phases      ] GC(57) Reference Processing 0.117ms
[1742.939s][debug][gc,phases      ] GC(57)   VM Weak                        Min:  0.0, Avg:  0.0, Max:  0.0, Diff:  0.0, Sum:  0.0, Workers: 4
[1742.939s][debug][gc,phases      ] GC(57)     Dead                           Min: 0, Avg:  0.0, Max: 0, Diff: 0, Sum: 0, Workers: 4
[1742.939s][debug][gc,phases      ] GC(57)     Total                          Min: 0, Avg: 262.8, Max: 640, Diff: 640, Sum: 1051, Workers: 4
[1742.939s][debug][gc,phases      ] GC(57)   ObjectSynchronizer Weak        Min:  0.0, Avg:  0.0, Max:  0.0, Diff:  0.0, Sum:  0.0, Workers: 4
[1742.939s][debug][gc,phases      ] GC(57)     Dead                           Min: 0, Avg:  0.0, Max: 0, Diff: 0, Sum: 0, Workers: 4
[1742.939s][debug][gc,phases      ] GC(57)     Total                          Min: 0, Avg:  0.8, Max: 3, Diff: 3, Sum: 3, Workers: 4
[1742.939s][debug][gc,phases      ] GC(57)   JVMTI Tag Weak OopStorage      Min:  0.0, Avg:  0.0, Max:  0.0, Diff:  0.0, Sum:  0.0, Workers: 4
[1742.939s][debug][gc,phases      ] GC(57)     Dead                           Min: 0, Avg:  0.0, Max: 0, Diff: 0, Sum: 0, Workers: 4
[1742.939s][debug][gc,phases      ] GC(57)     Total                          Min: 0, Avg:  0.0, Max: 0, Diff: 0, Sum: 0, Workers: 4
[1742.939s][debug][gc,phases      ] GC(57)   StringTable Weak               Min:  0.0, Avg:  0.1, Max:  0.2, Diff:  0.2, Sum:  0.5, Workers: 4
[1742.939s][debug][gc,phases      ] GC(57)     Dead                           Min: 0, Avg:  0.0, Max: 0, Diff: 0, Sum: 0, Workers: 4
[1742.939s][debug][gc,phases      ] GC(57)     Total                          Min: 0, Avg: 12352.8, Max: 20544, Diff: 20544, Sum: 49411, Workers: 4
[1742.939s][debug][gc,phases      ] GC(57)   ResolvedMethodTable Weak       Min:  0.0, Avg:  0.0, Max:  0.1, Diff:  0.1, Sum:  0.2, Workers: 4
[1742.939s][debug][gc,phases      ] GC(57)     Dead                           Min: 0, Avg:  4.0, Max: 16, Diff: 16, Sum: 16, Workers: 4
[1742.939s][debug][gc,phases      ] GC(57)     Total                          Min: 0, Avg: 4070.0, Max: 5850, Diff: 5850, Sum: 16280, Workers: 4
[1742.939s][debug][gc,phases      ] GC(57)   JNI Weak                       Min:  0.0, Avg:  0.0, Max:  0.0, Diff:  0.0, Sum:  0.0, Workers: 4
[1742.939s][debug][gc,phases      ] GC(57)     Dead                           Min: 0, Avg:  0.0, Max: 0, Diff: 0, Sum: 0, Workers: 4
[1742.939s][debug][gc,phases      ] GC(57)     Total                          Min: 0, Avg: 13.0, Max: 52, Diff: 52, Sum: 52, Workers: 4
[1742.939s][debug][gc,phases      ] GC(57)   StringDedup Table Weak         Min:  0.0, Avg:  0.0, Max:  0.0, Diff:  0.0, Sum:  0.0, Workers: 4
[1742.939s][debug][gc,phases      ] GC(57)     Dead                           Min: 0, Avg:  0.0, Max: 0, Diff: 0, Sum: 0, Workers: 4
[1742.939s][debug][gc,phases      ] GC(57)     Total                          Min: 0, Avg:  0.0, Max: 0, Diff: 0, Sum: 0, Workers: 4
[1742.939s][debug][gc,phases      ] GC(57)   StringDedup Requests0 Weak     Min:  0.0, Avg:  0.0, Max:  0.0, Diff:  0.0, Sum:  0.0, Workers: 4
[1742.939s][debug][gc,phases      ] GC(57)     Dead                           Min: 0, Avg:  0.0, Max: 0, Diff: 0, Sum: 0, Workers: 4
[1742.939s][debug][gc,phases      ] GC(57)     Total                          Min: 0, Avg:  0.0, Max: 0, Diff: 0, Sum: 0, Workers: 4
[1742.939s][debug][gc,phases      ] GC(57)   StringDedup Requests1 Weak     Min:  0.0, Avg:  0.0, Max:  0.0, Diff:  0.0, Sum:  0.0, Workers: 4
[1742.939s][debug][gc,phases      ] GC(57)     Dead                           Min: 0, Avg:  0.0, Max: 0, Diff: 0, Sum: 0, Workers: 4
[1742.939s][debug][gc,phases      ] GC(57)     Total                          Min: 0, Avg:  0.0, Max: 0, Diff: 0, Sum: 0, Workers: 4
[1742.939s][debug][gc,phases      ] GC(57)   Weak JFR Old Object Samples    Min:  0.0, Avg:  0.0, Max:  0.0, Diff:  0.0, Sum:  0.0, Workers: 4
[1742.939s][debug][gc,phases      ] GC(57)     Dead                           Min: 0, Avg:  0.0, Max: 0, Diff: 0, Sum: 0, Workers: 4
[1742.939s][debug][gc,phases      ] GC(57)     Total                          Min: 0, Avg:  0.0, Max: 0, Diff: 0, Sum: 0, Workers: 4
[1742.939s][debug][gc,phases      ] GC(57) Weak Processing 0.452ms
[1742.939s][debug][gc,age         ] GC(57) Desired survivor size 31457280 bytes, new threshold 1 (max threshold 15)
[1742.939s][info ][gc,heap        ] GC(57) PSYoungGen: 2029024K(2059776K)->3824K(2066432K) Eden: 2024960K(2024960K)->0K(2034176K) From: 4064K(34816K)->3824K(32256K)
[1742.939s][info ][gc,heap        ] GC(57) ParOldGen: 361737K(361984K)->363074K(363520K)
[1742.939s][info ][gc,metaspace   ] GC(57) Metaspace: 113194K(114496K)->113194K(114496K) NonClass: 96280K(97024K)->96280K(97024K) Class: 16913K(17472K)->16913K(17472K)
[1742.939s][info ][gc             ] GC(57) Pause Young (Allocation Failure) 2334M->358M(2373M) 4.601ms
[1742.939s][info ][gc,cpu         ] GC(57) User=0.02s Sys=0.00s Real=0.01s
[1742.939s][info ][safepoint      ] Safepoint "ParallelGCFailedAllocation", Time since last: 343237945 ns, Reaching safepoint: 114705 ns, Cleanup: 22701 ns, At safepoint: 4685976 ns, Total: 4823382 ns
[1743.940s][info ][safepoint      ] Safepoint "Cleanup", Time since last: 1000105320 ns, Reaching safepoint: 86203 ns, Cleanup: 11400 ns, At safepoint: 8001 ns, Total: 105604 ns
[1747.940s][info ][safepoint      ] Safepoint "Cleanup", Time since last: 4000366945 ns, Reaching safepoint: 82403 ns, Cleanup: 10200 ns, At safepoint: 6701 ns, Total: 99304 ns
[1750.940s][info ][safepoint      ] Safepoint "Cleanup", Time since last: 3000270931 ns, Reaching safepoint: 80703 ns, Cleanup: 28401 ns, At safepoint: 6800 ns, Total: 115904 ns
[1751.941s][info ][safepoint      ] Safepoint "Cleanup", Time since last: 1000122579 ns, Reaching safepoint: 80503 ns, Cleanup: 20701 ns, At safepoint: 6400 ns, Total: 107604 ns
[1765.942s][info ][safepoint      ] Safepoint "Cleanup", Time since last: 14001092199 ns, Reaching safepoint: 85403 ns, Cleanup: 10300 ns, At safepoint: 8201 ns, Total: 103904 ns
[1770.942s][info ][safepoint      ] Safepoint "Cleanup", Time since last: 5000523208 ns, Reaching safepoint: 101003 ns, Cleanup: 8801 ns, At safepoint: 8700 ns, Total: 118504 ns
[1773.943s][info ][safepoint      ] Safepoint "Cleanup", Time since last: 3000318763 ns, Reaching safepoint: 8500 ns, Cleanup: 13101 ns, At safepoint: 2400 ns, Total: 24001 ns
[1775.943s][info ][safepoint      ] Safepoint "Cleanup", Time since last: 2000200875 ns, Reaching safepoint: 9800 ns, Cleanup: 14401 ns, At safepoint: 2500 ns, Total: 26701 ns
[1776.943s][info ][safepoint      ] Safepoint "Cleanup", Time since last: 1000129288 ns, Reaching safepoint: 9100 ns, Cleanup: 49402 ns, At safepoint: 2700 ns, Total: 61202 ns
[1777.592s][info ][gc,start       ] GC(58) Pause Young (Allocation Failure)
[1777.600s][debug][gc,phases      ] GC(58) Scavenge 7.843ms
[1777.600s][debug][gc,ref         ] GC(58) ReferenceProcessor::execute queues: 1, RefProcThreadModel::Single, marks_oops_alive: false
[1777.600s][debug][gc,ref         ] GC(58) Skipped KeepAliveFinalRefsPhase of Reference Processing: no references
[1777.600s][debug][gc,ref         ] GC(58) ReferenceProcessor::execute queues: 1, RefProcThreadModel::Single, marks_oops_alive: false
[1777.600s][debug][gc,phases      ] GC(58) Reference Processing 0.121ms
[1777.600s][debug][gc,phases      ] GC(58)   VM Weak                        Min:  0.0, Avg:  0.0, Max:  0.0, Diff:  0.0, Sum:  0.0, Workers: 4
[1777.600s][debug][gc,phases      ] GC(58)     Dead                           Min: 0, Avg:  0.0, Max: 0, Diff: 0, Sum: 0, Workers: 4
[1777.600s][debug][gc,phases      ] GC(58)     Total                          Min: 0, Avg: 262.8, Max: 539, Diff: 539, Sum: 1051, Workers: 4
[1777.600s][debug][gc,phases      ] GC(58)   ObjectSynchronizer Weak        Min:  0.0, Avg:  0.0, Max:  0.0, Diff:  0.0, Sum:  0.0, Workers: 4
[1777.600s][debug][gc,phases      ] GC(58)     Dead                           Min: 0, Avg:  0.0, Max: 0, Diff: 0, Sum: 0, Workers: 4
[1777.600s][debug][gc,phases      ] GC(58)     Total                          Min: 0, Avg:  1.0, Max: 4, Diff: 4, Sum: 4, Workers: 4
[1777.600s][debug][gc,phases      ] GC(58)   JVMTI Tag Weak OopStorage      Min:  0.0, Avg:  0.0, Max:  0.0, Diff:  0.0, Sum:  0.0, Workers: 4
[1777.600s][debug][gc,phases      ] GC(58)     Dead                           Min: 0, Avg:  0.0, Max: 0, Diff: 0, Sum: 0, Workers: 4
[1777.600s][debug][gc,phases      ] GC(58)     Total                          Min: 0, Avg:  0.0, Max: 0, Diff: 0, Sum: 0, Workers: 4
[1777.600s][debug][gc,phases      ] GC(58)   StringTable Weak               Min:  0.0, Avg:  0.1, Max:  0.1, Diff:  0.1, Sum:  0.4, Workers: 4
[1777.600s][debug][gc,phases      ] GC(58)     Dead                           Min: 0, Avg:  0.8, Max: 3, Diff: 3, Sum: 3, Workers: 4
[1777.600s][debug][gc,phases      ] GC(58)     Total                          Min: 0, Avg: 12364.2, Max: 18494, Diff: 18494, Sum: 49457, Workers: 4
[1777.600s][debug][gc,phases      ] GC(58)   ResolvedMethodTable Weak       Min:  0.0, Avg:  0.0, Max:  0.1, Diff:  0.1, Sum:  0.1, Workers: 4
[1777.600s][debug][gc,phases      ] GC(58)     Dead                           Min: 0, Avg:  9.2, Max: 23, Diff: 23, Sum: 37, Workers: 4
[1777.600s][debug][gc,phases      ] GC(58)     Total                          Min: 0, Avg: 4082.0, Max: 6234, Diff: 6234, Sum: 16328, Workers: 4
[1777.600s][debug][gc,phases      ] GC(58)   JNI Weak                       Min:  0.0, Avg:  0.0, Max:  0.0, Diff:  0.0, Sum:  0.0, Workers: 4
[1777.600s][debug][gc,phases      ] GC(58)     Dead                           Min: 0, Avg:  0.0, Max: 0, Diff: 0, Sum: 0, Workers: 4
[1777.600s][debug][gc,phases      ] GC(58)     Total                          Min: 0, Avg: 13.0, Max: 52, Diff: 52, Sum: 52, Workers: 4
[1777.600s][debug][gc,phases      ] GC(58)   StringDedup Table Weak         Min:  0.0, Avg:  0.0, Max:  0.0, Diff:  0.0, Sum:  0.0, Workers: 4
[1777.600s][debug][gc,phases      ] GC(58)     Dead                           Min: 0, Avg:  0.0, Max: 0, Diff: 0, Sum: 0, Workers: 4
[1777.600s][debug][gc,phases      ] GC(58)     Total                          Min: 0, Avg:  0.0, Max: 0, Diff: 0, Sum: 0, Workers: 4
[1777.600s][debug][gc,phases      ] GC(58)   StringDedup Requests0 Weak     Min:  0.0, Avg:  0.0, Max:  0.0, Diff:  0.0, Sum:  0.0, Workers: 4
[1777.600s][debug][gc,phases      ] GC(58)     Dead                           Min: 0, Avg:  0.0, Max: 0, Diff: 0, Sum: 0, Workers: 4
[1777.600s][debug][gc,phases      ] GC(58)     Total                          Min: 0, Avg:  0.0, Max: 0, Diff: 0, Sum: 0, Workers: 4
[1777.600s][debug][gc,phases      ] GC(58)   StringDedup Requests1 Weak     Min:  0.0, Avg:  0.0, Max:  0.0, Diff:  0.0, Sum:  0.0, Workers: 4
[1777.600s][debug][gc,phases      ] GC(58)     Dead                           Min: 0, Avg:  0.0, Max: 0, Diff: 0, Sum: 0, Workers: 4
[1777.600s][debug][gc,phases      ] GC(58)     Total                          Min: 0, Avg:  0.0, Max: 0, Diff: 0, Sum: 0, Workers: 4
[1777.600s][debug][gc,phases      ] GC(58)   Weak JFR Old Object Samples    Min:  0.0, Avg:  0.0, Max:  0.0, Diff:  0.0, Sum:  0.0, Workers: 4
[1777.600s][debug][gc,phases      ] GC(58)     Dead                           Min: 0, Avg:  0.0, Max: 0, Diff: 0, Sum: 0, Workers: 4
[1777.600s][debug][gc,phases      ] GC(58)     Total                          Min: 0, Avg:  0.0, Max: 0, Diff: 0, Sum: 0, Workers: 4
[1777.600s][debug][gc,phases      ] GC(58) Weak Processing 0.421ms
[1777.600s][debug][gc,age         ] GC(58) Desired survivor size 31457280 bytes, new threshold 1 (max threshold 15)
[1777.600s][info ][gc,heap        ] GC(58) PSYoungGen: 2038000K(2066432K)->12970K(2064896K) Eden: 2034176K(2034176K)->0K(2034176K) From: 3824K(32256K)->12970K(30720K)
[1777.600s][info ][gc,heap        ] GC(58) ParOldGen: 363074K(363520K)->364066K(364544K)
[1777.600s][info ][gc,metaspace   ] GC(58) Metaspace: 113323K(114688K)->113323K(114688K) NonClass: 96392K(97152K)->96392K(97152K) Class: 16931K(17536K)->16931K(17536K)
[1777.600s][info ][gc             ] GC(58) Pause Young (Allocation Failure) 2344M->368M(2372M) 8.523ms
[1777.600s][info ][gc,cpu         ] GC(58) User=0.03s Sys=0.00s Real=0.01s
[1777.600s][info ][safepoint      ] Safepoint "ParallelGCFailedAllocation", Time since last: 648351728 ns, Reaching safepoint: 7900 ns, Cleanup: 21201 ns, At safepoint: 8600224 ns, Total: 8629325 ns
[1781.601s][info ][safepoint      ] Safepoint "Cleanup", Time since last: 4000313719 ns, Reaching safepoint: 8401 ns, Cleanup: 10600 ns, At safepoint: 2500 ns, Total: 21501 ns
[1782.601s][info ][safepoint      ] Safepoint "Cleanup", Time since last: 1000103481 ns, Reaching safepoint: 86003 ns, Cleanup: 7501 ns, At safepoint: 7100 ns, Total: 100604 ns
[1783.601s][info ][safepoint      ] Safepoint "Cleanup", Time since last: 1000119881 ns, Reaching safepoint: 7601 ns, Cleanup: 12500 ns, At safepoint: 2400 ns, Total: 22501 ns
[1785.601s][info ][safepoint      ] Safepoint "Cleanup", Time since last: 2000180458 ns, Reaching safepoint: 7800 ns, Cleanup: 22101 ns, At safepoint: 2400 ns, Total: 32301 ns
[1786.601s][info ][safepoint      ] Safepoint "Cleanup", Time since last: 1000117778 ns, Reaching safepoint: 8900 ns, Cleanup: 14201 ns, At safepoint: 6300 ns, Total: 29401 ns
[1787.601s][info ][safepoint      ] Safepoint "Cleanup", Time since last: 1000115577 ns, Reaching safepoint: 8501 ns, Cleanup: 11500 ns, At safepoint: 2600 ns, Total: 22601 ns
[1788.602s][info ][safepoint      ] Safepoint "Cleanup", Time since last: 1000125478 ns, Reaching safepoint: 9301 ns, Cleanup: 11000 ns, At safepoint: 2500 ns, Total: 22801 ns
[1789.602s][info ][safepoint      ] Safepoint "Cleanup", Time since last: 1000115078 ns, Reaching safepoint: 9000 ns, Cleanup: 11700 ns, At safepoint: 2701 ns, Total: 23401 ns
[1791.602s][info ][safepoint      ] Safepoint "Cleanup", Time since last: 2000193453 ns, Reaching safepoint: 9101 ns, Cleanup: 11400 ns, At safepoint: 2400 ns, Total: 22901 ns
[1793.602s][info ][safepoint      ] Safepoint "Cleanup", Time since last: 2000189053 ns, Reaching safepoint: 91603 ns, Cleanup: 10101 ns, At safepoint: 7400 ns, Total: 109104 ns
[1794.602s][info ][safepoint      ] Safepoint "Cleanup", Time since last: 1000119377 ns, Reaching safepoint: 8500 ns, Cleanup: 34802 ns, At safepoint: 2300 ns, Total: 45602 ns
[1795.602s][info ][safepoint      ] Safepoint "Cleanup", Time since last: 1000109776 ns, Reaching safepoint: 8800 ns, Cleanup: 50202 ns, At safepoint: 2600 ns, Total: 61602 ns
[1796.603s][info ][safepoint      ] Safepoint "Cleanup", Time since last: 1000111977 ns, Reaching safepoint: 7600 ns, Cleanup: 13401 ns, At safepoint: 2300 ns, Total: 23301 ns
[1797.603s][info ][safepoint      ] Safepoint "Cleanup", Time since last: 1000111376 ns, Reaching safepoint: 7701 ns, Cleanup: 12200 ns, At safepoint: 2400 ns, Total: 22301 ns
[1798.603s][info ][safepoint      ] Safepoint "Cleanup", Time since last: 1000113577 ns, Reaching safepoint: 8300 ns, Cleanup: 13501 ns, At safepoint: 2400 ns, Total: 24201 ns
[1799.603s][info ][safepoint      ] Safepoint "Cleanup", Time since last: 1000137477 ns, Reaching safepoint: 7501 ns, Cleanup: 11600 ns, At safepoint: 2400 ns, Total: 21501 ns
[1800.617s][info ][safepoint      ] Safepoint "Cleanup", Time since last: 1012564946 ns, Reaching safepoint: 1318250 ns, Cleanup: 47301 ns, At safepoint: 10001 ns, Total: 1375552 ns
[1801.617s][info ][safepoint      ] Safepoint "Cleanup", Time since last: 1000127978 ns, Reaching safepoint: 11001 ns, Cleanup: 13400 ns, At safepoint: 2800 ns, Total: 27201 ns
[1802.617s][info ][safepoint      ] Safepoint "Cleanup", Time since last: 1000102479 ns, Reaching safepoint: 10100 ns, Cleanup: 12001 ns, At safepoint: 2500 ns, Total: 24601 ns
[1803.618s][info ][safepoint      ] Safepoint "Cleanup", Time since last: 1000100378 ns, Reaching safepoint: 294711 ns, Cleanup: 25401 ns, At safepoint: 9200 ns, Total: 329312 ns
[1803.939s][info ][gc,start       ] GC(59) Pause Young (Allocation Failure)
[1803.973s][debug][gc,phases      ] GC(59) Scavenge 33.277ms
[1803.973s][debug][gc,ref         ] GC(59) ReferenceProcessor::execute queues: 1, RefProcThreadModel::Single, marks_oops_alive: false
[1803.973s][debug][gc,ref         ] GC(59) Skipped KeepAliveFinalRefsPhase of Reference Processing: no references
[1803.973s][debug][gc,ref         ] GC(59) ReferenceProcessor::execute queues: 1, RefProcThreadModel::Single, marks_oops_alive: false
[1803.973s][debug][gc,phases      ] GC(59) Reference Processing 0.137ms
[1803.973s][debug][gc,phases      ] GC(59)   VM Weak                        Min:  0.0, Avg:  0.0, Max:  0.0, Diff:  0.0, Sum:  0.0, Workers: 4
[1803.973s][debug][gc,phases      ] GC(59)     Dead                           Min: 0, Avg:  0.0, Max: 0, Diff: 0, Sum: 0, Workers: 4
[1803.973s][debug][gc,phases      ] GC(59)     Total                          Min: 0, Avg: 263.0, Max: 732, Diff: 732, Sum: 1052, Workers: 4
[1803.973s][debug][gc,phases      ] GC(59)   ObjectSynchronizer Weak        Min:  0.0, Avg:  0.0, Max:  0.0, Diff:  0.0, Sum:  0.0, Workers: 4
[1803.973s][debug][gc,phases      ] GC(59)     Dead                           Min: 0, Avg:  0.0, Max: 0, Diff: 0, Sum: 0, Workers: 4
[1803.973s][debug][gc,phases      ] GC(59)     Total                          Min: 0, Avg:  1.0, Max: 4, Diff: 4, Sum: 4, Workers: 4
[1803.973s][debug][gc,phases      ] GC(59)   JVMTI Tag Weak OopStorage      Min:  0.0, Avg:  0.0, Max:  0.0, Diff:  0.0, Sum:  0.0, Workers: 4
[1803.973s][debug][gc,phases      ] GC(59)     Dead                           Min: 0, Avg:  0.0, Max: 0, Diff: 0, Sum: 0, Workers: 4
[1803.973s][debug][gc,phases      ] GC(59)     Total                          Min: 0, Avg:  0.0, Max: 0, Diff: 0, Sum: 0, Workers: 4
[1803.973s][debug][gc,phases      ] GC(59)   StringTable Weak               Min:  0.0, Avg:  0.1, Max:  0.2, Diff:  0.2, Sum:  0.5, Workers: 4
[1803.973s][debug][gc,phases      ] GC(59)     Dead                           Min: 0, Avg:  0.5, Max: 1, Diff: 1, Sum: 2, Workers: 4
[1803.973s][debug][gc,phases      ] GC(59)     Total                          Min: 0, Avg: 12376.2, Max: 25216, Diff: 25216, Sum: 49505, Workers: 4
[1803.973s][debug][gc,phases      ] GC(59)   ResolvedMethodTable Weak       Min:  0.0, Avg:  0.0, Max:  0.1, Diff:  0.1, Sum:  0.2, Workers: 4
[1803.973s][debug][gc,phases      ] GC(59)     Dead                           Min: 0, Avg: 11.2, Max: 44, Diff: 44, Sum: 45, Workers: 4
[1803.973s][debug][gc,phases      ] GC(59)     Total                          Min: 0, Avg: 4099.2, Max: 8564, Diff: 8564, Sum: 16397, Workers: 4
[1803.973s][debug][gc,phases      ] GC(59)   JNI Weak                       Min:  0.0, Avg:  0.0, Max:  0.0, Diff:  0.0, Sum:  0.0, Workers: 4
[1803.973s][debug][gc,phases      ] GC(59)     Dead                           Min: 0, Avg:  0.0, Max: 0, Diff: 0, Sum: 0, Workers: 4
[1803.973s][debug][gc,phases      ] GC(59)     Total                          Min: 0, Avg: 13.0, Max: 52, Diff: 52, Sum: 52, Workers: 4
[1803.973s][debug][gc,phases      ] GC(59)   StringDedup Table Weak         Min:  0.0, Avg:  0.0, Max:  0.0, Diff:  0.0, Sum:  0.0, Workers: 4
[1803.973s][debug][gc,phases      ] GC(59)     Dead                           Min: 0, Avg:  0.0, Max: 0, Diff: 0, Sum: 0, Workers: 4
[1803.973s][debug][gc,phases      ] GC(59)     Total                          Min: 0, Avg:  0.0, Max: 0, Diff: 0, Sum: 0, Workers: 4
[1803.973s][debug][gc,phases      ] GC(59)   StringDedup Requests0 Weak     Min:  0.0, Avg:  0.0, Max:  0.0, Diff:  0.0, Sum:  0.0, Workers: 4
[1803.973s][debug][gc,phases      ] GC(59)     Dead                           Min: 0, Avg:  0.0, Max: 0, Diff: 0, Sum: 0, Workers: 4
[1803.973s][debug][gc,phases      ] GC(59)     Total                          Min: 0, Avg:  0.0, Max: 0, Diff: 0, Sum: 0, Workers: 4
[1803.973s][debug][gc,phases      ] GC(59)   StringDedup Requests1 Weak     Min:  0.0, Avg:  0.0, Max:  0.0, Diff:  0.0, Sum:  0.0, Workers: 4
[1803.973s][debug][gc,phases      ] GC(59)     Dead                           Min: 0, Avg:  0.0, Max: 0, Diff: 0, Sum: 0, Workers: 4
[1803.973s][debug][gc,phases      ] GC(59)     Total                          Min: 0, Avg:  0.0, Max: 0, Diff: 0, Sum: 0, Workers: 4
[1803.974s][debug][gc,phases      ] GC(59)   Weak JFR Old Object Samples    Min:  0.0, Avg:  0.0, Max:  0.0, Diff:  0.0, Sum:  0.0, Workers: 4
[1803.974s][debug][gc,phases      ] GC(59)     Dead                           Min: 0, Avg:  0.0, Max: 0, Diff: 0, Sum: 0, Workers: 4
[1803.974s][debug][gc,phases      ] GC(59)     Total                          Min: 0, Avg:  0.0, Max: 0, Diff: 0, Sum: 0, Workers: 4
[1803.974s][debug][gc,phases      ] GC(59) Weak Processing 0.831ms
[1803.974s][debug][gc,age         ] GC(59) Desired survivor size 28835840 bytes, new threshold 1 (max threshold 15)
[1803.974s][info ][gc,heap        ] GC(59) PSYoungGen: 2047146K(2064896K)->7120K(2068992K) Eden: 2034176K(2034176K)->0K(2038272K) From: 12970K(30720K)->7120K(30720K)
[1803.974s][info ][gc,heap        ] GC(59) ParOldGen: 364066K(364544K)->374599K(374784K)
[1803.974s][info ][gc,metaspace   ] GC(59) Metaspace: 113460K(114816K)->113460K(114816K) NonClass: 96505K(97280K)->96505K(97280K) Class: 16954K(17536K)->16954K(17536K)
[1803.974s][info ][gc             ] GC(59) Pause Young (Allocation Failure) 2354M->372M(2386M) 34.363ms
[1803.974s][info ][gc,cpu         ] GC(59) User=0.04s Sys=0.00s Real=0.03s
[1803.974s][info ][safepoint      ] Safepoint "ParallelGCFailedAllocation", Time since last: 321434110 ns, Reaching safepoint: 11901 ns, Cleanup: 4600 ns, At safepoint: 34641005 ns, Total: 34657506 ns
[1804.974s][info ][safepoint      ] Safepoint "Cleanup", Time since last: 1000105478 ns, Reaching safepoint: 11401 ns, Cleanup: 23001 ns, At safepoint: 2900 ns, Total: 37302 ns
[1805.974s][info ][safepoint      ] Safepoint "Cleanup", Time since last: 1000095178 ns, Reaching safepoint: 10800 ns, Cleanup: 11401 ns, At safepoint: 2500 ns, Total: 24701 ns
[1807.976s][info ][safepoint      ] Safepoint "Cleanup", Time since last: 2001887120 ns, Reaching safepoint: 11300 ns, Cleanup: 14001 ns, At safepoint: 2700 ns, Total: 28001 ns
[1808.976s][info ][safepoint      ] Safepoint "Cleanup", Time since last: 1000103693 ns, Reaching safepoint: 11200 ns, Cleanup: 13101 ns, At safepoint: 2800 ns, Total: 27101 ns
[1809.976s][info ][safepoint      ] Safepoint "Cleanup", Time since last: 1000106347 ns, Reaching safepoint: 11501 ns, Cleanup: 16000 ns, At safepoint: 3200 ns, Total: 30701 ns
[1810.976s][info ][safepoint      ] Safepoint "Cleanup", Time since last: 1000116948 ns, Reaching safepoint: 9500 ns, Cleanup: 11000 ns, At safepoint: 2401 ns, Total: 22901 ns
[1813.977s][info ][safepoint      ] Safepoint "Cleanup", Time since last: 3000274439 ns, Reaching safepoint: 10000 ns, Cleanup: 12301 ns, At safepoint: 2800 ns, Total: 25101 ns
[1814.977s][info ][safepoint      ] Safepoint "Cleanup", Time since last: 1000120147 ns, Reaching safepoint: 9701 ns, Cleanup: 18300 ns, At safepoint: 2700 ns, Total: 30701 ns
[1815.977s][info ][safepoint      ] Safepoint "Cleanup", Time since last: 1000115248 ns, Reaching safepoint: 9400 ns, Cleanup: 12301 ns, At safepoint: 19100 ns, Total: 40801 ns
[1818.977s][info ][safepoint      ] Safepoint "Cleanup", Time since last: 3000241179 ns, Reaching safepoint: 11001 ns, Cleanup: 16300 ns, At safepoint: 2700 ns, Total: 30001 ns
[1824.978s][info ][safepoint      ] Safepoint "Cleanup", Time since last: 6000522729 ns, Reaching safepoint: 12200 ns, Cleanup: 12601 ns, At safepoint: 2900 ns, Total: 27701 ns
[1825.978s][info ][safepoint      ] Safepoint "Cleanup", Time since last: 1000162304 ns, Reaching safepoint: 9700 ns, Cleanup: 23201 ns, At safepoint: 3100 ns, Total: 36001 ns
[1832.979s][info ][safepoint      ] Safepoint "Cleanup", Time since last: 7000580906 ns, Reaching safepoint: 9900 ns, Cleanup: 21901 ns, At safepoint: 2700 ns, Total: 34501 ns
[1833.979s][info ][safepoint      ] Safepoint "Cleanup", Time since last: 1000151385 ns, Reaching safepoint: 10101 ns, Cleanup: 21401 ns, At safepoint: 2900 ns, Total: 34402 ns
[1834.979s][info ][safepoint      ] Safepoint "Cleanup", Time since last: 1000142184 ns, Reaching safepoint: 8601 ns, Cleanup: 21301 ns, At safepoint: 2000 ns, Total: 31902 ns
[1836.979s][info ][safepoint      ] Safepoint "Cleanup", Time since last: 2000186266 ns, Reaching safepoint: 8500 ns, Cleanup: 16300 ns, At safepoint: 2801 ns, Total: 27601 ns
[1837.979s][info ][safepoint      ] Safepoint "Cleanup", Time since last: 1000117783 ns, Reaching safepoint: 8601 ns, Cleanup: 12700 ns, At safepoint: 2400 ns, Total: 23701 ns
[1838.979s][info ][safepoint      ] Safepoint "Cleanup", Time since last: 1000121684 ns, Reaching safepoint: 8901 ns, Cleanup: 10500 ns, At safepoint: 2700 ns, Total: 22101 ns
[1839.980s][info ][safepoint      ] Safepoint "Cleanup", Time since last: 1000113384 ns, Reaching safepoint: 9600 ns, Cleanup: 13601 ns, At safepoint: 3100 ns, Total: 26301 ns
[1841.126s][info ][gc,start       ] GC(60) Pause Young (Allocation Failure)
[1841.131s][debug][gc,phases      ] GC(60) Scavenge 5.500ms
[1841.131s][debug][gc,ref         ] GC(60) ReferenceProcessor::execute queues: 1, RefProcThreadModel::Single, marks_oops_alive: false
[1841.131s][debug][gc,ref         ] GC(60) Skipped KeepAliveFinalRefsPhase of Reference Processing: no references
[1841.131s][debug][gc,ref         ] GC(60) ReferenceProcessor::execute queues: 1, RefProcThreadModel::Single, marks_oops_alive: false
[1841.131s][debug][gc,phases      ] GC(60) Reference Processing 0.125ms
[1841.131s][debug][gc,phases      ] GC(60)   VM Weak                        Min:  0.0, Avg:  0.0, Max:  0.0, Diff:  0.0, Sum:  0.0, Workers: 4
[1841.131s][debug][gc,phases      ] GC(60)     Dead                           Min: 0, Avg:  0.0, Max: 0, Diff: 0, Sum: 0, Workers: 4
[1841.131s][debug][gc,phases      ] GC(60)     Total                          Min: 0, Avg: 263.0, Max: 988, Diff: 988, Sum: 1052, Workers: 4
[1841.131s][debug][gc,phases      ] GC(60)   ObjectSynchronizer Weak        Min:  0.0, Avg:  0.0, Max:  0.0, Diff:  0.0, Sum:  0.0, Workers: 4
[1841.131s][debug][gc,phases      ] GC(60)     Dead                           Min: 0, Avg:  0.0, Max: 0, Diff: 0, Sum: 0, Workers: 4
[1841.131s][debug][gc,phases      ] GC(60)     Total                          Min: 0, Avg:  1.0, Max: 4, Diff: 4, Sum: 4, Workers: 4
[1841.131s][debug][gc,phases      ] GC(60)   JVMTI Tag Weak OopStorage      Min:  0.0, Avg:  0.0, Max:  0.0, Diff:  0.0, Sum:  0.0, Workers: 4
[1841.131s][debug][gc,phases      ] GC(60)     Dead                           Min: 0, Avg:  0.0, Max: 0, Diff: 0, Sum: 0, Workers: 4
[1841.131s][debug][gc,phases      ] GC(60)     Total                          Min: 0, Avg:  0.0, Max: 0, Diff: 0, Sum: 0, Workers: 4
[1841.131s][debug][gc,phases      ] GC(60)   StringTable Weak               Min:  0.0, Avg:  0.1, Max:  0.1, Diff:  0.1, Sum:  0.4, Workers: 4
[1841.131s][debug][gc,phases      ] GC(60)     Dead                           Min: 0, Avg:  0.2, Max: 1, Diff: 1, Sum: 1, Workers: 4
[1841.131s][debug][gc,phases      ] GC(60)     Total                          Min: 0, Avg: 12378.0, Max: 19327, Diff: 19327, Sum: 49512, Workers: 4
[1841.131s][debug][gc,phases      ] GC(60)   ResolvedMethodTable Weak       Min:  0.0, Avg:  0.0, Max:  0.0, Diff:  0.0, Sum:  0.1, Workers: 4
[1841.131s][debug][gc,phases      ] GC(60)     Dead                           Min: 0, Avg:  4.8, Max: 15, Diff: 15, Sum: 19, Workers: 4
[1841.131s][debug][gc,phases      ] GC(60)     Total                          Min: 0, Avg: 3939.2, Max: 6223, Diff: 6223, Sum: 15757, Workers: 4
[1841.131s][debug][gc,phases      ] GC(60)   JNI Weak                       Min:  0.0, Avg:  0.0, Max:  0.0, Diff:  0.0, Sum:  0.0, Workers: 4
[1841.132s][debug][gc,phases      ] GC(60)     Dead                           Min: 0, Avg:  0.0, Max: 0, Diff: 0, Sum: 0, Workers: 4
[1841.132s][debug][gc,phases      ] GC(60)     Total                          Min: 0, Avg: 13.0, Max: 52, Diff: 52, Sum: 52, Workers: 4
[1841.132s][debug][gc,phases      ] GC(60)   StringDedup Table Weak         Min:  0.0, Avg:  0.0, Max:  0.0, Diff:  0.0, Sum:  0.0, Workers: 4
[1841.132s][debug][gc,phases      ] GC(60)     Dead                           Min: 0, Avg:  0.0, Max: 0, Diff: 0, Sum: 0, Workers: 4
[1841.132s][debug][gc,phases      ] GC(60)     Total                          Min: 0, Avg:  0.0, Max: 0, Diff: 0, Sum: 0, Workers: 4
[1841.132s][debug][gc,phases      ] GC(60)   StringDedup Requests0 Weak     Min:  0.0, Avg:  0.0, Max:  0.0, Diff:  0.0, Sum:  0.0, Workers: 4
[1841.132s][debug][gc,phases      ] GC(60)     Dead                           Min: 0, Avg:  0.0, Max: 0, Diff: 0, Sum: 0, Workers: 4
[1841.132s][debug][gc,phases      ] GC(60)     Total                          Min: 0, Avg:  0.0, Max: 0, Diff: 0, Sum: 0, Workers: 4
[1841.132s][debug][gc,phases      ] GC(60)   StringDedup Requests1 Weak     Min:  0.0, Avg:  0.0, Max:  0.0, Diff:  0.0, Sum:  0.0, Workers: 4
[1841.132s][debug][gc,phases      ] GC(60)     Dead                           Min: 0, Avg:  0.0, Max: 0, Diff: 0, Sum: 0, Workers: 4
[1841.132s][debug][gc,phases      ] GC(60)     Total                          Min: 0, Avg:  0.0, Max: 0, Diff: 0, Sum: 0, Workers: 4
[1841.132s][debug][gc,phases      ] GC(60)   Weak JFR Old Object Samples    Min:  0.0, Avg:  0.0, Max:  0.0, Diff:  0.0, Sum:  0.0, Workers: 4
[1841.132s][debug][gc,phases      ] GC(60)     Dead                           Min: 0, Avg:  0.0, Max: 0, Diff: 0, Sum: 0, Workers: 4
[1841.132s][debug][gc,phases      ] GC(60)     Total                          Min: 0, Avg:  0.0, Max: 0, Diff: 0, Sum: 0, Workers: 4
[1841.132s][debug][gc,phases      ] GC(60) Weak Processing 0.358ms
[1841.132s][debug][gc,age         ] GC(60) Desired survivor size 27787264 bytes, new threshold 1 (max threshold 15)
[1841.132s][info ][gc,heap        ] GC(60) PSYoungGen: 2045392K(2068992K)->2736K(2066432K) Eden: 2038272K(2038272K)->0K(2038272K) From: 7120K(30720K)->2736K(28160K)
[1841.132s][info ][gc,heap        ] GC(60) ParOldGen: 374599K(374784K)->379220K(379392K)
[1841.132s][info ][gc,metaspace   ] GC(60) Metaspace: 113470K(114816K)->113470K(114816K) NonClass: 96514K(97280K)->96514K(97280K) Class: 16956K(17536K)->16956K(17536K)
[1841.132s][info ][gc             ] GC(60) Pause Young (Allocation Failure) 2363M->373M(2388M) 6.105ms
[1841.132s][info ][gc,cpu         ] GC(60) User=0.02s Sys=0.00s Real=0.00s
[1841.132s][info ][safepoint      ] Safepoint "ParallelGCFailedAllocation", Time since last: 1145820974 ns, Reaching safepoint: 7900 ns, Cleanup: 3800 ns, At safepoint: 6178433 ns, Total: 6190133 ns
[1842.132s][info ][safepoint      ] Safepoint "Cleanup", Time since last: 1000090382 ns, Reaching safepoint: 113605 ns, Cleanup: 11100 ns, At safepoint: 11501 ns, Total: 136206 ns
[1843.132s][info ][safepoint      ] Safepoint "Cleanup", Time since last: 1000120683 ns, Reaching safepoint: 85403 ns, Cleanup: 13601 ns, At safepoint: 6700 ns, Total: 105704 ns
[1844.132s][info ][safepoint      ] Safepoint "Cleanup", Time since last: 1000127784 ns, Reaching safepoint: 102804 ns, Cleanup: 10100 ns, At safepoint: 9001 ns, Total: 121905 ns
[1845.133s][info ][safepoint      ] Safepoint "Cleanup", Time since last: 1000109283 ns, Reaching safepoint: 84703 ns, Cleanup: 12300 ns, At safepoint: 6401 ns, Total: 103404 ns
[1850.133s][info ][safepoint      ] Safepoint "Cleanup", Time since last: 5000368371 ns, Reaching safepoint: 92504 ns, Cleanup: 9000 ns, At safepoint: 6201 ns, Total: 107705 ns
[1851.133s][info ][safepoint      ] Safepoint "Cleanup", Time since last: 1000104535 ns, Reaching safepoint: 81403 ns, Cleanup: 29701 ns, At safepoint: 7300 ns, Total: 118404 ns
[1854.134s][info ][safepoint      ] Safepoint "Cleanup", Time since last: 3000242303 ns, Reaching safepoint: 80803 ns, Cleanup: 11401 ns, At safepoint: 6400 ns, Total: 98604 ns
[1855.134s][info ][safepoint      ] Safepoint "Cleanup", Time since last: 1000104335 ns, Reaching safepoint: 80803 ns, Cleanup: 16301 ns, At safepoint: 8900 ns, Total: 106004 ns
[1856.134s][info ][safepoint      ] Safepoint "Cleanup", Time since last: 1000106336 ns, Reaching safepoint: 79503 ns, Cleanup: 9900 ns, At safepoint: 8400 ns, Total: 97803 ns
[1857.134s][info ][safepoint      ] Safepoint "Cleanup", Time since last: 1000101428 ns, Reaching safepoint: 80603 ns, Cleanup: 9501 ns, At safepoint: 6600 ns, Total: 96704 ns
[1858.134s][info ][safepoint      ] Safepoint "Cleanup", Time since last: 1000109097 ns, Reaching safepoint: 79703 ns, Cleanup: 20901 ns, At safepoint: 9000 ns, Total: 109604 ns
[1860.135s][info ][safepoint      ] Safepoint "Cleanup", Time since last: 2000183993 ns, Reaching safepoint: 80403 ns, Cleanup: 9801 ns, At safepoint: 5900 ns, Total: 96104 ns
[1864.637s][info ][safepoint      ] Safepoint "Cleanup", Time since last: 4502288905 ns, Reaching safepoint: 9800 ns, Cleanup: 13900 ns, At safepoint: 10001 ns, Total: 33701 ns
[1870.638s][info ][safepoint      ] Safepoint "Cleanup", Time since last: 6000579375 ns, Reaching safepoint: 80803 ns, Cleanup: 23300 ns, At safepoint: 6901 ns, Total: 111004 ns
[1871.638s][info ][safepoint      ] Safepoint "Cleanup", Time since last: 1000118596 ns, Reaching safepoint: 81903 ns, Cleanup: 27101 ns, At safepoint: 5601 ns, Total: 114605 ns
[1877.793s][info ][gc,start       ] GC(61) Pause Young (Allocation Failure)
[1877.797s][debug][gc,phases      ] GC(61) Scavenge 3.777ms
[1877.797s][debug][gc,ref         ] GC(61) ReferenceProcessor::execute queues: 1, RefProcThreadModel::Single, marks_oops_alive: false
[1877.797s][debug][gc,ref         ] GC(61) Skipped KeepAliveFinalRefsPhase of Reference Processing: no references
[1877.797s][debug][gc,ref         ] GC(61) ReferenceProcessor::execute queues: 1, RefProcThreadModel::Single, marks_oops_alive: false
[1877.797s][debug][gc,phases      ] GC(61) Reference Processing 0.124ms
[1877.797s][debug][gc,phases      ] GC(61)   VM Weak                        Min:  0.0, Avg:  0.0, Max:  0.0, Diff:  0.0, Sum:  0.0, Workers: 4
[1877.797s][debug][gc,phases      ] GC(61)     Dead                           Min: 0, Avg:  0.0, Max: 0, Diff: 0, Sum: 0, Workers: 4
[1877.797s][debug][gc,phases      ] GC(61)     Total                          Min: 0, Avg: 263.0, Max: 860, Diff: 860, Sum: 1052, Workers: 4
[1877.797s][debug][gc,phases      ] GC(61)   ObjectSynchronizer Weak        Min:  0.0, Avg:  0.0, Max:  0.0, Diff:  0.0, Sum:  0.0, Workers: 4
[1877.797s][debug][gc,phases      ] GC(61)     Dead                           Min: 0, Avg:  0.0, Max: 0, Diff: 0, Sum: 0, Workers: 4
[1877.797s][debug][gc,phases      ] GC(61)     Total                          Min: 0, Avg:  1.0, Max: 4, Diff: 4, Sum: 4, Workers: 4
[1877.797s][debug][gc,phases      ] GC(61)   JVMTI Tag Weak OopStorage      Min:  0.0, Avg:  0.0, Max:  0.0, Diff:  0.0, Sum:  0.0, Workers: 4
[1877.797s][debug][gc,phases      ] GC(61)     Dead                           Min: 0, Avg:  0.0, Max: 0, Diff: 0, Sum: 0, Workers: 4
[1877.797s][debug][gc,phases      ] GC(61)     Total                          Min: 0, Avg:  0.0, Max: 0, Diff: 0, Sum: 0, Workers: 4
[1877.797s][debug][gc,phases      ] GC(61)   StringTable Weak               Min:  0.1, Avg:  0.1, Max:  0.1, Diff:  0.0, Sum:  0.4, Workers: 4
[1877.797s][debug][gc,phases      ] GC(61)     Dead                           Min: 0, Avg:  0.0, Max: 0, Diff: 0, Sum: 0, Workers: 4
[1877.797s][debug][gc,phases      ] GC(61)     Total                          Min: 11455, Avg: 12378.2, Max: 14144, Diff: 2689, Sum: 49513, Workers: 4
[1877.797s][debug][gc,phases      ] GC(61)   ResolvedMethodTable Weak       Min:  0.0, Avg:  0.0, Max:  0.0, Diff:  0.0, Sum:  0.1, Workers: 4
[1877.797s][debug][gc,phases      ] GC(61)     Dead                           Min: 0, Avg:  4.0, Max: 12, Diff: 12, Sum: 16, Workers: 4
[1877.797s][debug][gc,phases      ] GC(61)     Total                          Min: 3575, Avg: 3939.2, Max: 4394, Diff: 819, Sum: 15757, Workers: 4
[1877.797s][debug][gc,phases      ] GC(61)   JNI Weak                       Min:  0.0, Avg:  0.0, Max:  0.0, Diff:  0.0, Sum:  0.0, Workers: 4
[1877.797s][debug][gc,phases      ] GC(61)     Dead                           Min: 0, Avg:  0.0, Max: 0, Diff: 0, Sum: 0, Workers: 4
[1877.797s][debug][gc,phases      ] GC(61)     Total                          Min: 0, Avg: 13.0, Max: 52, Diff: 52, Sum: 52, Workers: 4
[1877.797s][debug][gc,phases      ] GC(61)   StringDedup Table Weak         Min:  0.0, Avg:  0.0, Max:  0.0, Diff:  0.0, Sum:  0.0, Workers: 4
[1877.797s][debug][gc,phases      ] GC(61)     Dead                           Min: 0, Avg:  0.0, Max: 0, Diff: 0, Sum: 0, Workers: 4
[1877.797s][debug][gc,phases      ] GC(61)     Total                          Min: 0, Avg:  0.0, Max: 0, Diff: 0, Sum: 0, Workers: 4
[1877.797s][debug][gc,phases      ] GC(61)   StringDedup Requests0 Weak     Min:  0.0, Avg:  0.0, Max:  0.0, Diff:  0.0, Sum:  0.0, Workers: 4
[1877.797s][debug][gc,phases      ] GC(61)     Dead                           Min: 0, Avg:  0.0, Max: 0, Diff: 0, Sum: 0, Workers: 4
[1877.797s][debug][gc,phases      ] GC(61)     Total                          Min: 0, Avg:  0.0, Max: 0, Diff: 0, Sum: 0, Workers: 4
[1877.797s][debug][gc,phases      ] GC(61)   StringDedup Requests1 Weak     Min:  0.0, Avg:  0.0, Max:  0.0, Diff:  0.0, Sum:  0.0, Workers: 4
[1877.797s][debug][gc,phases      ] GC(61)     Dead                           Min: 0, Avg:  0.0, Max: 0, Diff: 0, Sum: 0, Workers: 4
[1877.797s][debug][gc,phases      ] GC(61)     Total                          Min: 0, Avg:  0.0, Max: 0, Diff: 0, Sum: 0, Workers: 4
[1877.797s][debug][gc,phases      ] GC(61)   Weak JFR Old Object Samples    Min:  0.0, Avg:  0.0, Max:  0.0, Diff:  0.0, Sum:  0.0, Workers: 4
[1877.797s][debug][gc,phases      ] GC(61)     Dead                           Min: 0, Avg:  0.0, Max: 0, Diff: 0, Sum: 0, Workers: 4
[1877.797s][debug][gc,phases      ] GC(61)     Total                          Min: 0, Avg:  0.0, Max: 0, Diff: 0, Sum: 0, Workers: 4
[1877.797s][debug][gc,phases      ] GC(61) Weak Processing 0.359ms
[1877.797s][debug][gc,age         ] GC(61) Desired survivor size 26214400 bytes, new threshold 1 (max threshold 15)
[1877.797s][info ][gc,heap        ] GC(61) PSYoungGen: 2041008K(2066432K)->3312K(2071552K) Eden: 2038272K(2038272K)->0K(2044416K) From: 2736K(28160K)->3312K(27136K)
[1877.797s][info ][gc,heap        ] GC(61) ParOldGen: 379220K(379392K)->379760K(379904K)
[1877.797s][info ][gc,metaspace   ] GC(61) Metaspace: 113498K(114816K)->113498K(114816K) NonClass: 96542K(97280K)->96542K(97280K) Class: 16956K(17536K)->16956K(17536K)
[1877.797s][info ][gc             ] GC(61) Pause Young (Allocation Failure) 2363M->374M(2394M) 4.396ms
[1877.797s][info ][gc,cpu         ] GC(61) User=0.02s Sys=0.00s Real=0.01s
[1877.797s][info ][safepoint      ] Safepoint "ParallelGCFailedAllocation", Time since last: 6154695009 ns, Reaching safepoint: 8400 ns, Cleanup: 4400 ns, At safepoint: 4465668 ns, Total: 4478468 ns
[1878.797s][info ][safepoint      ] Safepoint "Cleanup", Time since last: 1000082280 ns, Reaching safepoint: 80803 ns, Cleanup: 6500 ns, At safepoint: 5701 ns, Total: 93004 ns
[1880.798s][info ][safepoint      ] Safepoint "Cleanup", Time since last: 2000182260 ns, Reaching safepoint: 9700 ns, Cleanup: 10501 ns, At safepoint: 3200 ns, Total: 23401 ns
[1882.798s][info ][safepoint      ] Safepoint "Cleanup", Time since last: 2000178178 ns, Reaching safepoint: 8500 ns, Cleanup: 11500 ns, At safepoint: 2500 ns, Total: 22500 ns
[1885.798s][info ][safepoint      ] Safepoint "Cleanup", Time since last: 3000274570 ns, Reaching safepoint: 8901 ns, Cleanup: 10100 ns, At safepoint: 2700 ns, Total: 21701 ns
[1886.798s][info ][safepoint      ] Safepoint "Cleanup", Time since last: 1000127591 ns, Reaching safepoint: 8401 ns, Cleanup: 12000 ns, At safepoint: 2500 ns, Total: 22901 ns
[1888.798s][info ][safepoint      ] Safepoint "Cleanup", Time since last: 2000192180 ns, Reaching safepoint: 9001 ns, Cleanup: 12600 ns, At safepoint: 2200 ns, Total: 23801 ns
[1890.799s][info ][safepoint      ] Safepoint "Cleanup", Time since last: 2000183615 ns, Reaching safepoint: 8001 ns, Cleanup: 33201 ns, At safepoint: 2400 ns, Total: 43602 ns
[1891.799s][info ][safepoint      ] Safepoint "Cleanup", Time since last: 1000113621 ns, Reaching safepoint: 7700 ns, Cleanup: 11100 ns, At safepoint: 2300 ns, Total: 21100 ns
[1892.799s][info ][safepoint      ] Safepoint "Cleanup", Time since last: 1000112921 ns, Reaching safepoint: 8200 ns, Cleanup: 10800 ns, At safepoint: 2401 ns, Total: 21401 ns
[1898.799s][info ][safepoint      ] Safepoint "Cleanup", Time since last: 6000517250 ns, Reaching safepoint: 8301 ns, Cleanup: 21100 ns, At safepoint: 2501 ns, Total: 31902 ns
[1901.800s][info ][safepoint      ] Safepoint "Cleanup", Time since last: 3000281883 ns, Reaching safepoint: 8401 ns, Cleanup: 13200 ns, At safepoint: 2600 ns, Total: 24201 ns
[1905.796s][info ][gc,start       ] GC(62) Pause Young (Allocation Failure)
[1905.801s][debug][gc,phases      ] GC(62) Scavenge 4.993ms
[1905.801s][debug][gc,ref         ] GC(62) ReferenceProcessor::execute queues: 1, RefProcThreadModel::Single, marks_oops_alive: false
[1905.801s][debug][gc,ref         ] GC(62) Skipped KeepAliveFinalRefsPhase of Reference Processing: no references
[1905.801s][debug][gc,ref         ] GC(62) Skipped PhantomRefsPhase of Reference Processing: no references
[1905.801s][debug][gc,phases      ] GC(62) Reference Processing 0.115ms
[1905.802s][debug][gc,phases      ] GC(62)   VM Weak                        Min:  0.0, Avg:  0.0, Max:  0.0, Diff:  0.0, Sum:  0.0, Workers: 4
[1905.802s][debug][gc,phases      ] GC(62)     Dead                           Min: 0, Avg:  0.0, Max: 0, Diff: 0, Sum: 0, Workers: 4
[1905.802s][debug][gc,phases      ] GC(62)     Total                          Min: 0, Avg: 263.0, Max: 796, Diff: 796, Sum: 1052, Workers: 4
[1905.802s][debug][gc,phases      ] GC(62)   ObjectSynchronizer Weak        Min:  0.0, Avg:  0.0, Max:  0.0, Diff:  0.0, Sum:  0.0, Workers: 4
[1905.802s][debug][gc,phases      ] GC(62)     Dead                           Min: 0, Avg:  0.0, Max: 0, Diff: 0, Sum: 0, Workers: 4
[1905.802s][debug][gc,phases      ] GC(62)     Total                          Min: 0, Avg:  1.0, Max: 4, Diff: 4, Sum: 4, Workers: 4
[1905.802s][debug][gc,phases      ] GC(62)   JVMTI Tag Weak OopStorage      Min:  0.0, Avg:  0.0, Max:  0.0, Diff:  0.0, Sum:  0.0, Workers: 4
[1905.802s][debug][gc,phases      ] GC(62)     Dead                           Min: 0, Avg:  0.0, Max: 0, Diff: 0, Sum: 0, Workers: 4
[1905.802s][debug][gc,phases      ] GC(62)     Total                          Min: 0, Avg:  0.0, Max: 0, Diff: 0, Sum: 0, Workers: 4
[1905.802s][debug][gc,phases      ] GC(62)   StringTable Weak               Min:  0.0, Avg:  0.1, Max:  0.1, Diff:  0.1, Sum:  0.4, Workers: 4
[1905.802s][debug][gc,phases      ] GC(62)     Dead                           Min: 0, Avg:  0.0, Max: 0, Diff: 0, Sum: 0, Workers: 4
[1905.802s][debug][gc,phases      ] GC(62)     Total                          Min: 0, Avg: 12379.5, Max: 17967, Diff: 17967, Sum: 49518, Workers: 4
[1905.802s][debug][gc,phases      ] GC(62)   ResolvedMethodTable Weak       Min:  0.0, Avg:  0.0, Max:  0.0, Diff:  0.0, Sum:  0.1, Workers: 4
[1905.802s][debug][gc,phases      ] GC(62)     Dead                           Min: 0, Avg:  4.0, Max: 12, Diff: 12, Sum: 16, Workers: 4
[1905.802s][debug][gc,phases      ] GC(62)     Total                          Min: 0, Avg: 3939.2, Max: 5770, Diff: 5770, Sum: 15757, Workers: 4
[1905.802s][debug][gc,phases      ] GC(62)   JNI Weak                       Min:  0.0, Avg:  0.0, Max:  0.0, Diff:  0.0, Sum:  0.0, Workers: 4
[1905.802s][debug][gc,phases      ] GC(62)     Dead                           Min: 0, Avg:  0.0, Max: 0, Diff: 0, Sum: 0, Workers: 4
[1905.802s][debug][gc,phases      ] GC(62)     Total                          Min: 0, Avg: 13.0, Max: 52, Diff: 52, Sum: 52, Workers: 4
[1905.802s][debug][gc,phases      ] GC(62)   StringDedup Table Weak         Min:  0.0, Avg:  0.0, Max:  0.0, Diff:  0.0, Sum:  0.0, Workers: 4
[1905.802s][debug][gc,phases      ] GC(62)     Dead                           Min: 0, Avg:  0.0, Max: 0, Diff: 0, Sum: 0, Workers: 4
[1905.802s][debug][gc,phases      ] GC(62)     Total                          Min: 0, Avg:  0.0, Max: 0, Diff: 0, Sum: 0, Workers: 4
[1905.802s][debug][gc,phases      ] GC(62)   StringDedup Requests0 Weak     Min:  0.0, Avg:  0.0, Max:  0.0, Diff:  0.0, Sum:  0.0, Workers: 4
[1905.802s][debug][gc,phases      ] GC(62)     Dead                           Min: 0, Avg:  0.0, Max: 0, Diff: 0, Sum: 0, Workers: 4
[1905.802s][debug][gc,phases      ] GC(62)     Total                          Min: 0, Avg:  0.0, Max: 0, Diff: 0, Sum: 0, Workers: 4
[1905.802s][debug][gc,phases      ] GC(62)   StringDedup Requests1 Weak     Min:  0.0, Avg:  0.0, Max:  0.0, Diff:  0.0, Sum:  0.0, Workers: 4
[1905.802s][debug][gc,phases      ] GC(62)     Dead                           Min: 0, Avg:  0.0, Max: 0, Diff: 0, Sum: 0, Workers: 4
[1905.802s][debug][gc,phases      ] GC(62)     Total                          Min: 0, Avg:  0.0, Max: 0, Diff: 0, Sum: 0, Workers: 4
[1905.802s][debug][gc,phases      ] GC(62)   Weak JFR Old Object Samples    Min:  0.0, Avg:  0.0, Max:  0.0, Diff:  0.0, Sum:  0.0, Workers: 4
[1905.802s][debug][gc,phases      ] GC(62)     Dead                           Min: 0, Avg:  0.0, Max: 0, Diff: 0, Sum: 0, Workers: 4
[1905.802s][debug][gc,phases      ] GC(62)     Total                          Min: 0, Avg:  0.0, Max: 0, Diff: 0, Sum: 0, Workers: 4
[1905.802s][debug][gc,phases      ] GC(62) Weak Processing 0.390ms
[1905.802s][debug][gc,age         ] GC(62) Desired survivor size 24641536 bytes, new threshold 1 (max threshold 15)
[1905.802s][info ][gc,heap        ] GC(62) PSYoungGen: 2047728K(2071552K)->4448K(2070016K) Eden: 2044416K(2044416K)->0K(2044416K) From: 3312K(27136K)->4448K(25600K)
[1905.802s][info ][gc,heap        ] GC(62) ParOldGen: 379760K(379904K)->380424K(380928K)
[1905.802s][info ][gc,metaspace   ] GC(62) Metaspace: 113518K(114816K)->113518K(114816K) NonClass: 96562K(97280K)->96562K(97280K) Class: 16956K(17536K)->16956K(17536K)
[1905.802s][info ][gc             ] GC(62) Pause Young (Allocation Failure) 2370M->375M(2393M) 5.631ms
[1905.802s][info ][gc,cpu         ] GC(62) User=0.01s Sys=0.01s Real=0.00s
[1905.802s][info ][safepoint      ] Safepoint "ParallelGCFailedAllocation", Time since last: 3996297442 ns, Reaching safepoint: 87903 ns, Cleanup: 13201 ns, At safepoint: 5707415 ns, Total: 5808519 ns
[1908.802s][info ][safepoint      ] Safepoint "Cleanup", Time since last: 3000225219 ns, Reaching safepoint: 7200 ns, Cleanup: 15000 ns, At safepoint: 2901 ns, Total: 25101 ns
[1909.802s][info ][safepoint      ] Safepoint "Cleanup", Time since last: 1000111307 ns, Reaching safepoint: 7801 ns, Cleanup: 12100 ns, At safepoint: 2200 ns, Total: 22101 ns
[1911.802s][info ][safepoint      ] Safepoint "Cleanup", Time since last: 2000189014 ns, Reaching safepoint: 8100 ns, Cleanup: 17601 ns, At safepoint: 2200 ns, Total: 27901 ns
[1915.803s][info ][safepoint      ] Safepoint "Cleanup", Time since last: 4000307541 ns, Reaching safepoint: 8001 ns, Cleanup: 11000 ns, At safepoint: 2400 ns, Total: 21401 ns
[1917.803s][info ][safepoint      ] Safepoint "Cleanup", Time since last: 2000198826 ns, Reaching safepoint: 8100 ns, Cleanup: 56602 ns, At safepoint: 3200 ns, Total: 67902 ns
[1918.803s][info ][safepoint      ] Safepoint "Cleanup", Time since last: 1000110214 ns, Reaching safepoint: 8200 ns, Cleanup: 10700 ns, At safepoint: 2600 ns, Total: 21500 ns
[1921.654s][info ][safepoint      ] Safepoint "Cleanup", Time since last: 2851139899 ns, Reaching safepoint: 8700 ns, Cleanup: 7901 ns, At safepoint: 2700 ns, Total: 19301 ns
[1927.655s][info ][safepoint      ] Safepoint "Cleanup", Time since last: 6000465725 ns, Reaching safepoint: 8500 ns, Cleanup: 11001 ns, At safepoint: 2400 ns, Total: 21901 ns
[1931.655s][info ][safepoint      ] Safepoint "Cleanup", Time since last: 4000334923 ns, Reaching safepoint: 80203 ns, Cleanup: 13701 ns, At safepoint: 6200 ns, Total: 100104 ns
[1934.096s][info ][gc,start       ] GC(63) Pause Young (Allocation Failure)
[1934.100s][debug][gc,phases      ] GC(63) Scavenge 4.045ms
[1934.100s][debug][gc,ref         ] GC(63) ReferenceProcessor::execute queues: 1, RefProcThreadModel::Single, marks_oops_alive: false
[1934.100s][debug][gc,ref         ] GC(63) Skipped KeepAliveFinalRefsPhase of Reference Processing: no references
[1934.100s][debug][gc,ref         ] GC(63) ReferenceProcessor::execute queues: 1, RefProcThreadModel::Single, marks_oops_alive: false
[1934.100s][debug][gc,phases      ] GC(63) Reference Processing 0.112ms
[1934.101s][debug][gc,phases      ] GC(63)   VM Weak                        Min:  0.0, Avg:  0.0, Max:  0.0, Diff:  0.0, Sum:  0.0, Workers: 4
[1934.101s][debug][gc,phases      ] GC(63)     Dead                           Min: 0, Avg:  0.0, Max: 0, Diff: 0, Sum: 0, Workers: 4
[1934.101s][debug][gc,phases      ] GC(63)     Total                          Min: 0, Avg: 263.0, Max: 988, Diff: 988, Sum: 1052, Workers: 4
[1934.101s][debug][gc,phases      ] GC(63)   ObjectSynchronizer Weak        Min:  0.0, Avg:  0.0, Max:  0.0, Diff:  0.0, Sum:  0.0, Workers: 4
[1934.101s][debug][gc,phases      ] GC(63)     Dead                           Min: 0, Avg:  0.0, Max: 0, Diff: 0, Sum: 0, Workers: 4
[1934.101s][debug][gc,phases      ] GC(63)     Total                          Min: 0, Avg:  0.8, Max: 3, Diff: 3, Sum: 3, Workers: 4
[1934.101s][debug][gc,phases      ] GC(63)   JVMTI Tag Weak OopStorage      Min:  0.0, Avg:  0.0, Max:  0.0, Diff:  0.0, Sum:  0.0, Workers: 4
[1934.101s][debug][gc,phases      ] GC(63)     Dead                           Min: 0, Avg:  0.0, Max: 0, Diff: 0, Sum: 0, Workers: 4
[1934.101s][debug][gc,phases      ] GC(63)     Total                          Min: 0, Avg:  0.0, Max: 0, Diff: 0, Sum: 0, Workers: 4
[1934.101s][debug][gc,phases      ] GC(63)   StringTable Weak               Min:  0.0, Avg:  0.1, Max:  0.1, Diff:  0.1, Sum:  0.4, Workers: 4
[1934.101s][debug][gc,phases      ] GC(63)     Dead                           Min: 0, Avg:  0.2, Max: 1, Diff: 1, Sum: 1, Workers: 4
[1934.101s][debug][gc,phases      ] GC(63)     Total                          Min: 0, Avg: 12380.0, Max: 17777, Diff: 17777, Sum: 49520, Workers: 4
[1934.101s][debug][gc,phases      ] GC(63)   ResolvedMethodTable Weak       Min:  0.0, Avg:  0.0, Max:  0.0, Diff:  0.0, Sum:  0.1, Workers: 4
[1934.101s][debug][gc,phases      ] GC(63)     Dead                           Min: 0, Avg:  4.2, Max: 17, Diff: 17, Sum: 17, Workers: 4
[1934.101s][debug][gc,phases      ] GC(63)     Total                          Min: 0, Avg: 3940.2, Max: 5888, Diff: 5888, Sum: 15761, Workers: 4
[1934.101s][debug][gc,phases      ] GC(63)   JNI Weak                       Min:  0.0, Avg:  0.0, Max:  0.0, Diff:  0.0, Sum:  0.0, Workers: 4
[1934.101s][debug][gc,phases      ] GC(63)     Dead                           Min: 0, Avg:  0.0, Max: 0, Diff: 0, Sum: 0, Workers: 4
[1934.101s][debug][gc,phases      ] GC(63)     Total                          Min: 0, Avg: 13.0, Max: 52, Diff: 52, Sum: 52, Workers: 4
[1934.101s][debug][gc,phases      ] GC(63)   StringDedup Table Weak         Min:  0.0, Avg:  0.0, Max:  0.0, Diff:  0.0, Sum:  0.0, Workers: 4
[1934.101s][debug][gc,phases      ] GC(63)     Dead                           Min: 0, Avg:  0.0, Max: 0, Diff: 0, Sum: 0, Workers: 4
[1934.101s][debug][gc,phases      ] GC(63)     Total                          Min: 0, Avg:  0.0, Max: 0, Diff: 0, Sum: 0, Workers: 4
[1934.101s][debug][gc,phases      ] GC(63)   StringDedup Requests0 Weak     Min:  0.0, Avg:  0.0, Max:  0.0, Diff:  0.0, Sum:  0.0, Workers: 4
[1934.101s][debug][gc,phases      ] GC(63)     Dead                           Min: 0, Avg:  0.0, Max: 0, Diff: 0, Sum: 0, Workers: 4
[1934.101s][debug][gc,phases      ] GC(63)     Total                          Min: 0, Avg:  0.0, Max: 0, Diff: 0, Sum: 0, Workers: 4
[1934.101s][debug][gc,phases      ] GC(63)   StringDedup Requests1 Weak     Min:  0.0, Avg:  0.0, Max:  0.0, Diff:  0.0, Sum:  0.0, Workers: 4
[1934.101s][debug][gc,phases      ] GC(63)     Dead                           Min: 0, Avg:  0.0, Max: 0, Diff: 0, Sum: 0, Workers: 4
[1934.101s][debug][gc,phases      ] GC(63)     Total                          Min: 0, Avg:  0.0, Max: 0, Diff: 0, Sum: 0, Workers: 4
[1934.101s][debug][gc,phases      ] GC(63)   Weak JFR Old Object Samples    Min:  0.0, Avg:  0.0, Max:  0.0, Diff:  0.0, Sum:  0.0, Workers: 4
[1934.101s][debug][gc,phases      ] GC(63)     Dead                           Min: 0, Avg:  0.0, Max: 0, Diff: 0, Sum: 0, Workers: 4
[1934.101s][debug][gc,phases      ] GC(63)     Total                          Min: 0, Avg:  0.0, Max: 0, Diff: 0, Sum: 0, Workers: 4
[1934.101s][debug][gc,phases      ] GC(63) Weak Processing 0.393ms
[1934.101s][debug][gc,age         ] GC(63) Desired survivor size 23592960 bytes, new threshold 1 (max threshold 15)
[1934.101s][info ][gc,heap        ] GC(63) PSYoungGen: 2048864K(2070016K)->2576K(2074112K) Eden: 2044416K(2044416K)->0K(2050048K) From: 4448K(25600K)->2576K(24064K)
[1934.101s][info ][gc,heap        ] GC(63) ParOldGen: 380424K(380928K)->383065K(383488K)
[1934.101s][info ][gc,metaspace   ] GC(63) Metaspace: 113529K(114880K)->113529K(114880K) NonClass: 96572K(97344K)->96572K(97344K) Class: 16957K(17536K)->16957K(17536K)
[1934.101s][info ][gc             ] GC(63) Pause Young (Allocation Failure) 2372M->376M(2400M) 4.686ms
[1934.101s][info ][gc,cpu         ] GC(63) User=0.01s Sys=0.00s Real=0.00s
[1934.101s][info ][safepoint      ] Safepoint "ParallelGCFailedAllocation", Time since last: 2440871744 ns, Reaching safepoint: 84503 ns, Cleanup: 4400 ns, At safepoint: 4777281 ns, Total: 4866184 ns
[1935.101s][info ][safepoint      ] Safepoint "Cleanup", Time since last: 1000083753 ns, Reaching safepoint: 7901 ns, Cleanup: 11600 ns, At safepoint: 2400 ns, Total: 21901 ns
[1936.101s][info ][safepoint      ] Safepoint "Cleanup", Time since last: 1000112655 ns, Reaching safepoint: 7600 ns, Cleanup: 11500 ns, At safepoint: 2401 ns, Total: 21501 ns
[1937.101s][info ][safepoint      ] Safepoint "Cleanup", Time since last: 1000123153 ns, Reaching safepoint: 7400 ns, Cleanup: 12901 ns, At safepoint: 2500 ns, Total: 22801 ns
[1938.101s][info ][safepoint      ] Safepoint "Cleanup", Time since last: 1000110024 ns, Reaching safepoint: 7100 ns, Cleanup: 14601 ns, At safepoint: 2300 ns, Total: 24001 ns
[1942.102s][info ][safepoint      ] Safepoint "Cleanup", Time since last: 4000306791 ns, Reaching safepoint: 7800 ns, Cleanup: 10801 ns, At safepoint: 2500 ns, Total: 21101 ns
[1943.102s][info ][safepoint      ] Safepoint "Cleanup", Time since last: 1000128525 ns, Reaching safepoint: 8600 ns, Cleanup: 18301 ns, At safepoint: 2400 ns, Total: 29301 ns
[1944.102s][info ][safepoint      ] Safepoint "Cleanup", Time since last: 1000111924 ns, Reaching safepoint: 6900 ns, Cleanup: 10501 ns, At safepoint: 2700 ns, Total: 20101 ns
[1949.103s][info ][safepoint      ] Safepoint "Cleanup", Time since last: 5000397392 ns, Reaching safepoint: 7300 ns, Cleanup: 10101 ns, At safepoint: 2300 ns, Total: 19701 ns
[1955.103s][info ][safepoint      ] Safepoint "Cleanup", Time since last: 6000463448 ns, Reaching safepoint: 7900 ns, Cleanup: 32101 ns, At safepoint: 2701 ns, Total: 42702 ns
[1959.103s][info ][safepoint      ] Safepoint "Cleanup", Time since last: 4000325461 ns, Reaching safepoint: 8801 ns, Cleanup: 11100 ns, At safepoint: 2800 ns, Total: 22701 ns
[1961.104s][info ][safepoint      ] Safepoint "Cleanup", Time since last: 2000191982 ns, Reaching safepoint: 8400 ns, Cleanup: 12501 ns, At safepoint: 2800 ns, Total: 23701 ns
[1962.046s][info ][gc,start       ] GC(64) Pause Young (Allocation Failure)
[1962.051s][debug][gc,phases      ] GC(64) Scavenge 4.424ms
[1962.051s][debug][gc,ref         ] GC(64) ReferenceProcessor::execute queues: 1, RefProcThreadModel::Single, marks_oops_alive: false
[1962.051s][debug][gc,ref         ] GC(64) Skipped KeepAliveFinalRefsPhase of Reference Processing: no references
[1962.051s][debug][gc,ref         ] GC(64) Skipped PhantomRefsPhase of Reference Processing: no references
[1962.051s][debug][gc,phases      ] GC(64) Reference Processing 0.131ms
[1962.051s][debug][gc,phases      ] GC(64)   VM Weak                        Min:  0.0, Avg:  0.0, Max:  0.0, Diff:  0.0, Sum:  0.0, Workers: 4
[1962.051s][debug][gc,phases      ] GC(64)     Dead                           Min: 0, Avg:  0.0, Max: 0, Diff: 0, Sum: 0, Workers: 4
[1962.051s][debug][gc,phases      ] GC(64)     Total                          Min: 0, Avg: 263.0, Max: 988, Diff: 988, Sum: 1052, Workers: 4
[1962.051s][debug][gc,phases      ] GC(64)   ObjectSynchronizer Weak        Min:  0.0, Avg:  0.0, Max:  0.0, Diff:  0.0, Sum:  0.0, Workers: 4
[1962.051s][debug][gc,phases      ] GC(64)     Dead                           Min: 0, Avg:  0.0, Max: 0, Diff: 0, Sum: 0, Workers: 4
[1962.051s][debug][gc,phases      ] GC(64)     Total                          Min: 0, Avg:  1.0, Max: 4, Diff: 4, Sum: 4, Workers: 4
[1962.051s][debug][gc,phases      ] GC(64)   JVMTI Tag Weak OopStorage      Min:  0.0, Avg:  0.0, Max:  0.0, Diff:  0.0, Sum:  0.0, Workers: 4
[1962.051s][debug][gc,phases      ] GC(64)     Dead                           Min: 0, Avg:  0.0, Max: 0, Diff: 0, Sum: 0, Workers: 4
[1962.051s][debug][gc,phases      ] GC(64)     Total                          Min: 0, Avg:  0.0, Max: 0, Diff: 0, Sum: 0, Workers: 4
[1962.051s][debug][gc,phases      ] GC(64)   StringTable Weak               Min:  0.0, Avg:  0.1, Max:  0.1, Diff:  0.1, Sum:  0.4, Workers: 4
[1962.051s][debug][gc,phases      ] GC(64)     Dead                           Min: 0, Avg:  0.0, Max: 0, Diff: 0, Sum: 0, Workers: 4
[1962.051s][debug][gc,phases      ] GC(64)     Total                          Min: 0, Avg: 12380.2, Max: 17458, Diff: 17458, Sum: 49521, Workers: 4
[1962.051s][debug][gc,phases      ] GC(64)   ResolvedMethodTable Weak       Min:  0.0, Avg:  0.0, Max:  0.1, Diff:  0.1, Sum:  0.2, Workers: 4
[1962.051s][debug][gc,phases      ] GC(64)     Dead                           Min: 0, Avg:  4.0, Max: 16, Diff: 16, Sum: 16, Workers: 4
[1962.051s][debug][gc,phases      ] GC(64)     Total                          Min: 0, Avg: 3940.2, Max: 6311, Diff: 6311, Sum: 15761, Workers: 4
[1962.051s][debug][gc,phases      ] GC(64)   JNI Weak                       Min:  0.0, Avg:  0.0, Max:  0.0, Diff:  0.0, Sum:  0.0, Workers: 4
[1962.051s][debug][gc,phases      ] GC(64)     Dead                           Min: 0, Avg:  0.0, Max: 0, Diff: 0, Sum: 0, Workers: 4
[1962.051s][debug][gc,phases      ] GC(64)     Total                          Min: 0, Avg: 13.0, Max: 52, Diff: 52, Sum: 52, Workers: 4
[1962.051s][debug][gc,phases      ] GC(64)   StringDedup Table Weak         Min:  0.0, Avg:  0.0, Max:  0.0, Diff:  0.0, Sum:  0.0, Workers: 4
[1962.051s][debug][gc,phases      ] GC(64)     Dead                           Min: 0, Avg:  0.0, Max: 0, Diff: 0, Sum: 0, Workers: 4
[1962.051s][debug][gc,phases      ] GC(64)     Total                          Min: 0, Avg:  0.0, Max: 0, Diff: 0, Sum: 0, Workers: 4
[1962.051s][debug][gc,phases      ] GC(64)   StringDedup Requests0 Weak     Min:  0.0, Avg:  0.0, Max:  0.0, Diff:  0.0, Sum:  0.0, Workers: 4
[1962.051s][debug][gc,phases      ] GC(64)     Dead                           Min: 0, Avg:  0.0, Max: 0, Diff: 0, Sum: 0, Workers: 4
[1962.051s][debug][gc,phases      ] GC(64)     Total                          Min: 0, Avg:  0.0, Max: 0, Diff: 0, Sum: 0, Workers: 4
[1962.051s][debug][gc,phases      ] GC(64)   StringDedup Requests1 Weak     Min:  0.0, Avg:  0.0, Max:  0.0, Diff:  0.0, Sum:  0.0, Workers: 4
[1962.051s][debug][gc,phases      ] GC(64)     Dead                           Min: 0, Avg:  0.0, Max: 0, Diff: 0, Sum: 0, Workers: 4
[1962.051s][debug][gc,phases      ] GC(64)     Total                          Min: 0, Avg:  0.0, Max: 0, Diff: 0, Sum: 0, Workers: 4
[1962.051s][debug][gc,phases      ] GC(64)   Weak JFR Old Object Samples    Min:  0.0, Avg:  0.0, Max:  0.0, Diff:  0.0, Sum:  0.0, Workers: 4
[1962.051s][debug][gc,phases      ] GC(64)     Dead                           Min: 0, Avg:  0.0, Max: 0, Diff: 0, Sum: 0, Workers: 4
[1962.051s][debug][gc,phases      ] GC(64)     Total                          Min: 0, Avg:  0.0, Max: 0, Diff: 0, Sum: 0, Workers: 4
[1962.051s][debug][gc,phases      ] GC(64) Weak Processing 0.409ms
[1962.051s][debug][gc,age         ] GC(64) Desired survivor size 22544384 bytes, new threshold 1 (max threshold 15)
[1962.051s][info ][gc,heap        ] GC(64) PSYoungGen: 2052624K(2074112K)->2848K(2073088K) Eden: 2050048K(2050048K)->0K(2050048K) From: 2576K(24064K)->2848K(23040K)
[1962.051s][info ][gc,heap        ] GC(64) ParOldGen: 383065K(383488K)->383813K(384000K)
[1962.051s][info ][gc,metaspace   ] GC(64) Metaspace: 113538K(114880K)->113538K(114880K) NonClass: 96580K(97344K)->96580K(97344K) Class: 16957K(17536K)->16957K(17536K)
[1962.051s][info ][gc             ] GC(64) Pause Young (Allocation Failure) 2378M->377M(2399M) 5.092ms
[1962.051s][info ][gc,cpu         ] GC(64) User=0.01s Sys=0.00s Real=0.00s
[1962.051s][info ][safepoint      ] Safepoint "ParallelGCFailedAllocation", Time since last: 942668227 ns, Reaching safepoint: 7100 ns, Cleanup: 8300 ns, At safepoint: 5157195 ns, Total: 5172595 ns
[1963.052s][info ][safepoint      ] Safepoint "Cleanup", Time since last: 1000099391 ns, Reaching safepoint: 11300 ns, Cleanup: 11801 ns, At safepoint: 3000 ns, Total: 26101 ns
[1969.052s][info ][safepoint      ] Safepoint "Cleanup", Time since last: 6000471843 ns, Reaching safepoint: 6600 ns, Cleanup: 8700 ns, At safepoint: 17001 ns, Total: 32301 ns
[1973.052s][info ][safepoint      ] Safepoint "Cleanup", Time since last: 4000311984 ns, Reaching safepoint: 8900 ns, Cleanup: 21801 ns, At safepoint: 2900 ns, Total: 33601 ns
[1978.053s][info ][safepoint      ] Safepoint "Cleanup", Time since last: 5000388704 ns, Reaching safepoint: 8201 ns, Cleanup: 11100 ns, At safepoint: 2300 ns, Total: 21601 ns
[1980.053s][info ][safepoint      ] Safepoint "Cleanup", Time since last: 2000194134 ns, Reaching safepoint: 8200 ns, Cleanup: 27301 ns, At safepoint: 2800 ns, Total: 38301 ns
[1981.672s][info ][safepoint      ] Safepoint "Cleanup", Time since last: 1619176464 ns, Reaching safepoint: 8000 ns, Cleanup: 23501 ns, At safepoint: 2300 ns, Total: 33801 ns
[1982.672s][info ][safepoint      ] Safepoint "Cleanup", Time since last: 1000115018 ns, Reaching safepoint: 83003 ns, Cleanup: 13300 ns, At safepoint: 9801 ns, Total: 106104 ns
[1983.673s][info ][safepoint      ] Safepoint "Cleanup", Time since last: 1000141618 ns, Reaching safepoint: 9600 ns, Cleanup: 17501 ns, At safepoint: 3000 ns, Total: 30101 ns
[2042.691s][info ][safepoint      ] Safepoint "Cleanup", Time since last: 59018464714 ns, Reaching safepoint: 9100 ns, Cleanup: 8400 ns, At safepoint: 2800 ns, Total: 20300 ns
[2054.693s][info ][safepoint      ] Safepoint "Cleanup", Time since last: 12001344041 ns, Reaching safepoint: 9100 ns, Cleanup: 12301 ns, At safepoint: 2300 ns, Total: 23701 ns
[2079.694s][info ][safepoint      ] Safepoint "Cleanup", Time since last: 25001868270 ns, Reaching safepoint: 8400 ns, Cleanup: 11301 ns, At safepoint: 2400 ns, Total: 22101 ns
[2102.697s][info ][safepoint      ] Safepoint "Cleanup", Time since last: 23002545188 ns, Reaching safepoint: 5800 ns, Cleanup: 7900 ns, At safepoint: 2600 ns, Total: 16300 ns
[2102.779s][info ][safepoint      ] Safepoint "JFRCheckpoint", Time since last: 81454171 ns, Reaching safepoint: 76403 ns, Cleanup: 24401 ns, At safepoint: 14400 ns, Total: 115204 ns
[2102.781s][info ][gc,heap,exit   ] Heap
[2102.781s][info ][gc,heap,exit   ]  PSYoungGen      total 2073088K, used 1803951K [0x0000000780000000, 0x0000000800000000, 0x0000000800000000)
[2102.781s][info ][gc,heap,exit   ]   eden space 2050048K, 87% used [0x0000000780000000,0x00000007edee3b78,0x00000007fd200000)
[2102.781s][info ][gc,heap,exit   ]   from space 23040K, 12% used [0x00000007fd200000,0x00000007fd4c8108,0x00000007fe880000)
[2102.781s][info ][gc,heap,exit   ]   to   space 22016K, 0% used [0x00000007fea80000,0x00000007fea80000,0x0000000800000000)
[2102.781s][info ][gc,heap,exit   ]  ParOldGen       total 384000K, used 383813K [0x00000006c0000000, 0x00000006d7700000, 0x0000000780000000)
[2102.781s][info ][gc,heap,exit   ]   object space 384000K, 99% used [0x00000006c0000000,0x00000006d76d15b0,0x00000006d7700000)
[2102.781s][info ][gc,heap,exit   ]  Metaspace       used 113658K, committed 115008K, reserved 1179648K
[2102.781s][info ][gc,heap,exit   ]   class space    used 16973K, committed 17536K, reserved 1048576K
