[0.003s][info][gc,init] CardTable entry size: 512
[0.003s][info][gc     ] Using Parallel
[0.005s][info][gc,init] Version: 21.0.7+6-LTS (release)
[0.005s][info][gc,init] CPUs: 4 total, 4 available
[0.005s][info][gc,init] Memory: 15995M
[0.005s][info][gc,init] Large Page Support: Disabled
[0.005s][info][gc,init] NUMA Support: Disabled
[0.005s][info][gc,init] Compressed Oops: Enabled (Zero based)
[0.005s][info][gc,init] Alignments: Space 512K, Generation 512K, Heap 2M
[0.005s][info][gc,init] Heap Min Capacity: 2054M
[0.005s][info][gc,init] Heap Initial Capacity: 2054M
[0.005s][info][gc,init] Heap Max Capacity: 5G
[0.005s][info][gc,init] Pre-touch: Disabled
[0.005s][info][gc,init] Parallel Workers: 4
[0.013s][info][gc,metaspace] CDS archive(s) mapped at: [0x0000700478000000-0x0000700478c97000-0x0000700478c97000), size 13201408, SharedBaseAddress: 0x0000700478000000, ArchiveRelocationMode: 1.
[0.013s][info][gc,metaspace] Compressed class space mapped at: 0x0000700479000000-0x00007004b9000000, reserved size: 1073741824
[0.013s][info][gc,metaspace] Narrow klass base: 0x0000700478000000, Narrow klass shift: 0, Narrow klass range: 0x100000000
[0.322s][info][safepoint   ] Safepoint "ICBufferFull", Time since last: 301739360 ns, Reaching safepoint: 97305 ns, Cleanup: 106305 ns, At safepoint: 13101 ns, Total: 216711 ns
[0.462s][info][safepoint   ] Safepoint "RedefineClasses", Time since last: 132815141 ns, Reaching safepoint: 4000 ns, Cleanup: 95705 ns, At safepoint: 7368963 ns, Total: 7468668 ns
[0.631s][info][safepoint   ] Safepoint "JFRCheckpoint", Time since last: 168539600 ns, Reaching safepoint: 86205 ns, Cleanup: 55202 ns, At safepoint: 11301 ns, Total: 152708 ns
[1.446s][info][safepoint   ] Safepoint "ICBufferFull", Time since last: 814902633 ns, Reaching safepoint: 82504 ns, Cleanup: 107706 ns, At safepoint: 9000 ns, Total: 199210 ns
[1.865s][info][safepoint   ] Safepoint "ICBufferFull", Time since last: 419168344 ns, Reaching safepoint: 3200 ns, Cleanup: 126106 ns, At safepoint: 4900 ns, Total: 134206 ns
[2.134s][info][gc,start    ] GC(0) Pause Young (Metadata GC Threshold)
[2.156s][debug][gc,phases   ] GC(0) Scavenge 21.074ms
[2.156s][debug][gc,ref      ] GC(0) ReferenceProcessor::execute queues: 2, RefProcThreadModel::Multi, marks_oops_alive: false
[2.156s][debug][gc,ref      ] GC(0) ReferenceProcessor::execute queues: 4, RefProcThreadModel::Multi, marks_oops_alive: true
[2.156s][debug][gc,ref      ] GC(0) ReferenceProcessor::execute queues: 1, RefProcThreadModel::Single, marks_oops_alive: false
[2.156s][debug][gc,phases   ] GC(0) Reference Processing 0.418ms
[2.156s][debug][gc,phases   ] GC(0)   VM Weak                        Min:  0.0, Avg:  0.0, Max:  0.0, Diff:  0.0, Sum:  0.0, Workers: 4
[2.156s][debug][gc,phases   ] GC(0)     Dead                           Min: 0, Avg:  0.0, Max: 0, Diff: 0, Sum: 0, Workers: 4
[2.156s][debug][gc,phases   ] GC(0)     Total                          Min: 0, Avg: 59.5, Max: 128, Diff: 128, Sum: 238, Workers: 4
[2.156s][debug][gc,phases   ] GC(0)   ObjectSynchronizer Weak        Min:  0.0, Avg:  0.0, Max:  0.0, Diff:  0.0, Sum:  0.0, Workers: 4
[2.156s][debug][gc,phases   ] GC(0)     Dead                           Min: 0, Avg:  0.5, Max: 2, Diff: 2, Sum: 2, Workers: 4
[2.156s][debug][gc,phases   ] GC(0)     Total                          Min: 0, Avg:  2.0, Max: 8, Diff: 8, Sum: 8, Workers: 4
[2.156s][debug][gc,phases   ] GC(0)   JVMTI Tag Weak OopStorage      Min:  0.0, Avg:  0.0, Max:  0.0, Diff:  0.0, Sum:  0.0, Workers: 4
[2.156s][debug][gc,phases   ] GC(0)     Dead                           Min: 0, Avg:  0.0, Max: 0, Diff: 0, Sum: 0, Workers: 4
[2.156s][debug][gc,phases   ] GC(0)     Total                          Min: 0, Avg:  0.0, Max: 0, Diff: 0, Sum: 0, Workers: 4
[2.156s][debug][gc,phases   ] GC(0)   StringTable Weak               Min:  0.0, Avg:  0.1, Max:  0.1, Diff:  0.1, Sum:  0.3, Workers: 4
[2.156s][debug][gc,phases   ] GC(0)     Dead                           Min: 0, Avg:  7.8, Max: 22, Diff: 22, Sum: 31, Workers: 4
[2.156s][debug][gc,phases   ] GC(0)     Total                          Min: 0, Avg: 1991.0, Max: 2816, Diff: 2816, Sum: 7964, Workers: 4
[2.156s][debug][gc,phases   ] GC(0)   ResolvedMethodTable Weak       Min:  0.0, Avg:  0.0, Max:  0.0, Diff:  0.0, Sum:  0.1, Workers: 4
[2.156s][debug][gc,phases   ] GC(0)     Dead                           Min: 0, Avg: 95.2, Max: 158, Diff: 158, Sum: 381, Workers: 4
[2.156s][debug][gc,phases   ] GC(0)     Total                          Min: 0, Avg: 466.5, Max: 640, Diff: 640, Sum: 1866, Workers: 4
[2.156s][debug][gc,phases   ] GC(0)   JNI Weak                       Min:  0.0, Avg:  0.0, Max:  0.0, Diff:  0.0, Sum:  0.0, Workers: 4
[2.156s][debug][gc,phases   ] GC(0)     Dead                           Min: 0, Avg:  0.0, Max: 0, Diff: 0, Sum: 0, Workers: 4
[2.156s][debug][gc,phases   ] GC(0)     Total                          Min: 0, Avg: 12.0, Max: 48, Diff: 48, Sum: 48, Workers: 4
[2.156s][debug][gc,phases   ] GC(0)   StringDedup Table Weak         Min:  0.0, Avg:  0.0, Max:  0.0, Diff:  0.0, Sum:  0.0, Workers: 4
[2.156s][debug][gc,phases   ] GC(0)     Dead                           Min: 0, Avg:  0.0, Max: 0, Diff: 0, Sum: 0, Workers: 4
[2.156s][debug][gc,phases   ] GC(0)     Total                          Min: 0, Avg:  0.0, Max: 0, Diff: 0, Sum: 0, Workers: 4
[2.156s][debug][gc,phases   ] GC(0)   StringDedup Requests0 Weak     Min:  0.0, Avg:  0.0, Max:  0.0, Diff:  0.0, Sum:  0.0, Workers: 4
[2.156s][debug][gc,phases   ] GC(0)     Dead                           Min: 0, Avg:  0.0, Max: 0, Diff: 0, Sum: 0, Workers: 4
[2.156s][debug][gc,phases   ] GC(0)     Total                          Min: 0, Avg:  0.0, Max: 0, Diff: 0, Sum: 0, Workers: 4
[2.156s][debug][gc,phases   ] GC(0)   StringDedup Requests1 Weak     Min:  0.0, Avg:  0.0, Max:  0.0, Diff:  0.0, Sum:  0.0, Workers: 4
[2.156s][debug][gc,phases   ] GC(0)     Dead                           Min: 0, Avg:  0.0, Max: 0, Diff: 0, Sum: 0, Workers: 4
[2.156s][debug][gc,phases   ] GC(0)     Total                          Min: 0, Avg:  0.0, Max: 0, Diff: 0, Sum: 0, Workers: 4
[2.156s][debug][gc,phases   ] GC(0)   Weak JFR Old Object Samples    Min:  0.0, Avg:  0.0, Max:  0.0, Diff:  0.0, Sum:  0.0, Workers: 4
[2.156s][debug][gc,phases   ] GC(0)     Dead                           Min: 0, Avg:  0.0, Max: 0, Diff: 0, Sum: 0, Workers: 4
[2.156s][debug][gc,phases   ] GC(0)     Total                          Min: 0, Avg:  0.0, Max: 0, Diff: 0, Sum: 0, Workers: 4
[2.156s][debug][gc,phases   ] GC(0) Weak Processing 0.324ms
[2.156s][debug][gc,age      ] GC(0) Desired survivor size 536870912 bytes, new threshold 7 (max threshold 15)
[2.156s][info ][gc,heap     ] GC(0) PSYoungGen: 393149K(1572864K)->37815K(1572864K) Eden: 393149K(1048576K)->0K(1048576K) From: 0K(524288K)->37815K(524288K)
[2.156s][info ][gc,heap     ] GC(0) ParOldGen: 1073K(6144K)->1153K(6144K)
[2.156s][info ][gc,metaspace] GC(0) Metaspace: 21134K(21504K)->21134K(21504K) NonClass: 18811K(19008K)->18811K(19008K) Class: 2323K(2496K)->2323K(2496K)
[2.156s][info ][gc          ] GC(0) Pause Young (Metadata GC Threshold) 384M->38M(1542M) 22.291ms
[2.156s][info ][gc,cpu      ] GC(0) User=0.06s Sys=0.01s Real=0.03s
[2.157s][debug][gc,phases   ] GC(1) Pre Compact 0.008ms
[2.157s][info ][gc,start    ] GC(1) Pause Full (Metadata GC Threshold)
[2.157s][info ][gc,phases,start] GC(1) Marking Phase
[2.166s][debug][gc,phases      ] GC(1) Par Mark 9.888ms
[2.167s][debug][gc,ref         ] GC(1) ReferenceProcessor::execute queues: 2, RefProcThreadModel::Multi, marks_oops_alive: false
[2.167s][debug][gc,ref         ] GC(1) ReferenceProcessor::execute queues: 4, RefProcThreadModel::Multi, marks_oops_alive: true
[2.167s][debug][gc,ref         ] GC(1) ReferenceProcessor::execute queues: 1, RefProcThreadModel::Single, marks_oops_alive: false
[2.167s][debug][gc,phases      ] GC(1) Reference Processing 0.173ms
[2.167s][debug][gc,phases      ] GC(1)   VM Weak                        Min:  0.0, Avg:  0.0, Max:  0.0, Diff:  0.0, Sum:  0.0, Workers: 4
[2.167s][debug][gc,phases      ] GC(1)     Dead                           Min: 0, Avg:  0.0, Max: 0, Diff: 0, Sum: 0, Workers: 4
[2.167s][debug][gc,phases      ] GC(1)     Total                          Min: 0, Avg: 59.5, Max: 238, Diff: 238, Sum: 238, Workers: 4
[2.167s][debug][gc,phases      ] GC(1)   ObjectSynchronizer Weak        Min:  0.0, Avg:  0.0, Max:  0.0, Diff:  0.0, Sum:  0.0, Workers: 4
[2.167s][debug][gc,phases      ] GC(1)     Dead                           Min: 0, Avg:  0.0, Max: 0, Diff: 0, Sum: 0, Workers: 4
[2.167s][debug][gc,phases      ] GC(1)     Total                          Min: 0, Avg:  2.0, Max: 8, Diff: 8, Sum: 8, Workers: 4
[2.167s][debug][gc,phases      ] GC(1)   JVMTI Tag Weak OopStorage      Min:  0.0, Avg:  0.0, Max:  0.0, Diff:  0.0, Sum:  0.0, Workers: 4
[2.167s][debug][gc,phases      ] GC(1)     Dead                           Min: 0, Avg:  0.0, Max: 0, Diff: 0, Sum: 0, Workers: 4
[2.167s][debug][gc,phases      ] GC(1)     Total                          Min: 0, Avg:  0.0, Max: 0, Diff: 0, Sum: 0, Workers: 4
[2.167s][debug][gc,phases      ] GC(1)   StringTable Weak               Min:  0.0, Avg:  0.0, Max:  0.0, Diff:  0.0, Sum:  0.1, Workers: 4
[2.167s][debug][gc,phases      ] GC(1)     Dead                           Min: 0, Avg:  0.0, Max: 0, Diff: 0, Sum: 0, Workers: 4
[2.167s][debug][gc,phases      ] GC(1)     Total                          Min: 1756, Avg: 1991.0, Max: 2368, Diff: 612, Sum: 7964, Workers: 4
[2.167s][debug][gc,phases      ] GC(1)   ResolvedMethodTable Weak       Min:  0.0, Avg:  0.0, Max:  0.0, Diff:  0.0, Sum:  0.0, Workers: 4
[2.167s][debug][gc,phases      ] GC(1)     Dead                           Min: 0, Avg:  0.0, Max: 0, Diff: 0, Sum: 0, Workers: 4
[2.167s][debug][gc,phases      ] GC(1)     Total                          Min: 448, Avg: 466.5, Max: 512, Diff: 64, Sum: 1866, Workers: 4
[2.167s][debug][gc,phases      ] GC(1)   JNI Weak                       Min:  0.0, Avg:  0.0, Max:  0.0, Diff:  0.0, Sum:  0.0, Workers: 4
[2.167s][debug][gc,phases      ] GC(1)     Dead                           Min: 0, Avg:  0.0, Max: 0, Diff: 0, Sum: 0, Workers: 4
[2.167s][debug][gc,phases      ] GC(1)     Total                          Min: 0, Avg: 12.0, Max: 48, Diff: 48, Sum: 48, Workers: 4
[2.167s][debug][gc,phases      ] GC(1)   StringDedup Table Weak         Min:  0.0, Avg:  0.0, Max:  0.0, Diff:  0.0, Sum:  0.0, Workers: 4
[2.167s][debug][gc,phases      ] GC(1)     Dead                           Min: 0, Avg:  0.0, Max: 0, Diff: 0, Sum: 0, Workers: 4
[2.167s][debug][gc,phases      ] GC(1)     Total                          Min: 0, Avg:  0.0, Max: 0, Diff: 0, Sum: 0, Workers: 4
[2.167s][debug][gc,phases      ] GC(1)   StringDedup Requests0 Weak     Min:  0.0, Avg:  0.0, Max:  0.0, Diff:  0.0, Sum:  0.0, Workers: 4
[2.167s][debug][gc,phases      ] GC(1)     Dead                           Min: 0, Avg:  0.0, Max: 0, Diff: 0, Sum: 0, Workers: 4
[2.167s][debug][gc,phases      ] GC(1)     Total                          Min: 0, Avg:  0.0, Max: 0, Diff: 0, Sum: 0, Workers: 4
[2.167s][debug][gc,phases      ] GC(1)   StringDedup Requests1 Weak     Min:  0.0, Avg:  0.0, Max:  0.0, Diff:  0.0, Sum:  0.0, Workers: 4
[2.167s][debug][gc,phases      ] GC(1)     Dead                           Min: 0, Avg:  0.0, Max: 0, Diff: 0, Sum: 0, Workers: 4
[2.167s][debug][gc,phases      ] GC(1)     Total                          Min: 0, Avg:  0.0, Max: 0, Diff: 0, Sum: 0, Workers: 4
[2.167s][debug][gc,phases      ] GC(1)   Weak JFR Old Object Samples    Min:  0.0, Avg:  0.0, Max:  0.0, Diff:  0.0, Sum:  0.0, Workers: 4
[2.167s][debug][gc,phases      ] GC(1)     Dead                           Min: 0, Avg:  0.0, Max: 0, Diff: 0, Sum: 0, Workers: 4
[2.167s][debug][gc,phases      ] GC(1)     Total                          Min: 0, Avg:  0.0, Max: 0, Diff: 0, Sum: 0, Workers: 4
[2.167s][debug][gc,phases      ] GC(1) Weak Processing 0.217ms
[2.167s][debug][gc,phases      ] GC(1) ClassLoaderData 0.031ms
[2.167s][debug][gc,phases      ] GC(1) Trigger cleanups 0.000ms
[2.173s][debug][gc,phases      ] GC(1) Purge Unlinked NMethods 0.001ms
[2.173s][debug][gc,phases      ] GC(1) Unregister NMethods 0.013ms
[2.173s][debug][gc,phases      ] GC(1) Free Code Blobs 0.002ms
[2.173s][debug][gc,phases      ] GC(1) Class Unloading 5.925ms
[2.173s][debug][gc,phases      ] GC(1) Report Object Count 0.001ms
[2.173s][info ][gc,phases      ] GC(1) Marking Phase 16.270ms
[2.173s][info ][gc,phases,start] GC(1) Summary Phase
[2.173s][info ][gc,phases      ] GC(1) Summary Phase 0.006ms
[2.173s][info ][gc,phases,start] GC(1) Adjust Roots
[2.178s][info ][gc,phases      ] GC(1) Adjust Roots 5.570ms
[2.178s][info ][gc,phases,start] GC(1) Compaction Phase
[2.203s][info ][gc,phases      ] GC(1) Compaction Phase 24.749ms
[2.203s][info ][gc,phases,start] GC(1) Post Compact
[2.205s][debug][gc,phases      ] GC(1) Purge Class Loader Data 0.931ms
[2.205s][info ][gc,phases      ] GC(1) Post Compact 1.939ms
[2.205s][info ][gc,heap        ] GC(1) PSYoungGen: 37815K(1572864K)->32582K(1572864K) Eden: 0K(1048576K)->0K(1048576K) From: 37815K(524288K)->32582K(524288K)
[2.205s][info ][gc,heap        ] GC(1) ParOldGen: 1153K(6144K)->6086K(6144K)
[2.205s][info ][gc,metaspace   ] GC(1) Metaspace: 21134K(21504K)->21134K(21504K) NonClass: 18811K(19008K)->18811K(19008K) Class: 2323K(2496K)->2323K(2496K)
[2.205s][info ][gc             ] GC(1) Pause Full (Metadata GC Threshold) 38M->37M(1542M) 48.684ms
[2.205s][info ][gc,cpu         ] GC(1) User=0.13s Sys=0.01s Real=0.05s
[2.205s][info ][safepoint      ] Safepoint "CollectForMetadataAllocation", Time since last: 268987448 ns, Reaching safepoint: 4000 ns, Cleanup: 86704 ns, At safepoint: 71107502 ns, Total: 71198206 ns
[2.576s][info ][safepoint      ] Safepoint "ICBufferFull", Time since last: 371049974 ns, Reaching safepoint: 3900 ns, Cleanup: 117206 ns, At safepoint: 2000 ns, Total: 123106 ns
[2.846s][info ][safepoint      ] Safepoint "ICBufferFull", Time since last: 269434470 ns, Reaching safepoint: 4000 ns, Cleanup: 116406 ns, At safepoint: 7600 ns, Total: 128006 ns
[3.004s][info ][safepoint      ] Safepoint "ICBufferFull", Time since last: 157647764 ns, Reaching safepoint: 150307 ns, Cleanup: 132307 ns, At safepoint: 8100 ns, Total: 290714 ns
[3.104s][info ][safepoint      ] Safepoint "ICBufferFull", Time since last: 99597405 ns, Reaching safepoint: 4001 ns, Cleanup: 101605 ns, At safepoint: 5200 ns, Total: 110806 ns
[3.439s][info ][safepoint      ] Safepoint "ICBufferFull", Time since last: 334989198 ns, Reaching safepoint: 4600 ns, Cleanup: 141907 ns, At safepoint: 2200 ns, Total: 148707 ns
[3.625s][info ][gc,start       ] GC(2) Pause Young (Metadata GC Threshold)
[3.662s][debug][gc,phases      ] GC(2) Scavenge 36.838ms
[3.662s][debug][gc,ref         ] GC(2) ReferenceProcessor::execute queues: 4, RefProcThreadModel::Multi, marks_oops_alive: false
[3.663s][debug][gc,ref         ] GC(2) ReferenceProcessor::execute queues: 4, RefProcThreadModel::Multi, marks_oops_alive: true
[3.663s][debug][gc,ref         ] GC(2) ReferenceProcessor::execute queues: 2, RefProcThreadModel::Multi, marks_oops_alive: false
[3.663s][debug][gc,phases      ] GC(2) Reference Processing 0.978ms
[3.663s][debug][gc,phases      ] GC(2)   VM Weak                        Min:  0.0, Avg:  0.0, Max:  0.0, Diff:  0.0, Sum:  0.0, Workers: 4
[3.663s][debug][gc,phases      ] GC(2)     Dead                           Min: 0, Avg:  0.0, Max: 0, Diff: 0, Sum: 0, Workers: 4
[3.663s][debug][gc,phases      ] GC(2)     Total                          Min: 0, Avg: 72.2, Max: 225, Diff: 225, Sum: 289, Workers: 4
[3.663s][debug][gc,phases      ] GC(2)   ObjectSynchronizer Weak        Min:  0.0, Avg:  0.0, Max:  0.0, Diff:  0.0, Sum:  0.0, Workers: 4
[3.663s][debug][gc,phases      ] GC(2)     Dead                           Min: 0, Avg:  0.2, Max: 1, Diff: 1, Sum: 1, Workers: 4
[3.663s][debug][gc,phases      ] GC(2)     Total                          Min: 0, Avg:  2.2, Max: 9, Diff: 9, Sum: 9, Workers: 4
[3.663s][debug][gc,phases      ] GC(2)   JVMTI Tag Weak OopStorage      Min:  0.0, Avg:  0.0, Max:  0.0, Diff:  0.0, Sum:  0.0, Workers: 4
[3.663s][debug][gc,phases      ] GC(2)     Dead                           Min: 0, Avg:  0.0, Max: 0, Diff: 0, Sum: 0, Workers: 4
[3.663s][debug][gc,phases      ] GC(2)     Total                          Min: 0, Avg:  0.0, Max: 0, Diff: 0, Sum: 0, Workers: 4
[3.663s][debug][gc,phases      ] GC(2)   StringTable Weak               Min:  0.0, Avg:  0.1, Max:  0.2, Diff:  0.2, Sum:  0.6, Workers: 4
[3.663s][debug][gc,phases      ] GC(2)     Dead                           Min: 0, Avg:  2.8, Max: 5, Diff: 5, Sum: 11, Workers: 4
[3.663s][debug][gc,phases      ] GC(2)     Total                          Min: 0, Avg: 3681.8, Max: 5120, Diff: 5120, Sum: 14727, Workers: 4
[3.663s][debug][gc,phases      ] GC(2)   ResolvedMethodTable Weak       Min:  0.0, Avg:  0.0, Max:  0.1, Diff:  0.1, Sum:  0.2, Workers: 4
[3.663s][debug][gc,phases      ] GC(2)     Dead                           Min: 0, Avg: 434.8, Max: 655, Diff: 655, Sum: 1739, Workers: 4
[3.663s][debug][gc,phases      ] GC(2)     Total                          Min: 0, Avg: 1194.8, Max: 1599, Diff: 1599, Sum: 4779, Workers: 4
[3.663s][debug][gc,phases      ] GC(2)   JNI Weak                       Min:  0.0, Avg:  0.0, Max:  0.0, Diff:  0.0, Sum:  0.0, Workers: 4
[3.663s][debug][gc,phases      ] GC(2)     Dead                           Min: 0, Avg:  0.0, Max: 0, Diff: 0, Sum: 0, Workers: 4
[3.663s][debug][gc,phases      ] GC(2)     Total                          Min: 0, Avg: 12.0, Max: 48, Diff: 48, Sum: 48, Workers: 4
[3.663s][debug][gc,phases      ] GC(2)   StringDedup Table Weak         Min:  0.0, Avg:  0.0, Max:  0.0, Diff:  0.0, Sum:  0.0, Workers: 4
[3.663s][debug][gc,phases      ] GC(2)     Dead                           Min: 0, Avg:  0.0, Max: 0, Diff: 0, Sum: 0, Workers: 4
[3.664s][debug][gc,phases      ] GC(2)     Total                          Min: 0, Avg:  0.0, Max: 0, Diff: 0, Sum: 0, Workers: 4
[3.664s][debug][gc,phases      ] GC(2)   StringDedup Requests0 Weak     Min:  0.0, Avg:  0.0, Max:  0.0, Diff:  0.0, Sum:  0.0, Workers: 4
[3.664s][debug][gc,phases      ] GC(2)     Dead                           Min: 0, Avg:  0.0, Max: 0, Diff: 0, Sum: 0, Workers: 4
[3.664s][debug][gc,phases      ] GC(2)     Total                          Min: 0, Avg:  0.0, Max: 0, Diff: 0, Sum: 0, Workers: 4
[3.664s][debug][gc,phases      ] GC(2)   StringDedup Requests1 Weak     Min:  0.0, Avg:  0.0, Max:  0.0, Diff:  0.0, Sum:  0.0, Workers: 4
[3.664s][debug][gc,phases      ] GC(2)     Dead                           Min: 0, Avg:  0.0, Max: 0, Diff: 0, Sum: 0, Workers: 4
[3.664s][debug][gc,phases      ] GC(2)     Total                          Min: 0, Avg:  0.0, Max: 0, Diff: 0, Sum: 0, Workers: 4
[3.664s][debug][gc,phases      ] GC(2)   Weak JFR Old Object Samples    Min:  0.0, Avg:  0.0, Max:  0.0, Diff:  0.0, Sum:  0.0, Workers: 4
[3.664s][debug][gc,phases      ] GC(2)     Dead                           Min: 0, Avg:  0.0, Max: 0, Diff: 0, Sum: 0, Workers: 4
[3.664s][debug][gc,phases      ] GC(2)     Total                          Min: 0, Avg:  0.0, Max: 0, Diff: 0, Sum: 0, Workers: 4
[3.664s][debug][gc,phases      ] GC(2) Weak Processing 0.468ms
[3.664s][debug][gc,age         ] GC(2) Desired survivor size 536870912 bytes, new threshold 7 (max threshold 15)
[3.664s][info ][gc,heap        ] GC(2) PSYoungGen: 577842K(1572864K)->55484K(1572864K) Eden: 545260K(1048576K)->0K(1048576K) From: 32582K(524288K)->55484K(524288K)
[3.664s][info ][gc,heap        ] GC(2) ParOldGen: 6086K(6144K)->6094K(6144K)
[3.664s][info ][gc,metaspace   ] GC(2) Metaspace: 35359K(35840K)->35359K(35840K) NonClass: 30847K(31104K)->30847K(31104K) Class: 4512K(4736K)->4512K(4736K)
[3.664s][info ][gc             ] GC(2) Pause Young (Metadata GC Threshold) 570M->60M(1542M) 38.426ms
[3.664s][info ][gc,cpu         ] GC(2) User=0.11s Sys=0.01s Real=0.03s
[3.664s][debug][gc,phases      ] GC(3) Pre Compact 0.008ms
[3.664s][info ][gc,start       ] GC(3) Pause Full (Metadata GC Threshold)
[3.664s][info ][gc,phases,start] GC(3) Marking Phase
[3.687s][debug][gc,phases      ] GC(3) Par Mark 23.615ms
[3.688s][debug][gc,ref         ] GC(3) ReferenceProcessor::execute queues: 4, RefProcThreadModel::Multi, marks_oops_alive: false
[3.688s][debug][gc,ref         ] GC(3) ReferenceProcessor::execute queues: 4, RefProcThreadModel::Multi, marks_oops_alive: true
[3.688s][debug][gc,ref         ] GC(3) ReferenceProcessor::execute queues: 1, RefProcThreadModel::Single, marks_oops_alive: false
[3.688s][debug][gc,phases      ] GC(3) Reference Processing 0.615ms
[3.688s][debug][gc,phases      ] GC(3)   VM Weak                        Min:  0.0, Avg:  0.0, Max:  0.0, Diff:  0.0, Sum:  0.0, Workers: 4
[3.688s][debug][gc,phases      ] GC(3)     Dead                           Min: 0, Avg:  0.0, Max: 0, Diff: 0, Sum: 0, Workers: 4
[3.688s][debug][gc,phases      ] GC(3)     Total                          Min: 0, Avg: 72.2, Max: 192, Diff: 192, Sum: 289, Workers: 4
[3.688s][debug][gc,phases      ] GC(3)   ObjectSynchronizer Weak        Min:  0.0, Avg:  0.0, Max:  0.0, Diff:  0.0, Sum:  0.0, Workers: 4
[3.688s][debug][gc,phases      ] GC(3)     Dead                           Min: 0, Avg:  0.0, Max: 0, Diff: 0, Sum: 0, Workers: 4
[3.688s][debug][gc,phases      ] GC(3)     Total                          Min: 0, Avg:  2.2, Max: 9, Diff: 9, Sum: 9, Workers: 4
[3.688s][debug][gc,phases      ] GC(3)   JVMTI Tag Weak OopStorage      Min:  0.0, Avg:  0.0, Max:  0.0, Diff:  0.0, Sum:  0.0, Workers: 4
[3.688s][debug][gc,phases      ] GC(3)     Dead                           Min: 0, Avg:  0.0, Max: 0, Diff: 0, Sum: 0, Workers: 4
[3.688s][debug][gc,phases      ] GC(3)     Total                          Min: 0, Avg:  0.0, Max: 0, Diff: 0, Sum: 0, Workers: 4
[3.688s][debug][gc,phases      ] GC(3)   StringTable Weak               Min:  0.0, Avg:  0.1, Max:  0.1, Diff:  0.1, Sum:  0.2, Workers: 4
[3.688s][debug][gc,phases      ] GC(3)     Dead                           Min: 0, Avg:  0.0, Max: 0, Diff: 0, Sum: 0, Workers: 4
[3.688s][debug][gc,phases      ] GC(3)     Total                          Min: 0, Avg: 3681.8, Max: 5312, Diff: 5312, Sum: 14727, Workers: 4
[3.688s][debug][gc,phases      ] GC(3)   ResolvedMethodTable Weak       Min:  0.0, Avg:  0.0, Max:  0.0, Diff:  0.0, Sum:  0.1, Workers: 4
[3.688s][debug][gc,phases      ] GC(3)     Dead                           Min: 0, Avg:  0.0, Max: 0, Diff: 0, Sum: 0, Workers: 4
[3.688s][debug][gc,phases      ] GC(3)     Total                          Min: 0, Avg: 1194.8, Max: 1727, Diff: 1727, Sum: 4779, Workers: 4
[3.688s][debug][gc,phases      ] GC(3)   JNI Weak                       Min:  0.0, Avg:  0.0, Max:  0.0, Diff:  0.0, Sum:  0.0, Workers: 4
[3.688s][debug][gc,phases      ] GC(3)     Dead                           Min: 0, Avg:  0.0, Max: 0, Diff: 0, Sum: 0, Workers: 4
[3.688s][debug][gc,phases      ] GC(3)     Total                          Min: 0, Avg: 12.0, Max: 48, Diff: 48, Sum: 48, Workers: 4
[3.688s][debug][gc,phases      ] GC(3)   StringDedup Table Weak         Min:  0.0, Avg:  0.0, Max:  0.0, Diff:  0.0, Sum:  0.0, Workers: 4
[3.688s][debug][gc,phases      ] GC(3)     Dead                           Min: 0, Avg:  0.0, Max: 0, Diff: 0, Sum: 0, Workers: 4
[3.688s][debug][gc,phases      ] GC(3)     Total                          Min: 0, Avg:  0.0, Max: 0, Diff: 0, Sum: 0, Workers: 4
[3.688s][debug][gc,phases      ] GC(3)   StringDedup Requests0 Weak     Min:  0.0, Avg:  0.0, Max:  0.0, Diff:  0.0, Sum:  0.0, Workers: 4
[3.688s][debug][gc,phases      ] GC(3)     Dead                           Min: 0, Avg:  0.0, Max: 0, Diff: 0, Sum: 0, Workers: 4
[3.688s][debug][gc,phases      ] GC(3)     Total                          Min: 0, Avg:  0.0, Max: 0, Diff: 0, Sum: 0, Workers: 4
[3.688s][debug][gc,phases      ] GC(3)   StringDedup Requests1 Weak     Min:  0.0, Avg:  0.0, Max:  0.0, Diff:  0.0, Sum:  0.0, Workers: 4
[3.688s][debug][gc,phases      ] GC(3)     Dead                           Min: 0, Avg:  0.0, Max: 0, Diff: 0, Sum: 0, Workers: 4
[3.688s][debug][gc,phases      ] GC(3)     Total                          Min: 0, Avg:  0.0, Max: 0, Diff: 0, Sum: 0, Workers: 4
[3.688s][debug][gc,phases      ] GC(3)   Weak JFR Old Object Samples    Min:  0.0, Avg:  0.0, Max:  0.0, Diff:  0.0, Sum:  0.0, Workers: 4
[3.688s][debug][gc,phases      ] GC(3)     Dead                           Min: 0, Avg:  0.0, Max: 0, Diff: 0, Sum: 0, Workers: 4
[3.688s][debug][gc,phases      ] GC(3)     Total                          Min: 0, Avg:  0.0, Max: 0, Diff: 0, Sum: 0, Workers: 4
[3.688s][debug][gc,phases      ] GC(3) Weak Processing 0.272ms
[3.688s][debug][gc,phases      ] GC(3) ClassLoaderData 0.042ms
[3.688s][debug][gc,phases      ] GC(3) Trigger cleanups 0.000ms
[3.697s][debug][gc,phases      ] GC(3) Purge Unlinked NMethods 0.653ms
[3.697s][debug][gc,phases      ] GC(3) Unregister NMethods 0.024ms
[3.697s][debug][gc,phases      ] GC(3) Free Code Blobs 0.109ms
[3.697s][debug][gc,phases      ] GC(3) Class Unloading 9.039ms
[3.697s][debug][gc,phases      ] GC(3) Report Object Count 0.001ms
[3.697s][info ][gc,phases      ] GC(3) Marking Phase 33.608ms
[3.697s][info ][gc,phases,start] GC(3) Summary Phase
[3.697s][info ][gc,phases      ] GC(3) Summary Phase 0.006ms
[3.697s][info ][gc,phases,start] GC(3) Adjust Roots
[3.702s][info ][gc,phases      ] GC(3) Adjust Roots 4.794ms
[3.702s][info ][gc,phases,start] GC(3) Compaction Phase
[3.912s][info ][gc,phases      ] GC(3) Compaction Phase 210.383ms
[3.912s][info ][gc,phases,start] GC(3) Post Compact
[3.914s][debug][gc,phases      ] GC(3) Purge Class Loader Data 1.297ms
[3.915s][info ][gc,phases      ] GC(3) Post Compact 2.161ms
[3.915s][info ][gc,heap        ] GC(3) PSYoungGen: 55484K(1572864K)->55282K(1572864K) Eden: 0K(1048576K)->0K(1048576K) From: 55484K(524288K)->55282K(524288K)
[3.915s][info ][gc,heap        ] GC(3) ParOldGen: 6094K(6144K)->6056K(6144K)
[3.915s][info ][gc,metaspace   ] GC(3) Metaspace: 35359K(35840K)->35359K(35840K) NonClass: 30847K(31104K)->30847K(31104K) Class: 4512K(4736K)->4512K(4736K)
[3.915s][info ][gc             ] GC(3) Pause Full (Metadata GC Threshold) 60M->59M(1542M) 251.071ms
[3.915s][info ][gc,cpu         ] GC(3) User=0.52s Sys=0.01s Real=0.26s
[3.915s][info ][safepoint      ] Safepoint "CollectForMetadataAllocation", Time since last: 186206771 ns, Reaching safepoint: 77203 ns, Cleanup: 65904 ns, At safepoint: 289614263 ns, Total: 289757370 ns
[4.081s][info ][safepoint      ] Safepoint "ICBufferFull", Time since last: 165902770 ns, Reaching safepoint: 4801 ns, Cleanup: 146307 ns, At safepoint: 2000 ns, Total: 153108 ns
[4.339s][info ][safepoint      ] Safepoint "ICBufferFull", Time since last: 258492931 ns, Reaching safepoint: 4800 ns, Cleanup: 137307 ns, At safepoint: 8800 ns, Total: 150907 ns
[4.754s][info ][safepoint      ] Safepoint "ICBufferFull", Time since last: 414755826 ns, Reaching safepoint: 4301 ns, Cleanup: 136806 ns, At safepoint: 7501 ns, Total: 148608 ns
[4.981s][info ][safepoint      ] Safepoint "ICBufferFull", Time since last: 226969878 ns, Reaching safepoint: 4500 ns, Cleanup: 124206 ns, At safepoint: 16201 ns, Total: 144907 ns
[5.098s][info ][safepoint      ] Safepoint "ICBufferFull", Time since last: 116463036 ns, Reaching safepoint: 5600 ns, Cleanup: 124506 ns, At safepoint: 12201 ns, Total: 142307 ns
[5.417s][info ][safepoint      ] Safepoint "ICBufferFull", Time since last: 318432039 ns, Reaching safepoint: 79104 ns, Cleanup: 134507 ns, At safepoint: 4800 ns, Total: 218411 ns
[5.641s][info ][safepoint      ] Safepoint "ICBufferFull", Time since last: 224029127 ns, Reaching safepoint: 4100 ns, Cleanup: 115306 ns, At safepoint: 5000 ns, Total: 124406 ns
[6.209s][info ][safepoint      ] Safepoint "ICBufferFull", Time since last: 567756116 ns, Reaching safepoint: 3300 ns, Cleanup: 143307 ns, At safepoint: 2300 ns, Total: 148907 ns
[6.276s][info ][gc,start       ] GC(4) Pause Young (Metadata GC Threshold)
[6.322s][debug][gc,phases      ] GC(4) Scavenge 46.137ms
[6.323s][debug][gc,ref         ] GC(4) ReferenceProcessor::execute queues: 4, RefProcThreadModel::Multi, marks_oops_alive: false
[6.323s][debug][gc,ref         ] GC(4) Skipped KeepAliveFinalRefsPhase of Reference Processing: no references
[6.323s][debug][gc,ref         ] GC(4) ReferenceProcessor::execute queues: 4, RefProcThreadModel::Multi, marks_oops_alive: false
[6.324s][debug][gc,phases      ] GC(4) Reference Processing 1.360ms
[6.324s][debug][gc,phases      ] GC(4)   VM Weak                        Min:  0.0, Avg:  0.0, Max:  0.0, Diff:  0.0, Sum:  0.0, Workers: 4
[6.324s][debug][gc,phases      ] GC(4)     Dead                           Min: 0, Avg:  0.0, Max: 0, Diff: 0, Sum: 0, Workers: 4
[6.324s][debug][gc,phases      ] GC(4)     Total                          Min: 0, Avg: 115.0, Max: 268, Diff: 268, Sum: 460, Workers: 4
[6.324s][debug][gc,phases      ] GC(4)   ObjectSynchronizer Weak        Min:  0.0, Avg:  0.0, Max:  0.0, Diff:  0.0, Sum:  0.0, Workers: 4
[6.324s][debug][gc,phases      ] GC(4)     Dead                           Min: 0, Avg:  0.0, Max: 0, Diff: 0, Sum: 0, Workers: 4
[6.324s][debug][gc,phases      ] GC(4)     Total                          Min: 0, Avg:  2.2, Max: 9, Diff: 9, Sum: 9, Workers: 4
[6.324s][debug][gc,phases      ] GC(4)   JVMTI Tag Weak OopStorage      Min:  0.0, Avg:  0.0, Max:  0.0, Diff:  0.0, Sum:  0.0, Workers: 4
[6.324s][debug][gc,phases      ] GC(4)     Dead                           Min: 0, Avg:  0.0, Max: 0, Diff: 0, Sum: 0, Workers: 4
[6.324s][debug][gc,phases      ] GC(4)     Total                          Min: 0, Avg:  0.0, Max: 0, Diff: 0, Sum: 0, Workers: 4
[6.324s][debug][gc,phases      ] GC(4)   StringTable Weak               Min:  0.0, Avg:  0.3, Max:  0.3, Diff:  0.3, Sum:  1.0, Workers: 4
[6.324s][debug][gc,phases      ] GC(4)     Dead                           Min: 0, Avg:  3.8, Max: 10, Diff: 10, Sum: 15, Workers: 4
[6.324s][debug][gc,phases      ] GC(4)     Total                          Min: 0, Avg: 6964.2, Max: 11520, Diff: 11520, Sum: 27857, Workers: 4
[6.324s][debug][gc,phases      ] GC(4)   ResolvedMethodTable Weak       Min:  0.0, Avg:  0.1, Max:  0.1, Diff:  0.1, Sum:  0.4, Workers: 4
[6.324s][debug][gc,phases      ] GC(4)     Dead                           Min: 0, Avg: 977.5, Max: 1503, Diff: 1503, Sum: 3910, Workers: 4
[6.324s][debug][gc,phases      ] GC(4)     Total                          Min: 0, Avg: 2849.8, Max: 4800, Diff: 4800, Sum: 11399, Workers: 4
[6.324s][debug][gc,phases      ] GC(4)   JNI Weak                       Min:  0.0, Avg:  0.0, Max:  0.0, Diff:  0.0, Sum:  0.0, Workers: 4
[6.324s][debug][gc,phases      ] GC(4)     Dead                           Min: 0, Avg:  0.0, Max: 0, Diff: 0, Sum: 0, Workers: 4
[6.324s][debug][gc,phases      ] GC(4)     Total                          Min: 0, Avg: 12.0, Max: 48, Diff: 48, Sum: 48, Workers: 4
[6.324s][debug][gc,phases      ] GC(4)   StringDedup Table Weak         Min:  0.0, Avg:  0.0, Max:  0.0, Diff:  0.0, Sum:  0.0, Workers: 4
[6.324s][debug][gc,phases      ] GC(4)     Dead                           Min: 0, Avg:  0.0, Max: 0, Diff: 0, Sum: 0, Workers: 4
[6.324s][debug][gc,phases      ] GC(4)     Total                          Min: 0, Avg:  0.0, Max: 0, Diff: 0, Sum: 0, Workers: 4
[6.324s][debug][gc,phases      ] GC(4)   StringDedup Requests0 Weak     Min:  0.0, Avg:  0.0, Max:  0.0, Diff:  0.0, Sum:  0.0, Workers: 4
[6.324s][debug][gc,phases      ] GC(4)     Dead                           Min: 0, Avg:  0.0, Max: 0, Diff: 0, Sum: 0, Workers: 4
[6.324s][debug][gc,phases      ] GC(4)     Total                          Min: 0, Avg:  0.0, Max: 0, Diff: 0, Sum: 0, Workers: 4
[6.324s][debug][gc,phases      ] GC(4)   StringDedup Requests1 Weak     Min:  0.0, Avg:  0.0, Max:  0.0, Diff:  0.0, Sum:  0.0, Workers: 4
[6.324s][debug][gc,phases      ] GC(4)     Dead                           Min: 0, Avg:  0.0, Max: 0, Diff: 0, Sum: 0, Workers: 4
[6.324s][debug][gc,phases      ] GC(4)     Total                          Min: 0, Avg:  0.0, Max: 0, Diff: 0, Sum: 0, Workers: 4
[6.324s][debug][gc,phases      ] GC(4)   Weak JFR Old Object Samples    Min:  0.0, Avg:  0.0, Max:  0.0, Diff:  0.0, Sum:  0.0, Workers: 4
[6.324s][debug][gc,phases      ] GC(4)     Dead                           Min: 0, Avg:  0.0, Max: 0, Diff: 0, Sum: 0, Workers: 4
[6.324s][debug][gc,phases      ] GC(4)     Total                          Min: 0, Avg:  0.0, Max: 0, Diff: 0, Sum: 0, Workers: 4
[6.324s][debug][gc,phases      ] GC(4) Weak Processing 0.694ms
[6.324s][debug][gc,age         ] GC(4) Desired survivor size 536870912 bytes, new threshold 7 (max threshold 15)
[6.324s][info ][gc,heap        ] GC(4) PSYoungGen: 452137K(1572864K)->77613K(1572864K) Eden: 396854K(1048576K)->0K(1048576K) From: 55282K(524288K)->77613K(524288K)
[6.324s][info ][gc,heap        ] GC(4) ParOldGen: 6056K(6144K)->6088K(6144K)
[6.324s][info ][gc,metaspace   ] GC(4) Metaspace: 59131K(59776K)->59131K(59776K) NonClass: 49670K(50048K)->49670K(50048K) Class: 9460K(9728K)->9460K(9728K)
[6.324s][info ][gc             ] GC(4) Pause Young (Metadata GC Threshold) 447M->81M(1542M) 48.334ms
[6.324s][info ][gc,cpu         ] GC(4) User=0.14s Sys=0.02s Real=0.04s
[6.324s][debug][gc,phases      ] GC(5) Pre Compact 0.009ms
[6.324s][info ][gc,start       ] GC(5) Pause Full (Metadata GC Threshold)
[6.324s][info ][gc,phases,start] GC(5) Marking Phase
[6.365s][debug][gc,phases      ] GC(5) Par Mark 40.094ms
[6.365s][debug][gc,ref         ] GC(5) ReferenceProcessor::execute queues: 4, RefProcThreadModel::Multi, marks_oops_alive: false
[6.365s][debug][gc,ref         ] GC(5) ReferenceProcessor::execute queues: 4, RefProcThreadModel::Multi, marks_oops_alive: true
[6.365s][debug][gc,ref         ] GC(5) ReferenceProcessor::execute queues: 1, RefProcThreadModel::Single, marks_oops_alive: false
[6.365s][debug][gc,phases      ] GC(5) Reference Processing 0.537ms
[6.365s][debug][gc,phases      ] GC(5)   VM Weak                        Min:  0.0, Avg:  0.0, Max:  0.0, Diff:  0.0, Sum:  0.0, Workers: 4
[6.365s][debug][gc,phases      ] GC(5)     Dead                           Min: 0, Avg:  0.0, Max: 0, Diff: 0, Sum: 0, Workers: 4
[6.365s][debug][gc,phases      ] GC(5)     Total                          Min: 0, Avg: 115.0, Max: 332, Diff: 332, Sum: 460, Workers: 4
[6.365s][debug][gc,phases      ] GC(5)   ObjectSynchronizer Weak        Min:  0.0, Avg:  0.0, Max:  0.0, Diff:  0.0, Sum:  0.0, Workers: 4
[6.365s][debug][gc,phases      ] GC(5)     Dead                           Min: 0, Avg:  0.0, Max: 0, Diff: 0, Sum: 0, Workers: 4
[6.365s][debug][gc,phases      ] GC(5)     Total                          Min: 0, Avg:  2.2, Max: 9, Diff: 9, Sum: 9, Workers: 4
[6.365s][debug][gc,phases      ] GC(5)   JVMTI Tag Weak OopStorage      Min:  0.0, Avg:  0.0, Max:  0.0, Diff:  0.0, Sum:  0.0, Workers: 4
[6.365s][debug][gc,phases      ] GC(5)     Dead                           Min: 0, Avg:  0.0, Max: 0, Diff: 0, Sum: 0, Workers: 4
[6.365s][debug][gc,phases      ] GC(5)     Total                          Min: 0, Avg:  0.0, Max: 0, Diff: 0, Sum: 0, Workers: 4
[6.365s][debug][gc,phases      ] GC(5)   StringTable Weak               Min:  0.1, Avg:  0.1, Max:  0.1, Diff:  0.0, Sum:  0.4, Workers: 4
[6.365s][debug][gc,phases      ] GC(5)     Dead                           Min: 0, Avg:  0.0, Max: 0, Diff: 0, Sum: 0, Workers: 4
[6.365s][debug][gc,phases      ] GC(5)     Total                          Min: 6784, Avg: 6964.2, Max: 7168, Diff: 384, Sum: 27857, Workers: 4
[6.365s][debug][gc,phases      ] GC(5)   ResolvedMethodTable Weak       Min:  0.0, Avg:  0.0, Max:  0.0, Diff:  0.0, Sum:  0.1, Workers: 4
[6.365s][debug][gc,phases      ] GC(5)     Dead                           Min: 0, Avg:  0.0, Max: 0, Diff: 0, Sum: 0, Workers: 4
[6.365s][debug][gc,phases      ] GC(5)     Total                          Min: 2759, Avg: 2849.8, Max: 3008, Diff: 249, Sum: 11399, Workers: 4
[6.365s][debug][gc,phases      ] GC(5)   JNI Weak                       Min:  0.0, Avg:  0.0, Max:  0.0, Diff:  0.0, Sum:  0.0, Workers: 4
[6.365s][debug][gc,phases      ] GC(5)     Dead                           Min: 0, Avg:  0.0, Max: 0, Diff: 0, Sum: 0, Workers: 4
[6.365s][debug][gc,phases      ] GC(5)     Total                          Min: 0, Avg: 12.0, Max: 48, Diff: 48, Sum: 48, Workers: 4
[6.365s][debug][gc,phases      ] GC(5)   StringDedup Table Weak         Min:  0.0, Avg:  0.0, Max:  0.0, Diff:  0.0, Sum:  0.0, Workers: 4
[6.365s][debug][gc,phases      ] GC(5)     Dead                           Min: 0, Avg:  0.0, Max: 0, Diff: 0, Sum: 0, Workers: 4
[6.365s][debug][gc,phases      ] GC(5)     Total                          Min: 0, Avg:  0.0, Max: 0, Diff: 0, Sum: 0, Workers: 4
[6.365s][debug][gc,phases      ] GC(5)   StringDedup Requests0 Weak     Min:  0.0, Avg:  0.0, Max:  0.0, Diff:  0.0, Sum:  0.0, Workers: 4
[6.365s][debug][gc,phases      ] GC(5)     Dead                           Min: 0, Avg:  0.0, Max: 0, Diff: 0, Sum: 0, Workers: 4
[6.365s][debug][gc,phases      ] GC(5)     Total                          Min: 0, Avg:  0.0, Max: 0, Diff: 0, Sum: 0, Workers: 4
[6.365s][debug][gc,phases      ] GC(5)   StringDedup Requests1 Weak     Min:  0.0, Avg:  0.0, Max:  0.0, Diff:  0.0, Sum:  0.0, Workers: 4
[6.365s][debug][gc,phases      ] GC(5)     Dead                           Min: 0, Avg:  0.0, Max: 0, Diff: 0, Sum: 0, Workers: 4
[6.366s][debug][gc,phases      ] GC(5)     Total                          Min: 0, Avg:  0.0, Max: 0, Diff: 0, Sum: 0, Workers: 4
[6.366s][debug][gc,phases      ] GC(5)   Weak JFR Old Object Samples    Min:  0.0, Avg:  0.0, Max:  0.0, Diff:  0.0, Sum:  0.0, Workers: 4
[6.366s][debug][gc,phases      ] GC(5)     Dead                           Min: 0, Avg:  0.0, Max: 0, Diff: 0, Sum: 0, Workers: 4
[6.366s][debug][gc,phases      ] GC(5)     Total                          Min: 0, Avg:  0.0, Max: 0, Diff: 0, Sum: 0, Workers: 4
[6.366s][debug][gc,phases      ] GC(5) Weak Processing 0.346ms
[6.366s][debug][gc,phases      ] GC(5) ClassLoaderData 0.064ms
[6.366s][debug][gc,phases      ] GC(5) Trigger cleanups 0.000ms
[6.375s][debug][gc,phases      ] GC(5) Purge Unlinked NMethods 0.229ms
[6.375s][debug][gc,phases      ] GC(5) Unregister NMethods 0.017ms
[6.375s][debug][gc,phases      ] GC(5) Free Code Blobs 0.050ms
[6.375s][debug][gc,phases      ] GC(5) Class Unloading 9.240ms
[6.375s][debug][gc,phases      ] GC(5) Report Object Count 0.001ms
[6.375s][info ][gc,phases      ] GC(5) Marking Phase 50.298ms
[6.375s][info ][gc,phases,start] GC(5) Summary Phase
[6.375s][info ][gc,phases      ] GC(5) Summary Phase 0.006ms
[6.375s][info ][gc,phases,start] GC(5) Adjust Roots
[6.384s][info ][gc,phases      ] GC(5) Adjust Roots 9.351ms
[6.384s][info ][gc,phases,start] GC(5) Compaction Phase
[6.690s][info ][gc,phases      ] GC(5) Compaction Phase 306.065ms
[6.690s][info ][gc,phases,start] GC(5) Post Compact
[6.691s][debug][gc,phases      ] GC(5) Purge Class Loader Data 0.329ms
[6.692s][info ][gc,phases      ] GC(5) Post Compact 1.488ms
[6.692s][info ][gc,heap        ] GC(5) PSYoungGen: 77613K(1572864K)->77413K(1572864K) Eden: 0K(1048576K)->0K(1048576K) From: 77613K(524288K)->77413K(524288K)
[6.692s][info ][gc,heap        ] GC(5) ParOldGen: 6088K(6144K)->6027K(6144K)
[6.692s][info ][gc,metaspace   ] GC(5) Metaspace: 59131K(59776K)->59131K(59776K) NonClass: 49670K(50048K)->49670K(50048K) Class: 9460K(9728K)->9460K(9728K)
[6.692s][info ][gc             ] GC(5) Pause Full (Metadata GC Threshold) 81M->81M(1542M) 367.354ms
[6.692s][info ][gc,cpu         ] GC(5) User=0.77s Sys=0.01s Real=0.37s
[6.692s][info ][safepoint      ] Safepoint "CollectForMetadataAllocation", Time since last: 67269967 ns, Reaching safepoint: 2900 ns, Cleanup: 17101 ns, At safepoint: 415808511 ns, Total: 415828512 ns
[7.216s][info ][safepoint      ] Safepoint "ICBufferFull", Time since last: 524166535 ns, Reaching safepoint: 80504 ns, Cleanup: 153607 ns, At safepoint: 6001 ns, Total: 240112 ns
[7.423s][info ][safepoint      ] Safepoint "ICBufferFull", Time since last: 205981709 ns, Reaching safepoint: 117206 ns, Cleanup: 122606 ns, At safepoint: 7100 ns, Total: 246912 ns
[7.494s][info ][safepoint      ] Safepoint "ICBufferFull", Time since last: 71259867 ns, Reaching safepoint: 4900 ns, Cleanup: 105105 ns, At safepoint: 7701 ns, Total: 117706 ns
[7.622s][info ][safepoint      ] Safepoint "ICBufferFull", Time since last: 127835998 ns, Reaching safepoint: 4100 ns, Cleanup: 120106 ns, At safepoint: 7100 ns, Total: 131306 ns
[7.812s][info ][safepoint      ] Safepoint "ICBufferFull", Time since last: 190397130 ns, Reaching safepoint: 4700 ns, Cleanup: 119006 ns, At safepoint: 6000 ns, Total: 129706 ns
[8.065s][info ][safepoint      ] Safepoint "ICBufferFull", Time since last: 252556941 ns, Reaching safepoint: 4900 ns, Cleanup: 91004 ns, At safepoint: 2400 ns, Total: 98304 ns
[8.177s][info ][safepoint      ] Safepoint "ICBufferFull", Time since last: 111792396 ns, Reaching safepoint: 6600 ns, Cleanup: 121006 ns, At safepoint: 11501 ns, Total: 139107 ns
[8.499s][info ][safepoint      ] Safepoint "ICBufferFull", Time since last: 321473889 ns, Reaching safepoint: 83604 ns, Cleanup: 141107 ns, At safepoint: 10101 ns, Total: 234812 ns
[8.627s][info ][safepoint      ] Safepoint "ICBufferFull", Time since last: 127602286 ns, Reaching safepoint: 5801 ns, Cleanup: 251712 ns, At safepoint: 9101 ns, Total: 266614 ns
[8.628s][info ][safepoint      ] Safepoint "ICBufferFull", Time since last: 1294365 ns, Reaching safepoint: 82904 ns, Cleanup: 8000 ns, At safepoint: 10901 ns, Total: 101805 ns
[8.816s][info ][safepoint      ] Safepoint "ICBufferFull", Time since last: 187831401 ns, Reaching safepoint: 4200 ns, Cleanup: 124306 ns, At safepoint: 5300 ns, Total: 133806 ns
[9.323s][info ][safepoint      ] Safepoint "ICBufferFull", Time since last: 507403696 ns, Reaching safepoint: 4200 ns, Cleanup: 139507 ns, At safepoint: 2000 ns, Total: 145707 ns
[9.508s][info ][safepoint      ] Safepoint "ICBufferFull", Time since last: 183876303 ns, Reaching safepoint: 81604 ns, Cleanup: 117106 ns, At safepoint: 5600 ns, Total: 204310 ns
[9.748s][info ][safepoint      ] Safepoint "ICBufferFull", Time since last: 240044714 ns, Reaching safepoint: 80904 ns, Cleanup: 140007 ns, At safepoint: 9701 ns, Total: 230612 ns
[9.885s][info ][safepoint      ] Safepoint "ICBufferFull", Time since last: 136700241 ns, Reaching safepoint: 98905 ns, Cleanup: 115906 ns, At safepoint: 19801 ns, Total: 234612 ns
[10.429s][info ][safepoint      ] Safepoint "ICBufferFull", Time since last: 543578006 ns, Reaching safepoint: 102705 ns, Cleanup: 160908 ns, At safepoint: 12801 ns, Total: 276414 ns
[11.430s][info ][safepoint      ] Safepoint "Cleanup", Time since last: 1000904995 ns, Reaching safepoint: 85804 ns, Cleanup: 77604 ns, At safepoint: 14201 ns, Total: 177609 ns
[12.430s][info ][safepoint      ] Safepoint "Cleanup", Time since last: 1000122255 ns, Reaching safepoint: 364419 ns, Cleanup: 12800 ns, At safepoint: 15201 ns, Total: 392420 ns
[12.784s][info ][safepoint      ] Safepoint "ICBufferFull", Time since last: 353731104 ns, Reaching safepoint: 97605 ns, Cleanup: 149908 ns, At safepoint: 13300 ns, Total: 260813 ns
[13.007s][info ][safepoint      ] Safepoint "ICBufferFull", Time since last: 222365429 ns, Reaching safepoint: 6201 ns, Cleanup: 212710 ns, At safepoint: 7501 ns, Total: 226412 ns
[13.223s][info ][safepoint      ] Safepoint "ICBufferFull", Time since last: 215692495 ns, Reaching safepoint: 23301 ns, Cleanup: 140707 ns, At safepoint: 7301 ns, Total: 171309 ns
[13.385s][info ][safepoint      ] Safepoint "ICBufferFull", Time since last: 161691392 ns, Reaching safepoint: 87705 ns, Cleanup: 147607 ns, At safepoint: 11101 ns, Total: 246413 ns
[13.398s][info ][safepoint      ] Safepoint "ICBufferFull", Time since last: 6933347 ns, Reaching safepoint: 167808 ns, Cleanup: 35702 ns, At safepoint: 6779439 ns, Total: 6982949 ns
[13.405s][info ][safepoint      ] Safepoint "ICBufferFull", Time since last: 93605 ns, Reaching safepoint: 164808 ns, Cleanup: 8700 ns, At safepoint: 6733538 ns, Total: 6907046 ns
[13.555s][info ][safepoint      ] Safepoint "ICBufferFull", Time since last: 149346192 ns, Reaching safepoint: 8100 ns, Cleanup: 130707 ns, At safepoint: 5500 ns, Total: 144307 ns
[13.790s][info ][safepoint      ] Safepoint "ICBufferFull", Time since last: 235332624 ns, Reaching safepoint: 7800 ns, Cleanup: 137907 ns, At safepoint: 8200 ns, Total: 153907 ns
[14.089s][info ][safepoint      ] Safepoint "ICBufferFull", Time since last: 298620257 ns, Reaching safepoint: 8600 ns, Cleanup: 125707 ns, At safepoint: 8900 ns, Total: 143207 ns
[14.610s][info ][safepoint      ] Safepoint "ICBufferFull", Time since last: 520749606 ns, Reaching safepoint: 6000 ns, Cleanup: 118706 ns, At safepoint: 2700 ns, Total: 127406 ns
[14.993s][info ][safepoint      ] Safepoint "ICBufferFull", Time since last: 383113874 ns, Reaching safepoint: 7500 ns, Cleanup: 125007 ns, At safepoint: 8700 ns, Total: 141207 ns
[15.492s][info ][safepoint      ] Safepoint "ICBufferFull", Time since last: 498817385 ns, Reaching safepoint: 5600 ns, Cleanup: 140107 ns, At safepoint: 5501 ns, Total: 151208 ns
[16.088s][info ][safepoint      ] Safepoint "ICBufferFull", Time since last: 595995549 ns, Reaching safepoint: 6901 ns, Cleanup: 120306 ns, At safepoint: 2200 ns, Total: 129407 ns
[17.089s][info ][safepoint      ] Safepoint "Cleanup", Time since last: 1000128297 ns, Reaching safepoint: 80104 ns, Cleanup: 101905 ns, At safepoint: 10601 ns, Total: 192610 ns
[18.092s][info ][safepoint      ] Safepoint "Cleanup", Time since last: 1002576422 ns, Reaching safepoint: 90405 ns, Cleanup: 149207 ns, At safepoint: 9001 ns, Total: 248613 ns
[19.199s][info ][safepoint      ] Safepoint "Cleanup", Time since last: 1107726994 ns, Reaching safepoint: 8000 ns, Cleanup: 128507 ns, At safepoint: 15701 ns, Total: 152208 ns
[19.429s][info ][gc,start       ] GC(6) Pause Young (Metadata GC Threshold)
[19.523s][debug][gc,phases      ] GC(6) Scavenge 93.786ms
[19.523s][debug][gc,ref         ] GC(6) ReferenceProcessor::execute queues: 4, RefProcThreadModel::Multi, marks_oops_alive: false
[19.524s][debug][gc,ref         ] GC(6) Skipped KeepAliveFinalRefsPhase of Reference Processing: no references
[19.524s][debug][gc,ref         ] GC(6) ReferenceProcessor::execute queues: 4, RefProcThreadModel::Multi, marks_oops_alive: false
[19.525s][debug][gc,phases      ] GC(6) Reference Processing 1.660ms
[19.525s][debug][gc,phases      ] GC(6)   VM Weak                        Min:  0.0, Avg:  0.0, Max:  0.0, Diff:  0.0, Sum:  0.0, Workers: 4
[19.525s][debug][gc,phases      ] GC(6)     Dead                           Min: 0, Avg:  0.0, Max: 0, Diff: 0, Sum: 0, Workers: 4
[19.525s][debug][gc,phases      ] GC(6)     Total                          Min: 117, Avg: 221.2, Max: 384, Diff: 267, Sum: 885, Workers: 4
[19.525s][debug][gc,phases      ] GC(6)   ObjectSynchronizer Weak        Min:  0.0, Avg:  0.0, Max:  0.0, Diff:  0.0, Sum:  0.0, Workers: 4
[19.525s][debug][gc,phases      ] GC(6)     Dead                           Min: 0, Avg:  4.2, Max: 17, Diff: 17, Sum: 17, Workers: 4
[19.525s][debug][gc,phases      ] GC(6)     Total                          Min: 0, Avg: 12.2, Max: 49, Diff: 49, Sum: 49, Workers: 4
[19.525s][debug][gc,phases      ] GC(6)   JVMTI Tag Weak OopStorage      Min:  0.0, Avg:  0.0, Max:  0.0, Diff:  0.0, Sum:  0.0, Workers: 4
[19.525s][debug][gc,phases      ] GC(6)     Dead                           Min: 0, Avg:  0.0, Max: 0, Diff: 0, Sum: 0, Workers: 4
[19.525s][debug][gc,phases      ] GC(6)     Total                          Min: 0, Avg:  0.0, Max: 0, Diff: 0, Sum: 0, Workers: 4
[19.525s][debug][gc,phases      ] GC(6)   StringTable Weak               Min:  0.5, Avg:  0.5, Max:  0.5, Diff:  0.0, Sum:  2.1, Workers: 4
[19.525s][debug][gc,phases      ] GC(6)     Dead                           Min: 6, Avg:  9.0, Max: 12, Diff: 6, Sum: 36, Workers: 4
[19.525s][debug][gc,phases      ] GC(6)     Total                          Min: 10976, Avg: 11224.0, Max: 11584, Diff: 608, Sum: 44896, Workers: 4
[19.525s][debug][gc,phases      ] GC(6)   ResolvedMethodTable Weak       Min:  0.2, Avg:  0.2, Max:  0.2, Diff:  0.0, Sum:  0.9, Workers: 4
[19.526s][debug][gc,phases      ] GC(6)     Dead                           Min: 854, Avg: 1025.0, Max: 1193, Diff: 339, Sum: 4100, Workers: 4
[19.526s][debug][gc,phases      ] GC(6)     Total                          Min: 4352, Avg: 4467.5, Max: 4608, Diff: 256, Sum: 17870, Workers: 4
[19.526s][debug][gc,phases      ] GC(6)   JNI Weak                       Min:  0.0, Avg:  0.0, Max:  0.0, Diff:  0.0, Sum:  0.0, Workers: 4
[19.526s][debug][gc,phases      ] GC(6)     Dead                           Min: 0, Avg:  0.0, Max: 0, Diff: 0, Sum: 0, Workers: 4
[19.526s][debug][gc,phases      ] GC(6)     Total                          Min: 0, Avg: 13.0, Max: 52, Diff: 52, Sum: 52, Workers: 4
[19.526s][debug][gc,phases      ] GC(6)   StringDedup Table Weak         Min:  0.0, Avg:  0.0, Max:  0.0, Diff:  0.0, Sum:  0.0, Workers: 4
[19.526s][debug][gc,phases      ] GC(6)     Dead                           Min: 0, Avg:  0.0, Max: 0, Diff: 0, Sum: 0, Workers: 4
[19.526s][debug][gc,phases      ] GC(6)     Total                          Min: 0, Avg:  0.0, Max: 0, Diff: 0, Sum: 0, Workers: 4
[19.526s][debug][gc,phases      ] GC(6)   StringDedup Requests0 Weak     Min:  0.0, Avg:  0.0, Max:  0.0, Diff:  0.0, Sum:  0.0, Workers: 4
[19.526s][debug][gc,phases      ] GC(6)     Dead                           Min: 0, Avg:  0.0, Max: 0, Diff: 0, Sum: 0, Workers: 4
[19.526s][debug][gc,phases      ] GC(6)     Total                          Min: 0, Avg:  0.0, Max: 0, Diff: 0, Sum: 0, Workers: 4
[19.526s][debug][gc,phases      ] GC(6)   StringDedup Requests1 Weak     Min:  0.0, Avg:  0.0, Max:  0.0, Diff:  0.0, Sum:  0.0, Workers: 4
[19.526s][debug][gc,phases      ] GC(6)     Dead                           Min: 0, Avg:  0.0, Max: 0, Diff: 0, Sum: 0, Workers: 4
[19.526s][debug][gc,phases      ] GC(6)     Total                          Min: 0, Avg:  0.0, Max: 0, Diff: 0, Sum: 0, Workers: 4
[19.526s][debug][gc,phases      ] GC(6)   Weak JFR Old Object Samples    Min:  0.0, Avg:  0.0, Max:  0.0, Diff:  0.0, Sum:  0.0, Workers: 4
[19.526s][debug][gc,phases      ] GC(6)     Dead                           Min: 0, Avg:  0.0, Max: 0, Diff: 0, Sum: 0, Workers: 4
[19.526s][debug][gc,phases      ] GC(6)     Total                          Min: 0, Avg:  0.0, Max: 0, Diff: 0, Sum: 0, Workers: 4
[19.526s][debug][gc,phases      ] GC(6) Weak Processing 0.985ms
[19.526s][debug][gc,age         ] GC(6) Desired survivor size 536870912 bytes, new threshold 7 (max threshold 15)
[19.526s][info ][gc,heap        ] GC(6) PSYoungGen: 998342K(1572864K)->137879K(1572864K) Eden: 920929K(1048576K)->0K(1048576K) From: 77413K(524288K)->137879K(524288K)
[19.526s][info ][gc,heap        ] GC(6) ParOldGen: 6027K(6144K)->6371K(6656K)
[19.526s][info ][gc,metaspace   ] GC(6) Metaspace: 98486K(99648K)->98486K(99648K) NonClass: 83028K(83712K)->83028K(83712K) Class: 15457K(15936K)->15457K(15936K)
[19.526s][info ][gc             ] GC(6) Pause Young (Metadata GC Threshold) 980M->140M(1542M) 96.579ms
[19.526s][info ][gc,cpu         ] GC(6) User=0.29s Sys=0.03s Real=0.10s
[19.526s][debug][gc,phases      ] GC(7) Pre Compact 0.010ms
[19.526s][info ][gc,start       ] GC(7) Pause Full (Metadata GC Threshold)
[19.526s][info ][gc,phases,start] GC(7) Marking Phase
[19.600s][debug][gc,phases      ] GC(7) Par Mark 74.204ms
[19.600s][debug][gc,ref         ] GC(7) ReferenceProcessor::execute queues: 4, RefProcThreadModel::Multi, marks_oops_alive: false
[19.601s][debug][gc,ref         ] GC(7) Skipped KeepAliveFinalRefsPhase of Reference Processing: no references
[19.601s][debug][gc,ref         ] GC(7) ReferenceProcessor::execute queues: 1, RefProcThreadModel::Single, marks_oops_alive: false
[19.601s][debug][gc,phases      ] GC(7) Reference Processing 0.824ms
[19.601s][debug][gc,phases      ] GC(7)   VM Weak                        Min:  0.0, Avg:  0.0, Max:  0.0, Diff:  0.0, Sum:  0.0, Workers: 4
[19.601s][debug][gc,phases      ] GC(7)     Dead                           Min: 0, Avg:  1.5, Max: 6, Diff: 6, Sum: 6, Workers: 4
[19.601s][debug][gc,phases      ] GC(7)     Total                          Min: 0, Avg: 221.2, Max: 437, Diff: 437, Sum: 885, Workers: 4
[19.601s][debug][gc,phases      ] GC(7)   ObjectSynchronizer Weak        Min:  0.0, Avg:  0.0, Max:  0.0, Diff:  0.0, Sum:  0.0, Workers: 4
[19.601s][debug][gc,phases      ] GC(7)     Dead                           Min: 0, Avg:  0.0, Max: 0, Diff: 0, Sum: 0, Workers: 4
[19.601s][debug][gc,phases      ] GC(7)     Total                          Min: 0, Avg: 12.2, Max: 49, Diff: 49, Sum: 49, Workers: 4
[19.601s][debug][gc,phases      ] GC(7)   JVMTI Tag Weak OopStorage      Min:  0.0, Avg:  0.0, Max:  0.0, Diff:  0.0, Sum:  0.0, Workers: 4
[19.601s][debug][gc,phases      ] GC(7)     Dead                           Min: 0, Avg:  0.0, Max: 0, Diff: 0, Sum: 0, Workers: 4
[19.601s][debug][gc,phases      ] GC(7)     Total                          Min: 0, Avg:  0.0, Max: 0, Diff: 0, Sum: 0, Workers: 4
[19.601s][debug][gc,phases      ] GC(7)   StringTable Weak               Min:  0.0, Avg:  0.2, Max:  0.2, Diff:  0.2, Sum:  0.7, Workers: 4
[19.601s][debug][gc,phases      ] GC(7)     Dead                           Min: 0, Avg:  0.0, Max: 0, Diff: 0, Sum: 0, Workers: 4
[19.601s][debug][gc,phases      ] GC(7)     Total                          Min: 0, Avg: 11224.0, Max: 15136, Diff: 15136, Sum: 44896, Workers: 4
[19.601s][debug][gc,phases      ] GC(7)   ResolvedMethodTable Weak       Min:  0.0, Avg:  0.1, Max:  0.1, Diff:  0.1, Sum:  0.3, Workers: 4
[19.601s][debug][gc,phases      ] GC(7)     Dead                           Min: 0, Avg:  1.0, Max: 2, Diff: 2, Sum: 4, Workers: 4
[19.601s][debug][gc,phases      ] GC(7)     Total                          Min: 0, Avg: 4467.5, Max: 6030, Diff: 6030, Sum: 17870, Workers: 4
[19.601s][debug][gc,phases      ] GC(7)   JNI Weak                       Min:  0.0, Avg:  0.0, Max:  0.0, Diff:  0.0, Sum:  0.0, Workers: 4
[19.601s][debug][gc,phases      ] GC(7)     Dead                           Min: 0, Avg:  0.0, Max: 0, Diff: 0, Sum: 0, Workers: 4
[19.601s][debug][gc,phases      ] GC(7)     Total                          Min: 0, Avg: 13.0, Max: 52, Diff: 52, Sum: 52, Workers: 4
[19.601s][debug][gc,phases      ] GC(7)   StringDedup Table Weak         Min:  0.0, Avg:  0.0, Max:  0.0, Diff:  0.0, Sum:  0.0, Workers: 4
[19.601s][debug][gc,phases      ] GC(7)     Dead                           Min: 0, Avg:  0.0, Max: 0, Diff: 0, Sum: 0, Workers: 4
[19.601s][debug][gc,phases      ] GC(7)     Total                          Min: 0, Avg:  0.0, Max: 0, Diff: 0, Sum: 0, Workers: 4
[19.601s][debug][gc,phases      ] GC(7)   StringDedup Requests0 Weak     Min:  0.0, Avg:  0.0, Max:  0.0, Diff:  0.0, Sum:  0.0, Workers: 4
[19.601s][debug][gc,phases      ] GC(7)     Dead                           Min: 0, Avg:  0.0, Max: 0, Diff: 0, Sum: 0, Workers: 4
[19.601s][debug][gc,phases      ] GC(7)     Total                          Min: 0, Avg:  0.0, Max: 0, Diff: 0, Sum: 0, Workers: 4
[19.601s][debug][gc,phases      ] GC(7)   StringDedup Requests1 Weak     Min:  0.0, Avg:  0.0, Max:  0.0, Diff:  0.0, Sum:  0.0, Workers: 4
[19.601s][debug][gc,phases      ] GC(7)     Dead                           Min: 0, Avg:  0.0, Max: 0, Diff: 0, Sum: 0, Workers: 4
[19.601s][debug][gc,phases      ] GC(7)     Total                          Min: 0, Avg:  0.0, Max: 0, Diff: 0, Sum: 0, Workers: 4
[19.601s][debug][gc,phases      ] GC(7)   Weak JFR Old Object Samples    Min:  0.0, Avg:  0.0, Max:  0.0, Diff:  0.0, Sum:  0.0, Workers: 4
[19.601s][debug][gc,phases      ] GC(7)     Dead                           Min: 0, Avg:  0.0, Max: 0, Diff: 0, Sum: 0, Workers: 4
[19.601s][debug][gc,phases      ] GC(7)     Total                          Min: 0, Avg:  0.0, Max: 0, Diff: 0, Sum: 0, Workers: 4
[19.601s][debug][gc,phases      ] GC(7) Weak Processing 0.534ms
[19.602s][debug][gc,phases      ] GC(7) ClassLoaderData 0.249ms
[19.602s][debug][gc,phases      ] GC(7) Trigger cleanups 0.001ms
[19.627s][debug][gc,phases      ] GC(7) Purge Unlinked NMethods 0.432ms
[19.627s][debug][gc,phases      ] GC(7) Unregister NMethods 0.112ms
[19.627s][debug][gc,phases      ] GC(7) Free Code Blobs 0.058ms
[19.637s][debug][gc,phases      ] GC(7) Class Unloading 35.560ms
[19.637s][debug][gc,phases      ] GC(7) Report Object Count 0.002ms
[19.637s][info ][gc,phases      ] GC(7) Marking Phase 111.242ms
[19.637s][info ][gc,phases,start] GC(7) Summary Phase
[19.637s][info ][gc,phases      ] GC(7) Summary Phase 0.008ms
[19.637s][info ][gc,phases,start] GC(7) Adjust Roots
[19.657s][info ][gc,phases      ] GC(7) Adjust Roots 20.041ms
[19.657s][info ][gc,phases,start] GC(7) Compaction Phase
[20.241s][info ][gc,phases      ] GC(7) Compaction Phase 583.959ms
[20.241s][info ][gc,phases,start] GC(7) Post Compact
[20.244s][debug][gc,phases      ] GC(7) Purge Class Loader Data 1.696ms
[20.246s][info ][gc,phases      ] GC(7) Post Compact 4.608ms
[20.246s][info ][gc,heap        ] GC(7) PSYoungGen: 137879K(1572864K)->137438K(1572864K) Eden: 0K(1048576K)->0K(1048576K) From: 137879K(524288K)->137438K(524288K)
[20.246s][info ][gc,heap        ] GC(7) ParOldGen: 6371K(6656K)->6332K(6656K)
[20.246s][info ][gc,metaspace   ] GC(7) Metaspace: 98486K(99648K)->98476K(99648K) NonClass: 83028K(83712K)->83021K(83712K) Class: 15457K(15936K)->15454K(15936K)
[20.246s][info ][gc             ] GC(7) Pause Full (Metadata GC Threshold) 140M->140M(1542M) 720.008ms
[20.246s][info ][gc,cpu         ] GC(7) User=1.49s Sys=0.02s Real=0.72s
[20.246s][info ][safepoint      ] Safepoint "CollectForMetadataAllocation", Time since last: 229500225 ns, Reaching safepoint: 6000 ns, Cleanup: 26202 ns, At safepoint: 816719426 ns, Total: 816751628 ns
[20.483s][info ][safepoint      ] Safepoint "ICBufferFull", Time since last: 237482433 ns, Reaching safepoint: 8301 ns, Cleanup: 160708 ns, At safepoint: 8501 ns, Total: 177510 ns
[20.613s][info ][safepoint      ] Safepoint "ICBufferFull", Time since last: 129246703 ns, Reaching safepoint: 7800 ns, Cleanup: 158708 ns, At safepoint: 9401 ns, Total: 175909 ns
[20.715s][info ][safepoint      ] Safepoint "ICBufferFull", Time since last: 102181420 ns, Reaching safepoint: 90105 ns, Cleanup: 120106 ns, At safepoint: 20001 ns, Total: 230212 ns
[20.801s][info ][safepoint      ] Safepoint "ICBufferFull", Time since last: 85742181 ns, Reaching safepoint: 93304 ns, Cleanup: 151308 ns, At safepoint: 20801 ns, Total: 265413 ns
[20.860s][info ][safepoint      ] Safepoint "ICBufferFull", Time since last: 58911010 ns, Reaching safepoint: 94305 ns, Cleanup: 174309 ns, At safepoint: 28001 ns, Total: 296615 ns
[20.977s][info ][safepoint      ] Safepoint "ICBufferFull", Time since last: 115415697 ns, Reaching safepoint: 96405 ns, Cleanup: 147307 ns, At safepoint: 706536 ns, Total: 950248 ns
[21.119s][info ][safepoint      ] Safepoint "ICBufferFull", Time since last: 142449078 ns, Reaching safepoint: 6401 ns, Cleanup: 150207 ns, At safepoint: 2400 ns, Total: 159008 ns
[21.320s][info ][safepoint      ] Safepoint "ICBufferFull", Time since last: 198077720 ns, Reaching safepoint: 88105 ns, Cleanup: 155908 ns, At safepoint: 1784691 ns, Total: 2028704 ns
[21.320s][info ][safepoint      ] Safepoint "ICBufferFull", Time since last: 84204 ns, Reaching safepoint: 81104 ns, Cleanup: 1400 ns, At safepoint: 12301 ns, Total: 94805 ns
[21.499s][info ][safepoint      ] Safepoint "ICBufferFull", Time since last: 179177828 ns, Reaching safepoint: 8300 ns, Cleanup: 152308 ns, At safepoint: 2800 ns, Total: 163408 ns
[21.666s][info ][safepoint      ] Safepoint "ICBufferFull", Time since last: 166681913 ns, Reaching safepoint: 5801 ns, Cleanup: 140107 ns, At safepoint: 5600 ns, Total: 151508 ns
[21.858s][info ][safepoint      ] Safepoint "ICBufferFull", Time since last: 191732278 ns, Reaching safepoint: 7100 ns, Cleanup: 155408 ns, At safepoint: 8800 ns, Total: 171308 ns
[22.080s][info ][safepoint      ] Safepoint "ICBufferFull", Time since last: 222269019 ns, Reaching safepoint: 7901 ns, Cleanup: 129206 ns, At safepoint: 6801 ns, Total: 143908 ns
[22.297s][info ][safepoint      ] Safepoint "ICBufferFull", Time since last: 216367321 ns, Reaching safepoint: 170808 ns, Cleanup: 150508 ns, At safepoint: 9500 ns, Total: 330816 ns
[22.575s][info ][safepoint      ] Safepoint "ICBufferFull", Time since last: 277831424 ns, Reaching safepoint: 9100 ns, Cleanup: 152408 ns, At safepoint: 2700 ns, Total: 164208 ns
[22.761s][info ][safepoint      ] Safepoint "ICBufferFull", Time since last: 186128195 ns, Reaching safepoint: 87404 ns, Cleanup: 129707 ns, At safepoint: 7700 ns, Total: 224811 ns
[23.006s][info ][safepoint      ] Safepoint "ICBufferFull", Time since last: 244292131 ns, Reaching safepoint: 504325 ns, Cleanup: 143408 ns, At safepoint: 17901 ns, Total: 665634 ns
[23.281s][info ][safepoint      ] Safepoint "ICBufferFull", Time since last: 274420151 ns, Reaching safepoint: 7700 ns, Cleanup: 151108 ns, At safepoint: 3000 ns, Total: 161808 ns
[23.616s][info ][safepoint      ] Safepoint "ICBufferFull", Time since last: 334452582 ns, Reaching safepoint: 92704 ns, Cleanup: 176309 ns, At safepoint: 13001 ns, Total: 282014 ns
[23.931s][info ][safepoint      ] Safepoint "ICBufferFull", Time since last: 314824291 ns, Reaching safepoint: 88604 ns, Cleanup: 151708 ns, At safepoint: 11900 ns, Total: 252212 ns
[24.198s][info ][safepoint      ] Safepoint "ICBufferFull", Time since last: 266594257 ns, Reaching safepoint: 257713 ns, Cleanup: 140207 ns, At safepoint: 17701 ns, Total: 415621 ns
[24.492s][info ][safepoint      ] Safepoint "ICBufferFull", Time since last: 293794129 ns, Reaching safepoint: 93105 ns, Cleanup: 155907 ns, At safepoint: 6801 ns, Total: 255813 ns
[25.076s][info ][safepoint      ] Safepoint "ICBufferFull", Time since last: 584181786 ns, Reaching safepoint: 7701 ns, Cleanup: 158308 ns, At safepoint: 3100 ns, Total: 169109 ns
[25.130s][info ][gc,start       ] GC(8) Pause Young (Allocation Failure)
[25.233s][debug][gc,phases      ] GC(8) Scavenge 102.909ms
[25.234s][debug][gc,ref         ] GC(8) ReferenceProcessor::execute queues: 4, RefProcThreadModel::Multi, marks_oops_alive: false
[25.235s][debug][gc,ref         ] GC(8) Skipped KeepAliveFinalRefsPhase of Reference Processing: no references
[25.235s][debug][gc,ref         ] GC(8) ReferenceProcessor::execute queues: 1, RefProcThreadModel::Single, marks_oops_alive: false
[25.235s][debug][gc,phases      ] GC(8) Reference Processing 1.988ms
[25.236s][debug][gc,phases      ] GC(8)   VM Weak                        Min:  0.0, Avg:  0.0, Max:  0.0, Diff:  0.0, Sum:  0.0, Workers: 4
[25.236s][debug][gc,phases      ] GC(8)     Dead                           Min: 0, Avg:  0.0, Max: 0, Diff: 0, Sum: 0, Workers: 4
[25.236s][debug][gc,phases      ] GC(8)     Total                          Min: 0, Avg: 241.5, Max: 448, Diff: 448, Sum: 966, Workers: 4
[25.236s][debug][gc,phases      ] GC(8)   ObjectSynchronizer Weak        Min:  0.0, Avg:  0.0, Max:  0.0, Diff:  0.0, Sum:  0.0, Workers: 4
[25.236s][debug][gc,phases      ] GC(8)     Dead                           Min: 0, Avg:  1.8, Max: 7, Diff: 7, Sum: 7, Workers: 4
[25.236s][debug][gc,phases      ] GC(8)     Total                          Min: 0, Avg: 14.8, Max: 59, Diff: 59, Sum: 59, Workers: 4
[25.236s][debug][gc,phases      ] GC(8)   JVMTI Tag Weak OopStorage      Min:  0.0, Avg:  0.0, Max:  0.0, Diff:  0.0, Sum:  0.0, Workers: 4
[25.236s][debug][gc,phases      ] GC(8)     Dead                           Min: 0, Avg:  0.0, Max: 0, Diff: 0, Sum: 0, Workers: 4
[25.236s][debug][gc,phases      ] GC(8)     Total                          Min: 0, Avg:  0.0, Max: 0, Diff: 0, Sum: 0, Workers: 4
[25.236s][debug][gc,phases      ] GC(8)   StringTable Weak               Min:  0.0, Avg:  0.5, Max:  0.6, Diff:  0.6, Sum:  1.9, Workers: 4
[25.236s][debug][gc,phases      ] GC(8)     Dead                           Min: 0, Avg:  3.8, Max: 8, Diff: 8, Sum: 15, Workers: 4
[25.236s][debug][gc,phases      ] GC(8)     Total                          Min: 0, Avg: 11684.2, Max: 15808, Diff: 15808, Sum: 46737, Workers: 4
[25.236s][debug][gc,phases      ] GC(8)   ResolvedMethodTable Weak       Min:  0.0, Avg:  0.2, Max:  0.2, Diff:  0.2, Sum:  0.6, Workers: 4
[25.236s][debug][gc,phases      ] GC(8)     Dead                           Min: 0, Avg: 156.5, Max: 226, Diff: 226, Sum: 626, Workers: 4
[25.236s][debug][gc,phases      ] GC(8)     Total                          Min: 0, Avg: 3865.8, Max: 5217, Diff: 5217, Sum: 15463, Workers: 4
[25.236s][debug][gc,phases      ] GC(8)   JNI Weak                       Min:  0.0, Avg:  0.0, Max:  0.0, Diff:  0.0, Sum:  0.0, Workers: 4
[25.236s][debug][gc,phases      ] GC(8)     Dead                           Min: 0, Avg:  0.0, Max: 0, Diff: 0, Sum: 0, Workers: 4
[25.236s][debug][gc,phases      ] GC(8)     Total                          Min: 0, Avg: 18.2, Max: 52, Diff: 52, Sum: 73, Workers: 4
[25.236s][debug][gc,phases      ] GC(8)   StringDedup Table Weak         Min:  0.0, Avg:  0.0, Max:  0.0, Diff:  0.0, Sum:  0.0, Workers: 4
[25.236s][debug][gc,phases      ] GC(8)     Dead                           Min: 0, Avg:  0.0, Max: 0, Diff: 0, Sum: 0, Workers: 4
[25.236s][debug][gc,phases      ] GC(8)     Total                          Min: 0, Avg:  0.0, Max: 0, Diff: 0, Sum: 0, Workers: 4
[25.236s][debug][gc,phases      ] GC(8)   StringDedup Requests0 Weak     Min:  0.0, Avg:  0.0, Max:  0.0, Diff:  0.0, Sum:  0.0, Workers: 4
[25.236s][debug][gc,phases      ] GC(8)     Dead                           Min: 0, Avg:  0.0, Max: 0, Diff: 0, Sum: 0, Workers: 4
[25.236s][debug][gc,phases      ] GC(8)     Total                          Min: 0, Avg:  0.0, Max: 0, Diff: 0, Sum: 0, Workers: 4
[25.236s][debug][gc,phases      ] GC(8)   StringDedup Requests1 Weak     Min:  0.0, Avg:  0.0, Max:  0.0, Diff:  0.0, Sum:  0.0, Workers: 4
[25.236s][debug][gc,phases      ] GC(8)     Dead                           Min: 0, Avg:  0.0, Max: 0, Diff: 0, Sum: 0, Workers: 4
[25.236s][debug][gc,phases      ] GC(8)     Total                          Min: 0, Avg:  0.0, Max: 0, Diff: 0, Sum: 0, Workers: 4
[25.236s][debug][gc,phases      ] GC(8)   Weak JFR Old Object Samples    Min:  0.0, Avg:  0.0, Max:  0.0, Diff:  0.0, Sum:  0.0, Workers: 4
[25.236s][debug][gc,phases      ] GC(8)     Dead                           Min: 0, Avg:  0.0, Max: 0, Diff: 0, Sum: 0, Workers: 4
[25.236s][debug][gc,phases      ] GC(8)     Total                          Min: 0, Avg:  0.0, Max: 0, Diff: 0, Sum: 0, Workers: 4
[25.236s][debug][gc,phases      ] GC(8) Weak Processing 1.066ms
[25.236s][debug][gc,age         ] GC(8) Desired survivor size 216006656 bytes, new threshold 6 (max threshold 15)
[25.236s][info ][gc,heap        ] GC(8) PSYoungGen: 1186014K(1572864K)->194024K(1572864K) Eden: 1048576K(1048576K)->0K(1048576K) From: 137438K(524288K)->194024K(524288K)
[25.236s][info ][gc,heap        ] GC(8) ParOldGen: 6332K(6656K)->6380K(6656K)
[25.236s][info ][gc,metaspace   ] GC(8) Metaspace: 104398K(105664K)->104398K(105664K) NonClass: 88247K(88960K)->88247K(88960K) Class: 16151K(16704K)->16151K(16704K)
[25.236s][info ][gc             ] GC(8) Pause Young (Allocation Failure) 1164M->195M(1542M) 106.114ms
[25.236s][info ][gc,cpu         ] GC(8) User=0.30s Sys=0.05s Real=0.11s
[25.237s][info ][safepoint      ] Safepoint "ParallelGCFailedAllocation", Time since last: 54163034 ns, Reaching safepoint: 95705 ns, Cleanup: 48902 ns, At safepoint: 106219161 ns, Total: 106363768 ns
[25.581s][info ][safepoint      ] Safepoint "ICBufferFull", Time since last: 344521490 ns, Reaching safepoint: 9301 ns, Cleanup: 163408 ns, At safepoint: 12401 ns, Total: 185110 ns
[26.386s][info ][safepoint      ] Safepoint "ICBufferFull", Time since last: 804217292 ns, Reaching safepoint: 8601 ns, Cleanup: 179709 ns, At safepoint: 3500 ns, Total: 191810 ns
[26.786s][info ][safepoint      ] Safepoint "ICBufferFull", Time since last: 400039592 ns, Reaching safepoint: 7600 ns, Cleanup: 157408 ns, At safepoint: 14401 ns, Total: 179409 ns
[27.099s][info ][safepoint      ] Safepoint "ICBufferFull", Time since last: 312455571 ns, Reaching safepoint: 94905 ns, Cleanup: 154808 ns, At safepoint: 12201 ns, Total: 261914 ns
[27.101s][info ][safepoint      ] Safepoint "ICBufferFull", Time since last: 2179410 ns, Reaching safepoint: 84504 ns, Cleanup: 4900 ns, At safepoint: 13901 ns, Total: 103305 ns
[27.546s][info ][safepoint      ] Safepoint "ICBufferFull", Time since last: 444663544 ns, Reaching safepoint: 92805 ns, Cleanup: 149507 ns, At safepoint: 20301 ns, Total: 262613 ns
[27.996s][info ][safepoint      ] Safepoint "ICBufferFull", Time since last: 449820305 ns, Reaching safepoint: 96605 ns, Cleanup: 159008 ns, At safepoint: 11001 ns, Total: 266614 ns
[28.609s][info ][safepoint      ] Safepoint "ICBufferFull", Time since last: 613283055 ns, Reaching safepoint: 87204 ns, Cleanup: 157708 ns, At safepoint: 10301 ns, Total: 255213 ns
[29.151s][info ][safepoint      ] Safepoint "ICBufferFull", Time since last: 541551135 ns, Reaching safepoint: 7600 ns, Cleanup: 136107 ns, At safepoint: 3300 ns, Total: 147007 ns
[29.896s][info ][safepoint      ] Safepoint "ICBufferFull", Time since last: 744668791 ns, Reaching safepoint: 7800 ns, Cleanup: 168208 ns, At safepoint: 6701 ns, Total: 182709 ns
[30.015s][info ][gc,start       ] GC(9) Pause Young (Allocation Failure)
[30.135s][debug][gc,phases      ] GC(9) Scavenge 119.746ms
[30.135s][debug][gc,ref         ] GC(9) ReferenceProcessor::execute queues: 4, RefProcThreadModel::Multi, marks_oops_alive: false
[30.136s][debug][gc,ref         ] GC(9) ReferenceProcessor::execute queues: 4, RefProcThreadModel::Multi, marks_oops_alive: true
[30.136s][debug][gc,ref         ] GC(9) ReferenceProcessor::execute queues: 1, RefProcThreadModel::Single, marks_oops_alive: false
[30.137s][debug][gc,phases      ] GC(9) Reference Processing 1.455ms
[30.137s][debug][gc,phases      ] GC(9)   VM Weak                        Min:  0.0, Avg:  0.0, Max:  0.0, Diff:  0.0, Sum:  0.0, Workers: 4
[30.137s][debug][gc,phases      ] GC(9)     Dead                           Min: 0, Avg:  0.0, Max: 0, Diff: 0, Sum: 0, Workers: 4
[30.137s][debug][gc,phases      ] GC(9)     Total                          Min: 0, Avg: 244.2, Max: 512, Diff: 512, Sum: 977, Workers: 4
[30.137s][debug][gc,phases      ] GC(9)   ObjectSynchronizer Weak        Min:  0.0, Avg:  0.0, Max:  0.0, Diff:  0.0, Sum:  0.0, Workers: 4
[30.137s][debug][gc,phases      ] GC(9)     Dead                           Min: 0, Avg:  0.0, Max: 0, Diff: 0, Sum: 0, Workers: 4
[30.137s][debug][gc,phases      ] GC(9)     Total                          Min: 0, Avg: 14.8, Max: 59, Diff: 59, Sum: 59, Workers: 4
[30.137s][debug][gc,phases      ] GC(9)   JVMTI Tag Weak OopStorage      Min:  0.0, Avg:  0.0, Max:  0.0, Diff:  0.0, Sum:  0.0, Workers: 4
[30.137s][debug][gc,phases      ] GC(9)     Dead                           Min: 0, Avg:  0.0, Max: 0, Diff: 0, Sum: 0, Workers: 4
[30.137s][debug][gc,phases      ] GC(9)     Total                          Min: 0, Avg:  0.0, Max: 0, Diff: 0, Sum: 0, Workers: 4
[30.137s][debug][gc,phases      ] GC(9)   StringTable Weak               Min:  0.0, Avg:  0.4, Max:  0.6, Diff:  0.6, Sum:  1.8, Workers: 4
[30.137s][debug][gc,phases      ] GC(9)     Dead                           Min: 0, Avg:  0.8, Max: 2, Diff: 2, Sum: 3, Workers: 4
[30.137s][debug][gc,phases      ] GC(9)     Total                          Min: 0, Avg: 11782.5, Max: 16154, Diff: 16154, Sum: 47130, Workers: 4
[30.137s][debug][gc,phases      ] GC(9)   ResolvedMethodTable Weak       Min:  0.0, Avg:  0.2, Max:  0.2, Diff:  0.2, Sum:  0.6, Workers: 4
[30.137s][debug][gc,phases      ] GC(9)     Dead                           Min: 0, Avg: 12.2, Max: 24, Diff: 24, Sum: 49, Workers: 4
[30.137s][debug][gc,phases      ] GC(9)     Total                          Min: 0, Avg: 3896.2, Max: 5490, Diff: 5490, Sum: 15585, Workers: 4
[30.137s][debug][gc,phases      ] GC(9)   JNI Weak                       Min:  0.0, Avg:  0.0, Max:  0.0, Diff:  0.0, Sum:  0.0, Workers: 4
[30.137s][debug][gc,phases      ] GC(9)     Dead                           Min: 0, Avg:  0.0, Max: 0, Diff: 0, Sum: 0, Workers: 4
[30.137s][debug][gc,phases      ] GC(9)     Total                          Min: 0, Avg: 16.5, Max: 56, Diff: 56, Sum: 66, Workers: 4
[30.137s][debug][gc,phases      ] GC(9)   StringDedup Table Weak         Min:  0.0, Avg:  0.0, Max:  0.0, Diff:  0.0, Sum:  0.0, Workers: 4
[30.137s][debug][gc,phases      ] GC(9)     Dead                           Min: 0, Avg:  0.0, Max: 0, Diff: 0, Sum: 0, Workers: 4
[30.137s][debug][gc,phases      ] GC(9)     Total                          Min: 0, Avg:  0.0, Max: 0, Diff: 0, Sum: 0, Workers: 4
[30.137s][debug][gc,phases      ] GC(9)   StringDedup Requests0 Weak     Min:  0.0, Avg:  0.0, Max:  0.0, Diff:  0.0, Sum:  0.0, Workers: 4
[30.137s][debug][gc,phases      ] GC(9)     Dead                           Min: 0, Avg:  0.0, Max: 0, Diff: 0, Sum: 0, Workers: 4
[30.137s][debug][gc,phases      ] GC(9)     Total                          Min: 0, Avg:  0.0, Max: 0, Diff: 0, Sum: 0, Workers: 4
[30.137s][debug][gc,phases      ] GC(9)   StringDedup Requests1 Weak     Min:  0.0, Avg:  0.0, Max:  0.0, Diff:  0.0, Sum:  0.0, Workers: 4
[30.137s][debug][gc,phases      ] GC(9)     Dead                           Min: 0, Avg:  0.0, Max: 0, Diff: 0, Sum: 0, Workers: 4
[30.138s][debug][gc,phases      ] GC(9)     Total                          Min: 0, Avg:  0.0, Max: 0, Diff: 0, Sum: 0, Workers: 4
[30.138s][debug][gc,phases      ] GC(9)   Weak JFR Old Object Samples    Min:  0.0, Avg:  0.0, Max:  0.0, Diff:  0.0, Sum:  0.0, Workers: 4
[30.138s][debug][gc,phases      ] GC(9)     Dead                           Min: 0, Avg:  0.0, Max: 0, Diff: 0, Sum: 0, Workers: 4
[30.138s][debug][gc,phases      ] GC(9)     Total                          Min: 0, Avg:  0.0, Max: 0, Diff: 0, Sum: 0, Workers: 4
[30.138s][debug][gc,phases      ] GC(9) Weak Processing 1.018ms
[30.138s][debug][gc,age         ] GC(9) Desired survivor size 267911168 bytes, new threshold 5 (max threshold 15)
[30.138s][info ][gc,heap        ] GC(9) PSYoungGen: 1242600K(1572864K)->210927K(1784832K) Eden: 1048576K(1048576K)->0K(1573888K) From: 194024K(524288K)->210927K(210944K)
[30.138s][info ][gc,heap        ] GC(9) ParOldGen: 6380K(6656K)->17460K(17920K)
[30.138s][info ][gc,metaspace   ] GC(9) Metaspace: 105564K(106880K)->105564K(106880K) NonClass: 89344K(90112K)->89344K(90112K) Class: 16220K(16768K)->16220K(16768K)
[30.138s][info ][gc             ] GC(9) Pause Young (Allocation Failure) 1219M->223M(1760M) 122.360ms
[30.138s][info ][gc,cpu         ] GC(9) User=0.31s Sys=0.09s Real=0.12s
[30.138s][info ][safepoint      ] Safepoint "ParallelGCFailedAllocation", Time since last: 119103861 ns, Reaching safepoint: 83704 ns, Cleanup: 27202 ns, At safepoint: 122839742 ns, Total: 122950648 ns
[30.945s][info ][safepoint      ] Safepoint "ICBufferFull", Time since last: 807235451 ns, Reaching safepoint: 8900 ns, Cleanup: 167508 ns, At safepoint: 2901 ns, Total: 179309 ns
[31.946s][info ][safepoint      ] Safepoint "Cleanup", Time since last: 1000145682 ns, Reaching safepoint: 88505 ns, Cleanup: 119105 ns, At safepoint: 8801 ns, Total: 216411 ns
[32.895s][info ][safepoint      ] Safepoint "ICBufferFull", Time since last: 948653492 ns, Reaching safepoint: 7800 ns, Cleanup: 169408 ns, At safepoint: 3000 ns, Total: 180208 ns
[33.895s][info ][safepoint      ] Safepoint "Cleanup", Time since last: 1000278390 ns, Reaching safepoint: 87104 ns, Cleanup: 144207 ns, At safepoint: 4100 ns, Total: 235411 ns
[34.893s][info ][safepoint      ] Safepoint "ICBufferFull", Time since last: 997773168 ns, Reaching safepoint: 8401 ns, Cleanup: 206910 ns, At safepoint: 2900 ns, Total: 218211 ns
[35.694s][info ][safepoint      ] Safepoint "ICBufferFull", Time since last: 800315416 ns, Reaching safepoint: 84004 ns, Cleanup: 185909 ns, At safepoint: 8900 ns, Total: 278813 ns
[36.583s][info ][safepoint      ] Safepoint "ICBufferFull", Time since last: 888572486 ns, Reaching safepoint: 100104 ns, Cleanup: 190010 ns, At safepoint: 10200 ns, Total: 300314 ns
[37.583s][info ][safepoint      ] Safepoint "Cleanup", Time since last: 1000118070 ns, Reaching safepoint: 8700 ns, Cleanup: 75504 ns, At safepoint: 2600 ns, Total: 86804 ns
[38.583s][info ][safepoint      ] Safepoint "Cleanup", Time since last: 1000105726 ns, Reaching safepoint: 7300 ns, Cleanup: 70703 ns, At safepoint: 2601 ns, Total: 80604 ns
[39.583s][info ][safepoint      ] Safepoint "Cleanup", Time since last: 1000103825 ns, Reaching safepoint: 8700 ns, Cleanup: 75904 ns, At safepoint: 2600 ns, Total: 87204 ns
[40.583s][info ][safepoint      ] Safepoint "Cleanup", Time since last: 1000106526 ns, Reaching safepoint: 8000 ns, Cleanup: 50103 ns, At safepoint: 2600 ns, Total: 60703 ns
[41.584s][info ][safepoint      ] Safepoint "Cleanup", Time since last: 1000111526 ns, Reaching safepoint: 18501 ns, Cleanup: 50902 ns, At safepoint: 2900 ns, Total: 72303 ns
[42.584s][info ][safepoint      ] Safepoint "Cleanup", Time since last: 1000108026 ns, Reaching safepoint: 10400 ns, Cleanup: 38502 ns, At safepoint: 2701 ns, Total: 51603 ns
[43.584s][info ][safepoint      ] Safepoint "Cleanup", Time since last: 1000109125 ns, Reaching safepoint: 9501 ns, Cleanup: 107705 ns, At safepoint: 3500 ns, Total: 120706 ns
[44.584s][info ][safepoint      ] Safepoint "Cleanup", Time since last: 1000113226 ns, Reaching safepoint: 6800 ns, Cleanup: 155108 ns, At safepoint: 2400 ns, Total: 164308 ns
[45.584s][info ][safepoint      ] Safepoint "Cleanup", Time since last: 1000140395 ns, Reaching safepoint: 11501 ns, Cleanup: 53302 ns, At safepoint: 3100 ns, Total: 67903 ns
[46.585s][info ][safepoint      ] Safepoint "Cleanup", Time since last: 1000109825 ns, Reaching safepoint: 9100 ns, Cleanup: 71004 ns, At safepoint: 8400 ns, Total: 88504 ns
[47.585s][info ][safepoint      ] Safepoint "Cleanup", Time since last: 1000120026 ns, Reaching safepoint: 9900 ns, Cleanup: 129307 ns, At safepoint: 3100 ns, Total: 142307 ns
[48.039s][info ][gc,start       ] GC(10) Pause Young (Allocation Failure)
[48.142s][debug][gc,phases      ] GC(10) Scavenge 103.056ms
[48.143s][debug][gc,ref         ] GC(10) ReferenceProcessor::execute queues: 4, RefProcThreadModel::Multi, marks_oops_alive: false
[48.144s][debug][gc,ref         ] GC(10) ReferenceProcessor::execute queues: 4, RefProcThreadModel::Multi, marks_oops_alive: true
[48.144s][debug][gc,ref         ] GC(10) ReferenceProcessor::execute queues: 1, RefProcThreadModel::Single, marks_oops_alive: false
[48.144s][debug][gc,phases      ] GC(10) Reference Processing 1.633ms
[48.145s][debug][gc,phases      ] GC(10)   VM Weak                        Min:  0.0, Avg:  0.0, Max:  0.0, Diff:  0.0, Sum:  0.0, Workers: 4
[48.145s][debug][gc,phases      ] GC(10)     Dead                           Min: 0, Avg:  0.0, Max: 0, Diff: 0, Sum: 0, Workers: 4
[48.145s][debug][gc,phases      ] GC(10)     Total                          Min: 0, Avg: 245.8, Max: 407, Diff: 407, Sum: 983, Workers: 4
[48.145s][debug][gc,phases      ] GC(10)   ObjectSynchronizer Weak        Min:  0.0, Avg:  0.0, Max:  0.0, Diff:  0.0, Sum:  0.0, Workers: 4
[48.145s][debug][gc,phases      ] GC(10)     Dead                           Min: 0, Avg:  0.0, Max: 0, Diff: 0, Sum: 0, Workers: 4
[48.145s][debug][gc,phases      ] GC(10)     Total                          Min: 0, Avg: 14.8, Max: 59, Diff: 59, Sum: 59, Workers: 4
[48.145s][debug][gc,phases      ] GC(10)   JVMTI Tag Weak OopStorage      Min:  0.0, Avg:  0.0, Max:  0.0, Diff:  0.0, Sum:  0.0, Workers: 4
[48.145s][debug][gc,phases      ] GC(10)     Dead                           Min: 0, Avg:  0.0, Max: 0, Diff: 0, Sum: 0, Workers: 4
[48.145s][debug][gc,phases      ] GC(10)     Total                          Min: 0, Avg:  0.0, Max: 0, Diff: 0, Sum: 0, Workers: 4
[48.145s][debug][gc,phases      ] GC(10)   StringTable Weak               Min:  0.0, Avg:  0.6, Max:  0.8, Diff:  0.8, Sum:  2.3, Workers: 4
[48.145s][debug][gc,phases      ] GC(10)     Dead                           Min: 0, Avg:  0.5, Max: 1, Diff: 1, Sum: 2, Workers: 4
[48.145s][debug][gc,phases      ] GC(10)     Total                          Min: 0, Avg: 11855.2, Max: 16192, Diff: 16192, Sum: 47421, Workers: 4
[48.145s][debug][gc,phases      ] GC(10)   ResolvedMethodTable Weak       Min:  0.0, Avg:  0.2, Max:  0.2, Diff:  0.2, Sum:  0.6, Workers: 4
[48.145s][debug][gc,phases      ] GC(10)     Dead                           Min: 0, Avg:  3.8, Max: 7, Diff: 7, Sum: 15, Workers: 4
[48.145s][debug][gc,phases      ] GC(10)     Total                          Min: 0, Avg: 3923.0, Max: 5426, Diff: 5426, Sum: 15692, Workers: 4
[48.145s][debug][gc,phases      ] GC(10)   JNI Weak                       Min:  0.0, Avg:  0.0, Max:  0.0, Diff:  0.0, Sum:  0.0, Workers: 4
[48.145s][debug][gc,phases      ] GC(10)     Dead                           Min: 0, Avg:  0.0, Max: 0, Diff: 0, Sum: 0, Workers: 4
[48.145s][debug][gc,phases      ] GC(10)     Total                          Min: 0, Avg: 13.0, Max: 52, Diff: 52, Sum: 52, Workers: 4
[48.145s][debug][gc,phases      ] GC(10)   StringDedup Table Weak         Min:  0.0, Avg:  0.0, Max:  0.0, Diff:  0.0, Sum:  0.0, Workers: 4
[48.145s][debug][gc,phases      ] GC(10)     Dead                           Min: 0, Avg:  0.0, Max: 0, Diff: 0, Sum: 0, Workers: 4
[48.145s][debug][gc,phases      ] GC(10)     Total                          Min: 0, Avg:  0.0, Max: 0, Diff: 0, Sum: 0, Workers: 4
[48.145s][debug][gc,phases      ] GC(10)   StringDedup Requests0 Weak     Min:  0.0, Avg:  0.0, Max:  0.0, Diff:  0.0, Sum:  0.0, Workers: 4
[48.145s][debug][gc,phases      ] GC(10)     Dead                           Min: 0, Avg:  0.0, Max: 0, Diff: 0, Sum: 0, Workers: 4
[48.145s][debug][gc,phases      ] GC(10)     Total                          Min: 0, Avg:  0.0, Max: 0, Diff: 0, Sum: 0, Workers: 4
[48.145s][debug][gc,phases      ] GC(10)   StringDedup Requests1 Weak     Min:  0.0, Avg:  0.0, Max:  0.0, Diff:  0.0, Sum:  0.0, Workers: 4
[48.145s][debug][gc,phases      ] GC(10)     Dead                           Min: 0, Avg:  0.0, Max: 0, Diff: 0, Sum: 0, Workers: 4
[48.145s][debug][gc,phases      ] GC(10)     Total                          Min: 0, Avg:  0.0, Max: 0, Diff: 0, Sum: 0, Workers: 4
[48.145s][debug][gc,phases      ] GC(10)   Weak JFR Old Object Samples    Min:  0.0, Avg:  0.0, Max:  0.0, Diff:  0.0, Sum:  0.0, Workers: 4
[48.145s][debug][gc,phases      ] GC(10)     Dead                           Min: 0, Avg:  0.0, Max: 0, Diff: 0, Sum: 0, Workers: 4
[48.145s][debug][gc,phases      ] GC(10)     Total                          Min: 0, Avg:  0.0, Max: 0, Diff: 0, Sum: 0, Workers: 4
[48.145s][debug][gc,phases      ] GC(10) Weak Processing 1.209ms
[48.145s][debug][gc,age         ] GC(10) Desired survivor size 269484032 bytes, new threshold 4 (max threshold 15)
[48.145s][info ][gc,heap        ] GC(10) PSYoungGen: 1784815K(1784832K)->162737K(1736704K) Eden: 1573888K(1573888K)->0K(1573888K) From: 210927K(210944K)->162737K(162816K)
[48.145s][info ][gc,heap        ] GC(10) ParOldGen: 17460K(17920K)->71579K(71680K)
[48.145s][info ][gc,metaspace   ] GC(10) Metaspace: 106373K(107648K)->106373K(107648K) NonClass: 90102K(90816K)->90102K(90816K) Class: 16270K(16832K)->16270K(16832K)
[48.145s][info ][gc             ] GC(10) Pause Young (Allocation Failure) 1760M->228M(1766M) 106.056ms
[48.145s][info ][gc,cpu         ] GC(10) User=0.32s Sys=0.04s Real=0.11s
[48.145s][info ][safepoint      ] Safepoint "ParallelGCFailedAllocation", Time since last: 454239257 ns, Reaching safepoint: 84804 ns, Cleanup: 32402 ns, At safepoint: 106137040 ns, Total: 106254246 ns
[49.146s][info ][safepoint      ] Safepoint "Cleanup", Time since last: 1000121826 ns, Reaching safepoint: 84304 ns, Cleanup: 52802 ns, At safepoint: 7001 ns, Total: 144107 ns
[50.146s][info ][safepoint      ] Safepoint "Cleanup", Time since last: 1000136626 ns, Reaching safepoint: 84304 ns, Cleanup: 21401 ns, At safepoint: 6700 ns, Total: 112405 ns
[51.146s][info ][safepoint      ] Safepoint "Cleanup", Time since last: 1000140927 ns, Reaching safepoint: 84904 ns, Cleanup: 18801 ns, At safepoint: 7500 ns, Total: 111205 ns
[52.146s][info ][safepoint      ] Safepoint "Cleanup", Time since last: 1000110525 ns, Reaching safepoint: 77404 ns, Cleanup: 33001 ns, At safepoint: 8301 ns, Total: 118706 ns
[52.948s][info ][gc,start       ] GC(11) Pause Young (CodeCache GC Threshold)
[53.040s][debug][gc,phases      ] GC(11) Scavenge 91.554ms
[53.040s][debug][gc,ref         ] GC(11) ReferenceProcessor::execute queues: 1, RefProcThreadModel::Single, marks_oops_alive: false
[53.040s][debug][gc,ref         ] GC(11) Skipped KeepAliveFinalRefsPhase of Reference Processing: no references
[53.040s][debug][gc,ref         ] GC(11) ReferenceProcessor::execute queues: 1, RefProcThreadModel::Single, marks_oops_alive: false
[53.040s][debug][gc,phases      ] GC(11) Reference Processing 0.128ms
[53.041s][debug][gc,phases      ] GC(11)   VM Weak                        Min:  0.0, Avg:  0.0, Max:  0.0, Diff:  0.0, Sum:  0.0, Workers: 4
[53.041s][debug][gc,phases      ] GC(11)     Dead                           Min: 0, Avg:  0.0, Max: 0, Diff: 0, Sum: 0, Workers: 4
[53.041s][debug][gc,phases      ] GC(11)     Total                          Min: 0, Avg: 247.5, Max: 670, Diff: 670, Sum: 990, Workers: 4
[53.041s][debug][gc,phases      ] GC(11)   ObjectSynchronizer Weak        Min:  0.0, Avg:  0.0, Max:  0.0, Diff:  0.0, Sum:  0.0, Workers: 4
[53.041s][debug][gc,phases      ] GC(11)     Dead                           Min: 0, Avg:  0.0, Max: 0, Diff: 0, Sum: 0, Workers: 4
[53.041s][debug][gc,phases      ] GC(11)     Total                          Min: 0, Avg: 14.8, Max: 59, Diff: 59, Sum: 59, Workers: 4
[53.041s][debug][gc,phases      ] GC(11)   JVMTI Tag Weak OopStorage      Min:  0.0, Avg:  0.0, Max:  0.0, Diff:  0.0, Sum:  0.0, Workers: 4
[53.041s][debug][gc,phases      ] GC(11)     Dead                           Min: 0, Avg:  0.0, Max: 0, Diff: 0, Sum: 0, Workers: 4
[53.041s][debug][gc,phases      ] GC(11)     Total                          Min: 0, Avg:  0.0, Max: 0, Diff: 0, Sum: 0, Workers: 4
[53.041s][debug][gc,phases      ] GC(11)   StringTable Weak               Min:  0.0, Avg:  0.3, Max:  0.6, Diff:  0.6, Sum:  1.3, Workers: 4
[53.041s][debug][gc,phases      ] GC(11)     Dead                           Min: 0, Avg:  0.5, Max: 2, Diff: 2, Sum: 2, Workers: 4
[53.041s][debug][gc,phases      ] GC(11)     Total                          Min: 0, Avg: 12117.2, Max: 28373, Diff: 28373, Sum: 48469, Workers: 4
[53.041s][debug][gc,phases      ] GC(11)   ResolvedMethodTable Weak       Min:  0.0, Avg:  0.1, Max:  0.2, Diff:  0.2, Sum:  0.5, Workers: 4
[53.041s][debug][gc,phases      ] GC(11)     Dead                           Min: 0, Avg: 14.0, Max: 33, Diff: 33, Sum: 56, Workers: 4
[53.041s][debug][gc,phases      ] GC(11)     Total                          Min: 0, Avg: 3945.5, Max: 9346, Diff: 9346, Sum: 15782, Workers: 4
[53.041s][debug][gc,phases      ] GC(11)   JNI Weak                       Min:  0.0, Avg:  0.0, Max:  0.0, Diff:  0.0, Sum:  0.0, Workers: 4
[53.041s][debug][gc,phases      ] GC(11)     Dead                           Min: 0, Avg:  0.0, Max: 0, Diff: 0, Sum: 0, Workers: 4
[53.041s][debug][gc,phases      ] GC(11)     Total                          Min: 0, Avg: 14.0, Max: 56, Diff: 56, Sum: 56, Workers: 4
[53.041s][debug][gc,phases      ] GC(11)   StringDedup Table Weak         Min:  0.0, Avg:  0.0, Max:  0.0, Diff:  0.0, Sum:  0.0, Workers: 4
[53.041s][debug][gc,phases      ] GC(11)     Dead                           Min: 0, Avg:  0.0, Max: 0, Diff: 0, Sum: 0, Workers: 4
[53.041s][debug][gc,phases      ] GC(11)     Total                          Min: 0, Avg:  0.0, Max: 0, Diff: 0, Sum: 0, Workers: 4
[53.041s][debug][gc,phases      ] GC(11)   StringDedup Requests0 Weak     Min:  0.0, Avg:  0.0, Max:  0.0, Diff:  0.0, Sum:  0.0, Workers: 4
[53.041s][debug][gc,phases      ] GC(11)     Dead                           Min: 0, Avg:  0.0, Max: 0, Diff: 0, Sum: 0, Workers: 4
[53.041s][debug][gc,phases      ] GC(11)     Total                          Min: 0, Avg:  0.0, Max: 0, Diff: 0, Sum: 0, Workers: 4
[53.041s][debug][gc,phases      ] GC(11)   StringDedup Requests1 Weak     Min:  0.0, Avg:  0.0, Max:  0.0, Diff:  0.0, Sum:  0.0, Workers: 4
[53.041s][debug][gc,phases      ] GC(11)     Dead                           Min: 0, Avg:  0.0, Max: 0, Diff: 0, Sum: 0, Workers: 4
[53.041s][debug][gc,phases      ] GC(11)     Total                          Min: 0, Avg:  0.0, Max: 0, Diff: 0, Sum: 0, Workers: 4
[53.041s][debug][gc,phases      ] GC(11)   Weak JFR Old Object Samples    Min:  0.0, Avg:  0.0, Max:  0.0, Diff:  0.0, Sum:  0.0, Workers: 4
[53.041s][debug][gc,phases      ] GC(11)     Dead                           Min: 0, Avg:  0.0, Max: 0, Diff: 0, Sum: 0, Workers: 4
[53.041s][debug][gc,phases      ] GC(11)     Total                          Min: 0, Avg:  0.0, Max: 0, Diff: 0, Sum: 0, Workers: 4
[53.041s][debug][gc,phases      ] GC(11) Weak Processing 1.088ms
[53.041s][debug][gc,age         ] GC(11) Desired survivor size 261619712 bytes, new threshold 3 (max threshold 15)
[53.041s][info ][gc,heap        ] GC(11) PSYoungGen: 565857K(1736704K)->82120K(1841664K) Eden: 403120K(1573888K)->0K(1578496K) From: 162737K(162816K)->82120K(263168K)
[53.041s][info ][gc,heap        ] GC(11) ParOldGen: 71579K(71680K)->153661K(154112K)
[53.041s][info ][gc,metaspace   ] GC(11) Metaspace: 109754K(111104K)->109754K(111104K) NonClass: 93083K(93824K)->93083K(93824K) Class: 16671K(17280K)->16671K(17280K)
[53.041s][info ][gc             ] GC(11) Pause Young (CodeCache GC Threshold) 622M->230M(1949M) 92.912ms
[53.041s][info ][gc,cpu         ] GC(11) User=0.24s Sys=0.07s Real=0.09s
[53.041s][debug][gc,phases      ] GC(12) Pre Compact 0.009ms
[53.041s][info ][gc,start       ] GC(12) Pause Full (CodeCache GC Threshold)
[53.041s][info ][gc,phases,start] GC(12) Marking Phase
[53.142s][debug][gc,phases      ] GC(12) Par Mark 100.607ms
[53.142s][debug][gc,ref         ] GC(12) ReferenceProcessor::execute queues: 4, RefProcThreadModel::Multi, marks_oops_alive: false
[53.143s][debug][gc,ref         ] GC(12) Skipped KeepAliveFinalRefsPhase of Reference Processing: no references
[53.143s][debug][gc,ref         ] GC(12) ReferenceProcessor::execute queues: 1, RefProcThreadModel::Single, marks_oops_alive: false
[53.143s][debug][gc,phases      ] GC(12) Reference Processing 0.882ms
[53.143s][debug][gc,phases      ] GC(12)   VM Weak                        Min:  0.0, Avg:  0.0, Max:  0.0, Diff:  0.0, Sum:  0.0, Workers: 4
[53.143s][debug][gc,phases      ] GC(12)     Dead                           Min: 0, Avg:  0.0, Max: 0, Diff: 0, Sum: 0, Workers: 4
[53.143s][debug][gc,phases      ] GC(12)     Total                          Min: 0, Avg: 247.5, Max: 414, Diff: 414, Sum: 990, Workers: 4
[53.143s][debug][gc,phases      ] GC(12)   ObjectSynchronizer Weak        Min:  0.0, Avg:  0.0, Max:  0.0, Diff:  0.0, Sum:  0.0, Workers: 4
[53.143s][debug][gc,phases      ] GC(12)     Dead                           Min: 0, Avg:  0.0, Max: 0, Diff: 0, Sum: 0, Workers: 4
[53.143s][debug][gc,phases      ] GC(12)     Total                          Min: 0, Avg: 14.8, Max: 59, Diff: 59, Sum: 59, Workers: 4
[53.143s][debug][gc,phases      ] GC(12)   JVMTI Tag Weak OopStorage      Min:  0.0, Avg:  0.0, Max:  0.0, Diff:  0.0, Sum:  0.0, Workers: 4
[53.143s][debug][gc,phases      ] GC(12)     Dead                           Min: 0, Avg:  0.0, Max: 0, Diff: 0, Sum: 0, Workers: 4
[53.143s][debug][gc,phases      ] GC(12)     Total                          Min: 0, Avg:  0.0, Max: 0, Diff: 0, Sum: 0, Workers: 4
[53.143s][debug][gc,phases      ] GC(12)   StringTable Weak               Min:  0.0, Avg:  0.2, Max:  0.3, Diff:  0.3, Sum:  0.8, Workers: 4
[53.143s][debug][gc,phases      ] GC(12)     Dead                           Min: 0, Avg:  0.0, Max: 0, Diff: 0, Sum: 0, Workers: 4
[53.143s][debug][gc,phases      ] GC(12)     Total                          Min: 0, Avg: 12117.2, Max: 16917, Diff: 16917, Sum: 48469, Workers: 4
[53.143s][debug][gc,phases      ] GC(12)   ResolvedMethodTable Weak       Min:  0.0, Avg:  0.1, Max:  0.1, Diff:  0.1, Sum:  0.2, Workers: 4
[53.143s][debug][gc,phases      ] GC(12)     Dead                           Min: 0, Avg:  0.0, Max: 0, Diff: 0, Sum: 0, Workers: 4
[53.143s][debug][gc,phases      ] GC(12)     Total                          Min: 0, Avg: 3945.5, Max: 5489, Diff: 5489, Sum: 15782, Workers: 4
[53.143s][debug][gc,phases      ] GC(12)   JNI Weak                       Min:  0.0, Avg:  0.0, Max:  0.0, Diff:  0.0, Sum:  0.0, Workers: 4
[53.143s][debug][gc,phases      ] GC(12)     Dead                           Min: 0, Avg:  0.0, Max: 0, Diff: 0, Sum: 0, Workers: 4
[53.143s][debug][gc,phases      ] GC(12)     Total                          Min: 0, Avg: 14.0, Max: 56, Diff: 56, Sum: 56, Workers: 4
[53.143s][debug][gc,phases      ] GC(12)   StringDedup Table Weak         Min:  0.0, Avg:  0.0, Max:  0.0, Diff:  0.0, Sum:  0.0, Workers: 4
[53.143s][debug][gc,phases      ] GC(12)     Dead                           Min: 0, Avg:  0.0, Max: 0, Diff: 0, Sum: 0, Workers: 4
[53.143s][debug][gc,phases      ] GC(12)     Total                          Min: 0, Avg:  0.0, Max: 0, Diff: 0, Sum: 0, Workers: 4
[53.143s][debug][gc,phases      ] GC(12)   StringDedup Requests0 Weak     Min:  0.0, Avg:  0.0, Max:  0.0, Diff:  0.0, Sum:  0.0, Workers: 4
[53.143s][debug][gc,phases      ] GC(12)     Dead                           Min: 0, Avg:  0.0, Max: 0, Diff: 0, Sum: 0, Workers: 4
[53.143s][debug][gc,phases      ] GC(12)     Total                          Min: 0, Avg:  0.0, Max: 0, Diff: 0, Sum: 0, Workers: 4
[53.143s][debug][gc,phases      ] GC(12)   StringDedup Requests1 Weak     Min:  0.0, Avg:  0.0, Max:  0.0, Diff:  0.0, Sum:  0.0, Workers: 4
[53.143s][debug][gc,phases      ] GC(12)     Dead                           Min: 0, Avg:  0.0, Max: 0, Diff: 0, Sum: 0, Workers: 4
[53.143s][debug][gc,phases      ] GC(12)     Total                          Min: 0, Avg:  0.0, Max: 0, Diff: 0, Sum: 0, Workers: 4
[53.143s][debug][gc,phases      ] GC(12)   Weak JFR Old Object Samples    Min:  0.0, Avg:  0.0, Max:  0.0, Diff:  0.0, Sum:  0.0, Workers: 4
[53.143s][debug][gc,phases      ] GC(12)     Dead                           Min: 0, Avg:  0.0, Max: 0, Diff: 0, Sum: 0, Workers: 4
[53.143s][debug][gc,phases      ] GC(12)     Total                          Min: 0, Avg:  0.0, Max: 0, Diff: 0, Sum: 0, Workers: 4
[53.143s][debug][gc,phases      ] GC(12) Weak Processing 0.550ms
[53.144s][debug][gc,phases      ] GC(12) ClassLoaderData 0.152ms
[53.144s][debug][gc,phases      ] GC(12) Trigger cleanups 0.000ms
[53.191s][debug][gc,phases      ] GC(12) Purge Unlinked NMethods 1.492ms
[53.191s][debug][gc,phases      ] GC(12) Unregister NMethods 0.030ms
[53.191s][debug][gc,phases      ] GC(12) Free Code Blobs 0.190ms
[53.191s][debug][gc,phases      ] GC(12) Class Unloading 47.724ms
[53.191s][debug][gc,phases      ] GC(12) Report Object Count 0.001ms
[53.191s][info ][gc,phases      ] GC(12) Marking Phase 149.830ms
[53.191s][info ][gc,phases,start] GC(12) Summary Phase
[53.191s][info ][gc,phases      ] GC(12) Summary Phase 0.009ms
[53.191s][info ][gc,phases,start] GC(12) Adjust Roots
[53.219s][info ][gc,phases      ] GC(12) Adjust Roots 27.586ms
[53.219s][info ][gc,phases,start] GC(12) Compaction Phase
[53.499s][info ][gc,phases      ] GC(12) Compaction Phase 280.213ms
[53.499s][info ][gc,phases,start] GC(12) Post Compact
[53.500s][debug][gc,phases      ] GC(12) Purge Class Loader Data 0.448ms
[53.501s][info ][gc,phases      ] GC(12) Post Compact 1.871ms
[53.501s][info ][gc,heap        ] GC(12) PSYoungGen: 82120K(1841664K)->78971K(1841664K) Eden: 0K(1578496K)->0K(1578496K) From: 82120K(263168K)->78971K(263168K)
[53.501s][info ][gc,heap        ] GC(12) ParOldGen: 153661K(154112K)->154052K(154112K)
[53.501s][info ][gc,metaspace   ] GC(12) Metaspace: 109754K(111104K)->109754K(111104K) NonClass: 93083K(93824K)->93083K(93824K) Class: 16671K(17280K)->16671K(17280K)
[53.501s][info ][gc             ] GC(12) Pause Full (CodeCache GC Threshold) 230M->227M(1949M) 459.649ms
[53.501s][info ][gc,cpu         ] GC(12) User=1.37s Sys=0.02s Real=0.46s
[53.502s][info ][safepoint      ] Safepoint "ParallelGCSystemGC", Time since last: 801738043 ns, Reaching safepoint: 86004 ns, Cleanup: 87604 ns, At safepoint: 553950375 ns, Total: 554123983 ns
[54.503s][info ][safepoint      ] Safepoint "Cleanup", Time since last: 1000106163 ns, Reaching safepoint: 83905 ns, Cleanup: 131606 ns, At safepoint: 7101 ns, Total: 222612 ns
[55.903s][info ][safepoint      ] Safepoint "Cleanup", Time since last: 1399871734 ns, Reaching safepoint: 83505 ns, Cleanup: 93804 ns, At safepoint: 10901 ns, Total: 188210 ns
[56.903s][info ][safepoint      ] Safepoint "Cleanup", Time since last: 1000112464 ns, Reaching safepoint: 80904 ns, Cleanup: 68903 ns, At safepoint: 6601 ns, Total: 156408 ns
[57.903s][info ][safepoint      ] Safepoint "Cleanup", Time since last: 1000124464 ns, Reaching safepoint: 87104 ns, Cleanup: 63303 ns, At safepoint: 9401 ns, Total: 159808 ns
[58.903s][info ][safepoint      ] Safepoint "Cleanup", Time since last: 1000128164 ns, Reaching safepoint: 79004 ns, Cleanup: 61804 ns, At safepoint: 7000 ns, Total: 147808 ns
[59.904s][info ][safepoint      ] Safepoint "Cleanup", Time since last: 1000131965 ns, Reaching safepoint: 78704 ns, Cleanup: 29201 ns, At safepoint: 5900 ns, Total: 113805 ns
[61.110s][info ][safepoint      ] Safepoint "Cleanup", Time since last: 1205733239 ns, Reaching safepoint: 5400 ns, Cleanup: 80205 ns, At safepoint: 2600 ns, Total: 88205 ns
[62.110s][info ][safepoint      ] Safepoint "Cleanup", Time since last: 1000112767 ns, Reaching safepoint: 6100 ns, Cleanup: 72504 ns, At safepoint: 2200 ns, Total: 80804 ns
[63.110s][info ][safepoint      ] Safepoint "Cleanup", Time since last: 1000123137 ns, Reaching safepoint: 6600 ns, Cleanup: 13501 ns, At safepoint: 2700 ns, Total: 22801 ns
[64.110s][info ][safepoint      ] Safepoint "Cleanup", Time since last: 1000109837 ns, Reaching safepoint: 6400 ns, Cleanup: 33702 ns, At safepoint: 2200 ns, Total: 42302 ns
[65.110s][info ][safepoint      ] Safepoint "Cleanup", Time since last: 1000106836 ns, Reaching safepoint: 6101 ns, Cleanup: 44602 ns, At safepoint: 2200 ns, Total: 52903 ns
[66.110s][info ][safepoint      ] Safepoint "Cleanup", Time since last: 1000108136 ns, Reaching safepoint: 6901 ns, Cleanup: 29401 ns, At safepoint: 2500 ns, Total: 38802 ns
[67.110s][info ][safepoint      ] Safepoint "Cleanup", Time since last: 1000110637 ns, Reaching safepoint: 5800 ns, Cleanup: 62903 ns, At safepoint: 3201 ns, Total: 71904 ns
[68.111s][info ][safepoint      ] Safepoint "Cleanup", Time since last: 1000109536 ns, Reaching safepoint: 6500 ns, Cleanup: 31102 ns, At safepoint: 2000 ns, Total: 39602 ns
[69.111s][info ][safepoint      ] Safepoint "Cleanup", Time since last: 1000107136 ns, Reaching safepoint: 5301 ns, Cleanup: 51902 ns, At safepoint: 2600 ns, Total: 59803 ns
[70.111s][info ][safepoint      ] Safepoint "Cleanup", Time since last: 1000111377 ns, Reaching safepoint: 6200 ns, Cleanup: 72604 ns, At safepoint: 2400 ns, Total: 81204 ns
[71.111s][info ][safepoint      ] Safepoint "Cleanup", Time since last: 1000109883 ns, Reaching safepoint: 6500 ns, Cleanup: 33502 ns, At safepoint: 2300 ns, Total: 42302 ns
[71.245s][info ][gc,start       ] GC(13) Pause Young (Allocation Failure)
[71.311s][debug][gc,phases      ] GC(13) Scavenge 65.242ms
[71.311s][debug][gc,ref         ] GC(13) ReferenceProcessor::execute queues: 1, RefProcThreadModel::Single, marks_oops_alive: false
[71.311s][debug][gc,ref         ] GC(13) Skipped KeepAliveFinalRefsPhase of Reference Processing: no references
[71.311s][debug][gc,ref         ] GC(13) ReferenceProcessor::execute queues: 1, RefProcThreadModel::Single, marks_oops_alive: false
[71.311s][debug][gc,phases      ] GC(13) Reference Processing 0.121ms
[71.311s][debug][gc,phases      ] GC(13)   VM Weak                        Min:  0.0, Avg:  0.0, Max:  0.0, Diff:  0.0, Sum:  0.0, Workers: 4
[71.311s][debug][gc,phases      ] GC(13)     Dead                           Min: 0, Avg:  0.0, Max: 0, Diff: 0, Sum: 0, Workers: 4
[71.311s][debug][gc,phases      ] GC(13)     Total                          Min: 0, Avg: 249.8, Max: 615, Diff: 615, Sum: 999, Workers: 4
[71.311s][debug][gc,phases      ] GC(13)   ObjectSynchronizer Weak        Min:  0.0, Avg:  0.0, Max:  0.0, Diff:  0.0, Sum:  0.0, Workers: 4
[71.311s][debug][gc,phases      ] GC(13)     Dead                           Min: 0, Avg:  0.0, Max: 0, Diff: 0, Sum: 0, Workers: 4
[71.311s][debug][gc,phases      ] GC(13)     Total                          Min: 0, Avg:  1.0, Max: 4, Diff: 4, Sum: 4, Workers: 4
[71.311s][debug][gc,phases      ] GC(13)   JVMTI Tag Weak OopStorage      Min:  0.0, Avg:  0.0, Max:  0.0, Diff:  0.0, Sum:  0.0, Workers: 4
[71.311s][debug][gc,phases      ] GC(13)     Dead                           Min: 0, Avg:  0.0, Max: 0, Diff: 0, Sum: 0, Workers: 4
[71.311s][debug][gc,phases      ] GC(13)     Total                          Min: 0, Avg:  0.0, Max: 0, Diff: 0, Sum: 0, Workers: 4
[71.311s][debug][gc,phases      ] GC(13)   StringTable Weak               Min:  0.1, Avg:  0.1, Max:  0.2, Diff:  0.0, Sum:  0.6, Workers: 4
[71.311s][debug][gc,phases      ] GC(13)     Dead                           Min: 0, Avg:  0.8, Max: 2, Diff: 2, Sum: 3, Workers: 4
[71.311s][debug][gc,phases      ] GC(13)     Total                          Min: 5365, Avg: 12141.0, Max: 15103, Diff: 9738, Sum: 48564, Workers: 4
[71.311s][debug][gc,phases      ] GC(13)   ResolvedMethodTable Weak       Min:  0.1, Avg:  0.1, Max:  0.1, Diff:  0.0, Sum:  0.2, Workers: 4
[71.311s][debug][gc,phases      ] GC(13)     Dead                           Min: 0, Avg:  3.8, Max: 8, Diff: 8, Sum: 15, Workers: 4
[71.311s][debug][gc,phases      ] GC(13)     Total                          Min: 3742, Avg: 3963.2, Max: 4178, Diff: 436, Sum: 15853, Workers: 4
[71.311s][debug][gc,phases      ] GC(13)   JNI Weak                       Min:  0.0, Avg:  0.0, Max:  0.0, Diff:  0.0, Sum:  0.0, Workers: 4
[71.311s][debug][gc,phases      ] GC(13)     Dead                           Min: 0, Avg:  0.0, Max: 0, Diff: 0, Sum: 0, Workers: 4
[71.311s][debug][gc,phases      ] GC(13)     Total                          Min: 0, Avg: 13.0, Max: 52, Diff: 52, Sum: 52, Workers: 4
[71.311s][debug][gc,phases      ] GC(13)   StringDedup Table Weak         Min:  0.0, Avg:  0.0, Max:  0.0, Diff:  0.0, Sum:  0.0, Workers: 4
[71.311s][debug][gc,phases      ] GC(13)     Dead                           Min: 0, Avg:  0.0, Max: 0, Diff: 0, Sum: 0, Workers: 4
[71.311s][debug][gc,phases      ] GC(13)     Total                          Min: 0, Avg:  0.0, Max: 0, Diff: 0, Sum: 0, Workers: 4
[71.311s][debug][gc,phases      ] GC(13)   StringDedup Requests0 Weak     Min:  0.0, Avg:  0.0, Max:  0.0, Diff:  0.0, Sum:  0.0, Workers: 4
[71.311s][debug][gc,phases      ] GC(13)     Dead                           Min: 0, Avg:  0.0, Max: 0, Diff: 0, Sum: 0, Workers: 4
[71.311s][debug][gc,phases      ] GC(13)     Total                          Min: 0, Avg:  0.0, Max: 0, Diff: 0, Sum: 0, Workers: 4
[71.311s][debug][gc,phases      ] GC(13)   StringDedup Requests1 Weak     Min:  0.0, Avg:  0.0, Max:  0.0, Diff:  0.0, Sum:  0.0, Workers: 4
[71.311s][debug][gc,phases      ] GC(13)     Dead                           Min: 0, Avg:  0.0, Max: 0, Diff: 0, Sum: 0, Workers: 4
[71.311s][debug][gc,phases      ] GC(13)     Total                          Min: 0, Avg:  0.0, Max: 0, Diff: 0, Sum: 0, Workers: 4
[71.311s][debug][gc,phases      ] GC(13)   Weak JFR Old Object Samples    Min:  0.0, Avg:  0.0, Max:  0.0, Diff:  0.0, Sum:  0.0, Workers: 4
[71.311s][debug][gc,phases      ] GC(13)     Dead                           Min: 0, Avg:  0.0, Max: 0, Diff: 0, Sum: 0, Workers: 4
[71.311s][debug][gc,phases      ] GC(13)     Total                          Min: 0, Avg:  0.0, Max: 0, Diff: 0, Sum: 0, Workers: 4
[71.311s][debug][gc,phases      ] GC(13) Weak Processing 0.428ms
[71.311s][debug][gc,age         ] GC(13) Desired survivor size 265814016 bytes, new threshold 2 (max threshold 15)
[71.311s][info ][gc,heap        ] GC(13) PSYoungGen: 1657467K(1841664K)->17696K(1833984K) Eden: 1578496K(1578496K)->0K(1578496K) From: 78971K(263168K)->17696K(255488K)
[71.311s][info ][gc,heap        ] GC(13) ParOldGen: 154052K(154112K)->229165K(229376K)
[71.311s][info ][gc,metaspace   ] GC(13) Metaspace: 110099K(111424K)->110099K(111424K) NonClass: 93396K(94144K)->93396K(94144K) Class: 16702K(17280K)->16702K(17280K)
[71.311s][info ][gc             ] GC(13) Pause Young (Allocation Failure) 1769M->241M(2015M) 65.928ms
[71.311s][info ][gc,cpu         ] GC(13) User=0.18s Sys=0.05s Real=0.06s
[71.311s][info ][safepoint      ] Safepoint "ParallelGCFailedAllocation", Time since last: 134024381 ns, Reaching safepoint: 7900 ns, Cleanup: 11801 ns, At safepoint: 66001936 ns, Total: 66021637 ns
[72.311s][info ][safepoint      ] Safepoint "Cleanup", Time since last: 1000089282 ns, Reaching safepoint: 6300 ns, Cleanup: 21001 ns, At safepoint: 2100 ns, Total: 29401 ns
[73.311s][info ][safepoint      ] Safepoint "Cleanup", Time since last: 1000125484 ns, Reaching safepoint: 6001 ns, Cleanup: 21401 ns, At safepoint: 17701 ns, Total: 45103 ns
[74.312s][info ][safepoint      ] Safepoint "Cleanup", Time since last: 1000106882 ns, Reaching safepoint: 6901 ns, Cleanup: 30901 ns, At safepoint: 2401 ns, Total: 40203 ns
[75.312s][info ][safepoint      ] Safepoint "Cleanup", Time since last: 1000108982 ns, Reaching safepoint: 6101 ns, Cleanup: 46702 ns, At safepoint: 2200 ns, Total: 55003 ns
[76.312s][info ][safepoint      ] Safepoint "Cleanup", Time since last: 1000108783 ns, Reaching safepoint: 5901 ns, Cleanup: 45902 ns, At safepoint: 2100 ns, Total: 53903 ns
[77.895s][info ][safepoint      ] Safepoint "Cleanup", Time since last: 1582784397 ns, Reaching safepoint: 79744 ns, Cleanup: 132673 ns, At safepoint: 6903 ns, Total: 219320 ns
[78.895s][info ][safepoint      ] Safepoint "Cleanup", Time since last: 1000135774 ns, Reaching safepoint: 79444 ns, Cleanup: 41923 ns, At safepoint: 6804 ns, Total: 128171 ns
[79.895s][info ][safepoint      ] Safepoint "Cleanup", Time since last: 1000115743 ns, Reaching safepoint: 80504 ns, Cleanup: 35502 ns, At safepoint: 7600 ns, Total: 123606 ns
[80.896s][info ][safepoint      ] Safepoint "Cleanup", Time since last: 1000130375 ns, Reaching safepoint: 80104 ns, Cleanup: 17501 ns, At safepoint: 6701 ns, Total: 104306 ns
[81.896s][info ][safepoint      ] Safepoint "Cleanup", Time since last: 1000123275 ns, Reaching safepoint: 87004 ns, Cleanup: 103505 ns, At safepoint: 9201 ns, Total: 199710 ns
[82.896s][info ][safepoint      ] Safepoint "Cleanup", Time since last: 1000163277 ns, Reaching safepoint: 87704 ns, Cleanup: 45102 ns, At safepoint: 8301 ns, Total: 141107 ns
[83.897s][info ][safepoint      ] Safepoint "Cleanup", Time since last: 1000139475 ns, Reaching safepoint: 102706 ns, Cleanup: 15501 ns, At safepoint: 6700 ns, Total: 124907 ns
[84.897s][info ][safepoint      ] Safepoint "Cleanup", Time since last: 1000123675 ns, Reaching safepoint: 83604 ns, Cleanup: 15401 ns, At safepoint: 7200 ns, Total: 106205 ns
[85.897s][info ][safepoint      ] Safepoint "Cleanup", Time since last: 1000135509 ns, Reaching safepoint: 84146 ns, Cleanup: 23413 ns, At safepoint: 6904 ns, Total: 114463 ns
[86.897s][info ][safepoint      ] Safepoint "Cleanup", Time since last: 1000121598 ns, Reaching safepoint: 80205 ns, Cleanup: 11001 ns, At safepoint: 6101 ns, Total: 97307 ns
[87.898s][info ][safepoint      ] Safepoint "Cleanup", Time since last: 1000110379 ns, Reaching safepoint: 79005 ns, Cleanup: 23702 ns, At safepoint: 5700 ns, Total: 108407 ns
[88.898s][info ][safepoint      ] Safepoint "Cleanup", Time since last: 1000116379 ns, Reaching safepoint: 79206 ns, Cleanup: 49303 ns, At safepoint: 6901 ns, Total: 135410 ns
[89.898s][info ][safepoint      ] Safepoint "Cleanup", Time since last: 1000107879 ns, Reaching safepoint: 79005 ns, Cleanup: 38203 ns, At safepoint: 8300 ns, Total: 125508 ns
[90.898s][info ][safepoint      ] Safepoint "Cleanup", Time since last: 1000110779 ns, Reaching safepoint: 79906 ns, Cleanup: 13401 ns, At safepoint: 5900 ns, Total: 99207 ns
[91.898s][info ][safepoint      ] Safepoint "Cleanup", Time since last: 1000115979 ns, Reaching safepoint: 79506 ns, Cleanup: 13301 ns, At safepoint: 6900 ns, Total: 99707 ns
[92.899s][info ][safepoint      ] Safepoint "Cleanup", Time since last: 1000121880 ns, Reaching safepoint: 85906 ns, Cleanup: 13901 ns, At safepoint: 9501 ns, Total: 109308 ns
[93.899s][info ][safepoint      ] Safepoint "Cleanup", Time since last: 1000118009 ns, Reaching safepoint: 77914 ns, Cleanup: 6702 ns, At safepoint: 6101 ns, Total: 90717 ns
[94.899s][info ][safepoint      ] Safepoint "Cleanup", Time since last: 1000118167 ns, Reaching safepoint: 78515 ns, Cleanup: 12002 ns, At safepoint: 6701 ns, Total: 97218 ns
[95.899s][info ][safepoint      ] Safepoint "Cleanup", Time since last: 1000126398 ns, Reaching safepoint: 80007 ns, Cleanup: 15102 ns, At safepoint: 7000 ns, Total: 102109 ns
[96.900s][info ][safepoint      ] Safepoint "Cleanup", Time since last: 1000135551 ns, Reaching safepoint: 81407 ns, Cleanup: 21402 ns, At safepoint: 8101 ns, Total: 110910 ns
[97.240s][info ][gc,start       ] GC(14) Pause Young (Allocation Failure)
[97.250s][debug][gc,phases      ] GC(14) Scavenge 10.038ms
[97.250s][debug][gc,ref         ] GC(14) ReferenceProcessor::execute queues: 1, RefProcThreadModel::Single, marks_oops_alive: false
[97.250s][debug][gc,ref         ] GC(14) Skipped KeepAliveFinalRefsPhase of Reference Processing: no references
[97.250s][debug][gc,ref         ] GC(14) ReferenceProcessor::execute queues: 1, RefProcThreadModel::Single, marks_oops_alive: false
[97.250s][debug][gc,phases      ] GC(14) Reference Processing 0.123ms
[97.250s][debug][gc,phases      ] GC(14)   VM Weak                        Min:  0.0, Avg:  0.0, Max:  0.0, Diff:  0.0, Sum:  0.0, Workers: 4
[97.250s][debug][gc,phases      ] GC(14)     Dead                           Min: 0, Avg:  0.0, Max: 0, Diff: 0, Sum: 0, Workers: 4
[97.250s][debug][gc,phases      ] GC(14)     Total                          Min: 0, Avg: 250.0, Max: 616, Diff: 616, Sum: 1000, Workers: 4
[97.250s][debug][gc,phases      ] GC(14)   ObjectSynchronizer Weak        Min:  0.0, Avg:  0.0, Max:  0.0, Diff:  0.0, Sum:  0.0, Workers: 4
[97.251s][debug][gc,phases      ] GC(14)     Dead                           Min: 0, Avg:  0.0, Max: 0, Diff: 0, Sum: 0, Workers: 4
[97.251s][debug][gc,phases      ] GC(14)     Total                          Min: 0, Avg:  1.0, Max: 4, Diff: 4, Sum: 4, Workers: 4
[97.251s][debug][gc,phases      ] GC(14)   JVMTI Tag Weak OopStorage      Min:  0.0, Avg:  0.0, Max:  0.0, Diff:  0.0, Sum:  0.0, Workers: 4
[97.251s][debug][gc,phases      ] GC(14)     Dead                           Min: 0, Avg:  0.0, Max: 0, Diff: 0, Sum: 0, Workers: 4
[97.251s][debug][gc,phases      ] GC(14)     Total                          Min: 0, Avg:  0.0, Max: 0, Diff: 0, Sum: 0, Workers: 4
[97.251s][debug][gc,phases      ] GC(14)   StringTable Weak               Min:  0.0, Avg:  0.1, Max:  0.2, Diff:  0.2, Sum:  0.5, Workers: 4
[97.251s][debug][gc,phases      ] GC(14)     Dead                           Min: 0, Avg:  0.5, Max: 2, Diff: 2, Sum: 2, Workers: 4
[97.251s][debug][gc,phases      ] GC(14)     Total                          Min: 0, Avg: 12165.8, Max: 16599, Diff: 16599, Sum: 48663, Workers: 4
[97.251s][debug][gc,phases      ] GC(14)   ResolvedMethodTable Weak       Min:  0.0, Avg:  0.0, Max:  0.1, Diff:  0.1, Sum:  0.2, Workers: 4
[97.251s][debug][gc,phases      ] GC(14)     Dead                           Min: 0, Avg:  8.0, Max: 17, Diff: 17, Sum: 32, Workers: 4
[97.251s][debug][gc,phases      ] GC(14)     Total                          Min: 0, Avg: 3972.0, Max: 5603, Diff: 5603, Sum: 15888, Workers: 4
[97.251s][debug][gc,phases      ] GC(14)   JNI Weak                       Min:  0.0, Avg:  0.0, Max:  0.0, Diff:  0.0, Sum:  0.0, Workers: 4
[97.251s][debug][gc,phases      ] GC(14)     Dead                           Min: 0, Avg:  0.0, Max: 0, Diff: 0, Sum: 0, Workers: 4
[97.251s][debug][gc,phases      ] GC(14)     Total                          Min: 0, Avg: 13.0, Max: 52, Diff: 52, Sum: 52, Workers: 4
[97.251s][debug][gc,phases      ] GC(14)   StringDedup Table Weak         Min:  0.0, Avg:  0.0, Max:  0.0, Diff:  0.0, Sum:  0.0, Workers: 4
[97.251s][debug][gc,phases      ] GC(14)     Dead                           Min: 0, Avg:  0.0, Max: 0, Diff: 0, Sum: 0, Workers: 4
[97.251s][debug][gc,phases      ] GC(14)     Total                          Min: 0, Avg:  0.0, Max: 0, Diff: 0, Sum: 0, Workers: 4
[97.251s][debug][gc,phases      ] GC(14)   StringDedup Requests0 Weak     Min:  0.0, Avg:  0.0, Max:  0.0, Diff:  0.0, Sum:  0.0, Workers: 4
[97.251s][debug][gc,phases      ] GC(14)     Dead                           Min: 0, Avg:  0.0, Max: 0, Diff: 0, Sum: 0, Workers: 4
[97.251s][debug][gc,phases      ] GC(14)     Total                          Min: 0, Avg:  0.0, Max: 0, Diff: 0, Sum: 0, Workers: 4
[97.251s][debug][gc,phases      ] GC(14)   StringDedup Requests1 Weak     Min:  0.0, Avg:  0.0, Max:  0.0, Diff:  0.0, Sum:  0.0, Workers: 4
[97.251s][debug][gc,phases      ] GC(14)     Dead                           Min: 0, Avg:  0.0, Max: 0, Diff: 0, Sum: 0, Workers: 4
[97.251s][debug][gc,phases      ] GC(14)     Total                          Min: 0, Avg:  0.0, Max: 0, Diff: 0, Sum: 0, Workers: 4
[97.251s][debug][gc,phases      ] GC(14)   Weak JFR Old Object Samples    Min:  0.0, Avg:  0.0, Max:  0.0, Diff:  0.0, Sum:  0.0, Workers: 4
[97.251s][debug][gc,phases      ] GC(14)     Dead                           Min: 0, Avg:  0.0, Max: 0, Diff: 0, Sum: 0, Workers: 4
[97.251s][debug][gc,phases      ] GC(14)     Total                          Min: 0, Avg:  0.0, Max: 0, Diff: 0, Sum: 0, Workers: 4
[97.251s][debug][gc,phases      ] GC(14) Weak Processing 0.431ms
[97.251s][debug][gc,age         ] GC(14) Desired survivor size 266862592 bytes, new threshold 1 (max threshold 15)
[97.251s][info ][gc,heap        ] GC(14) PSYoungGen: 1596192K(1833984K)->15120K(1835520K) Eden: 1578496K(1578496K)->0K(1575936K) From: 17696K(255488K)->15120K(259584K)
[97.251s][info ][gc,heap        ] GC(14) ParOldGen: 229165K(229376K)->234640K(235008K)
[97.251s][info ][gc,metaspace   ] GC(14) Metaspace: 110327K(111744K)->110327K(111744K) NonClass: 93607K(94400K)->93607K(94400K) Class: 16720K(17344K)->16720K(17344K)
[97.251s][info ][gc             ] GC(14) Pause Young (Allocation Failure) 1782M->243M(2022M) 10.731ms
[97.251s][info ][gc,cpu         ] GC(14) User=0.03s Sys=0.01s Real=0.01s
[97.251s][info ][safepoint      ] Safepoint "ParallelGCFailedAllocation", Time since last: 340218418 ns, Reaching safepoint: 89108 ns, Cleanup: 17801 ns, At safepoint: 10812851 ns, Total: 10919760 ns
[98.251s][info ][safepoint      ] Safepoint "Cleanup", Time since last: 1000084046 ns, Reaching safepoint: 5401 ns, Cleanup: 17601 ns, At safepoint: 2201 ns, Total: 25203 ns
[99.251s][info ][safepoint      ] Safepoint "Cleanup", Time since last: 1000113248 ns, Reaching safepoint: 7101 ns, Cleanup: 10101 ns, At safepoint: 2000 ns, Total: 19202 ns
[100.251s][info ][safepoint      ] Safepoint "Cleanup", Time since last: 1000109949 ns, Reaching safepoint: 6100 ns, Cleanup: 9801 ns, At safepoint: 2100 ns, Total: 18001 ns
[101.251s][info ][safepoint      ] Safepoint "Cleanup", Time since last: 1000119649 ns, Reaching safepoint: 14402 ns, Cleanup: 21502 ns, At safepoint: 2800 ns, Total: 38704 ns
[102.251s][info ][safepoint      ] Safepoint "Cleanup", Time since last: 1000102672 ns, Reaching safepoint: 6901 ns, Cleanup: 16802 ns, At safepoint: 2900 ns, Total: 26603 ns
[103.252s][info ][safepoint      ] Safepoint "Cleanup", Time since last: 1000118630 ns, Reaching safepoint: 17702 ns, Cleanup: 29302 ns, At safepoint: 2500 ns, Total: 49504 ns
[104.252s][info ][safepoint      ] Safepoint "Cleanup", Time since last: 1000111130 ns, Reaching safepoint: 6100 ns, Cleanup: 13602 ns, At safepoint: 2500 ns, Total: 22202 ns
[105.252s][info ][safepoint      ] Safepoint "Cleanup", Time since last: 1000115930 ns, Reaching safepoint: 5600 ns, Cleanup: 46804 ns, At safepoint: 2501 ns, Total: 54905 ns
[106.252s][info ][safepoint      ] Safepoint "Cleanup", Time since last: 1000137231 ns, Reaching safepoint: 86408 ns, Cleanup: 60106 ns, At safepoint: 10300 ns, Total: 156814 ns
[107.252s][info ][safepoint      ] Safepoint "Cleanup", Time since last: 1000120631 ns, Reaching safepoint: 6700 ns, Cleanup: 29003 ns, At safepoint: 3200 ns, Total: 38903 ns
[108.252s][info ][safepoint      ] Safepoint "Cleanup", Time since last: 1000136532 ns, Reaching safepoint: 7201 ns, Cleanup: 15001 ns, At safepoint: 2500 ns, Total: 24702 ns
[109.253s][info ][safepoint      ] Safepoint "Cleanup", Time since last: 1000128731 ns, Reaching safepoint: 81308 ns, Cleanup: 22702 ns, At safepoint: 8600 ns, Total: 112610 ns
[110.253s][info ][safepoint      ] Safepoint "Cleanup", Time since last: 1000106680 ns, Reaching safepoint: 7101 ns, Cleanup: 40604 ns, At safepoint: 2400 ns, Total: 50105 ns
[111.253s][info ][safepoint      ] Safepoint "Cleanup", Time since last: 1000121505 ns, Reaching safepoint: 6300 ns, Cleanup: 19802 ns, At safepoint: 2000 ns, Total: 28102 ns
[112.253s][info ][safepoint      ] Safepoint "Cleanup", Time since last: 1000110604 ns, Reaching safepoint: 6601 ns, Cleanup: 12001 ns, At safepoint: 3000 ns, Total: 21602 ns
[113.253s][info ][safepoint      ] Safepoint "Cleanup", Time since last: 1000114004 ns, Reaching safepoint: 6701 ns, Cleanup: 12101 ns, At safepoint: 2800 ns, Total: 21602 ns
[114.253s][info ][safepoint      ] Safepoint "Cleanup", Time since last: 1000115705 ns, Reaching safepoint: 5400 ns, Cleanup: 22802 ns, At safepoint: 2101 ns, Total: 30303 ns
[115.254s][info ][safepoint      ] Safepoint "Cleanup", Time since last: 1000109603 ns, Reaching safepoint: 6601 ns, Cleanup: 9901 ns, At safepoint: 2300 ns, Total: 18802 ns
[116.254s][info ][safepoint      ] Safepoint "Cleanup", Time since last: 1000120105 ns, Reaching safepoint: 6701 ns, Cleanup: 13801 ns, At safepoint: 2500 ns, Total: 23002 ns
[117.254s][info ][safepoint      ] Safepoint "Cleanup", Time since last: 1000129806 ns, Reaching safepoint: 6900 ns, Cleanup: 11401 ns, At safepoint: 2801 ns, Total: 21102 ns
[118.254s][info ][safepoint      ] Safepoint "Cleanup", Time since last: 1000112552 ns, Reaching safepoint: 7201 ns, Cleanup: 10401 ns, At safepoint: 2700 ns, Total: 20302 ns
[119.254s][info ][safepoint      ] Safepoint "Cleanup", Time since last: 1000111384 ns, Reaching safepoint: 7100 ns, Cleanup: 9801 ns, At safepoint: 2600 ns, Total: 19501 ns
[121.130s][info ][safepoint      ] Safepoint "Cleanup", Time since last: 1875768395 ns, Reaching safepoint: 7300 ns, Cleanup: 42404 ns, At safepoint: 2600 ns, Total: 52304 ns
[122.130s][info ][safepoint      ] Safepoint "Cleanup", Time since last: 1000133786 ns, Reaching safepoint: 10301 ns, Cleanup: 37903 ns, At safepoint: 2901 ns, Total: 51105 ns
[122.857s][info ][safepoint      ] Safepoint "ParallelGCFailedAllocation", Time since last: 727032187 ns, Reaching safepoint: 5500 ns, Cleanup: 15601 ns, At safepoint: 6101 ns, Total: 27202 ns
[122.857s][info ][gc,start       ] GC(15) Pause Young (GCLocker Initiated GC)
[122.869s][debug][gc,phases      ] GC(15) Scavenge 11.462ms
[122.869s][debug][gc,ref         ] GC(15) ReferenceProcessor::execute queues: 1, RefProcThreadModel::Single, marks_oops_alive: false
[122.869s][debug][gc,ref         ] GC(15) Skipped KeepAliveFinalRefsPhase of Reference Processing: no references
[122.869s][debug][gc,ref         ] GC(15) ReferenceProcessor::execute queues: 1, RefProcThreadModel::Single, marks_oops_alive: false
[122.869s][debug][gc,phases      ] GC(15) Reference Processing 0.121ms
[122.869s][debug][gc,phases      ] GC(15)   VM Weak                        Min:  0.0, Avg:  0.0, Max:  0.0, Diff:  0.0, Sum:  0.0, Workers: 4
[122.869s][debug][gc,phases      ] GC(15)     Dead                           Min: 0, Avg:  0.0, Max: 0, Diff: 0, Sum: 0, Workers: 4
[122.869s][debug][gc,phases      ] GC(15)     Total                          Min: 0, Avg: 250.0, Max: 832, Diff: 832, Sum: 1000, Workers: 4
[122.869s][debug][gc,phases      ] GC(15)   ObjectSynchronizer Weak        Min:  0.0, Avg:  0.0, Max:  0.0, Diff:  0.0, Sum:  0.0, Workers: 4
[122.869s][debug][gc,phases      ] GC(15)     Dead                           Min: 0, Avg:  0.0, Max: 0, Diff: 0, Sum: 0, Workers: 4
[122.869s][debug][gc,phases      ] GC(15)     Total                          Min: 0, Avg:  1.0, Max: 4, Diff: 4, Sum: 4, Workers: 4
[122.869s][debug][gc,phases      ] GC(15)   JVMTI Tag Weak OopStorage      Min:  0.0, Avg:  0.0, Max:  0.0, Diff:  0.0, Sum:  0.0, Workers: 4
[122.869s][debug][gc,phases      ] GC(15)     Dead                           Min: 0, Avg:  0.0, Max: 0, Diff: 0, Sum: 0, Workers: 4
[122.869s][debug][gc,phases      ] GC(15)     Total                          Min: 0, Avg:  0.0, Max: 0, Diff: 0, Sum: 0, Workers: 4
[122.869s][debug][gc,phases      ] GC(15)   StringTable Weak               Min:  0.0, Avg:  0.1, Max:  0.2, Diff:  0.2, Sum:  0.5, Workers: 4
[122.869s][debug][gc,phases      ] GC(15)     Dead                           Min: 0, Avg:  0.2, Max: 1, Diff: 1, Sum: 1, Workers: 4
[122.869s][debug][gc,phases      ] GC(15)     Total                          Min: 0, Avg: 12186.0, Max: 17576, Diff: 17576, Sum: 48744, Workers: 4
[122.869s][debug][gc,phases      ] GC(15)   ResolvedMethodTable Weak       Min:  0.0, Avg:  0.0, Max:  0.1, Diff:  0.1, Sum:  0.2, Workers: 4
[122.869s][debug][gc,phases      ] GC(15)     Dead                           Min: 0, Avg:  6.5, Max: 26, Diff: 26, Sum: 26, Workers: 4
[122.869s][debug][gc,phases      ] GC(15)     Total                          Min: 0, Avg: 3976.0, Max: 5774, Diff: 5774, Sum: 15904, Workers: 4
[122.869s][debug][gc,phases      ] GC(15)   JNI Weak                       Min:  0.0, Avg:  0.0, Max:  0.0, Diff:  0.0, Sum:  0.0, Workers: 4
[122.869s][debug][gc,phases      ] GC(15)     Dead                           Min: 0, Avg:  0.0, Max: 0, Diff: 0, Sum: 0, Workers: 4
[122.869s][debug][gc,phases      ] GC(15)     Total                          Min: 0, Avg: 13.0, Max: 52, Diff: 52, Sum: 52, Workers: 4
[122.869s][debug][gc,phases      ] GC(15)   StringDedup Table Weak         Min:  0.0, Avg:  0.0, Max:  0.0, Diff:  0.0, Sum:  0.0, Workers: 4
[122.869s][debug][gc,phases      ] GC(15)     Dead                           Min: 0, Avg:  0.0, Max: 0, Diff: 0, Sum: 0, Workers: 4
[122.869s][debug][gc,phases      ] GC(15)     Total                          Min: 0, Avg:  0.0, Max: 0, Diff: 0, Sum: 0, Workers: 4
[122.869s][debug][gc,phases      ] GC(15)   StringDedup Requests0 Weak     Min:  0.0, Avg:  0.0, Max:  0.0, Diff:  0.0, Sum:  0.0, Workers: 4
[122.869s][debug][gc,phases      ] GC(15)     Dead                           Min: 0, Avg:  0.0, Max: 0, Diff: 0, Sum: 0, Workers: 4
[122.869s][debug][gc,phases      ] GC(15)     Total                          Min: 0, Avg:  0.0, Max: 0, Diff: 0, Sum: 0, Workers: 4
[122.869s][debug][gc,phases      ] GC(15)   StringDedup Requests1 Weak     Min:  0.0, Avg:  0.0, Max:  0.0, Diff:  0.0, Sum:  0.0, Workers: 4
[122.869s][debug][gc,phases      ] GC(15)     Dead                           Min: 0, Avg:  0.0, Max: 0, Diff: 0, Sum: 0, Workers: 4
[122.869s][debug][gc,phases      ] GC(15)     Total                          Min: 0, Avg:  0.0, Max: 0, Diff: 0, Sum: 0, Workers: 4
[122.869s][debug][gc,phases      ] GC(15)   Weak JFR Old Object Samples    Min:  0.0, Avg:  0.0, Max:  0.0, Diff:  0.0, Sum:  0.0, Workers: 4
[122.869s][debug][gc,phases      ] GC(15)     Dead                           Min: 0, Avg:  0.0, Max: 0, Diff: 0, Sum: 0, Workers: 4
[122.869s][debug][gc,phases      ] GC(15)     Total                          Min: 0, Avg:  0.0, Max: 0, Diff: 0, Sum: 0, Workers: 4
[122.869s][debug][gc,phases      ] GC(15) Weak Processing 0.408ms
[122.869s][debug][gc,age         ] GC(15) Desired survivor size 266338304 bytes, new threshold 1 (max threshold 15)
[122.870s][info ][gc,heap        ] GC(15) PSYoungGen: 1591056K(1835520K)->9171K(1836544K) Eden: 1575936K(1575936K)->0K(1575936K) From: 15120K(259584K)->9171K(260608K)
[122.870s][info ][gc,heap        ] GC(15) ParOldGen: 234658K(235008K)->248782K(248832K)
[122.870s][info ][gc,metaspace   ] GC(15) Metaspace: 110422K(111808K)->110422K(111808K) NonClass: 93694K(94464K)->93694K(94464K) Class: 16727K(17344K)->16727K(17344K)
[122.870s][info ][gc             ] GC(15) Pause Young (GCLocker Initiated GC) 1782M->251M(2036M) 12.123ms
[122.870s][info ][gc,cpu         ] GC(15) User=0.04s Sys=0.01s Real=0.01s
[122.870s][info ][safepoint      ] Safepoint "ParallelGCSystemGC", Time since last: 220520 ns, Reaching safepoint: 1300 ns, Cleanup: 700 ns, At safepoint: 12186584 ns, Total: 12188584 ns
[123.870s][info ][safepoint      ] Safepoint "Cleanup", Time since last: 1000092082 ns, Reaching safepoint: 574551 ns, Cleanup: 10601 ns, At safepoint: 9001 ns, Total: 594153 ns
[124.873s][info ][safepoint      ] Safepoint "Cleanup", Time since last: 1002361084 ns, Reaching safepoint: 8101 ns, Cleanup: 37403 ns, At safepoint: 2800 ns, Total: 48304 ns
[125.873s][info ][safepoint      ] Safepoint "Cleanup", Time since last: 1000113119 ns, Reaching safepoint: 6400 ns, Cleanup: 15601 ns, At safepoint: 2401 ns, Total: 24402 ns
[126.873s][info ][safepoint      ] Safepoint "Cleanup", Time since last: 1000123898 ns, Reaching safepoint: 6301 ns, Cleanup: 25502 ns, At safepoint: 2300 ns, Total: 34103 ns
[127.873s][info ][safepoint      ] Safepoint "Cleanup", Time since last: 1000114398 ns, Reaching safepoint: 6301 ns, Cleanup: 70906 ns, At safepoint: 2100 ns, Total: 79307 ns
[128.873s][info ][safepoint      ] Safepoint "Cleanup", Time since last: 1000113498 ns, Reaching safepoint: 6801 ns, Cleanup: 41303 ns, At safepoint: 2400 ns, Total: 50504 ns
[129.873s][info ][safepoint      ] Safepoint "Cleanup", Time since last: 1000105798 ns, Reaching safepoint: 7200 ns, Cleanup: 34803 ns, At safepoint: 2300 ns, Total: 44303 ns
[130.874s][info ][safepoint      ] Safepoint "Cleanup", Time since last: 1000120899 ns, Reaching safepoint: 21602 ns, Cleanup: 35803 ns, At safepoint: 5800 ns, Total: 63205 ns
[131.874s][info ][safepoint      ] Safepoint "Cleanup", Time since last: 1000111398 ns, Reaching safepoint: 6701 ns, Cleanup: 16701 ns, At safepoint: 2200 ns, Total: 25602 ns
[132.874s][info ][safepoint      ] Safepoint "Cleanup", Time since last: 1000107498 ns, Reaching safepoint: 5900 ns, Cleanup: 38504 ns, At safepoint: 2700 ns, Total: 47104 ns
[133.874s][info ][safepoint      ] Safepoint "Cleanup", Time since last: 1000112541 ns, Reaching safepoint: 7401 ns, Cleanup: 45904 ns, At safepoint: 2400 ns, Total: 55705 ns
[134.874s][info ][safepoint      ] Safepoint "Cleanup", Time since last: 1000116363 ns, Reaching safepoint: 8100 ns, Cleanup: 28703 ns, At safepoint: 2500 ns, Total: 39303 ns
[135.401s][info ][safepoint      ] Safepoint "ParallelGCFailedAllocation", Time since last: 525918873 ns, Reaching safepoint: 98809 ns, Cleanup: 24902 ns, At safepoint: 440237 ns, Total: 563948 ns
[135.401s][info ][gc,start       ] GC(16) Pause Young (Allocation Failure)
[135.420s][debug][gc,phases      ] GC(16) Scavenge 19.399ms
[135.421s][debug][gc,ref         ] GC(16) ReferenceProcessor::execute queues: 1, RefProcThreadModel::Single, marks_oops_alive: false
[135.421s][debug][gc,ref         ] GC(16) Skipped KeepAliveFinalRefsPhase of Reference Processing: no references
[135.421s][debug][gc,ref         ] GC(16) ReferenceProcessor::execute queues: 1, RefProcThreadModel::Single, marks_oops_alive: false
[135.421s][debug][gc,phases      ] GC(16) Reference Processing 0.114ms
[135.421s][debug][gc,phases      ] GC(16)   VM Weak                        Min:  0.0, Avg:  0.0, Max:  0.0, Diff:  0.0, Sum:  0.0, Workers: 4
[135.421s][debug][gc,phases      ] GC(16)     Dead                           Min: 0, Avg:  0.0, Max: 0, Diff: 0, Sum: 0, Workers: 4
[135.421s][debug][gc,phases      ] GC(16)     Total                          Min: 0, Avg: 250.2, Max: 576, Diff: 576, Sum: 1001, Workers: 4
[135.421s][debug][gc,phases      ] GC(16)   ObjectSynchronizer Weak        Min:  0.0, Avg:  0.0, Max:  0.0, Diff:  0.0, Sum:  0.0, Workers: 4
[135.421s][debug][gc,phases      ] GC(16)     Dead                           Min: 0, Avg:  0.0, Max: 0, Diff: 0, Sum: 0, Workers: 4
[135.421s][debug][gc,phases      ] GC(16)     Total                          Min: 0, Avg:  1.2, Max: 5, Diff: 5, Sum: 5, Workers: 4
[135.421s][debug][gc,phases      ] GC(16)   JVMTI Tag Weak OopStorage      Min:  0.0, Avg:  0.0, Max:  0.0, Diff:  0.0, Sum:  0.0, Workers: 4
[135.421s][debug][gc,phases      ] GC(16)     Dead                           Min: 0, Avg:  0.0, Max: 0, Diff: 0, Sum: 0, Workers: 4
[135.421s][debug][gc,phases      ] GC(16)     Total                          Min: 0, Avg:  0.0, Max: 0, Diff: 0, Sum: 0, Workers: 4
[135.421s][debug][gc,phases      ] GC(16)   StringTable Weak               Min:  0.0, Avg:  0.1, Max:  0.1, Diff:  0.1, Sum:  0.4, Workers: 4
[135.421s][debug][gc,phases      ] GC(16)     Dead                           Min: 0, Avg:  0.5, Max: 2, Diff: 2, Sum: 2, Workers: 4
[135.421s][debug][gc,phases      ] GC(16)     Total                          Min: 0, Avg: 12192.8, Max: 17411, Diff: 17411, Sum: 48771, Workers: 4
[135.421s][debug][gc,phases      ] GC(16)   ResolvedMethodTable Weak       Min:  0.0, Avg:  0.0, Max:  0.1, Diff:  0.1, Sum:  0.2, Workers: 4
[135.421s][debug][gc,phases      ] GC(16)     Dead                           Min: 0, Avg:  5.0, Max: 19, Diff: 19, Sum: 20, Workers: 4
[135.421s][debug][gc,phases      ] GC(16)     Total                          Min: 0, Avg: 3981.8, Max: 5783, Diff: 5783, Sum: 15927, Workers: 4
[135.421s][debug][gc,phases      ] GC(16)   JNI Weak                       Min:  0.0, Avg:  0.0, Max:  0.0, Diff:  0.0, Sum:  0.0, Workers: 4
[135.421s][debug][gc,phases      ] GC(16)     Dead                           Min: 0, Avg:  0.0, Max: 0, Diff: 0, Sum: 0, Workers: 4
[135.421s][debug][gc,phases      ] GC(16)     Total                          Min: 0, Avg: 13.2, Max: 53, Diff: 53, Sum: 53, Workers: 4
[135.421s][debug][gc,phases      ] GC(16)   StringDedup Table Weak         Min:  0.0, Avg:  0.0, Max:  0.0, Diff:  0.0, Sum:  0.0, Workers: 4
[135.421s][debug][gc,phases      ] GC(16)     Dead                           Min: 0, Avg:  0.0, Max: 0, Diff: 0, Sum: 0, Workers: 4
[135.421s][debug][gc,phases      ] GC(16)     Total                          Min: 0, Avg:  0.0, Max: 0, Diff: 0, Sum: 0, Workers: 4
[135.421s][debug][gc,phases      ] GC(16)   StringDedup Requests0 Weak     Min:  0.0, Avg:  0.0, Max:  0.0, Diff:  0.0, Sum:  0.0, Workers: 4
[135.421s][debug][gc,phases      ] GC(16)     Dead                           Min: 0, Avg:  0.0, Max: 0, Diff: 0, Sum: 0, Workers: 4
[135.421s][debug][gc,phases      ] GC(16)     Total                          Min: 0, Avg:  0.0, Max: 0, Diff: 0, Sum: 0, Workers: 4
[135.421s][debug][gc,phases      ] GC(16)   StringDedup Requests1 Weak     Min:  0.0, Avg:  0.0, Max:  0.0, Diff:  0.0, Sum:  0.0, Workers: 4
[135.421s][debug][gc,phases      ] GC(16)     Dead                           Min: 0, Avg:  0.0, Max: 0, Diff: 0, Sum: 0, Workers: 4
[135.421s][debug][gc,phases      ] GC(16)     Total                          Min: 0, Avg:  0.0, Max: 0, Diff: 0, Sum: 0, Workers: 4
[135.421s][debug][gc,phases      ] GC(16)   Weak JFR Old Object Samples    Min:  0.0, Avg:  0.0, Max:  0.0, Diff:  0.0, Sum:  0.0, Workers: 4
[135.421s][debug][gc,phases      ] GC(16)     Dead                           Min: 0, Avg:  0.0, Max: 0, Diff: 0, Sum: 0, Workers: 4
[135.421s][debug][gc,phases      ] GC(16)     Total                          Min: 0, Avg:  0.0, Max: 0, Diff: 0, Sum: 0, Workers: 4
[135.421s][debug][gc,phases      ] GC(16) Weak Processing 0.398ms
[135.421s][debug][gc,age         ] GC(16) Desired survivor size 257425408 bytes, new threshold 1 (max threshold 15)
[135.421s][info ][gc,heap        ] GC(16) PSYoungGen: 1585107K(1836544K)->43264K(1845760K) Eden: 1575936K(1575936K)->0K(1585664K) From: 9171K(260608K)->43264K(260096K)
[135.421s][info ][gc,heap        ] GC(16) ParOldGen: 248792K(248832K)->254687K(254976K)
[135.421s][info ][gc,metaspace   ] GC(16) Metaspace: 110567K(111936K)->110567K(111936K) NonClass: 93831K(94592K)->93831K(94592K) Class: 16735K(17344K)->16735K(17344K)
[135.421s][info ][gc             ] GC(16) Pause Young (Allocation Failure) 1790M->290M(2051M) 20.044ms
[135.421s][info ][gc,cpu         ] GC(16) User=0.08s Sys=0.00s Real=0.02s
[135.421s][info ][safepoint      ] Safepoint "ParallelGCFailedAllocation", Time since last: 214618 ns, Reaching safepoint: 44004 ns, Cleanup: 2300 ns, At safepoint: 20138807 ns, Total: 20185111 ns
[136.996s][info ][safepoint      ] Safepoint "Cleanup", Time since last: 1574363432 ns, Reaching safepoint: 7101 ns, Cleanup: 126410 ns, At safepoint: 2601 ns, Total: 136112 ns
[137.996s][info ][safepoint      ] Safepoint "Cleanup", Time since last: 1000102661 ns, Reaching safepoint: 8001 ns, Cleanup: 129911 ns, At safepoint: 7701 ns, Total: 145613 ns
[138.996s][info ][safepoint      ] Safepoint "Cleanup", Time since last: 1000128864 ns, Reaching safepoint: 87207 ns, Cleanup: 134711 ns, At safepoint: 10401 ns, Total: 232319 ns
[139.998s][info ][safepoint      ] Safepoint "Cleanup", Time since last: 1001249659 ns, Reaching safepoint: 83907 ns, Cleanup: 197717 ns, At safepoint: 12301 ns, Total: 293925 ns
[140.998s][info ][safepoint      ] Safepoint "Cleanup", Time since last: 1000111363 ns, Reaching safepoint: 92107 ns, Cleanup: 75807 ns, At safepoint: 10201 ns, Total: 178115 ns
[141.516s][info ][safepoint      ] Safepoint "ParallelGCFailedAllocation", Time since last: 518267024 ns, Reaching safepoint: 6701 ns, Cleanup: 39403 ns, At safepoint: 7401 ns, Total: 53505 ns
[141.517s][info ][gc,start       ] GC(17) Pause Young (GCLocker Initiated GC)
[141.580s][debug][gc,phases      ] GC(17) Scavenge 63.033ms
[141.580s][debug][gc,ref         ] GC(17) ReferenceProcessor::execute queues: 1, RefProcThreadModel::Single, marks_oops_alive: false
[141.580s][debug][gc,ref         ] GC(17) Skipped KeepAliveFinalRefsPhase of Reference Processing: no references
[141.580s][debug][gc,ref         ] GC(17) ReferenceProcessor::execute queues: 1, RefProcThreadModel::Single, marks_oops_alive: false
[141.580s][debug][gc,phases      ] GC(17) Reference Processing 0.143ms
[141.581s][debug][gc,phases      ] GC(17)   VM Weak                        Min:  0.0, Avg:  0.0, Max:  0.0, Diff:  0.0, Sum:  0.0, Workers: 4
[141.581s][debug][gc,phases      ] GC(17)     Dead                           Min: 0, Avg:  0.0, Max: 0, Diff: 0, Sum: 0, Workers: 4
[141.581s][debug][gc,phases      ] GC(17)     Total                          Min: 0, Avg: 252.0, Max: 1008, Diff: 1008, Sum: 1008, Workers: 4
[141.581s][debug][gc,phases      ] GC(17)   ObjectSynchronizer Weak        Min:  0.0, Avg:  0.0, Max:  0.0, Diff:  0.0, Sum:  0.0, Workers: 4
[141.581s][debug][gc,phases      ] GC(17)     Dead                           Min: 0, Avg:  0.0, Max: 0, Diff: 0, Sum: 0, Workers: 4
[141.581s][debug][gc,phases      ] GC(17)     Total                          Min: 0, Avg:  1.2, Max: 5, Diff: 5, Sum: 5, Workers: 4
[141.581s][debug][gc,phases      ] GC(17)   JVMTI Tag Weak OopStorage      Min:  0.0, Avg:  0.0, Max:  0.0, Diff:  0.0, Sum:  0.0, Workers: 4
[141.581s][debug][gc,phases      ] GC(17)     Dead                           Min: 0, Avg:  0.0, Max: 0, Diff: 0, Sum: 0, Workers: 4
[141.581s][debug][gc,phases      ] GC(17)     Total                          Min: 0, Avg:  0.0, Max: 0, Diff: 0, Sum: 0, Workers: 4
[141.581s][debug][gc,phases      ] GC(17)   StringTable Weak               Min:  0.0, Avg:  0.1, Max:  0.5, Diff:  0.5, Sum:  0.5, Workers: 4
[141.581s][debug][gc,phases      ] GC(17)     Dead                           Min: 0, Avg:  0.5, Max: 2, Diff: 2, Sum: 2, Workers: 4
[141.581s][debug][gc,phases      ] GC(17)     Total                          Min: 0, Avg: 12225.0, Max: 48900, Diff: 48900, Sum: 48900, Workers: 4
[141.581s][debug][gc,phases      ] GC(17)   ResolvedMethodTable Weak       Min:  0.0, Avg:  0.0, Max:  0.2, Diff:  0.2, Sum:  0.2, Workers: 4
[141.581s][debug][gc,phases      ] GC(17)     Dead                           Min: 0, Avg:  9.8, Max: 39, Diff: 39, Sum: 39, Workers: 4
[141.581s][debug][gc,phases      ] GC(17)     Total                          Min: 0, Avg: 4006.5, Max: 16026, Diff: 16026, Sum: 16026, Workers: 4
[141.581s][debug][gc,phases      ] GC(17)   JNI Weak                       Min:  0.0, Avg:  0.0, Max:  0.0, Diff:  0.0, Sum:  0.0, Workers: 4
[141.581s][debug][gc,phases      ] GC(17)     Dead                           Min: 0, Avg:  0.0, Max: 0, Diff: 0, Sum: 0, Workers: 4
[141.581s][debug][gc,phases      ] GC(17)     Total                          Min: 0, Avg: 13.5, Max: 54, Diff: 54, Sum: 54, Workers: 4
[141.581s][debug][gc,phases      ] GC(17)   StringDedup Table Weak         Min:  0.0, Avg:  0.0, Max:  0.0, Diff:  0.0, Sum:  0.0, Workers: 4
[141.581s][debug][gc,phases      ] GC(17)     Dead                           Min: 0, Avg:  0.0, Max: 0, Diff: 0, Sum: 0, Workers: 4
[141.581s][debug][gc,phases      ] GC(17)     Total                          Min: 0, Avg:  0.0, Max: 0, Diff: 0, Sum: 0, Workers: 4
[141.581s][debug][gc,phases      ] GC(17)   StringDedup Requests0 Weak     Min:  0.0, Avg:  0.0, Max:  0.0, Diff:  0.0, Sum:  0.0, Workers: 4
[141.581s][debug][gc,phases      ] GC(17)     Dead                           Min: 0, Avg:  0.0, Max: 0, Diff: 0, Sum: 0, Workers: 4
[141.581s][debug][gc,phases      ] GC(17)     Total                          Min: 0, Avg:  0.0, Max: 0, Diff: 0, Sum: 0, Workers: 4
[141.581s][debug][gc,phases      ] GC(17)   StringDedup Requests1 Weak     Min:  0.0, Avg:  0.0, Max:  0.0, Diff:  0.0, Sum:  0.0, Workers: 4
[141.581s][debug][gc,phases      ] GC(17)     Dead                           Min: 0, Avg:  0.0, Max: 0, Diff: 0, Sum: 0, Workers: 4
[141.581s][debug][gc,phases      ] GC(17)     Total                          Min: 0, Avg:  0.0, Max: 0, Diff: 0, Sum: 0, Workers: 4
[141.581s][debug][gc,phases      ] GC(17)   Weak JFR Old Object Samples    Min:  0.0, Avg:  0.0, Max:  0.0, Diff:  0.0, Sum:  0.0, Workers: 4
[141.581s][debug][gc,phases      ] GC(17)     Dead                           Min: 0, Avg:  0.0, Max: 0, Diff: 0, Sum: 0, Workers: 4
[141.581s][debug][gc,phases      ] GC(17)     Total                          Min: 0, Avg:  0.0, Max: 0, Diff: 0, Sum: 0, Workers: 4
[141.581s][debug][gc,phases      ] GC(17) Weak Processing 1.067ms
[141.581s][debug][gc,age         ] GC(17) Desired survivor size 248512512 bytes, new threshold 1 (max threshold 15)
[141.581s][info ][gc,heap        ] GC(17) PSYoungGen: 1628928K(1845760K)->39024K(1837056K) Eden: 1585664K(1585664K)->0K(1585664K) From: 43264K(260096K)->39024K(251392K)
[141.581s][info ][gc,heap        ] GC(17) ParOldGen: 254687K(254976K)->298675K(299008K)
[141.581s][info ][gc,metaspace   ] GC(17) Metaspace: 110915K(112320K)->110915K(112320K) NonClass: 94137K(94912K)->94137K(94912K) Class: 16778K(17408K)->16778K(17408K)
[141.581s][info ][gc             ] GC(17) Pause Young (GCLocker Initiated GC) 1839M->329M(2086M) 64.345ms
[141.581s][info ][gc,cpu         ] GC(17) User=0.15s Sys=0.04s Real=0.06s
[141.581s][info ][safepoint      ] Safepoint "ParallelGCSystemGC", Time since last: 99308 ns, Reaching safepoint: 1300 ns, Cleanup: 701 ns, At safepoint: 64962905 ns, Total: 64964906 ns
[142.582s][info ][safepoint      ] Safepoint "Cleanup", Time since last: 1000830567 ns, Reaching safepoint: 89108 ns, Cleanup: 65805 ns, At safepoint: 10701 ns, Total: 165614 ns
[143.583s][info ][safepoint      ] Safepoint "Cleanup", Time since last: 1000123450 ns, Reaching safepoint: 8901 ns, Cleanup: 47804 ns, At safepoint: 9401 ns, Total: 66106 ns
[144.583s][info ][safepoint      ] Safepoint "Cleanup", Time since last: 1000128151 ns, Reaching safepoint: 10700 ns, Cleanup: 55605 ns, At safepoint: 3000 ns, Total: 69305 ns
[145.583s][info ][safepoint      ] Safepoint "Cleanup", Time since last: 1000132851 ns, Reaching safepoint: 8901 ns, Cleanup: 47004 ns, At safepoint: 3100 ns, Total: 59005 ns
[146.583s][info ][safepoint      ] Safepoint "Cleanup", Time since last: 1000131651 ns, Reaching safepoint: 12901 ns, Cleanup: 47204 ns, At safepoint: 3501 ns, Total: 63606 ns
[146.725s][info ][safepoint      ] Safepoint "ParallelGCFailedAllocation", Time since last: 142131745 ns, Reaching safepoint: 80207 ns, Cleanup: 14801 ns, At safepoint: 30803 ns, Total: 125811 ns
[146.726s][info ][gc,start       ] GC(18) Pause Young (GCLocker Initiated GC)
[146.759s][debug][gc,phases      ] GC(18) Scavenge 32.877ms
[146.759s][debug][gc,ref         ] GC(18) ReferenceProcessor::execute queues: 1, RefProcThreadModel::Single, marks_oops_alive: false
[146.759s][debug][gc,ref         ] GC(18) Skipped KeepAliveFinalRefsPhase of Reference Processing: no references
[146.759s][debug][gc,ref         ] GC(18) ReferenceProcessor::execute queues: 1, RefProcThreadModel::Single, marks_oops_alive: false
[146.759s][debug][gc,phases      ] GC(18) Reference Processing 0.119ms
[146.759s][debug][gc,phases      ] GC(18)   VM Weak                        Min:  0.0, Avg:  0.0, Max:  0.0, Diff:  0.0, Sum:  0.0, Workers: 4
[146.759s][debug][gc,phases      ] GC(18)     Dead                           Min: 0, Avg:  0.0, Max: 0, Diff: 0, Sum: 0, Workers: 4
[146.759s][debug][gc,phases      ] GC(18)     Total                          Min: 0, Avg: 252.0, Max: 816, Diff: 816, Sum: 1008, Workers: 4
[146.759s][debug][gc,phases      ] GC(18)   ObjectSynchronizer Weak        Min:  0.0, Avg:  0.0, Max:  0.0, Diff:  0.0, Sum:  0.0, Workers: 4
[146.759s][debug][gc,phases      ] GC(18)     Dead                           Min: 0, Avg:  0.0, Max: 0, Diff: 0, Sum: 0, Workers: 4
[146.759s][debug][gc,phases      ] GC(18)     Total                          Min: 0, Avg:  1.2, Max: 5, Diff: 5, Sum: 5, Workers: 4
[146.759s][debug][gc,phases      ] GC(18)   JVMTI Tag Weak OopStorage      Min:  0.0, Avg:  0.0, Max:  0.0, Diff:  0.0, Sum:  0.0, Workers: 4
[146.759s][debug][gc,phases      ] GC(18)     Dead                           Min: 0, Avg:  0.0, Max: 0, Diff: 0, Sum: 0, Workers: 4
[146.759s][debug][gc,phases      ] GC(18)     Total                          Min: 0, Avg:  0.0, Max: 0, Diff: 0, Sum: 0, Workers: 4
[146.759s][debug][gc,phases      ] GC(18)   StringTable Weak               Min:  0.0, Avg:  0.1, Max:  0.2, Diff:  0.2, Sum:  0.5, Workers: 4
[146.759s][debug][gc,phases      ] GC(18)     Dead                           Min: 0, Avg:  0.0, Max: 0, Diff: 0, Sum: 0, Workers: 4
[146.759s][debug][gc,phases      ] GC(18)     Total                          Min: 0, Avg: 12226.2, Max: 18048, Diff: 18048, Sum: 48905, Workers: 4
[146.759s][debug][gc,phases      ] GC(18)   ResolvedMethodTable Weak       Min:  0.0, Avg:  0.0, Max:  0.1, Diff:  0.1, Sum:  0.2, Workers: 4
[146.759s][debug][gc,phases      ] GC(18)     Dead                           Min: 0, Avg:  0.0, Max: 0, Diff: 0, Sum: 0, Workers: 4
[146.759s][debug][gc,phases      ] GC(18)     Total                          Min: 0, Avg: 4007.0, Max: 5724, Diff: 5724, Sum: 16028, Workers: 4
[146.759s][debug][gc,phases      ] GC(18)   JNI Weak                       Min:  0.0, Avg:  0.0, Max:  0.0, Diff:  0.0, Sum:  0.0, Workers: 4
[146.759s][debug][gc,phases      ] GC(18)     Dead                           Min: 0, Avg:  0.0, Max: 0, Diff: 0, Sum: 0, Workers: 4
[146.759s][debug][gc,phases      ] GC(18)     Total                          Min: 0, Avg: 13.0, Max: 52, Diff: 52, Sum: 52, Workers: 4
[146.759s][debug][gc,phases      ] GC(18)   StringDedup Table Weak         Min:  0.0, Avg:  0.0, Max:  0.0, Diff:  0.0, Sum:  0.0, Workers: 4
[146.759s][debug][gc,phases      ] GC(18)     Dead                           Min: 0, Avg:  0.0, Max: 0, Diff: 0, Sum: 0, Workers: 4
[146.759s][debug][gc,phases      ] GC(18)     Total                          Min: 0, Avg:  0.0, Max: 0, Diff: 0, Sum: 0, Workers: 4
[146.759s][debug][gc,phases      ] GC(18)   StringDedup Requests0 Weak     Min:  0.0, Avg:  0.0, Max:  0.0, Diff:  0.0, Sum:  0.0, Workers: 4
[146.759s][debug][gc,phases      ] GC(18)     Dead                           Min: 0, Avg:  0.0, Max: 0, Diff: 0, Sum: 0, Workers: 4
[146.759s][debug][gc,phases      ] GC(18)     Total                          Min: 0, Avg:  0.0, Max: 0, Diff: 0, Sum: 0, Workers: 4
[146.759s][debug][gc,phases      ] GC(18)   StringDedup Requests1 Weak     Min:  0.0, Avg:  0.0, Max:  0.0, Diff:  0.0, Sum:  0.0, Workers: 4
[146.759s][debug][gc,phases      ] GC(18)     Dead                           Min: 0, Avg:  0.0, Max: 0, Diff: 0, Sum: 0, Workers: 4
[146.759s][debug][gc,phases      ] GC(18)     Total                          Min: 0, Avg:  0.0, Max: 0, Diff: 0, Sum: 0, Workers: 4
[146.759s][debug][gc,phases      ] GC(18)   Weak JFR Old Object Samples    Min:  0.0, Avg:  0.0, Max:  0.0, Diff:  0.0, Sum:  0.0, Workers: 4
[146.759s][debug][gc,phases      ] GC(18)     Dead                           Min: 0, Avg:  0.0, Max: 0, Diff: 0, Sum: 0, Workers: 4
[146.759s][debug][gc,phases      ] GC(18)     Total                          Min: 0, Avg:  0.0, Max: 0, Diff: 0, Sum: 0, Workers: 4
[146.759s][debug][gc,phases      ] GC(18) Weak Processing 0.436ms
[146.759s][debug][gc,age         ] GC(18) Desired survivor size 242221056 bytes, new threshold 1 (max threshold 15)
[146.759s][info ][gc,heap        ] GC(18) PSYoungGen: 1624688K(1837056K)->21731K(1860608K) Eden: 1585664K(1585664K)->0K(1617920K) From: 39024K(251392K)->21731K(242688K)
[146.759s][info ][gc,heap        ] GC(18) ParOldGen: 299534K(300032K)->337892K(337920K)
[146.759s][info ][gc,metaspace   ] GC(18) Metaspace: 110970K(112320K)->110970K(112320K) NonClass: 94191K(94912K)->94191K(94912K) Class: 16778K(17408K)->16778K(17408K)
[146.760s][info ][gc             ] GC(18) Pause Young (GCLocker Initiated GC) 1879M->351M(2147M) 33.576ms
[146.760s][info ][gc,cpu         ] GC(18) User=0.08s Sys=0.03s Real=0.03s
[146.760s][info ][safepoint      ] Safepoint "ParallelGCSystemGC", Time since last: 408934 ns, Reaching safepoint: 1900 ns, Cleanup: 1200 ns, At safepoint: 33652381 ns, Total: 33655481 ns
[147.760s][info ][safepoint      ] Safepoint "Cleanup", Time since last: 1000084847 ns, Reaching safepoint: 77706 ns, Cleanup: 23302 ns, At safepoint: 5601 ns, Total: 106609 ns
[148.760s][info ][safepoint      ] Safepoint "Cleanup", Time since last: 1000104849 ns, Reaching safepoint: 8000 ns, Cleanup: 23702 ns, At safepoint: 2600 ns, Total: 34302 ns
[149.760s][info ][safepoint      ] Safepoint "Cleanup", Time since last: 1000112039 ns, Reaching safepoint: 7101 ns, Cleanup: 23901 ns, At safepoint: 5500 ns, Total: 36502 ns
[150.760s][info ][safepoint      ] Safepoint "Cleanup", Time since last: 1000126423 ns, Reaching safepoint: 7701 ns, Cleanup: 34302 ns, At safepoint: 3000 ns, Total: 45003 ns
[151.760s][info ][safepoint      ] Safepoint "Cleanup", Time since last: 1000115722 ns, Reaching safepoint: 7201 ns, Cleanup: 31301 ns, At safepoint: 2400 ns, Total: 40902 ns
[152.761s][info ][safepoint      ] Safepoint "Cleanup", Time since last: 1000128159 ns, Reaching safepoint: 6901 ns, Cleanup: 31902 ns, At safepoint: 2601 ns, Total: 41404 ns
[153.761s][info ][safepoint      ] Safepoint "Cleanup", Time since last: 1000117144 ns, Reaching safepoint: 8301 ns, Cleanup: 45804 ns, At safepoint: 2800 ns, Total: 56905 ns
[154.761s][info ][safepoint      ] Safepoint "Cleanup", Time since last: 1000120045 ns, Reaching safepoint: 5800 ns, Cleanup: 33403 ns, At safepoint: 6200 ns, Total: 45403 ns
[155.702s][info ][safepoint      ] Safepoint "ParallelGCFailedAllocation", Time since last: 941264564 ns, Reaching safepoint: 87207 ns, Cleanup: 23702 ns, At safepoint: 14502 ns, Total: 125411 ns
[155.702s][info ][gc,start       ] GC(19) Pause Young (GCLocker Initiated GC)
[155.726s][debug][gc,phases      ] GC(19) Scavenge 23.425ms
[155.726s][debug][gc,ref         ] GC(19) ReferenceProcessor::execute queues: 1, RefProcThreadModel::Single, marks_oops_alive: false
[155.726s][debug][gc,ref         ] GC(19) Skipped KeepAliveFinalRefsPhase of Reference Processing: no references
[155.726s][debug][gc,ref         ] GC(19) ReferenceProcessor::execute queues: 1, RefProcThreadModel::Single, marks_oops_alive: false
[155.726s][debug][gc,phases      ] GC(19) Reference Processing 0.119ms
[155.726s][debug][gc,phases      ] GC(19)   VM Weak                        Min:  0.0, Avg:  0.0, Max:  0.0, Diff:  0.0, Sum:  0.0, Workers: 4
[155.726s][debug][gc,phases      ] GC(19)     Dead                           Min: 0, Avg:  0.0, Max: 0, Diff: 0, Sum: 0, Workers: 4
[155.726s][debug][gc,phases      ] GC(19)     Total                          Min: 0, Avg: 252.0, Max: 576, Diff: 576, Sum: 1008, Workers: 4
[155.726s][debug][gc,phases      ] GC(19)   ObjectSynchronizer Weak        Min:  0.0, Avg:  0.0, Max:  0.0, Diff:  0.0, Sum:  0.0, Workers: 4
[155.726s][debug][gc,phases      ] GC(19)     Dead                           Min: 0, Avg:  0.0, Max: 0, Diff: 0, Sum: 0, Workers: 4
[155.726s][debug][gc,phases      ] GC(19)     Total                          Min: 0, Avg:  1.2, Max: 5, Diff: 5, Sum: 5, Workers: 4
[155.726s][debug][gc,phases      ] GC(19)   JVMTI Tag Weak OopStorage      Min:  0.0, Avg:  0.0, Max:  0.0, Diff:  0.0, Sum:  0.0, Workers: 4
[155.726s][debug][gc,phases      ] GC(19)     Dead                           Min: 0, Avg:  0.0, Max: 0, Diff: 0, Sum: 0, Workers: 4
[155.726s][debug][gc,phases      ] GC(19)     Total                          Min: 0, Avg:  0.0, Max: 0, Diff: 0, Sum: 0, Workers: 4
[155.726s][debug][gc,phases      ] GC(19)   StringTable Weak               Min:  0.0, Avg:  0.1, Max:  0.2, Diff:  0.2, Sum:  0.5, Workers: 4
[155.726s][debug][gc,phases      ] GC(19)     Dead                           Min: 0, Avg:  0.2, Max: 1, Diff: 1, Sum: 1, Workers: 4
[155.726s][debug][gc,phases      ] GC(19)     Total                          Min: 0, Avg: 12259.8, Max: 17600, Diff: 17600, Sum: 49039, Workers: 4
[155.726s][debug][gc,phases      ] GC(19)   ResolvedMethodTable Weak       Min:  0.0, Avg:  0.0, Max:  0.1, Diff:  0.1, Sum:  0.2, Workers: 4
[155.726s][debug][gc,phases      ] GC(19)     Dead                           Min: 0, Avg: 10.0, Max: 30, Diff: 30, Sum: 40, Workers: 4
[155.726s][debug][gc,phases      ] GC(19)     Total                          Min: 0, Avg: 4012.8, Max: 6742, Diff: 6742, Sum: 16051, Workers: 4
[155.726s][debug][gc,phases      ] GC(19)   JNI Weak                       Min:  0.0, Avg:  0.0, Max:  0.0, Diff:  0.0, Sum:  0.0, Workers: 4
[155.726s][debug][gc,phases      ] GC(19)     Dead                           Min: 0, Avg:  0.0, Max: 0, Diff: 0, Sum: 0, Workers: 4
[155.726s][debug][gc,phases      ] GC(19)     Total                          Min: 0, Avg: 13.0, Max: 52, Diff: 52, Sum: 52, Workers: 4
[155.726s][debug][gc,phases      ] GC(19)   StringDedup Table Weak         Min:  0.0, Avg:  0.0, Max:  0.0, Diff:  0.0, Sum:  0.0, Workers: 4
[155.726s][debug][gc,phases      ] GC(19)     Dead                           Min: 0, Avg:  0.0, Max: 0, Diff: 0, Sum: 0, Workers: 4
[155.726s][debug][gc,phases      ] GC(19)     Total                          Min: 0, Avg:  0.0, Max: 0, Diff: 0, Sum: 0, Workers: 4
[155.726s][debug][gc,phases      ] GC(19)   StringDedup Requests0 Weak     Min:  0.0, Avg:  0.0, Max:  0.0, Diff:  0.0, Sum:  0.0, Workers: 4
[155.726s][debug][gc,phases      ] GC(19)     Dead                           Min: 0, Avg:  0.0, Max: 0, Diff: 0, Sum: 0, Workers: 4
[155.726s][debug][gc,phases      ] GC(19)     Total                          Min: 0, Avg:  0.0, Max: 0, Diff: 0, Sum: 0, Workers: 4
[155.727s][debug][gc,phases      ] GC(19)   StringDedup Requests1 Weak     Min:  0.0, Avg:  0.0, Max:  0.0, Diff:  0.0, Sum:  0.0, Workers: 4
[155.727s][debug][gc,phases      ] GC(19)     Dead                           Min: 0, Avg:  0.0, Max: 0, Diff: 0, Sum: 0, Workers: 4
[155.727s][debug][gc,phases      ] GC(19)     Total                          Min: 0, Avg:  0.0, Max: 0, Diff: 0, Sum: 0, Workers: 4
[155.727s][debug][gc,phases      ] GC(19)   Weak JFR Old Object Samples    Min:  0.0, Avg:  0.0, Max:  0.0, Diff:  0.0, Sum:  0.0, Workers: 4
[155.727s][debug][gc,phases      ] GC(19)     Dead                           Min: 0, Avg:  0.0, Max: 0, Diff: 0, Sum: 0, Workers: 4
[155.727s][debug][gc,phases      ] GC(19)     Total                          Min: 0, Avg:  0.0, Max: 0, Diff: 0, Sum: 0, Workers: 4
[155.727s][debug][gc,phases      ] GC(19) Weak Processing 0.441ms
[155.727s][debug][gc,age         ] GC(19) Desired survivor size 232259584 bytes, new threshold 1 (max threshold 15)
[155.727s][info ][gc,heap        ] GC(19) PSYoungGen: 1639651K(1860608K)->40711K(1854464K) Eden: 1617920K(1617920K)->0K(1617920K) From: 21731K(242688K)->40711K(236544K)
[155.727s][info ][gc,heap        ] GC(19) ParOldGen: 338468K(339456K)->360101K(360448K)
[155.727s][info ][gc,metaspace   ] GC(19) Metaspace: 111158K(112512K)->111158K(112512K) NonClass: 94361K(95104K)->94361K(95104K) Class: 16796K(17408K)->16796K(17408K)
[155.727s][info ][gc             ] GC(19) Pause Young (GCLocker Initiated GC) 1931M->391M(2163M) 24.120ms
[155.727s][info ][gc,cpu         ] GC(19) User=0.08s Sys=0.01s Real=0.03s
[155.727s][info ][safepoint      ] Safepoint "ParallelGCSystemGC", Time since last: 167714 ns, Reaching safepoint: 2000 ns, Cleanup: 1200 ns, At safepoint: 24189547 ns, Total: 24192747 ns
[156.727s][info ][safepoint      ] Safepoint "Cleanup", Time since last: 1000095843 ns, Reaching safepoint: 10501 ns, Cleanup: 38303 ns, At safepoint: 3300 ns, Total: 52104 ns
[157.727s][info ][safepoint      ] Safepoint "Cleanup", Time since last: 1000118831 ns, Reaching safepoint: 9700 ns, Cleanup: 28003 ns, At safepoint: 2400 ns, Total: 40103 ns
[158.727s][info ][safepoint      ] Safepoint "Cleanup", Time since last: 1000105748 ns, Reaching safepoint: 6701 ns, Cleanup: 22301 ns, At safepoint: 2601 ns, Total: 31603 ns
[159.727s][info ][safepoint      ] Safepoint "Cleanup", Time since last: 1000117149 ns, Reaching safepoint: 8701 ns, Cleanup: 46003 ns, At safepoint: 2500 ns, Total: 57204 ns
[160.727s][info ][safepoint      ] Safepoint "Cleanup", Time since last: 1000106149 ns, Reaching safepoint: 9401 ns, Cleanup: 31802 ns, At safepoint: 3200 ns, Total: 44403 ns
[161.728s][info ][safepoint      ] Safepoint "Cleanup", Time since last: 1000116150 ns, Reaching safepoint: 9400 ns, Cleanup: 14401 ns, At safepoint: 2501 ns, Total: 26302 ns
[162.728s][info ][safepoint      ] Safepoint "Cleanup", Time since last: 1000112749 ns, Reaching safepoint: 9700 ns, Cleanup: 13201 ns, At safepoint: 2801 ns, Total: 25702 ns
[163.728s][info ][safepoint      ] Safepoint "Cleanup", Time since last: 1000113449 ns, Reaching safepoint: 7500 ns, Cleanup: 12301 ns, At safepoint: 2400 ns, Total: 22201 ns
[165.801s][info ][safepoint      ] Safepoint "Cleanup", Time since last: 2073015767 ns, Reaching safepoint: 4000 ns, Cleanup: 7301 ns, At safepoint: 6600 ns, Total: 17901 ns
[166.804s][info ][safepoint      ] Safepoint "Cleanup", Time since last: 1002838831 ns, Reaching safepoint: 8100 ns, Cleanup: 34402 ns, At safepoint: 7900 ns, Total: 50402 ns
[167.804s][info ][safepoint      ] Safepoint "Cleanup", Time since last: 1000138381 ns, Reaching safepoint: 11201 ns, Cleanup: 40602 ns, At safepoint: 2700 ns, Total: 54503 ns
[168.804s][info ][safepoint      ] Safepoint "Cleanup", Time since last: 1000124880 ns, Reaching safepoint: 6300 ns, Cleanup: 16301 ns, At safepoint: 2300 ns, Total: 24901 ns
[169.804s][info ][safepoint      ] Safepoint "Cleanup", Time since last: 1000102019 ns, Reaching safepoint: 7201 ns, Cleanup: 12601 ns, At safepoint: 2400 ns, Total: 22202 ns
[170.804s][info ][safepoint      ] Safepoint "Cleanup", Time since last: 1000107203 ns, Reaching safepoint: 7401 ns, Cleanup: 15601 ns, At safepoint: 2600 ns, Total: 25602 ns
[171.805s][info ][safepoint      ] Safepoint "Cleanup", Time since last: 1000108704 ns, Reaching safepoint: 7000 ns, Cleanup: 54405 ns, At safepoint: 2500 ns, Total: 63905 ns
[172.805s][info ][safepoint      ] Safepoint "Cleanup", Time since last: 1000113403 ns, Reaching safepoint: 7101 ns, Cleanup: 14201 ns, At safepoint: 2600 ns, Total: 23902 ns
[173.805s][info ][safepoint      ] Safepoint "Cleanup", Time since last: 1000123670 ns, Reaching safepoint: 9800 ns, Cleanup: 38304 ns, At safepoint: 2700 ns, Total: 50804 ns
[174.805s][info ][safepoint      ] Safepoint "Cleanup", Time since last: 1000111377 ns, Reaching safepoint: 7401 ns, Cleanup: 15301 ns, At safepoint: 2600 ns, Total: 25302 ns
[175.455s][info ][safepoint      ] Safepoint "ParallelGCFailedAllocation", Time since last: 649685664 ns, Reaching safepoint: 88307 ns, Cleanup: 10301 ns, At safepoint: 16301 ns, Total: 114909 ns
[175.455s][info ][gc,start       ] GC(20) Pause Young (GCLocker Initiated GC)
[175.489s][debug][gc,phases      ] GC(20) Scavenge 33.343ms
[175.489s][debug][gc,ref         ] GC(20) ReferenceProcessor::execute queues: 1, RefProcThreadModel::Single, marks_oops_alive: false
[175.489s][debug][gc,ref         ] GC(20) Skipped KeepAliveFinalRefsPhase of Reference Processing: no references
[175.489s][debug][gc,ref         ] GC(20) ReferenceProcessor::execute queues: 1, RefProcThreadModel::Single, marks_oops_alive: false
[175.489s][debug][gc,phases      ] GC(20) Reference Processing 0.144ms
[175.489s][debug][gc,phases      ] GC(20)   VM Weak                        Min:  0.0, Avg:  0.0, Max:  0.0, Diff:  0.0, Sum:  0.0, Workers: 4
[175.489s][debug][gc,phases      ] GC(20)     Dead                           Min: 0, Avg:  0.0, Max: 0, Diff: 0, Sum: 0, Workers: 4
[175.489s][debug][gc,phases      ] GC(20)     Total                          Min: 0, Avg: 253.0, Max: 628, Diff: 628, Sum: 1012, Workers: 4
[175.489s][debug][gc,phases      ] GC(20)   ObjectSynchronizer Weak        Min:  0.0, Avg:  0.0, Max:  0.0, Diff:  0.0, Sum:  0.0, Workers: 4
[175.489s][debug][gc,phases      ] GC(20)     Dead                           Min: 0, Avg:  0.0, Max: 0, Diff: 0, Sum: 0, Workers: 4
[175.489s][debug][gc,phases      ] GC(20)     Total                          Min: 0, Avg:  1.8, Max: 7, Diff: 7, Sum: 7, Workers: 4
[175.489s][debug][gc,phases      ] GC(20)   JVMTI Tag Weak OopStorage      Min:  0.0, Avg:  0.0, Max:  0.0, Diff:  0.0, Sum:  0.0, Workers: 4
[175.489s][debug][gc,phases      ] GC(20)     Dead                           Min: 0, Avg:  0.0, Max: 0, Diff: 0, Sum: 0, Workers: 4
[175.489s][debug][gc,phases      ] GC(20)     Total                          Min: 0, Avg:  0.0, Max: 0, Diff: 0, Sum: 0, Workers: 4
[175.489s][debug][gc,phases      ] GC(20)   StringTable Weak               Min:  0.0, Avg:  0.1, Max:  0.2, Diff:  0.2, Sum:  0.6, Workers: 4
[175.489s][debug][gc,phases      ] GC(20)     Dead                           Min: 0, Avg:  0.2, Max: 1, Diff: 1, Sum: 1, Workers: 4
[175.489s][debug][gc,phases      ] GC(20)     Total                          Min: 0, Avg: 12268.5, Max: 19327, Diff: 19327, Sum: 49074, Workers: 4
[175.489s][debug][gc,phases      ] GC(20)   ResolvedMethodTable Weak       Min:  0.0, Avg:  0.0, Max:  0.1, Diff:  0.1, Sum:  0.2, Workers: 4
[175.489s][debug][gc,phases      ] GC(20)     Dead                           Min: 0, Avg:  0.8, Max: 3, Diff: 3, Sum: 3, Workers: 4
[175.489s][debug][gc,phases      ] GC(20)     Total                          Min: 0, Avg: 4019.2, Max: 6156, Diff: 6156, Sum: 16077, Workers: 4
[175.489s][debug][gc,phases      ] GC(20)   JNI Weak                       Min:  0.0, Avg:  0.0, Max:  0.0, Diff:  0.0, Sum:  0.0, Workers: 4
[175.489s][debug][gc,phases      ] GC(20)     Dead                           Min: 0, Avg:  0.0, Max: 0, Diff: 0, Sum: 0, Workers: 4
[175.489s][debug][gc,phases      ] GC(20)     Total                          Min: 0, Avg: 13.0, Max: 52, Diff: 52, Sum: 52, Workers: 4
[175.489s][debug][gc,phases      ] GC(20)   StringDedup Table Weak         Min:  0.0, Avg:  0.0, Max:  0.0, Diff:  0.0, Sum:  0.0, Workers: 4
[175.489s][debug][gc,phases      ] GC(20)     Dead                           Min: 0, Avg:  0.0, Max: 0, Diff: 0, Sum: 0, Workers: 4
[175.489s][debug][gc,phases      ] GC(20)     Total                          Min: 0, Avg:  0.0, Max: 0, Diff: 0, Sum: 0, Workers: 4
[175.489s][debug][gc,phases      ] GC(20)   StringDedup Requests0 Weak     Min:  0.0, Avg:  0.0, Max:  0.0, Diff:  0.0, Sum:  0.0, Workers: 4
[175.489s][debug][gc,phases      ] GC(20)     Dead                           Min: 0, Avg:  0.0, Max: 0, Diff: 0, Sum: 0, Workers: 4
[175.489s][debug][gc,phases      ] GC(20)     Total                          Min: 0, Avg:  0.0, Max: 0, Diff: 0, Sum: 0, Workers: 4
[175.489s][debug][gc,phases      ] GC(20)   StringDedup Requests1 Weak     Min:  0.0, Avg:  0.0, Max:  0.0, Diff:  0.0, Sum:  0.0, Workers: 4
[175.489s][debug][gc,phases      ] GC(20)     Dead                           Min: 0, Avg:  0.0, Max: 0, Diff: 0, Sum: 0, Workers: 4
[175.489s][debug][gc,phases      ] GC(20)     Total                          Min: 0, Avg:  0.0, Max: 0, Diff: 0, Sum: 0, Workers: 4
[175.489s][debug][gc,phases      ] GC(20)   Weak JFR Old Object Samples    Min:  0.0, Avg:  0.0, Max:  0.0, Diff:  0.0, Sum:  0.0, Workers: 4
[175.489s][debug][gc,phases      ] GC(20)     Dead                           Min: 0, Avg:  0.0, Max: 0, Diff: 0, Sum: 0, Workers: 4
[175.489s][debug][gc,phases      ] GC(20)     Total                          Min: 0, Avg:  0.0, Max: 0, Diff: 0, Sum: 0, Workers: 4
[175.489s][debug][gc,phases      ] GC(20) Weak Processing 0.498ms
[175.489s][debug][gc,age         ] GC(20) Desired survivor size 222822400 bytes, new threshold 1 (max threshold 15)
[175.489s][info ][gc,heap        ] GC(20) PSYoungGen: 1658631K(1854464K)->34865K(1879552K) Eden: 1617920K(1617920K)->0K(1652736K) From: 40711K(236544K)->34865K(226816K)
[175.489s][info ][gc,heap        ] GC(20) ParOldGen: 360161K(360448K)->401125K(401408K)
[175.489s][info ][gc,metaspace   ] GC(20) Metaspace: 111343K(112640K)->111343K(112640K) NonClass: 94526K(95232K)->94526K(95232K) Class: 16817K(17408K)->16817K(17408K)
[175.489s][info ][gc             ] GC(20) Pause Young (GCLocker Initiated GC) 1971M->425M(2227M) 34.114ms
[175.489s][info ][gc,cpu         ] GC(20) User=0.10s Sys=0.02s Real=0.03s
[175.489s][info ][safepoint      ] Safepoint "ParallelGCSystemGC", Time since last: 300425 ns, Reaching safepoint: 77706 ns, Cleanup: 1300 ns, At safepoint: 34202883 ns, Total: 34281889 ns
[176.490s][info ][safepoint      ] Safepoint "Cleanup", Time since last: 1000103277 ns, Reaching safepoint: 88707 ns, Cleanup: 53504 ns, At safepoint: 10601 ns, Total: 152812 ns
[177.490s][info ][safepoint      ] Safepoint "Cleanup", Time since last: 1000128279 ns, Reaching safepoint: 85407 ns, Cleanup: 14101 ns, At safepoint: 7900 ns, Total: 107408 ns
[179.490s][info ][safepoint      ] Safepoint "Cleanup", Time since last: 2000223255 ns, Reaching safepoint: 85107 ns, Cleanup: 12301 ns, At safepoint: 6600 ns, Total: 104008 ns
[181.165s][info ][safepoint      ] Safepoint "Cleanup", Time since last: 1674681966 ns, Reaching safepoint: 6201 ns, Cleanup: 30702 ns, At safepoint: 2300 ns, Total: 39203 ns
[182.165s][info ][safepoint      ] Safepoint "Cleanup", Time since last: 1000114390 ns, Reaching safepoint: 6800 ns, Cleanup: 18402 ns, At safepoint: 2500 ns, Total: 27702 ns
[183.165s][info ][safepoint      ] Safepoint "Cleanup", Time since last: 1000120331 ns, Reaching safepoint: 6700 ns, Cleanup: 17202 ns, At safepoint: 2400 ns, Total: 26302 ns
[184.165s][info ][safepoint      ] Safepoint "Cleanup", Time since last: 1000115530 ns, Reaching safepoint: 7301 ns, Cleanup: 14001 ns, At safepoint: 2900 ns, Total: 24202 ns
[185.165s][info ][safepoint      ] Safepoint "Cleanup", Time since last: 1000120531 ns, Reaching safepoint: 7401 ns, Cleanup: 15101 ns, At safepoint: 2700 ns, Total: 25202 ns
[186.166s][info ][safepoint      ] Safepoint "Cleanup", Time since last: 1000127532 ns, Reaching safepoint: 6400 ns, Cleanup: 13001 ns, At safepoint: 2901 ns, Total: 22302 ns
[187.166s][info ][safepoint      ] Safepoint "Cleanup", Time since last: 1000112330 ns, Reaching safepoint: 7800 ns, Cleanup: 15602 ns, At safepoint: 2400 ns, Total: 25802 ns
[188.166s][info ][safepoint      ] Safepoint "Cleanup", Time since last: 1000119731 ns, Reaching safepoint: 7100 ns, Cleanup: 16502 ns, At safepoint: 2500 ns, Total: 26102 ns
[189.166s][info ][safepoint      ] Safepoint "Cleanup", Time since last: 1000112830 ns, Reaching safepoint: 7701 ns, Cleanup: 15801 ns, At safepoint: 2700 ns, Total: 26202 ns
[190.166s][info ][safepoint      ] Safepoint "Cleanup", Time since last: 1000113858 ns, Reaching safepoint: 6800 ns, Cleanup: 11401 ns, At safepoint: 2600 ns, Total: 20801 ns
[191.166s][info ][safepoint      ] Safepoint "Cleanup", Time since last: 1000115453 ns, Reaching safepoint: 6901 ns, Cleanup: 22802 ns, At safepoint: 2200 ns, Total: 31903 ns
[192.166s][info ][safepoint      ] Safepoint "Cleanup", Time since last: 1000114053 ns, Reaching safepoint: 7000 ns, Cleanup: 10301 ns, At safepoint: 2400 ns, Total: 19701 ns
[194.167s][info ][safepoint      ] Safepoint "Cleanup", Time since last: 2000210304 ns, Reaching safepoint: 8901 ns, Cleanup: 23902 ns, At safepoint: 2500 ns, Total: 35303 ns
[195.167s][info ][safepoint      ] Safepoint "Cleanup", Time since last: 1000115453 ns, Reaching safepoint: 7800 ns, Cleanup: 43903 ns, At safepoint: 3301 ns, Total: 55004 ns
[196.167s][info ][safepoint      ] Safepoint "Cleanup", Time since last: 1000121497 ns, Reaching safepoint: 5901 ns, Cleanup: 12901 ns, At safepoint: 2200 ns, Total: 21002 ns
[197.167s][info ][safepoint      ] Safepoint "Cleanup", Time since last: 1000112921 ns, Reaching safepoint: 7501 ns, Cleanup: 10400 ns, At safepoint: 2100 ns, Total: 20001 ns
[199.167s][info ][safepoint      ] Safepoint "Cleanup", Time since last: 2000197845 ns, Reaching safepoint: 7601 ns, Cleanup: 11701 ns, At safepoint: 3100 ns, Total: 22402 ns
[202.168s][info ][safepoint      ] Safepoint "Cleanup", Time since last: 3000263854 ns, Reaching safepoint: 10100 ns, Cleanup: 12201 ns, At safepoint: 3000 ns, Total: 25301 ns
[204.168s][info ][safepoint      ] Safepoint "Cleanup", Time since last: 2000186937 ns, Reaching safepoint: 8701 ns, Cleanup: 13401 ns, At safepoint: 2600 ns, Total: 24702 ns
[205.168s][info ][safepoint      ] Safepoint "Cleanup", Time since last: 1000114520 ns, Reaching safepoint: 8700 ns, Cleanup: 34603 ns, At safepoint: 26402 ns, Total: 69705 ns
[206.168s][info ][safepoint      ] Safepoint "Cleanup", Time since last: 1000066250 ns, Reaching safepoint: 6900 ns, Cleanup: 11201 ns, At safepoint: 2300 ns, Total: 20401 ns
[208.168s][info ][safepoint      ] Safepoint "Cleanup", Time since last: 2000185543 ns, Reaching safepoint: 7401 ns, Cleanup: 10400 ns, At safepoint: 2700 ns, Total: 20501 ns
[212.169s][info ][safepoint      ] Safepoint "Cleanup", Time since last: 4000329000 ns, Reaching safepoint: 6000 ns, Cleanup: 11501 ns, At safepoint: 2701 ns, Total: 20202 ns
[214.169s][info ][safepoint      ] Safepoint "Cleanup", Time since last: 2000186423 ns, Reaching safepoint: 6501 ns, Cleanup: 10701 ns, At safepoint: 2600 ns, Total: 19802 ns
[215.169s][info ][safepoint      ] Safepoint "Cleanup", Time since last: 1000132445 ns, Reaching safepoint: 7201 ns, Cleanup: 11701 ns, At safepoint: 2500 ns, Total: 21402 ns
[216.169s][info ][safepoint      ] Safepoint "Cleanup", Time since last: 1000116544 ns, Reaching safepoint: 7801 ns, Cleanup: 10201 ns, At safepoint: 2700 ns, Total: 20702 ns
[218.169s][info ][safepoint      ] Safepoint "Cleanup", Time since last: 2000190285 ns, Reaching safepoint: 7001 ns, Cleanup: 12100 ns, At safepoint: 3001 ns, Total: 22102 ns
[219.170s][info ][safepoint      ] Safepoint "Cleanup", Time since last: 1000115844 ns, Reaching safepoint: 7400 ns, Cleanup: 11701 ns, At safepoint: 2401 ns, Total: 21502 ns
[220.170s][info ][safepoint      ] Safepoint "Cleanup", Time since last: 1000114244 ns, Reaching safepoint: 7700 ns, Cleanup: 20502 ns, At safepoint: 2500 ns, Total: 30702 ns
[223.170s][info ][safepoint      ] Safepoint "Cleanup", Time since last: 3000248501 ns, Reaching safepoint: 7001 ns, Cleanup: 11501 ns, At safepoint: 2500 ns, Total: 21002 ns
[224.170s][info ][safepoint      ] Safepoint "Cleanup", Time since last: 1000116348 ns, Reaching safepoint: 7600 ns, Cleanup: 17802 ns, At safepoint: 2600 ns, Total: 28002 ns
[225.170s][info ][safepoint      ] Safepoint "Cleanup", Time since last: 1000115948 ns, Reaching safepoint: 6801 ns, Cleanup: 21501 ns, At safepoint: 2400 ns, Total: 30702 ns
[226.170s][info ][safepoint      ] Safepoint "Cleanup", Time since last: 1000112248 ns, Reaching safepoint: 8201 ns, Cleanup: 13101 ns, At safepoint: 2700 ns, Total: 24002 ns
[229.171s][info ][safepoint      ] Safepoint "Cleanup", Time since last: 3000268551 ns, Reaching safepoint: 6401 ns, Cleanup: 13601 ns, At safepoint: 2300 ns, Total: 22302 ns
[230.171s][info ][safepoint      ] Safepoint "Cleanup", Time since last: 1000113671 ns, Reaching safepoint: 6501 ns, Cleanup: 19001 ns, At safepoint: 2300 ns, Total: 27802 ns
[231.171s][info ][safepoint      ] Safepoint "Cleanup", Time since last: 1000114118 ns, Reaching safepoint: 7000 ns, Cleanup: 9301 ns, At safepoint: 2400 ns, Total: 18701 ns
[234.171s][info ][safepoint      ] Safepoint "Cleanup", Time since last: 3000266347 ns, Reaching safepoint: 8301 ns, Cleanup: 13401 ns, At safepoint: 2400 ns, Total: 24102 ns
[235.171s][info ][safepoint      ] Safepoint "Cleanup", Time since last: 1000129818 ns, Reaching safepoint: 8101 ns, Cleanup: 12601 ns, At safepoint: 2700 ns, Total: 23402 ns
[240.172s][info ][safepoint      ] Safepoint "Cleanup", Time since last: 5000400122 ns, Reaching safepoint: 6000 ns, Cleanup: 20002 ns, At safepoint: 2300 ns, Total: 28302 ns
[241.182s][info ][safepoint      ] Safepoint "Cleanup", Time since last: 1010043293 ns, Reaching safepoint: 6800 ns, Cleanup: 11101 ns, At safepoint: 2400 ns, Total: 20301 ns
[242.182s][info ][safepoint      ] Safepoint "Cleanup", Time since last: 1000121687 ns, Reaching safepoint: 9201 ns, Cleanup: 15601 ns, At safepoint: 2900 ns, Total: 27702 ns
[245.182s][info ][safepoint      ] Safepoint "Cleanup", Time since last: 3000264455 ns, Reaching safepoint: 8001 ns, Cleanup: 13401 ns, At safepoint: 2200 ns, Total: 23602 ns
[247.183s][info ][safepoint      ] Safepoint "Cleanup", Time since last: 2000222106 ns, Reaching safepoint: 9101 ns, Cleanup: 24101 ns, At safepoint: 2600 ns, Total: 35802 ns
[248.183s][info ][safepoint      ] Safepoint "Cleanup", Time since last: 1000136376 ns, Reaching safepoint: 11100 ns, Cleanup: 14901 ns, At safepoint: 2800 ns, Total: 28801 ns
[249.183s][info ][safepoint      ] Safepoint "Cleanup", Time since last: 1000137197 ns, Reaching safepoint: 11601 ns, Cleanup: 15201 ns, At safepoint: 2900 ns, Total: 29702 ns
[252.183s][info ][safepoint      ] Safepoint "Cleanup", Time since last: 3000298409 ns, Reaching safepoint: 12901 ns, Cleanup: 32702 ns, At safepoint: 4000 ns, Total: 49603 ns
[252.989s][info ][gc,start       ] GC(21) Pause Young (Allocation Failure)
[253.010s][debug][gc,phases      ] GC(21) Scavenge 20.815ms
[253.010s][debug][gc,ref         ] GC(21) ReferenceProcessor::execute queues: 1, RefProcThreadModel::Single, marks_oops_alive: false
[253.010s][debug][gc,ref         ] GC(21) Skipped KeepAliveFinalRefsPhase of Reference Processing: no references
[253.010s][debug][gc,ref         ] GC(21) ReferenceProcessor::execute queues: 1, RefProcThreadModel::Single, marks_oops_alive: false
[253.010s][debug][gc,phases      ] GC(21) Reference Processing 0.126ms
[253.010s][debug][gc,phases      ] GC(21)   VM Weak                        Min:  0.0, Avg:  0.0, Max:  0.0, Diff:  0.0, Sum:  0.0, Workers: 4
[253.010s][debug][gc,phases      ] GC(21)     Dead                           Min: 0, Avg:  0.0, Max: 0, Diff: 0, Sum: 0, Workers: 4
[253.010s][debug][gc,phases      ] GC(21)     Total                          Min: 0, Avg: 254.5, Max: 1018, Diff: 1018, Sum: 1018, Workers: 4
[253.010s][debug][gc,phases      ] GC(21)   ObjectSynchronizer Weak        Min:  0.0, Avg:  0.0, Max:  0.0, Diff:  0.0, Sum:  0.0, Workers: 4
[253.010s][debug][gc,phases      ] GC(21)     Dead                           Min: 0, Avg:  0.0, Max: 0, Diff: 0, Sum: 0, Workers: 4
[253.010s][debug][gc,phases      ] GC(21)     Total                          Min: 0, Avg:  1.0, Max: 4, Diff: 4, Sum: 4, Workers: 4
[253.010s][debug][gc,phases      ] GC(21)   JVMTI Tag Weak OopStorage      Min:  0.0, Avg:  0.0, Max:  0.0, Diff:  0.0, Sum:  0.0, Workers: 4
[253.010s][debug][gc,phases      ] GC(21)     Dead                           Min: 0, Avg:  0.0, Max: 0, Diff: 0, Sum: 0, Workers: 4
[253.010s][debug][gc,phases      ] GC(21)     Total                          Min: 0, Avg:  0.0, Max: 0, Diff: 0, Sum: 0, Workers: 4
[253.010s][debug][gc,phases      ] GC(21)   StringTable Weak               Min:  0.0, Avg:  0.1, Max:  0.2, Diff:  0.2, Sum:  0.5, Workers: 4
[253.010s][debug][gc,phases      ] GC(21)     Dead                           Min: 0, Avg:  0.5, Max: 2, Diff: 2, Sum: 2, Workers: 4
[253.010s][debug][gc,phases      ] GC(21)     Total                          Min: 0, Avg: 12288.5, Max: 17602, Diff: 17602, Sum: 49154, Workers: 4
[253.010s][debug][gc,phases      ] GC(21)   ResolvedMethodTable Weak       Min:  0.0, Avg:  0.0, Max:  0.1, Diff:  0.1, Sum:  0.2, Workers: 4
[253.010s][debug][gc,phases      ] GC(21)     Dead                           Min: 0, Avg:  5.0, Max: 11, Diff: 11, Sum: 20, Workers: 4
[253.010s][debug][gc,phases      ] GC(21)     Total                          Min: 0, Avg: 4027.5, Max: 5895, Diff: 5895, Sum: 16110, Workers: 4
[253.010s][debug][gc,phases      ] GC(21)   JNI Weak                       Min:  0.0, Avg:  0.0, Max:  0.0, Diff:  0.0, Sum:  0.0, Workers: 4
[253.010s][debug][gc,phases      ] GC(21)     Dead                           Min: 0, Avg:  0.0, Max: 0, Diff: 0, Sum: 0, Workers: 4
[253.010s][debug][gc,phases      ] GC(21)     Total                          Min: 0, Avg: 13.0, Max: 52, Diff: 52, Sum: 52, Workers: 4
[253.010s][debug][gc,phases      ] GC(21)   StringDedup Table Weak         Min:  0.0, Avg:  0.0, Max:  0.0, Diff:  0.0, Sum:  0.0, Workers: 4
[253.010s][debug][gc,phases      ] GC(21)     Dead                           Min: 0, Avg:  0.0, Max: 0, Diff: 0, Sum: 0, Workers: 4
[253.010s][debug][gc,phases      ] GC(21)     Total                          Min: 0, Avg:  0.0, Max: 0, Diff: 0, Sum: 0, Workers: 4
[253.010s][debug][gc,phases      ] GC(21)   StringDedup Requests0 Weak     Min:  0.0, Avg:  0.0, Max:  0.0, Diff:  0.0, Sum:  0.0, Workers: 4
[253.010s][debug][gc,phases      ] GC(21)     Dead                           Min: 0, Avg:  0.0, Max: 0, Diff: 0, Sum: 0, Workers: 4
[253.010s][debug][gc,phases      ] GC(21)     Total                          Min: 0, Avg:  0.0, Max: 0, Diff: 0, Sum: 0, Workers: 4
[253.010s][debug][gc,phases      ] GC(21)   StringDedup Requests1 Weak     Min:  0.0, Avg:  0.0, Max:  0.0, Diff:  0.0, Sum:  0.0, Workers: 4
[253.010s][debug][gc,phases      ] GC(21)     Dead                           Min: 0, Avg:  0.0, Max: 0, Diff: 0, Sum: 0, Workers: 4
[253.010s][debug][gc,phases      ] GC(21)     Total                          Min: 0, Avg:  0.0, Max: 0, Diff: 0, Sum: 0, Workers: 4
[253.010s][debug][gc,phases      ] GC(21)   Weak JFR Old Object Samples    Min:  0.0, Avg:  0.0, Max:  0.0, Diff:  0.0, Sum:  0.0, Workers: 4
[253.010s][debug][gc,phases      ] GC(21)     Dead                           Min: 0, Avg:  0.0, Max: 0, Diff: 0, Sum: 0, Workers: 4
[253.010s][debug][gc,phases      ] GC(21)     Total                          Min: 0, Avg:  0.0, Max: 0, Diff: 0, Sum: 0, Workers: 4
[253.010s][debug][gc,phases      ] GC(21) Weak Processing 0.400ms
[253.010s][debug][gc,age         ] GC(21) Desired survivor size 218628096 bytes, new threshold 1 (max threshold 15)
[253.010s][info ][gc,heap        ] GC(21) PSYoungGen: 1687601K(1879552K)->3520K(1870336K) Eden: 1652736K(1652736K)->0K(1652736K) From: 34865K(226816K)->3520K(217600K)
[253.010s][info ][gc,heap        ] GC(21) ParOldGen: 401126K(401408K)->434830K(435200K)
[253.010s][info ][gc,metaspace   ] GC(21) Metaspace: 111579K(112960K)->111579K(112960K) NonClass: 94746K(95488K)->94746K(95488K) Class: 16832K(17472K)->16832K(17472K)
[253.010s][info ][gc             ] GC(21) Pause Young (Allocation Failure) 2039M->428M(2251M) 21.497ms
[253.010s][info ][gc,cpu         ] GC(21) User=0.04s Sys=0.02s Real=0.02s
[253.010s][info ][safepoint      ] Safepoint "ParallelGCFailedAllocation", Time since last: 805615422 ns, Reaching safepoint: 7900 ns, Cleanup: 5101 ns, At safepoint: 21586381 ns, Total: 21599382 ns
[254.011s][info ][safepoint      ] Safepoint "Cleanup", Time since last: 1000111562 ns, Reaching safepoint: 7201 ns, Cleanup: 16401 ns, At safepoint: 2400 ns, Total: 26002 ns
[255.011s][info ][safepoint      ] Safepoint "Cleanup", Time since last: 1000107653 ns, Reaching safepoint: 7600 ns, Cleanup: 15001 ns, At safepoint: 2300 ns, Total: 24901 ns
[256.011s][info ][safepoint      ] Safepoint "Cleanup", Time since last: 1000106053 ns, Reaching safepoint: 6000 ns, Cleanup: 7601 ns, At safepoint: 2000 ns, Total: 15601 ns
[257.011s][info ][safepoint      ] Safepoint "Cleanup", Time since last: 1000113553 ns, Reaching safepoint: 7501 ns, Cleanup: 12401 ns, At safepoint: 2300 ns, Total: 22202 ns
[258.011s][info ][safepoint      ] Safepoint "Cleanup", Time since last: 1000117353 ns, Reaching safepoint: 6701 ns, Cleanup: 10700 ns, At safepoint: 2600 ns, Total: 20001 ns
[259.011s][info ][safepoint      ] Safepoint "Cleanup", Time since last: 1000111553 ns, Reaching safepoint: 6801 ns, Cleanup: 13401 ns, At safepoint: 2400 ns, Total: 22602 ns
[262.012s][info ][safepoint      ] Safepoint "Cleanup", Time since last: 3000273118 ns, Reaching safepoint: 5800 ns, Cleanup: 11801 ns, At safepoint: 2200 ns, Total: 19801 ns
[263.012s][info ][safepoint      ] Safepoint "Cleanup", Time since last: 1000114428 ns, Reaching safepoint: 6600 ns, Cleanup: 12401 ns, At safepoint: 2300 ns, Total: 21301 ns
[264.012s][info ][safepoint      ] Safepoint "Cleanup", Time since last: 1000113028 ns, Reaching safepoint: 6301 ns, Cleanup: 11200 ns, At safepoint: 2101 ns, Total: 19602 ns
[265.012s][info ][safepoint      ] Safepoint "Cleanup", Time since last: 1000112928 ns, Reaching safepoint: 6800 ns, Cleanup: 10601 ns, At safepoint: 2400 ns, Total: 19801 ns
[267.012s][info ][safepoint      ] Safepoint "Cleanup", Time since last: 2000186053 ns, Reaching safepoint: 6501 ns, Cleanup: 14701 ns, At safepoint: 2700 ns, Total: 23902 ns
[268.012s][info ][safepoint      ] Safepoint "Cleanup", Time since last: 1000115028 ns, Reaching safepoint: 6800 ns, Cleanup: 15601 ns, At safepoint: 2701 ns, Total: 25102 ns
[269.012s][info ][safepoint      ] Safepoint "Cleanup", Time since last: 1000122028 ns, Reaching safepoint: 7001 ns, Cleanup: 10200 ns, At safepoint: 2300 ns, Total: 19501 ns
[270.013s][info ][safepoint      ] Safepoint "Cleanup", Time since last: 1000133100 ns, Reaching safepoint: 7701 ns, Cleanup: 15001 ns, At safepoint: 2400 ns, Total: 25102 ns
[273.013s][info ][safepoint      ] Safepoint "Cleanup", Time since last: 3000242499 ns, Reaching safepoint: 6200 ns, Cleanup: 11201 ns, At safepoint: 2300 ns, Total: 19701 ns
[274.013s][info ][safepoint      ] Safepoint "Cleanup", Time since last: 1000113469 ns, Reaching safepoint: 8300 ns, Cleanup: 11201 ns, At safepoint: 2600 ns, Total: 22101 ns
[277.013s][info ][safepoint      ] Safepoint "Cleanup", Time since last: 3000267501 ns, Reaching safepoint: 5300 ns, Cleanup: 9901 ns, At safepoint: 14601 ns, Total: 29802 ns
[281.014s][info ][safepoint      ] Safepoint "Cleanup", Time since last: 4000344994 ns, Reaching safepoint: 7201 ns, Cleanup: 12001 ns, At safepoint: 2700 ns, Total: 21902 ns
[284.014s][info ][safepoint      ] Safepoint "Cleanup", Time since last: 3000255219 ns, Reaching safepoint: 6001 ns, Cleanup: 10601 ns, At safepoint: 2600 ns, Total: 19202 ns
[288.014s][info ][safepoint      ] Safepoint "Cleanup", Time since last: 4000319148 ns, Reaching safepoint: 5801 ns, Cleanup: 13600 ns, At safepoint: 2600 ns, Total: 22001 ns
[289.014s][info ][safepoint      ] Safepoint "Cleanup", Time since last: 1000114328 ns, Reaching safepoint: 6501 ns, Cleanup: 15901 ns, At safepoint: 2700 ns, Total: 25102 ns
[290.015s][info ][safepoint      ] Safepoint "Cleanup", Time since last: 1000111142 ns, Reaching safepoint: 5901 ns, Cleanup: 17301 ns, At safepoint: 2600 ns, Total: 25802 ns
[292.015s][info ][safepoint      ] Safepoint "Cleanup", Time since last: 2000181682 ns, Reaching safepoint: 5901 ns, Cleanup: 19601 ns, At safepoint: 2400 ns, Total: 27902 ns
[295.015s][info ][safepoint      ] Safepoint "Cleanup", Time since last: 3000269159 ns, Reaching safepoint: 6400 ns, Cleanup: 13101 ns, At safepoint: 2400 ns, Total: 21901 ns
[297.015s][info ][safepoint      ] Safepoint "Cleanup", Time since last: 2000189530 ns, Reaching safepoint: 4600 ns, Cleanup: 13701 ns, At safepoint: 2600 ns, Total: 20901 ns
[299.015s][info ][safepoint      ] Safepoint "Cleanup", Time since last: 2000176929 ns, Reaching safepoint: 6301 ns, Cleanup: 11801 ns, At safepoint: 2000 ns, Total: 20102 ns
[300.200s][info ][safepoint      ] Safepoint "Cleanup", Time since last: 1184799302 ns, Reaching safepoint: 3300 ns, Cleanup: 44803 ns, At safepoint: 5501 ns, Total: 53604 ns
[301.201s][info ][safepoint      ] Safepoint "Cleanup", Time since last: 1000151018 ns, Reaching safepoint: 22702 ns, Cleanup: 25602 ns, At safepoint: 2800 ns, Total: 51104 ns
[303.201s][info ][safepoint      ] Safepoint "Cleanup", Time since last: 2000190621 ns, Reaching safepoint: 6100 ns, Cleanup: 10401 ns, At safepoint: 2400 ns, Total: 18901 ns
[304.201s][info ][safepoint      ] Safepoint "Cleanup", Time since last: 1000097104 ns, Reaching safepoint: 7800 ns, Cleanup: 20002 ns, At safepoint: 2900 ns, Total: 30702 ns
[307.201s][info ][safepoint      ] Safepoint "Cleanup", Time since last: 3000265009 ns, Reaching safepoint: 5900 ns, Cleanup: 10801 ns, At safepoint: 2200 ns, Total: 18901 ns
[310.202s][info ][safepoint      ] Safepoint "Cleanup", Time since last: 3000264810 ns, Reaching safepoint: 8001 ns, Cleanup: 141509 ns, At safepoint: 2900 ns, Total: 152410 ns
[311.202s][info ][safepoint      ] Safepoint "Cleanup", Time since last: 1000120921 ns, Reaching safepoint: 9101 ns, Cleanup: 16701 ns, At safepoint: 2800 ns, Total: 28602 ns
[313.202s][info ][safepoint      ] Safepoint "Cleanup", Time since last: 2000210140 ns, Reaching safepoint: 80005 ns, Cleanup: 11601 ns, At safepoint: 12701 ns, Total: 104307 ns
[314.412s][info ][safepoint      ] Safepoint "Cleanup", Time since last: 1209723691 ns, Reaching safepoint: 12301 ns, Cleanup: 147510 ns, At safepoint: 3300 ns, Total: 163111 ns
[316.412s][info ][safepoint      ] Safepoint "Cleanup", Time since last: 2000186338 ns, Reaching safepoint: 11801 ns, Cleanup: 13701 ns, At safepoint: 3200 ns, Total: 28702 ns
[317.412s][info ][safepoint      ] Safepoint "Cleanup", Time since last: 1000108279 ns, Reaching safepoint: 11401 ns, Cleanup: 14100 ns, At safepoint: 3101 ns, Total: 28602 ns
[318.412s][info ][safepoint      ] Safepoint "Cleanup", Time since last: 1000108924 ns, Reaching safepoint: 11701 ns, Cleanup: 29102 ns, At safepoint: 3100 ns, Total: 43903 ns
[319.413s][info ][safepoint      ] Safepoint "Cleanup", Time since last: 1000086071 ns, Reaching safepoint: 10900 ns, Cleanup: 17401 ns, At safepoint: 3101 ns, Total: 31402 ns
[321.413s][info ][safepoint      ] Safepoint "Cleanup", Time since last: 2000193842 ns, Reaching safepoint: 11700 ns, Cleanup: 15701 ns, At safepoint: 3101 ns, Total: 30502 ns
[322.413s][info ][safepoint      ] Safepoint "Cleanup", Time since last: 1000113372 ns, Reaching safepoint: 12000 ns, Cleanup: 16102 ns, At safepoint: 3500 ns, Total: 31602 ns
[323.413s][info ][safepoint      ] Safepoint "Cleanup", Time since last: 1000103271 ns, Reaching safepoint: 80505 ns, Cleanup: 22902 ns, At safepoint: 7000 ns, Total: 110407 ns
[324.413s][info ][safepoint      ] Safepoint "Cleanup", Time since last: 1000110072 ns, Reaching safepoint: 11401 ns, Cleanup: 13001 ns, At safepoint: 3500 ns, Total: 27902 ns
[325.413s][info ][safepoint      ] Safepoint "Cleanup", Time since last: 1000103572 ns, Reaching safepoint: 12500 ns, Cleanup: 13801 ns, At safepoint: 3200 ns, Total: 29501 ns
[326.414s][info ][safepoint      ] Safepoint "Cleanup", Time since last: 1000107620 ns, Reaching safepoint: 6200 ns, Cleanup: 15301 ns, At safepoint: 2400 ns, Total: 23901 ns
[327.414s][info ][safepoint      ] Safepoint "Cleanup", Time since last: 1000103615 ns, Reaching safepoint: 81105 ns, Cleanup: 15100 ns, At safepoint: 18201 ns, Total: 114406 ns
[327.426s][info ][safepoint      ] Safepoint "ParallelGCFailedAllocation", Time since last: 11755146 ns, Reaching safepoint: 8100 ns, Cleanup: 4101 ns, At safepoint: 54903 ns, Total: 67104 ns
[327.426s][info ][gc,start       ] GC(22) Pause Young (Allocation Failure)
[327.445s][debug][gc,phases      ] GC(22) Scavenge 18.907ms
[327.445s][debug][gc,ref         ] GC(22) ReferenceProcessor::execute queues: 1, RefProcThreadModel::Single, marks_oops_alive: false
[327.445s][debug][gc,ref         ] GC(22) Skipped KeepAliveFinalRefsPhase of Reference Processing: no references
[327.445s][debug][gc,ref         ] GC(22) ReferenceProcessor::execute queues: 1, RefProcThreadModel::Single, marks_oops_alive: false
[327.445s][debug][gc,phases      ] GC(22) Reference Processing 0.155ms
[327.449s][debug][gc,phases      ] GC(22)   VM Weak                        Min:  0.0, Avg:  0.0, Max:  0.0, Diff:  0.0, Sum:  0.0, Workers: 4
[327.449s][debug][gc,phases      ] GC(22)     Dead                           Min: 0, Avg:  0.0, Max: 0, Diff: 0, Sum: 0, Workers: 4
[327.449s][debug][gc,phases      ] GC(22)     Total                          Min: 0, Avg: 255.8, Max: 767, Diff: 767, Sum: 1023, Workers: 4
[327.449s][debug][gc,phases      ] GC(22)   ObjectSynchronizer Weak        Min:  0.0, Avg:  0.0, Max:  0.0, Diff:  0.0, Sum:  0.0, Workers: 4
[327.449s][debug][gc,phases      ] GC(22)     Dead                           Min: 0, Avg:  1.0, Max: 4, Diff: 4, Sum: 4, Workers: 4
[327.449s][debug][gc,phases      ] GC(22)     Total                          Min: 0, Avg:  2.0, Max: 8, Diff: 8, Sum: 8, Workers: 4
[327.449s][debug][gc,phases      ] GC(22)   JVMTI Tag Weak OopStorage      Min:  0.0, Avg:  0.0, Max:  0.0, Diff:  0.0, Sum:  0.0, Workers: 4
[327.449s][debug][gc,phases      ] GC(22)     Dead                           Min: 0, Avg:  0.0, Max: 0, Diff: 0, Sum: 0, Workers: 4
[327.449s][debug][gc,phases      ] GC(22)     Total                          Min: 0, Avg:  0.0, Max: 0, Diff: 0, Sum: 0, Workers: 4
[327.449s][debug][gc,phases      ] GC(22)   StringTable Weak               Min:  0.0, Avg:  0.1, Max:  0.3, Diff:  0.3, Sum:  0.5, Workers: 4
[327.449s][debug][gc,phases      ] GC(22)     Dead                           Min: 0, Avg:  0.8, Max: 3, Diff: 3, Sum: 3, Workers: 4
[327.449s][debug][gc,phases      ] GC(22)     Total                          Min: 0, Avg: 12313.5, Max: 25446, Diff: 25446, Sum: 49254, Workers: 4
[327.449s][debug][gc,phases      ] GC(22)   ResolvedMethodTable Weak       Min:  0.0, Avg:  0.0, Max:  0.1, Diff:  0.1, Sum:  0.2, Workers: 4
[327.449s][debug][gc,phases      ] GC(22)     Dead                           Min: 0, Avg:  6.8, Max: 16, Diff: 16, Sum: 27, Workers: 4
[327.449s][debug][gc,phases      ] GC(22)     Total                          Min: 0, Avg: 4045.5, Max: 8820, Diff: 8820, Sum: 16182, Workers: 4
[327.449s][debug][gc,phases      ] GC(22)   JNI Weak                       Min:  0.0, Avg:  0.0, Max:  0.0, Diff:  0.0, Sum:  0.0, Workers: 4
[327.449s][debug][gc,phases      ] GC(22)     Dead                           Min: 0, Avg:  0.0, Max: 0, Diff: 0, Sum: 0, Workers: 4
[327.449s][debug][gc,phases      ] GC(22)     Total                          Min: 0, Avg: 13.0, Max: 52, Diff: 52, Sum: 52, Workers: 4
[327.449s][debug][gc,phases      ] GC(22)   StringDedup Table Weak         Min:  0.0, Avg:  0.0, Max:  0.0, Diff:  0.0, Sum:  0.0, Workers: 4
[327.449s][debug][gc,phases      ] GC(22)     Dead                           Min: 0, Avg:  0.0, Max: 0, Diff: 0, Sum: 0, Workers: 4
[327.449s][debug][gc,phases      ] GC(22)     Total                          Min: 0, Avg:  0.0, Max: 0, Diff: 0, Sum: 0, Workers: 4
[327.449s][debug][gc,phases      ] GC(22)   StringDedup Requests0 Weak     Min:  0.0, Avg:  0.0, Max:  0.0, Diff:  0.0, Sum:  0.0, Workers: 4
[327.449s][debug][gc,phases      ] GC(22)     Dead                           Min: 0, Avg:  0.0, Max: 0, Diff: 0, Sum: 0, Workers: 4
[327.449s][debug][gc,phases      ] GC(22)     Total                          Min: 0, Avg:  0.0, Max: 0, Diff: 0, Sum: 0, Workers: 4
[327.449s][debug][gc,phases      ] GC(22)   StringDedup Requests1 Weak     Min:  0.0, Avg:  0.0, Max:  0.0, Diff:  0.0, Sum:  0.0, Workers: 4
[327.449s][debug][gc,phases      ] GC(22)     Dead                           Min: 0, Avg:  0.0, Max: 0, Diff: 0, Sum: 0, Workers: 4
[327.449s][debug][gc,phases      ] GC(22)     Total                          Min: 0, Avg:  0.0, Max: 0, Diff: 0, Sum: 0, Workers: 4
[327.449s][debug][gc,phases      ] GC(22)   Weak JFR Old Object Samples    Min:  0.0, Avg:  0.0, Max:  0.0, Diff:  0.0, Sum:  0.0, Workers: 4
[327.449s][debug][gc,phases      ] GC(22)     Dead                           Min: 0, Avg:  0.0, Max: 0, Diff: 0, Sum: 0, Workers: 4
[327.449s][debug][gc,phases      ] GC(22)     Total                          Min: 0, Avg:  0.0, Max: 0, Diff: 0, Sum: 0, Workers: 4
[327.449s][debug][gc,phases      ] GC(22) Weak Processing 3.815ms
[327.449s][debug][gc,age         ] GC(22) Desired survivor size 213385216 bytes, new threshold 1 (max threshold 15)
[327.449s][info ][gc,heap        ] GC(22) PSYoungGen: 1656256K(1870336K)->3840K(1888768K) Eden: 1652736K(1652736K)->0K(1675264K) From: 3520K(217600K)->3840K(213504K)
[327.449s][info ][gc,heap        ] GC(22) ParOldGen: 435344K(436224K)->436776K(437248K)
[327.449s][info ][gc,metaspace   ] GC(22) Metaspace: 112024K(113408K)->112024K(113408K) NonClass: 95140K(95936K)->95140K(95936K) Class: 16883K(17472K)->16883K(17472K)
[327.449s][info ][gc             ] GC(22) Pause Young (Allocation Failure) 2042M->430M(2271M) 22.992ms
[327.449s][info ][gc,cpu         ] GC(22) User=0.01s Sys=0.00s Real=0.02s
[327.449s][info ][safepoint      ] Safepoint "ParallelGCFailedAllocation", Time since last: 296616 ns, Reaching safepoint: 84605 ns, Cleanup: 1700 ns, At safepoint: 23092668 ns, Total: 23178973 ns
[328.449s][info ][safepoint      ] Safepoint "Cleanup", Time since last: 1000092514 ns, Reaching safepoint: 11201 ns, Cleanup: 24401 ns, At safepoint: 3100 ns, Total: 38702 ns
[329.449s][info ][safepoint      ] Safepoint "Cleanup", Time since last: 1000111215 ns, Reaching safepoint: 11201 ns, Cleanup: 16701 ns, At safepoint: 2700 ns, Total: 30602 ns
[330.449s][info ][safepoint      ] Safepoint "Cleanup", Time since last: 1000106215 ns, Reaching safepoint: 8801 ns, Cleanup: 10000 ns, At safepoint: 3200 ns, Total: 22001 ns
[331.450s][info ][safepoint      ] Safepoint "Cleanup", Time since last: 1000078835 ns, Reaching safepoint: 88506 ns, Cleanup: 14101 ns, At safepoint: 7301 ns, Total: 109908 ns
[332.450s][info ][safepoint      ] Safepoint "Cleanup", Time since last: 1000119031 ns, Reaching safepoint: 10500 ns, Cleanup: 12001 ns, At safepoint: 2900 ns, Total: 25401 ns
[333.450s][info ][safepoint      ] Safepoint "Cleanup", Time since last: 1000104830 ns, Reaching safepoint: 8901 ns, Cleanup: 14201 ns, At safepoint: 2600 ns, Total: 25702 ns
[334.450s][info ][safepoint      ] Safepoint "Cleanup", Time since last: 1000112683 ns, Reaching safepoint: 10200 ns, Cleanup: 13101 ns, At safepoint: 2600 ns, Total: 25901 ns
[335.450s][info ][safepoint      ] Safepoint "Cleanup", Time since last: 1000109216 ns, Reaching safepoint: 11001 ns, Cleanup: 32501 ns, At safepoint: 2801 ns, Total: 46303 ns
[346.451s][info ][safepoint      ] Safepoint "Cleanup", Time since last: 11000889545 ns, Reaching safepoint: 10600 ns, Cleanup: 9401 ns, At safepoint: 2800 ns, Total: 22801 ns
[347.454s][info ][safepoint      ] Safepoint "Cleanup", Time since last: 1002397754 ns, Reaching safepoint: 11800 ns, Cleanup: 13201 ns, At safepoint: 3400 ns, Total: 28401 ns
[348.454s][info ][safepoint      ] Safepoint "Cleanup", Time since last: 1000108614 ns, Reaching safepoint: 10001 ns, Cleanup: 12001 ns, At safepoint: 20201 ns, Total: 42203 ns
[349.454s][info ][safepoint      ] Safepoint "Cleanup", Time since last: 1000108898 ns, Reaching safepoint: 12001 ns, Cleanup: 13601 ns, At safepoint: 2700 ns, Total: 28302 ns
[350.454s][info ][safepoint      ] Safepoint "Cleanup", Time since last: 1000105594 ns, Reaching safepoint: 9301 ns, Cleanup: 15301 ns, At safepoint: 2700 ns, Total: 27302 ns
[351.454s][info ][safepoint      ] Safepoint "Cleanup", Time since last: 1000107995 ns, Reaching safepoint: 12701 ns, Cleanup: 18001 ns, At safepoint: 3100 ns, Total: 33802 ns
[353.454s][info ][safepoint      ] Safepoint "Cleanup", Time since last: 2000170988 ns, Reaching safepoint: 7200 ns, Cleanup: 8801 ns, At safepoint: 2100 ns, Total: 18101 ns
[354.454s][info ][safepoint      ] Safepoint "Cleanup", Time since last: 1000107495 ns, Reaching safepoint: 9900 ns, Cleanup: 13101 ns, At safepoint: 3401 ns, Total: 26402 ns
[356.455s][info ][safepoint      ] Safepoint "Cleanup", Time since last: 2000165687 ns, Reaching safepoint: 8800 ns, Cleanup: 12401 ns, At safepoint: 2500 ns, Total: 23701 ns
[357.455s][info ][safepoint      ] Safepoint "Cleanup", Time since last: 1000113896 ns, Reaching safepoint: 10700 ns, Cleanup: 11201 ns, At safepoint: 3600 ns, Total: 25501 ns
[359.455s][info ][safepoint      ] Safepoint "Cleanup", Time since last: 2000184687 ns, Reaching safepoint: 10900 ns, Cleanup: 13001 ns, At safepoint: 2600 ns, Total: 26501 ns
[361.228s][info ][safepoint      ] Safepoint "Cleanup", Time since last: 1773269029 ns, Reaching safepoint: 9900 ns, Cleanup: 14401 ns, At safepoint: 2800 ns, Total: 27101 ns
[367.229s][info ][safepoint      ] Safepoint "Cleanup", Time since last: 6000502733 ns, Reaching safepoint: 15501 ns, Cleanup: 22201 ns, At safepoint: 3501 ns, Total: 41203 ns
[369.229s][info ][safepoint      ] Safepoint "Cleanup", Time since last: 2000213848 ns, Reaching safepoint: 10300 ns, Cleanup: 14701 ns, At safepoint: 2700 ns, Total: 27701 ns
[370.229s][info ][safepoint      ] Safepoint "Cleanup", Time since last: 1000129876 ns, Reaching safepoint: 10400 ns, Cleanup: 13201 ns, At safepoint: 2900 ns, Total: 26501 ns
[372.229s][info ][safepoint      ] Safepoint "Cleanup", Time since last: 2000205217 ns, Reaching safepoint: 10701 ns, Cleanup: 16501 ns, At safepoint: 3000 ns, Total: 30202 ns
[373.230s][info ][safepoint      ] Safepoint "Cleanup", Time since last: 1000989426 ns, Reaching safepoint: 13101 ns, Cleanup: 14801 ns, At safepoint: 3400 ns, Total: 31302 ns
[376.231s][info ][safepoint      ] Safepoint "Cleanup", Time since last: 3000301312 ns, Reaching safepoint: 12801 ns, Cleanup: 14501 ns, At safepoint: 3400 ns, Total: 30702 ns
[378.231s][info ][safepoint      ] Safepoint "Cleanup", Time since last: 2000218400 ns, Reaching safepoint: 10101 ns, Cleanup: 14001 ns, At safepoint: 3000 ns, Total: 27102 ns
[380.231s][info ][safepoint      ] Safepoint "Cleanup", Time since last: 2000209800 ns, Reaching safepoint: 11801 ns, Cleanup: 14501 ns, At safepoint: 3300 ns, Total: 29602 ns
[382.232s][info ][safepoint      ] Safepoint "Cleanup", Time since last: 2000203815 ns, Reaching safepoint: 25202 ns, Cleanup: 17001 ns, At safepoint: 3300 ns, Total: 45503 ns
[384.232s][info ][safepoint      ] Safepoint "Cleanup", Time since last: 2000242951 ns, Reaching safepoint: 12800 ns, Cleanup: 14401 ns, At safepoint: 3000 ns, Total: 30201 ns
[387.232s][info ][safepoint      ] Safepoint "Cleanup", Time since last: 3000267021 ns, Reaching safepoint: 8500 ns, Cleanup: 12301 ns, At safepoint: 2500 ns, Total: 23301 ns
[388.232s][info ][safepoint      ] Safepoint "Cleanup", Time since last: 1000143668 ns, Reaching safepoint: 7801 ns, Cleanup: 19301 ns, At safepoint: 2900 ns, Total: 30002 ns
[391.233s][info ][safepoint      ] Safepoint "Cleanup", Time since last: 3000248405 ns, Reaching safepoint: 8600 ns, Cleanup: 26002 ns, At safepoint: 2400 ns, Total: 37002 ns
[392.233s][info ][safepoint      ] Safepoint "Cleanup", Time since last: 1000132020 ns, Reaching safepoint: 11501 ns, Cleanup: 14201 ns, At safepoint: 3100 ns, Total: 28802 ns
[397.233s][info ][safepoint      ] Safepoint "Cleanup", Time since last: 5000411786 ns, Reaching safepoint: 8100 ns, Cleanup: 12401 ns, At safepoint: 3000 ns, Total: 23501 ns
[399.842s][info ][gc,start       ] GC(23) Pause Young (Allocation Failure)
[399.848s][debug][gc,phases      ] GC(23) Scavenge 5.987ms
[399.848s][debug][gc,ref         ] GC(23) ReferenceProcessor::execute queues: 1, RefProcThreadModel::Single, marks_oops_alive: false
[399.848s][debug][gc,ref         ] GC(23) Skipped KeepAliveFinalRefsPhase of Reference Processing: no references
[399.848s][debug][gc,ref         ] GC(23) ReferenceProcessor::execute queues: 1, RefProcThreadModel::Single, marks_oops_alive: false
[399.848s][debug][gc,phases      ] GC(23) Reference Processing 0.120ms
[399.848s][debug][gc,phases      ] GC(23)   VM Weak                        Min:  0.0, Avg:  0.0, Max:  0.0, Diff:  0.0, Sum:  0.0, Workers: 4
[399.848s][debug][gc,phases      ] GC(23)     Dead                           Min: 0, Avg:  0.0, Max: 0, Diff: 0, Sum: 0, Workers: 4
[399.848s][debug][gc,phases      ] GC(23)     Total                          Min: 0, Avg: 255.8, Max: 639, Diff: 639, Sum: 1023, Workers: 4
[399.848s][debug][gc,phases      ] GC(23)   ObjectSynchronizer Weak        Min:  0.0, Avg:  0.0, Max:  0.0, Diff:  0.0, Sum:  0.0, Workers: 4
[399.848s][debug][gc,phases      ] GC(23)     Dead                           Min: 0, Avg:  0.0, Max: 0, Diff: 0, Sum: 0, Workers: 4
[399.848s][debug][gc,phases      ] GC(23)     Total                          Min: 0, Avg:  1.0, Max: 4, Diff: 4, Sum: 4, Workers: 4
[399.848s][debug][gc,phases      ] GC(23)   JVMTI Tag Weak OopStorage      Min:  0.0, Avg:  0.0, Max:  0.0, Diff:  0.0, Sum:  0.0, Workers: 4
[399.848s][debug][gc,phases      ] GC(23)     Dead                           Min: 0, Avg:  0.0, Max: 0, Diff: 0, Sum: 0, Workers: 4
[399.848s][debug][gc,phases      ] GC(23)     Total                          Min: 0, Avg:  0.0, Max: 0, Diff: 0, Sum: 0, Workers: 4
[399.849s][debug][gc,phases      ] GC(23)   StringTable Weak               Min:  0.0, Avg:  0.1, Max:  0.2, Diff:  0.2, Sum:  0.5, Workers: 4
[399.849s][debug][gc,phases      ] GC(23)     Dead                           Min: 0, Avg:  0.2, Max: 1, Diff: 1, Sum: 1, Workers: 4
[399.849s][debug][gc,phases      ] GC(23)     Total                          Min: 0, Avg: 12324.0, Max: 18880, Diff: 18880, Sum: 49296, Workers: 4
[399.849s][debug][gc,phases      ] GC(23)   ResolvedMethodTable Weak       Min:  0.0, Avg:  0.0, Max:  0.1, Diff:  0.1, Sum:  0.2, Workers: 4
[399.849s][debug][gc,phases      ] GC(23)     Dead                           Min: 0, Avg:  4.8, Max: 16, Diff: 16, Sum: 19, Workers: 4
[399.849s][debug][gc,phases      ] GC(23)     Total                          Min: 0, Avg: 4050.0, Max: 6149, Diff: 6149, Sum: 16200, Workers: 4
[399.849s][debug][gc,phases      ] GC(23)   JNI Weak                       Min:  0.0, Avg:  0.0, Max:  0.0, Diff:  0.0, Sum:  0.0, Workers: 4
[399.849s][debug][gc,phases      ] GC(23)     Dead                           Min: 0, Avg:  0.0, Max: 0, Diff: 0, Sum: 0, Workers: 4
[399.849s][debug][gc,phases      ] GC(23)     Total                          Min: 0, Avg: 13.0, Max: 52, Diff: 52, Sum: 52, Workers: 4
[399.849s][debug][gc,phases      ] GC(23)   StringDedup Table Weak         Min:  0.0, Avg:  0.0, Max:  0.0, Diff:  0.0, Sum:  0.0, Workers: 4
[399.849s][debug][gc,phases      ] GC(23)     Dead                           Min: 0, Avg:  0.0, Max: 0, Diff: 0, Sum: 0, Workers: 4
[399.849s][debug][gc,phases      ] GC(23)     Total                          Min: 0, Avg:  0.0, Max: 0, Diff: 0, Sum: 0, Workers: 4
[399.849s][debug][gc,phases      ] GC(23)   StringDedup Requests0 Weak     Min:  0.0, Avg:  0.0, Max:  0.0, Diff:  0.0, Sum:  0.0, Workers: 4
[399.849s][debug][gc,phases      ] GC(23)     Dead                           Min: 0, Avg:  0.0, Max: 0, Diff: 0, Sum: 0, Workers: 4
[399.849s][debug][gc,phases      ] GC(23)     Total                          Min: 0, Avg:  0.0, Max: 0, Diff: 0, Sum: 0, Workers: 4
[399.849s][debug][gc,phases      ] GC(23)   StringDedup Requests1 Weak     Min:  0.0, Avg:  0.0, Max:  0.0, Diff:  0.0, Sum:  0.0, Workers: 4
[399.849s][debug][gc,phases      ] GC(23)     Dead                           Min: 0, Avg:  0.0, Max: 0, Diff: 0, Sum: 0, Workers: 4
[399.849s][debug][gc,phases      ] GC(23)     Total                          Min: 0, Avg:  0.0, Max: 0, Diff: 0, Sum: 0, Workers: 4
[399.849s][debug][gc,phases      ] GC(23)   Weak JFR Old Object Samples    Min:  0.0, Avg:  0.0, Max:  0.0, Diff:  0.0, Sum:  0.0, Workers: 4
[399.849s][debug][gc,phases      ] GC(23)     Dead                           Min: 0, Avg:  0.0, Max: 0, Diff: 0, Sum: 0, Workers: 4
[399.849s][debug][gc,phases      ] GC(23)     Total                          Min: 0, Avg:  0.0, Max: 0, Diff: 0, Sum: 0, Workers: 4
[399.849s][debug][gc,phases      ] GC(23) Weak Processing 0.446ms
[399.849s][debug][gc,age         ] GC(23) Desired survivor size 206569472 bytes, new threshold 1 (max threshold 15)
[399.849s][info ][gc,heap        ] GC(23) PSYoungGen: 1679104K(1888768K)->3792K(1883648K) Eden: 1675264K(1675264K)->0K(1675264K) From: 3840K(213504K)->3792K(208384K)
[399.849s][info ][gc,heap        ] GC(23) ParOldGen: 436776K(437248K)->438172K(438272K)
[399.849s][info ][gc,metaspace   ] GC(23) Metaspace: 112145K(113472K)->112145K(113472K) NonClass: 95250K(96000K)->95250K(96000K) Class: 16895K(17472K)->16895K(17472K)
[399.849s][info ][gc             ] GC(23) Pause Young (Allocation Failure) 2066M->431M(2267M) 6.690ms
[399.849s][info ][gc,cpu         ] GC(23) User=0.02s Sys=0.00s Real=0.01s
[399.849s][info ][safepoint      ] Safepoint "ParallelGCFailedAllocation", Time since last: 2608772944 ns, Reaching safepoint: 6300 ns, Cleanup: 5201 ns, At safepoint: 6769097 ns, Total: 6780598 ns
[400.849s][info ][safepoint      ] Safepoint "Cleanup", Time since last: 1000090341 ns, Reaching safepoint: 8001 ns, Cleanup: 11800 ns, At safepoint: 2600 ns, Total: 22401 ns
[401.849s][info ][safepoint      ] Safepoint "Cleanup", Time since last: 1000115743 ns, Reaching safepoint: 8300 ns, Cleanup: 19601 ns, At safepoint: 3000 ns, Total: 30901 ns
[402.849s][info ][safepoint      ] Safepoint "Cleanup", Time since last: 1000120443 ns, Reaching safepoint: 6500 ns, Cleanup: 11001 ns, At safepoint: 2500 ns, Total: 20001 ns
[403.849s][info ][safepoint      ] Safepoint "Cleanup", Time since last: 1000112742 ns, Reaching safepoint: 6801 ns, Cleanup: 14200 ns, At safepoint: 2501 ns, Total: 23502 ns
[405.849s][info ][safepoint      ] Safepoint "Cleanup", Time since last: 2000188182 ns, Reaching safepoint: 7600 ns, Cleanup: 13401 ns, At safepoint: 2600 ns, Total: 23601 ns
[408.850s][info ][safepoint      ] Safepoint "Cleanup", Time since last: 3000282129 ns, Reaching safepoint: 8201 ns, Cleanup: 17701 ns, At safepoint: 3200 ns, Total: 29102 ns
[412.850s][info ][safepoint      ] Safepoint "Cleanup", Time since last: 4000326131 ns, Reaching safepoint: 8101 ns, Cleanup: 11901 ns, At safepoint: 2400 ns, Total: 22402 ns
[413.850s][info ][safepoint      ] Safepoint "Cleanup", Time since last: 1000121084 ns, Reaching safepoint: 6401 ns, Cleanup: 14901 ns, At safepoint: 2300 ns, Total: 23602 ns
[415.850s][info ][safepoint      ] Safepoint "Cleanup", Time since last: 2000179600 ns, Reaching safepoint: 6501 ns, Cleanup: 23001 ns, At safepoint: 2400 ns, Total: 31902 ns
[417.851s][info ][safepoint      ] Safepoint "Cleanup", Time since last: 2000217280 ns, Reaching safepoint: 77404 ns, Cleanup: 9801 ns, At safepoint: 5700 ns, Total: 92905 ns
[418.851s][info ][safepoint      ] Safepoint "Cleanup", Time since last: 1000121141 ns, Reaching safepoint: 6800 ns, Cleanup: 15501 ns, At safepoint: 2800 ns, Total: 25101 ns
[421.249s][info ][safepoint      ] Safepoint "Cleanup", Time since last: 2398479229 ns, Reaching safepoint: 5500 ns, Cleanup: 14401 ns, At safepoint: 2700 ns, Total: 22601 ns
[423.250s][info ][safepoint      ] Safepoint "Cleanup", Time since last: 2000172452 ns, Reaching safepoint: 7000 ns, Cleanup: 23602 ns, At safepoint: 2400 ns, Total: 33002 ns
[424.250s][info ][safepoint      ] Safepoint "Cleanup", Time since last: 1000115074 ns, Reaching safepoint: 6400 ns, Cleanup: 11901 ns, At safepoint: 2600 ns, Total: 20901 ns
[425.250s][info ][safepoint      ] Safepoint "Cleanup", Time since last: 1000115475 ns, Reaching safepoint: 6500 ns, Cleanup: 9901 ns, At safepoint: 2200 ns, Total: 18601 ns
[426.250s][info ][safepoint      ] Safepoint "Cleanup", Time since last: 1000116774 ns, Reaching safepoint: 6901 ns, Cleanup: 12100 ns, At safepoint: 2601 ns, Total: 21602 ns
[430.250s][info ][safepoint      ] Safepoint "Cleanup", Time since last: 4000344843 ns, Reaching safepoint: 6300 ns, Cleanup: 10001 ns, At safepoint: 2400 ns, Total: 18701 ns
[431.251s][info ][safepoint      ] Safepoint "Cleanup", Time since last: 1000118739 ns, Reaching safepoint: 5900 ns, Cleanup: 9701 ns, At safepoint: 2300 ns, Total: 17901 ns
[436.251s][info ][safepoint      ] Safepoint "Cleanup", Time since last: 5000421850 ns, Reaching safepoint: 7401 ns, Cleanup: 15100 ns, At safepoint: 2601 ns, Total: 25102 ns
[437.251s][info ][safepoint      ] Safepoint "Cleanup", Time since last: 1000121174 ns, Reaching safepoint: 7100 ns, Cleanup: 14401 ns, At safepoint: 2400 ns, Total: 23901 ns
[438.251s][info ][safepoint      ] Safepoint "Cleanup", Time since last: 1000117713 ns, Reaching safepoint: 7000 ns, Cleanup: 11101 ns, At safepoint: 2500 ns, Total: 20601 ns
[439.251s][info ][safepoint      ] Safepoint "Cleanup", Time since last: 1000122604 ns, Reaching safepoint: 6800 ns, Cleanup: 14001 ns, At safepoint: 2700 ns, Total: 23501 ns
[441.252s][info ][safepoint      ] Safepoint "Cleanup", Time since last: 2000183103 ns, Reaching safepoint: 6601 ns, Cleanup: 13600 ns, At safepoint: 2801 ns, Total: 23002 ns
[447.252s][info ][safepoint      ] Safepoint "Cleanup", Time since last: 6000471142 ns, Reaching safepoint: 8000 ns, Cleanup: 13701 ns, At safepoint: 2500 ns, Total: 24201 ns
[448.252s][info ][safepoint      ] Safepoint "Cleanup", Time since last: 1000121030 ns, Reaching safepoint: 7000 ns, Cleanup: 10600 ns, At safepoint: 2701 ns, Total: 20301 ns
[449.252s][info ][safepoint      ] Safepoint "Cleanup", Time since last: 1000116529 ns, Reaching safepoint: 6901 ns, Cleanup: 22701 ns, At safepoint: 2800 ns, Total: 32402 ns
[452.253s][info ][safepoint      ] Safepoint "Cleanup", Time since last: 3000255352 ns, Reaching safepoint: 6901 ns, Cleanup: 10400 ns, At safepoint: 2400 ns, Total: 19701 ns
[456.253s][info ][safepoint      ] Safepoint "Cleanup", Time since last: 4000327031 ns, Reaching safepoint: 7300 ns, Cleanup: 12001 ns, At safepoint: 3100 ns, Total: 22401 ns
[458.253s][info ][safepoint      ] Safepoint "Cleanup", Time since last: 2000185502 ns, Reaching safepoint: 6800 ns, Cleanup: 10501 ns, At safepoint: 2800 ns, Total: 20101 ns
[459.253s][info ][safepoint      ] Safepoint "Cleanup", Time since last: 1000116702 ns, Reaching safepoint: 7001 ns, Cleanup: 11100 ns, At safepoint: 2701 ns, Total: 20802 ns
[461.254s][info ][safepoint      ] Safepoint "Cleanup", Time since last: 2000207103 ns, Reaching safepoint: 6500 ns, Cleanup: 10701 ns, At safepoint: 2400 ns, Total: 19601 ns
[463.254s][info ][safepoint      ] Safepoint "Cleanup", Time since last: 2000193569 ns, Reaching safepoint: 6100 ns, Cleanup: 13501 ns, At safepoint: 2500 ns, Total: 22101 ns
[464.254s][info ][safepoint      ] Safepoint "Cleanup", Time since last: 1000140016 ns, Reaching safepoint: 6901 ns, Cleanup: 13501 ns, At safepoint: 2900 ns, Total: 23302 ns
[465.254s][info ][safepoint      ] Safepoint "Cleanup", Time since last: 1000114614 ns, Reaching safepoint: 7301 ns, Cleanup: 13801 ns, At safepoint: 2500 ns, Total: 23602 ns
[468.254s][info ][safepoint      ] Safepoint "Cleanup", Time since last: 3000260739 ns, Reaching safepoint: 6701 ns, Cleanup: 11500 ns, At safepoint: 2901 ns, Total: 21102 ns
[475.255s][info ][safepoint      ] Safepoint "Cleanup", Time since last: 7000556070 ns, Reaching safepoint: 6601 ns, Cleanup: 11100 ns, At safepoint: 2201 ns, Total: 19902 ns
[479.255s][info ][safepoint      ] Safepoint "Cleanup", Time since last: 4000327498 ns, Reaching safepoint: 7100 ns, Cleanup: 10401 ns, At safepoint: 2300 ns, Total: 19801 ns
[480.255s][info ][safepoint      ] Safepoint "Cleanup", Time since last: 1000124860 ns, Reaching safepoint: 6101 ns, Cleanup: 10600 ns, At safepoint: 2500 ns, Total: 19201 ns
[481.190s][info ][gc,start       ] GC(24) Pause Young (Allocation Failure)
[481.194s][debug][gc,phases      ] GC(24) Scavenge 4.549ms
[481.195s][debug][gc,ref         ] GC(24) ReferenceProcessor::execute queues: 1, RefProcThreadModel::Single, marks_oops_alive: false
[481.195s][debug][gc,ref         ] GC(24) Skipped KeepAliveFinalRefsPhase of Reference Processing: no references
[481.195s][debug][gc,ref         ] GC(24) ReferenceProcessor::execute queues: 1, RefProcThreadModel::Single, marks_oops_alive: false
[481.195s][debug][gc,phases      ] GC(24) Reference Processing 0.315ms
[481.195s][debug][gc,phases      ] GC(24)   VM Weak                        Min:  0.0, Avg:  0.0, Max:  0.0, Diff:  0.0, Sum:  0.0, Workers: 4
[481.195s][debug][gc,phases      ] GC(24)     Dead                           Min: 0, Avg:  0.0, Max: 0, Diff: 0, Sum: 0, Workers: 4
[481.195s][debug][gc,phases      ] GC(24)     Total                          Min: 0, Avg: 255.8, Max: 1023, Diff: 1023, Sum: 1023, Workers: 4
[481.195s][debug][gc,phases      ] GC(24)   ObjectSynchronizer Weak        Min:  0.0, Avg:  0.0, Max:  0.0, Diff:  0.0, Sum:  0.0, Workers: 4
[481.195s][debug][gc,phases      ] GC(24)     Dead                           Min: 0, Avg:  0.0, Max: 0, Diff: 0, Sum: 0, Workers: 4
[481.195s][debug][gc,phases      ] GC(24)     Total                          Min: 0, Avg:  0.8, Max: 3, Diff: 3, Sum: 3, Workers: 4
[481.195s][debug][gc,phases      ] GC(24)   JVMTI Tag Weak OopStorage      Min:  0.0, Avg:  0.0, Max:  0.0, Diff:  0.0, Sum:  0.0, Workers: 4
[481.195s][debug][gc,phases      ] GC(24)     Dead                           Min: 0, Avg:  0.0, Max: 0, Diff: 0, Sum: 0, Workers: 4
[481.195s][debug][gc,phases      ] GC(24)     Total                          Min: 0, Avg:  0.0, Max: 0, Diff: 0, Sum: 0, Workers: 4
[481.195s][debug][gc,phases      ] GC(24)   StringTable Weak               Min:  0.0, Avg:  0.1, Max:  0.2, Diff:  0.2, Sum:  0.4, Workers: 4
[481.195s][debug][gc,phases      ] GC(24)     Dead                           Min: 0, Avg:  0.0, Max: 0, Diff: 0, Sum: 0, Workers: 4
[481.195s][debug][gc,phases      ] GC(24)     Total                          Min: 0, Avg: 12326.8, Max: 27611, Diff: 27611, Sum: 49307, Workers: 4
[481.195s][debug][gc,phases      ] GC(24)   ResolvedMethodTable Weak       Min:  0.0, Avg:  0.0, Max:  0.1, Diff:  0.1, Sum:  0.2, Workers: 4
[481.195s][debug][gc,phases      ] GC(24)     Dead                           Min: 0, Avg:  4.8, Max: 16, Diff: 16, Sum: 19, Workers: 4
[481.195s][debug][gc,phases      ] GC(24)     Total                          Min: 0, Avg: 4051.2, Max: 7984, Diff: 7984, Sum: 16205, Workers: 4
[481.195s][debug][gc,phases      ] GC(24)   JNI Weak                       Min:  0.0, Avg:  0.0, Max:  0.0, Diff:  0.0, Sum:  0.0, Workers: 4
[481.195s][debug][gc,phases      ] GC(24)     Dead                           Min: 0, Avg:  0.0, Max: 0, Diff: 0, Sum: 0, Workers: 4
[481.195s][debug][gc,phases      ] GC(24)     Total                          Min: 0, Avg: 13.0, Max: 52, Diff: 52, Sum: 52, Workers: 4
[481.195s][debug][gc,phases      ] GC(24)   StringDedup Table Weak         Min:  0.0, Avg:  0.0, Max:  0.0, Diff:  0.0, Sum:  0.0, Workers: 4
[481.195s][debug][gc,phases      ] GC(24)     Dead                           Min: 0, Avg:  0.0, Max: 0, Diff: 0, Sum: 0, Workers: 4
[481.195s][debug][gc,phases      ] GC(24)     Total                          Min: 0, Avg:  0.0, Max: 0, Diff: 0, Sum: 0, Workers: 4
[481.195s][debug][gc,phases      ] GC(24)   StringDedup Requests0 Weak     Min:  0.0, Avg:  0.0, Max:  0.0, Diff:  0.0, Sum:  0.0, Workers: 4
[481.195s][debug][gc,phases      ] GC(24)     Dead                           Min: 0, Avg:  0.0, Max: 0, Diff: 0, Sum: 0, Workers: 4
[481.195s][debug][gc,phases      ] GC(24)     Total                          Min: 0, Avg:  0.0, Max: 0, Diff: 0, Sum: 0, Workers: 4
[481.195s][debug][gc,phases      ] GC(24)   StringDedup Requests1 Weak     Min:  0.0, Avg:  0.0, Max:  0.0, Diff:  0.0, Sum:  0.0, Workers: 4
[481.195s][debug][gc,phases      ] GC(24)     Dead                           Min: 0, Avg:  0.0, Max: 0, Diff: 0, Sum: 0, Workers: 4
[481.195s][debug][gc,phases      ] GC(24)     Total                          Min: 0, Avg:  0.0, Max: 0, Diff: 0, Sum: 0, Workers: 4
[481.195s][debug][gc,phases      ] GC(24)   Weak JFR Old Object Samples    Min:  0.0, Avg:  0.0, Max:  0.0, Diff:  0.0, Sum:  0.0, Workers: 4
[481.195s][debug][gc,phases      ] GC(24)     Dead                           Min: 0, Avg:  0.0, Max: 0, Diff: 0, Sum: 0, Workers: 4
[481.195s][debug][gc,phases      ] GC(24)     Total                          Min: 0, Avg:  0.0, Max: 0, Diff: 0, Sum: 0, Workers: 4
[481.195s][debug][gc,phases      ] GC(24) Weak Processing 0.496ms
[481.195s][debug][gc,age         ] GC(24) Desired survivor size 199753728 bytes, new threshold 1 (max threshold 15)
[481.195s][info ][gc,heap        ] GC(24) PSYoungGen: 1679056K(1883648K)->2448K(1902080K) Eden: 1675264K(1675264K)->0K(1700352K) From: 3792K(208384K)->2448K(201728K)
[481.195s][info ][gc,heap        ] GC(24) ParOldGen: 438172K(438272K)->439708K(439808K)
[481.195s][info ][gc,metaspace   ] GC(24) Metaspace: 112223K(113536K)->112223K(113536K) NonClass: 95325K(96064K)->95325K(96064K) Class: 16897K(17472K)->16897K(17472K)
[481.195s][info ][gc             ] GC(24) Pause Young (Allocation Failure) 2067M->431M(2287M) 5.518ms
[481.195s][info ][gc,cpu         ] GC(24) User=0.02s Sys=0.01s Real=0.01s
[481.195s][info ][safepoint      ] Safepoint "ParallelGCFailedAllocation", Time since last: 934246235 ns, Reaching safepoint: 8501 ns, Cleanup: 5500 ns, At safepoint: 5591416 ns, Total: 5605417 ns
[494.196s][info ][safepoint      ] Safepoint "Cleanup", Time since last: 13000946982 ns, Reaching safepoint: 6301 ns, Cleanup: 9600 ns, At safepoint: 2300 ns, Total: 18201 ns
[499.197s][info ][safepoint      ] Safepoint "Cleanup", Time since last: 5000410651 ns, Reaching safepoint: 7400 ns, Cleanup: 17701 ns, At safepoint: 2401 ns, Total: 27502 ns
[500.197s][info ][safepoint      ] Safepoint "Cleanup", Time since last: 1000121212 ns, Reaching safepoint: 6900 ns, Cleanup: 11101 ns, At safepoint: 2800 ns, Total: 20801 ns
[506.197s][info ][safepoint      ] Safepoint "Cleanup", Time since last: 6000492990 ns, Reaching safepoint: 8201 ns, Cleanup: 23001 ns, At safepoint: 2300 ns, Total: 33502 ns
[507.198s][info ][safepoint      ] Safepoint "Cleanup", Time since last: 1000123347 ns, Reaching safepoint: 6501 ns, Cleanup: 10800 ns, At safepoint: 2500 ns, Total: 19801 ns
[519.199s][info ][safepoint      ] Safepoint "Cleanup", Time since last: 12000998771 ns, Reaching safepoint: 7400 ns, Cleanup: 15401 ns, At safepoint: 2900 ns, Total: 25701 ns
[520.199s][info ][safepoint      ] Safepoint "Cleanup", Time since last: 1000118227 ns, Reaching safepoint: 6600 ns, Cleanup: 11601 ns, At safepoint: 2700 ns, Total: 20901 ns
[522.199s][info ][safepoint      ] Safepoint "Cleanup", Time since last: 2000191051 ns, Reaching safepoint: 7501 ns, Cleanup: 16001 ns, At safepoint: 2700 ns, Total: 26202 ns
[527.199s][info ][safepoint      ] Safepoint "Cleanup", Time since last: 5000418829 ns, Reaching safepoint: 7303 ns, Cleanup: 12204 ns, At safepoint: 2501 ns, Total: 22008 ns
[528.200s][info ][safepoint      ] Safepoint "Cleanup", Time since last: 1000158267 ns, Reaching safepoint: 8600 ns, Cleanup: 22002 ns, At safepoint: 2800 ns, Total: 33402 ns
[529.200s][info ][safepoint      ] Safepoint "Cleanup", Time since last: 1000116746 ns, Reaching safepoint: 7201 ns, Cleanup: 14001 ns, At safepoint: 2400 ns, Total: 23602 ns
[532.200s][info ][safepoint      ] Safepoint "Cleanup", Time since last: 3000254034 ns, Reaching safepoint: 5900 ns, Cleanup: 13401 ns, At safepoint: 2700 ns, Total: 22001 ns
[534.200s][info ][safepoint      ] Safepoint "Cleanup", Time since last: 2000188837 ns, Reaching safepoint: 7202 ns, Cleanup: 20907 ns, At safepoint: 2201 ns, Total: 30310 ns
[536.200s][info ][safepoint      ] Safepoint "Cleanup", Time since last: 2000183352 ns, Reaching safepoint: 5900 ns, Cleanup: 10301 ns, At safepoint: 2300 ns, Total: 18501 ns
[537.201s][info ][safepoint      ] Safepoint "Cleanup", Time since last: 1000120634 ns, Reaching safepoint: 7000 ns, Cleanup: 21601 ns, At safepoint: 2201 ns, Total: 30802 ns
[538.201s][info ][safepoint      ] Safepoint "Cleanup", Time since last: 1000109132 ns, Reaching safepoint: 6601 ns, Cleanup: 62404 ns, At safepoint: 2400 ns, Total: 71405 ns
[539.201s][info ][safepoint      ] Safepoint "Cleanup", Time since last: 1000109232 ns, Reaching safepoint: 7201 ns, Cleanup: 10400 ns, At safepoint: 2501 ns, Total: 20102 ns
[540.201s][info ][safepoint      ] Safepoint "Cleanup", Time since last: 1000107932 ns, Reaching safepoint: 7201 ns, Cleanup: 16201 ns, At safepoint: 2200 ns, Total: 25602 ns
[541.284s][info ][safepoint      ] Safepoint "Cleanup", Time since last: 1083007906 ns, Reaching safepoint: 9501 ns, Cleanup: 16601 ns, At safepoint: 3000 ns, Total: 29102 ns
[543.284s][info ][safepoint      ] Safepoint "Cleanup", Time since last: 2000197484 ns, Reaching safepoint: 9102 ns, Cleanup: 18803 ns, At safepoint: 2600 ns, Total: 30505 ns
[544.284s][info ][safepoint      ] Safepoint "Cleanup", Time since last: 1000121600 ns, Reaching safepoint: 8801 ns, Cleanup: 27904 ns, At safepoint: 2401 ns, Total: 39106 ns
[545.285s][info ][safepoint      ] Safepoint "Cleanup", Time since last: 1000116110 ns, Reaching safepoint: 7601 ns, Cleanup: 57904 ns, At safepoint: 2500 ns, Total: 68005 ns
[546.285s][info ][safepoint      ] Safepoint "Cleanup", Time since last: 1000123446 ns, Reaching safepoint: 9101 ns, Cleanup: 25102 ns, At safepoint: 2600 ns, Total: 36803 ns
[547.285s][info ][safepoint      ] Safepoint "Cleanup", Time since last: 1000130446 ns, Reaching safepoint: 11101 ns, Cleanup: 33202 ns, At safepoint: 3201 ns, Total: 47504 ns
[548.285s][info ][safepoint      ] Safepoint "Cleanup", Time since last: 1000123545 ns, Reaching safepoint: 9401 ns, Cleanup: 12801 ns, At safepoint: 2800 ns, Total: 25002 ns
[549.285s][info ][safepoint      ] Safepoint "Cleanup", Time since last: 1000120945 ns, Reaching safepoint: 9101 ns, Cleanup: 16101 ns, At safepoint: 2500 ns, Total: 27702 ns
[551.285s][info ][safepoint      ] Safepoint "Cleanup", Time since last: 2000185463 ns, Reaching safepoint: 9601 ns, Cleanup: 14801 ns, At safepoint: 2400 ns, Total: 26802 ns
[552.286s][info ][safepoint      ] Safepoint "Cleanup", Time since last: 1000122277 ns, Reaching safepoint: 9801 ns, Cleanup: 17401 ns, At safepoint: 3200 ns, Total: 30402 ns
[553.286s][info ][safepoint      ] Safepoint "Cleanup", Time since last: 1000108576 ns, Reaching safepoint: 10101 ns, Cleanup: 28602 ns, At safepoint: 2900 ns, Total: 41603 ns
[554.286s][info ][safepoint      ] Safepoint "Cleanup", Time since last: 1000128178 ns, Reaching safepoint: 12501 ns, Cleanup: 21702 ns, At safepoint: 3500 ns, Total: 37703 ns
[558.287s][info ][safepoint      ] Safepoint "Cleanup", Time since last: 4000521345 ns, Reaching safepoint: 84007 ns, Cleanup: 10601 ns, At safepoint: 6401 ns, Total: 101009 ns
[560.287s][info ][safepoint      ] Safepoint "Cleanup", Time since last: 2000192573 ns, Reaching safepoint: 7001 ns, Cleanup: 19601 ns, At safepoint: 2700 ns, Total: 29302 ns
[561.287s][info ][safepoint      ] Safepoint "Cleanup", Time since last: 1000152992 ns, Reaching safepoint: 7200 ns, Cleanup: 10401 ns, At safepoint: 2000 ns, Total: 19601 ns
[564.287s][info ][safepoint      ] Safepoint "Cleanup", Time since last: 3000300761 ns, Reaching safepoint: 78807 ns, Cleanup: 10800 ns, At safepoint: 9201 ns, Total: 98808 ns
[565.288s][info ][safepoint      ] Safepoint "Cleanup", Time since last: 1000126389 ns, Reaching safepoint: 81807 ns, Cleanup: 13101 ns, At safepoint: 6801 ns, Total: 101709 ns
[565.341s][info ][gc,start       ] GC(25) Pause Young (Allocation Failure)
[565.345s][debug][gc,phases      ] GC(25) Scavenge 3.503ms
[565.345s][debug][gc,ref         ] GC(25) ReferenceProcessor::execute queues: 1, RefProcThreadModel::Single, marks_oops_alive: false
[565.345s][debug][gc,ref         ] GC(25) Skipped KeepAliveFinalRefsPhase of Reference Processing: no references
[565.345s][debug][gc,ref         ] GC(25) ReferenceProcessor::execute queues: 1, RefProcThreadModel::Single, marks_oops_alive: false
[565.345s][debug][gc,phases      ] GC(25) Reference Processing 0.119ms
[565.345s][debug][gc,phases      ] GC(25)   VM Weak                        Min:  0.0, Avg:  0.0, Max:  0.0, Diff:  0.0, Sum:  0.0, Workers: 4
[565.345s][debug][gc,phases      ] GC(25)     Dead                           Min: 0, Avg:  0.0, Max: 0, Diff: 0, Sum: 0, Workers: 4
[565.345s][debug][gc,phases      ] GC(25)     Total                          Min: 0, Avg: 259.0, Max: 1036, Diff: 1036, Sum: 1036, Workers: 4
[565.345s][debug][gc,phases      ] GC(25)   ObjectSynchronizer Weak        Min:  0.0, Avg:  0.0, Max:  0.0, Diff:  0.0, Sum:  0.0, Workers: 4
[565.345s][debug][gc,phases      ] GC(25)     Dead                           Min: 0, Avg:  0.0, Max: 0, Diff: 0, Sum: 0, Workers: 4
[565.345s][debug][gc,phases      ] GC(25)     Total                          Min: 0, Avg:  0.8, Max: 3, Diff: 3, Sum: 3, Workers: 4
[565.345s][debug][gc,phases      ] GC(25)   JVMTI Tag Weak OopStorage      Min:  0.0, Avg:  0.0, Max:  0.0, Diff:  0.0, Sum:  0.0, Workers: 4
[565.345s][debug][gc,phases      ] GC(25)     Dead                           Min: 0, Avg:  0.0, Max: 0, Diff: 0, Sum: 0, Workers: 4
[565.345s][debug][gc,phases      ] GC(25)     Total                          Min: 0, Avg:  0.0, Max: 0, Diff: 0, Sum: 0, Workers: 4
[565.345s][debug][gc,phases      ] GC(25)   StringTable Weak               Min:  0.0, Avg:  0.1, Max:  0.2, Diff:  0.2, Sum:  0.4, Workers: 4
[565.345s][debug][gc,phases      ] GC(25)     Dead                           Min: 0, Avg:  0.5, Max: 2, Diff: 2, Sum: 2, Workers: 4
[565.345s][debug][gc,phases      ] GC(25)     Total                          Min: 0, Avg: 12336.0, Max: 26688, Diff: 26688, Sum: 49344, Workers: 4
[565.345s][debug][gc,phases      ] GC(25)   ResolvedMethodTable Weak       Min:  0.0, Avg:  0.0, Max:  0.1, Diff:  0.1, Sum:  0.2, Workers: 4
[565.345s][debug][gc,phases      ] GC(25)     Dead                           Min: 0, Avg:  4.8, Max: 14, Diff: 14, Sum: 19, Workers: 4
[565.345s][debug][gc,phases      ] GC(25)     Total                          Min: 0, Avg: 4070.8, Max: 8592, Diff: 8592, Sum: 16283, Workers: 4
[565.345s][debug][gc,phases      ] GC(25)   JNI Weak                       Min:  0.0, Avg:  0.0, Max:  0.0, Diff:  0.0, Sum:  0.0, Workers: 4
[565.345s][debug][gc,phases      ] GC(25)     Dead                           Min: 0, Avg:  0.0, Max: 0, Diff: 0, Sum: 0, Workers: 4
[565.345s][debug][gc,phases      ] GC(25)     Total                          Min: 0, Avg: 13.0, Max: 52, Diff: 52, Sum: 52, Workers: 4
[565.345s][debug][gc,phases      ] GC(25)   StringDedup Table Weak         Min:  0.0, Avg:  0.0, Max:  0.0, Diff:  0.0, Sum:  0.0, Workers: 4
[565.345s][debug][gc,phases      ] GC(25)     Dead                           Min: 0, Avg:  0.0, Max: 0, Diff: 0, Sum: 0, Workers: 4
[565.345s][debug][gc,phases      ] GC(25)     Total                          Min: 0, Avg:  0.0, Max: 0, Diff: 0, Sum: 0, Workers: 4
[565.345s][debug][gc,phases      ] GC(25)   StringDedup Requests0 Weak     Min:  0.0, Avg:  0.0, Max:  0.0, Diff:  0.0, Sum:  0.0, Workers: 4
[565.345s][debug][gc,phases      ] GC(25)     Dead                           Min: 0, Avg:  0.0, Max: 0, Diff: 0, Sum: 0, Workers: 4
[565.345s][debug][gc,phases      ] GC(25)     Total                          Min: 0, Avg:  0.0, Max: 0, Diff: 0, Sum: 0, Workers: 4
[565.345s][debug][gc,phases      ] GC(25)   StringDedup Requests1 Weak     Min:  0.0, Avg:  0.0, Max:  0.0, Diff:  0.0, Sum:  0.0, Workers: 4
[565.345s][debug][gc,phases      ] GC(25)     Dead                           Min: 0, Avg:  0.0, Max: 0, Diff: 0, Sum: 0, Workers: 4
[565.345s][debug][gc,phases      ] GC(25)     Total                          Min: 0, Avg:  0.0, Max: 0, Diff: 0, Sum: 0, Workers: 4
[565.345s][debug][gc,phases      ] GC(25)   Weak JFR Old Object Samples    Min:  0.0, Avg:  0.0, Max:  0.0, Diff:  0.0, Sum:  0.0, Workers: 4
[565.345s][debug][gc,phases      ] GC(25)     Dead                           Min: 0, Avg:  0.0, Max: 0, Diff: 0, Sum: 0, Workers: 4
[565.345s][debug][gc,phases      ] GC(25)     Total                          Min: 0, Avg:  0.0, Max: 0, Diff: 0, Sum: 0, Workers: 4
[565.345s][debug][gc,phases      ] GC(25) Weak Processing 0.522ms
[565.345s][debug][gc,age         ] GC(25) Desired survivor size 191889408 bytes, new threshold 1 (max threshold 15)
[565.346s][info ][gc,heap        ] GC(25) PSYoungGen: 1702800K(1902080K)->2768K(1895424K) Eden: 1700352K(1700352K)->0K(1700352K) From: 2448K(201728K)->2768K(195072K)
[565.346s][info ][gc,heap        ] GC(25) ParOldGen: 439708K(439808K)->440180K(440320K)
[565.346s][info ][gc,metaspace   ] GC(25) Metaspace: 112390K(113792K)->112390K(113792K) NonClass: 95468K(96256K)->95468K(96256K) Class: 16922K(17536K)->16922K(17536K)
[565.346s][info ][gc             ] GC(25) Pause Young (Allocation Failure) 2092M->432M(2281M) 4.296ms
[565.346s][info ][gc,cpu         ] GC(25) User=0.01s Sys=0.00s Real=0.01s
[565.346s][info ][safepoint      ] Safepoint "ParallelGCFailedAllocation", Time since last: 53636321 ns, Reaching safepoint: 7201 ns, Cleanup: 19502 ns, At safepoint: 4365351 ns, Total: 4392054 ns
[566.346s][info ][safepoint      ] Safepoint "Cleanup", Time since last: 1000089773 ns, Reaching safepoint: 5801 ns, Cleanup: 12200 ns, At safepoint: 2701 ns, Total: 20702 ns
[568.346s][info ][safepoint      ] Safepoint "Cleanup", Time since last: 2000176781 ns, Reaching safepoint: 6701 ns, Cleanup: 13901 ns, At safepoint: 2100 ns, Total: 22702 ns
[569.346s][info ][safepoint      ] Safepoint "Cleanup", Time since last: 1000112342 ns, Reaching safepoint: 7101 ns, Cleanup: 10100 ns, At safepoint: 2701 ns, Total: 19902 ns
[571.346s][info ][safepoint      ] Safepoint "Cleanup", Time since last: 2000192682 ns, Reaching safepoint: 6501 ns, Cleanup: 19401 ns, At safepoint: 2100 ns, Total: 28002 ns
[573.346s][info ][safepoint      ] Safepoint "Cleanup", Time since last: 2000197297 ns, Reaching safepoint: 6601 ns, Cleanup: 14401 ns, At safepoint: 2500 ns, Total: 23502 ns
[577.347s][info ][safepoint      ] Safepoint "Cleanup", Time since last: 4000354517 ns, Reaching safepoint: 6501 ns, Cleanup: 12201 ns, At safepoint: 2400 ns, Total: 21102 ns
[578.347s][info ][safepoint      ] Safepoint "Cleanup", Time since last: 1000117630 ns, Reaching safepoint: 6601 ns, Cleanup: 10500 ns, At safepoint: 2301 ns, Total: 19402 ns
[579.347s][info ][safepoint      ] Safepoint "Cleanup", Time since last: 1000119430 ns, Reaching safepoint: 7201 ns, Cleanup: 13101 ns, At safepoint: 2800 ns, Total: 23102 ns
[584.348s][info ][safepoint      ] Safepoint "Cleanup", Time since last: 5000409823 ns, Reaching safepoint: 7001 ns, Cleanup: 13201 ns, At safepoint: 2600 ns, Total: 22802 ns
[587.348s][info ][safepoint      ] Safepoint "Cleanup", Time since last: 3000451487 ns, Reaching safepoint: 6501 ns, Cleanup: 11401 ns, At safepoint: 2300 ns, Total: 20202 ns
[593.349s][info ][safepoint      ] Safepoint "Cleanup", Time since last: 6000492380 ns, Reaching safepoint: 8500 ns, Cleanup: 11801 ns, At safepoint: 2800 ns, Total: 23101 ns
[599.349s][info ][safepoint      ] Safepoint "Cleanup", Time since last: 6000481882 ns, Reaching safepoint: 7201 ns, Cleanup: 10200 ns, At safepoint: 2700 ns, Total: 20101 ns
[611.303s][info ][safepoint      ] Safepoint "Cleanup", Time since last: 11954055279 ns, Reaching safepoint: 6901 ns, Cleanup: 11701 ns, At safepoint: 2500 ns, Total: 21102 ns
[613.303s][info ][safepoint      ] Safepoint "Cleanup", Time since last: 2000193923 ns, Reaching safepoint: 8300 ns, Cleanup: 80907 ns, At safepoint: 2600 ns, Total: 91807 ns
[614.304s][info ][safepoint      ] Safepoint "Cleanup", Time since last: 1000122172 ns, Reaching safepoint: 6500 ns, Cleanup: 15601 ns, At safepoint: 2800 ns, Total: 24901 ns
[616.304s][info ][safepoint      ] Safepoint "Cleanup", Time since last: 2000190018 ns, Reaching safepoint: 6601 ns, Cleanup: 8300 ns, At safepoint: 2600 ns, Total: 17501 ns
[617.304s][info ][safepoint      ] Safepoint "Cleanup", Time since last: 1000127512 ns, Reaching safepoint: 7500 ns, Cleanup: 11201 ns, At safepoint: 2800 ns, Total: 21501 ns
[618.304s][info ][safepoint      ] Safepoint "Cleanup", Time since last: 1000119511 ns, Reaching safepoint: 6800 ns, Cleanup: 13001 ns, At safepoint: 2700 ns, Total: 22501 ns
[620.304s][info ][safepoint      ] Safepoint "Cleanup", Time since last: 2000197118 ns, Reaching safepoint: 7101 ns, Cleanup: 12701 ns, At safepoint: 2400 ns, Total: 22202 ns
[621.304s][info ][safepoint      ] Safepoint "Cleanup", Time since last: 1000110410 ns, Reaching safepoint: 6301 ns, Cleanup: 17801 ns, At safepoint: 2600 ns, Total: 26702 ns
[623.305s][info ][safepoint      ] Safepoint "Cleanup", Time since last: 2000190788 ns, Reaching safepoint: 6501 ns, Cleanup: 9800 ns, At safepoint: 2400 ns, Total: 18701 ns
[626.305s][info ][safepoint      ] Safepoint "Cleanup", Time since last: 3000255477 ns, Reaching safepoint: 6400 ns, Cleanup: 11301 ns, At safepoint: 2300 ns, Total: 20001 ns
[633.305s][info ][safepoint      ] Safepoint "Cleanup", Time since last: 7000536633 ns, Reaching safepoint: 6901 ns, Cleanup: 14001 ns, At safepoint: 2500 ns, Total: 23402 ns
[637.306s][info ][safepoint      ] Safepoint "Cleanup", Time since last: 4000334940 ns, Reaching safepoint: 5600 ns, Cleanup: 7400 ns, At safepoint: 2601 ns, Total: 15601 ns
[638.306s][info ][safepoint      ] Safepoint "Cleanup", Time since last: 1000111678 ns, Reaching safepoint: 6601 ns, Cleanup: 10100 ns, At safepoint: 2301 ns, Total: 19002 ns
[639.306s][info ][safepoint      ] Safepoint "Cleanup", Time since last: 1000126918 ns, Reaching safepoint: 6401 ns, Cleanup: 9900 ns, At safepoint: 2700 ns, Total: 19001 ns
[641.306s][info ][safepoint      ] Safepoint "Cleanup", Time since last: 2000185532 ns, Reaching safepoint: 8201 ns, Cleanup: 11501 ns, At safepoint: 2800 ns, Total: 22502 ns
[643.307s][info ][safepoint      ] Safepoint "Cleanup", Time since last: 2000192733 ns, Reaching safepoint: 6500 ns, Cleanup: 24902 ns, At safepoint: 2900 ns, Total: 34302 ns
[645.495s][info ][gc,start       ] GC(26) Pause Young (Allocation Failure)
[645.498s][debug][gc,phases      ] GC(26) Scavenge 2.378ms
[645.498s][debug][gc,ref         ] GC(26) ReferenceProcessor::execute queues: 1, RefProcThreadModel::Single, marks_oops_alive: false
[645.498s][debug][gc,ref         ] GC(26) Skipped KeepAliveFinalRefsPhase of Reference Processing: no references
[645.498s][debug][gc,ref         ] GC(26) ReferenceProcessor::execute queues: 1, RefProcThreadModel::Single, marks_oops_alive: false
[645.498s][debug][gc,phases      ] GC(26) Reference Processing 0.112ms
[645.498s][debug][gc,phases      ] GC(26)   VM Weak                        Min:  0.0, Avg:  0.0, Max:  0.0, Diff:  0.0, Sum:  0.0, Workers: 4
[645.498s][debug][gc,phases      ] GC(26)     Dead                           Min: 0, Avg:  0.0, Max: 0, Diff: 0, Sum: 0, Workers: 4
[645.498s][debug][gc,phases      ] GC(26)     Total                          Min: 0, Avg: 259.0, Max: 832, Diff: 832, Sum: 1036, Workers: 4
[645.498s][debug][gc,phases      ] GC(26)   ObjectSynchronizer Weak        Min:  0.0, Avg:  0.0, Max:  0.0, Diff:  0.0, Sum:  0.0, Workers: 4
[645.498s][debug][gc,phases      ] GC(26)     Dead                           Min: 0, Avg:  0.0, Max: 0, Diff: 0, Sum: 0, Workers: 4
[645.498s][debug][gc,phases      ] GC(26)     Total                          Min: 0, Avg:  0.8, Max: 3, Diff: 3, Sum: 3, Workers: 4
[645.498s][debug][gc,phases      ] GC(26)   JVMTI Tag Weak OopStorage      Min:  0.0, Avg:  0.0, Max:  0.0, Diff:  0.0, Sum:  0.0, Workers: 4
[645.498s][debug][gc,phases      ] GC(26)     Dead                           Min: 0, Avg:  0.0, Max: 0, Diff: 0, Sum: 0, Workers: 4
[645.498s][debug][gc,phases      ] GC(26)     Total                          Min: 0, Avg:  0.0, Max: 0, Diff: 0, Sum: 0, Workers: 4
[645.498s][debug][gc,phases      ] GC(26)   StringTable Weak               Min:  0.1, Avg:  0.1, Max:  0.1, Diff:  0.0, Sum:  0.5, Workers: 4
[645.498s][debug][gc,phases      ] GC(26)     Dead                           Min: 0, Avg:  0.0, Max: 0, Diff: 0, Sum: 0, Workers: 4
[645.498s][debug][gc,phases      ] GC(26)     Total                          Min: 10958, Avg: 12339.5, Max: 13504, Diff: 2546, Sum: 49358, Workers: 4
[645.498s][debug][gc,phases      ] GC(26)   ResolvedMethodTable Weak       Min:  0.0, Avg:  0.0, Max:  0.0, Diff:  0.0, Sum:  0.2, Workers: 4
[645.498s][debug][gc,phases      ] GC(26)     Dead                           Min: 0, Avg:  4.0, Max: 16, Diff: 16, Sum: 16, Workers: 4
[645.498s][debug][gc,phases      ] GC(26)     Total                          Min: 3672, Avg: 4070.8, Max: 4308, Diff: 636, Sum: 16283, Workers: 4
[645.498s][debug][gc,phases      ] GC(26)   JNI Weak                       Min:  0.0, Avg:  0.0, Max:  0.0, Diff:  0.0, Sum:  0.0, Workers: 4
[645.498s][debug][gc,phases      ] GC(26)     Dead                           Min: 0, Avg:  0.0, Max: 0, Diff: 0, Sum: 0, Workers: 4
[645.498s][debug][gc,phases      ] GC(26)     Total                          Min: 0, Avg: 13.0, Max: 52, Diff: 52, Sum: 52, Workers: 4
[645.498s][debug][gc,phases      ] GC(26)   StringDedup Table Weak         Min:  0.0, Avg:  0.0, Max:  0.0, Diff:  0.0, Sum:  0.0, Workers: 4
[645.498s][debug][gc,phases      ] GC(26)     Dead                           Min: 0, Avg:  0.0, Max: 0, Diff: 0, Sum: 0, Workers: 4
[645.498s][debug][gc,phases      ] GC(26)     Total                          Min: 0, Avg:  0.0, Max: 0, Diff: 0, Sum: 0, Workers: 4
[645.498s][debug][gc,phases      ] GC(26)   StringDedup Requests0 Weak     Min:  0.0, Avg:  0.0, Max:  0.0, Diff:  0.0, Sum:  0.0, Workers: 4
[645.498s][debug][gc,phases      ] GC(26)     Dead                           Min: 0, Avg:  0.0, Max: 0, Diff: 0, Sum: 0, Workers: 4
[645.498s][debug][gc,phases      ] GC(26)     Total                          Min: 0, Avg:  0.0, Max: 0, Diff: 0, Sum: 0, Workers: 4
[645.498s][debug][gc,phases      ] GC(26)   StringDedup Requests1 Weak     Min:  0.0, Avg:  0.0, Max:  0.0, Diff:  0.0, Sum:  0.0, Workers: 4
[645.498s][debug][gc,phases      ] GC(26)     Dead                           Min: 0, Avg:  0.0, Max: 0, Diff: 0, Sum: 0, Workers: 4
[645.498s][debug][gc,phases      ] GC(26)     Total                          Min: 0, Avg:  0.0, Max: 0, Diff: 0, Sum: 0, Workers: 4
[645.498s][debug][gc,phases      ] GC(26)   Weak JFR Old Object Samples    Min:  0.0, Avg:  0.0, Max:  0.0, Diff:  0.0, Sum:  0.0, Workers: 4
[645.498s][debug][gc,phases      ] GC(26)     Dead                           Min: 0, Avg:  0.0, Max: 0, Diff: 0, Sum: 0, Workers: 4
[645.498s][debug][gc,phases      ] GC(26)     Total                          Min: 0, Avg:  0.0, Max: 0, Diff: 0, Sum: 0, Workers: 4
[645.498s][debug][gc,phases      ] GC(26) Weak Processing 0.418ms
[645.498s][debug][gc,age         ] GC(26) Desired survivor size 184025088 bytes, new threshold 1 (max threshold 15)
[645.498s][info ][gc,heap        ] GC(26) PSYoungGen: 1703120K(1895424K)->2560K(1917440K) Eden: 1700352K(1700352K)->0K(1730048K) From: 2768K(195072K)->2560K(187392K)
[645.498s][info ][gc,heap        ] GC(26) ParOldGen: 440180K(440320K)->440536K(440832K)
[645.498s][info ][gc,metaspace   ] GC(26) Metaspace: 112428K(113792K)->112428K(113792K) NonClass: 95506K(96256K)->95506K(96256K) Class: 16922K(17536K)->16922K(17536K)
[645.498s][info ][gc             ] GC(26) Pause Young (Allocation Failure) 2093M->432M(2303M) 3.043ms
[645.498s][info ][gc,cpu         ] GC(26) User=0.01s Sys=0.00s Real=0.00s
[645.498s][info ][safepoint      ] Safepoint "ParallelGCFailedAllocation", Time since last: 2188600987 ns, Reaching safepoint: 7100 ns, Cleanup: 6101 ns, At safepoint: 3110822 ns, Total: 3124023 ns
[653.499s][info ][safepoint      ] Safepoint "Cleanup", Time since last: 8000598443 ns, Reaching safepoint: 7800 ns, Cleanup: 10701 ns, At safepoint: 2500 ns, Total: 21001 ns
[654.499s][info ][safepoint      ] Safepoint "Cleanup", Time since last: 1000117022 ns, Reaching safepoint: 6900 ns, Cleanup: 7901 ns, At safepoint: 2400 ns, Total: 17201 ns
[655.499s][info ][safepoint      ] Safepoint "Cleanup", Time since last: 1000114029 ns, Reaching safepoint: 6401 ns, Cleanup: 37002 ns, At safepoint: 2400 ns, Total: 45803 ns
[657.499s][info ][safepoint      ] Safepoint "Cleanup", Time since last: 2000193156 ns, Reaching safepoint: 6301 ns, Cleanup: 13801 ns, At safepoint: 2700 ns, Total: 22802 ns
[658.500s][info ][safepoint      ] Safepoint "Cleanup", Time since last: 1000119529 ns, Reaching safepoint: 23102 ns, Cleanup: 13101 ns, At safepoint: 2800 ns, Total: 39003 ns
[659.500s][info ][safepoint      ] Safepoint "Cleanup", Time since last: 1000127330 ns, Reaching safepoint: 80206 ns, Cleanup: 9800 ns, At safepoint: 14501 ns, Total: 104507 ns
[663.319s][info ][safepoint      ] Safepoint "Cleanup", Time since last: 3819670385 ns, Reaching safepoint: 5600 ns, Cleanup: 15501 ns, At safepoint: 2401 ns, Total: 23502 ns
[667.320s][info ][safepoint      ] Safepoint "Cleanup", Time since last: 4000303846 ns, Reaching safepoint: 5600 ns, Cleanup: 7301 ns, At safepoint: 2400 ns, Total: 15301 ns
[668.320s][info ][safepoint      ] Safepoint "Cleanup", Time since last: 1000118461 ns, Reaching safepoint: 6901 ns, Cleanup: 20701 ns, At safepoint: 2400 ns, Total: 30002 ns
[669.320s][info ][safepoint      ] Safepoint "Cleanup", Time since last: 1000115611 ns, Reaching safepoint: 4800 ns, Cleanup: 7401 ns, At safepoint: 2400 ns, Total: 14601 ns
[671.320s][info ][safepoint      ] Safepoint "Cleanup", Time since last: 2000175532 ns, Reaching safepoint: 6801 ns, Cleanup: 12801 ns, At safepoint: 2100 ns, Total: 21702 ns
[672.320s][info ][safepoint      ] Safepoint "Cleanup", Time since last: 1000113892 ns, Reaching safepoint: 6101 ns, Cleanup: 13301 ns, At safepoint: 2600 ns, Total: 22002 ns
[673.321s][info ][safepoint      ] Safepoint "Cleanup", Time since last: 1000125093 ns, Reaching safepoint: 4700 ns, Cleanup: 9101 ns, At safepoint: 2500 ns, Total: 16301 ns
[674.321s][info ][safepoint      ] Safepoint "Cleanup", Time since last: 1000103292 ns, Reaching safepoint: 5900 ns, Cleanup: 15201 ns, At safepoint: 2300 ns, Total: 23401 ns
[675.321s][info ][safepoint      ] Safepoint "Cleanup", Time since last: 1000105592 ns, Reaching safepoint: 5500 ns, Cleanup: 16001 ns, At safepoint: 2100 ns, Total: 23601 ns
[677.321s][info ][safepoint      ] Safepoint "Cleanup", Time since last: 2000169281 ns, Reaching safepoint: 6101 ns, Cleanup: 18301 ns, At safepoint: 2700 ns, Total: 27102 ns
[678.321s][info ][safepoint      ] Safepoint "Cleanup", Time since last: 1000112138 ns, Reaching safepoint: 6601 ns, Cleanup: 18101 ns, At safepoint: 2300 ns, Total: 27002 ns
[679.321s][info ][safepoint      ] Safepoint "Cleanup", Time since last: 1000114595 ns, Reaching safepoint: 5101 ns, Cleanup: 12700 ns, At safepoint: 2101 ns, Total: 19902 ns
[681.321s][info ][safepoint      ] Safepoint "Cleanup", Time since last: 2000180487 ns, Reaching safepoint: 8101 ns, Cleanup: 11901 ns, At safepoint: 2500 ns, Total: 22502 ns
[691.322s][info ][safepoint      ] Safepoint "Cleanup", Time since last: 10000761596 ns, Reaching safepoint: 7200 ns, Cleanup: 11901 ns, At safepoint: 2300 ns, Total: 21401 ns
[699.323s][info ][safepoint      ] Safepoint "Cleanup", Time since last: 8000605028 ns, Reaching safepoint: 8601 ns, Cleanup: 16101 ns, At safepoint: 2800 ns, Total: 27502 ns
[700.323s][info ][safepoint      ] Safepoint "Cleanup", Time since last: 1000151994 ns, Reaching safepoint: 6701 ns, Cleanup: 13201 ns, At safepoint: 2100 ns, Total: 22002 ns
[702.323s][info ][safepoint      ] Safepoint "Cleanup", Time since last: 2000193310 ns, Reaching safepoint: 6801 ns, Cleanup: 10400 ns, At safepoint: 2200 ns, Total: 19401 ns
[704.323s][info ][safepoint      ] Safepoint "Cleanup", Time since last: 2000180207 ns, Reaching safepoint: 6901 ns, Cleanup: 9800 ns, At safepoint: 2100 ns, Total: 18801 ns
[705.324s][info ][safepoint      ] Safepoint "Cleanup", Time since last: 1000125156 ns, Reaching safepoint: 6801 ns, Cleanup: 11000 ns, At safepoint: 2400 ns, Total: 20201 ns
[707.324s][info ][safepoint      ] Safepoint "Cleanup", Time since last: 2000183607 ns, Reaching safepoint: 5701 ns, Cleanup: 11801 ns, At safepoint: 2400 ns, Total: 19902 ns
[712.324s][info ][safepoint      ] Safepoint "Cleanup", Time since last: 5000394027 ns, Reaching safepoint: 6400 ns, Cleanup: 10501 ns, At safepoint: 2200 ns, Total: 19101 ns
[714.324s][info ][safepoint      ] Safepoint "Cleanup", Time since last: 2000186325 ns, Reaching safepoint: 6100 ns, Cleanup: 9801 ns, At safepoint: 2100 ns, Total: 18001 ns
[714.994s][info ][gc,start       ] GC(27) Pause Young (CodeCache GC Threshold)
[715.000s][debug][gc,phases      ] GC(27) Scavenge 5.249ms
[715.000s][debug][gc,ref         ] GC(27) ReferenceProcessor::execute queues: 1, RefProcThreadModel::Single, marks_oops_alive: false
[715.000s][debug][gc,ref         ] GC(27) Skipped KeepAliveFinalRefsPhase of Reference Processing: no references
[715.000s][debug][gc,ref         ] GC(27) ReferenceProcessor::execute queues: 1, RefProcThreadModel::Single, marks_oops_alive: false
[715.000s][debug][gc,phases      ] GC(27) Reference Processing 0.118ms
[715.000s][debug][gc,phases      ] GC(27)   VM Weak                        Min:  0.0, Avg:  0.0, Max:  0.0, Diff:  0.0, Sum:  0.0, Workers: 4
[715.000s][debug][gc,phases      ] GC(27)     Dead                           Min: 0, Avg:  0.0, Max: 0, Diff: 0, Sum: 0, Workers: 4
[715.000s][debug][gc,phases      ] GC(27)     Total                          Min: 0, Avg: 259.0, Max: 908, Diff: 908, Sum: 1036, Workers: 4
[715.000s][debug][gc,phases      ] GC(27)   ObjectSynchronizer Weak        Min:  0.0, Avg:  0.0, Max:  0.0, Diff:  0.0, Sum:  0.0, Workers: 4
[715.000s][debug][gc,phases      ] GC(27)     Dead                           Min: 0, Avg:  0.0, Max: 0, Diff: 0, Sum: 0, Workers: 4
[715.000s][debug][gc,phases      ] GC(27)     Total                          Min: 0, Avg:  1.0, Max: 4, Diff: 4, Sum: 4, Workers: 4
[715.000s][debug][gc,phases      ] GC(27)   JVMTI Tag Weak OopStorage      Min:  0.0, Avg:  0.0, Max:  0.0, Diff:  0.0, Sum:  0.0, Workers: 4
[715.000s][debug][gc,phases      ] GC(27)     Dead                           Min: 0, Avg:  0.0, Max: 0, Diff: 0, Sum: 0, Workers: 4
[715.000s][debug][gc,phases      ] GC(27)     Total                          Min: 0, Avg:  0.0, Max: 0, Diff: 0, Sum: 0, Workers: 4
[715.000s][debug][gc,phases      ] GC(27)   StringTable Weak               Min:  0.1, Avg:  0.1, Max:  0.1, Diff:  0.0, Sum:  0.5, Workers: 4
[715.000s][debug][gc,phases      ] GC(27)     Dead                           Min: 0, Avg:  0.2, Max: 1, Diff: 1, Sum: 1, Workers: 4
[715.000s][debug][gc,phases      ] GC(27)     Total                          Min: 11879, Avg: 12345.5, Max: 13119, Diff: 1240, Sum: 49382, Workers: 4
[715.000s][debug][gc,phases      ] GC(27)   ResolvedMethodTable Weak       Min:  0.0, Avg:  0.0, Max:  0.0, Diff:  0.0, Sum:  0.2, Workers: 4
[715.000s][debug][gc,phases      ] GC(27)     Dead                           Min: 0, Avg:  5.0, Max: 20, Diff: 20, Sum: 20, Workers: 4
[715.000s][debug][gc,phases      ] GC(27)     Total                          Min: 3875, Avg: 4074.2, Max: 4261, Diff: 386, Sum: 16297, Workers: 4
[715.000s][debug][gc,phases      ] GC(27)   JNI Weak                       Min:  0.0, Avg:  0.0, Max:  0.0, Diff:  0.0, Sum:  0.0, Workers: 4
[715.000s][debug][gc,phases      ] GC(27)     Dead                           Min: 0, Avg:  0.0, Max: 0, Diff: 0, Sum: 0, Workers: 4
[715.000s][debug][gc,phases      ] GC(27)     Total                          Min: 0, Avg: 13.0, Max: 52, Diff: 52, Sum: 52, Workers: 4
[715.000s][debug][gc,phases      ] GC(27)   StringDedup Table Weak         Min:  0.0, Avg:  0.0, Max:  0.0, Diff:  0.0, Sum:  0.0, Workers: 4
[715.000s][debug][gc,phases      ] GC(27)     Dead                           Min: 0, Avg:  0.0, Max: 0, Diff: 0, Sum: 0, Workers: 4
[715.000s][debug][gc,phases      ] GC(27)     Total                          Min: 0, Avg:  0.0, Max: 0, Diff: 0, Sum: 0, Workers: 4
[715.000s][debug][gc,phases      ] GC(27)   StringDedup Requests0 Weak     Min:  0.0, Avg:  0.0, Max:  0.0, Diff:  0.0, Sum:  0.0, Workers: 4
[715.000s][debug][gc,phases      ] GC(27)     Dead                           Min: 0, Avg:  0.0, Max: 0, Diff: 0, Sum: 0, Workers: 4
[715.000s][debug][gc,phases      ] GC(27)     Total                          Min: 0, Avg:  0.0, Max: 0, Diff: 0, Sum: 0, Workers: 4
[715.000s][debug][gc,phases      ] GC(27)   StringDedup Requests1 Weak     Min:  0.0, Avg:  0.0, Max:  0.0, Diff:  0.0, Sum:  0.0, Workers: 4
[715.000s][debug][gc,phases      ] GC(27)     Dead                           Min: 0, Avg:  0.0, Max: 0, Diff: 0, Sum: 0, Workers: 4
[715.000s][debug][gc,phases      ] GC(27)     Total                          Min: 0, Avg:  0.0, Max: 0, Diff: 0, Sum: 0, Workers: 4
[715.000s][debug][gc,phases      ] GC(27)   Weak JFR Old Object Samples    Min:  0.0, Avg:  0.0, Max:  0.0, Diff:  0.0, Sum:  0.0, Workers: 4
[715.000s][debug][gc,phases      ] GC(27)     Dead                           Min: 0, Avg:  0.0, Max: 0, Diff: 0, Sum: 0, Workers: 4
[715.000s][debug][gc,phases      ] GC(27)     Total                          Min: 0, Avg:  0.0, Max: 0, Diff: 0, Sum: 0, Workers: 4
[715.000s][debug][gc,phases      ] GC(27) Weak Processing 0.375ms
[715.000s][debug][gc,age         ] GC(27) Desired survivor size 175636480 bytes, new threshold 1 (max threshold 15)
[715.000s][info ][gc,heap        ] GC(27) PSYoungGen: 1706794K(1917440K)->2704K(1909760K) Eden: 1704234K(1730048K)->0K(1730048K) From: 2560K(187392K)->2704K(179712K)
[715.000s][info ][gc,heap        ] GC(27) ParOldGen: 440536K(440832K)->440620K(440832K)
[715.000s][info ][gc,metaspace   ] GC(27) Metaspace: 112546K(113920K)->112546K(113920K) NonClass: 95618K(96384K)->95618K(96384K) Class: 16928K(17536K)->16928K(17536K)
[715.000s][info ][gc             ] GC(27) Pause Young (CodeCache GC Threshold) 2097M->432M(2295M) 5.875ms
[715.000s][info ][gc,cpu         ] GC(27) User=0.01s Sys=0.00s Real=0.01s
[715.000s][debug][gc,phases      ] GC(28) Pre Compact 0.009ms
[715.000s][info ][gc,start       ] GC(28) Pause Full (CodeCache GC Threshold)
[715.000s][info ][gc,phases,start] GC(28) Marking Phase
[715.127s][debug][gc,phases      ] GC(28) Par Mark 126.906ms
[715.127s][debug][gc,ref         ] GC(28) ReferenceProcessor::execute queues: 4, RefProcThreadModel::Multi, marks_oops_alive: false
[715.128s][debug][gc,ref         ] GC(28) Skipped KeepAliveFinalRefsPhase of Reference Processing: no references
[715.128s][debug][gc,ref         ] GC(28) ReferenceProcessor::execute queues: 1, RefProcThreadModel::Single, marks_oops_alive: false
[715.128s][debug][gc,phases      ] GC(28) Reference Processing 0.951ms
[715.128s][debug][gc,phases      ] GC(28)   VM Weak                        Min:  0.0, Avg:  0.0, Max:  0.0, Diff:  0.0, Sum:  0.0, Workers: 4
[715.128s][debug][gc,phases      ] GC(28)     Dead                           Min: 0, Avg:  0.0, Max: 0, Diff: 0, Sum: 0, Workers: 4
[715.128s][debug][gc,phases      ] GC(28)     Total                          Min: 0, Avg: 259.0, Max: 396, Diff: 396, Sum: 1036, Workers: 4
[715.128s][debug][gc,phases      ] GC(28)   ObjectSynchronizer Weak        Min:  0.0, Avg:  0.0, Max:  0.0, Diff:  0.0, Sum:  0.0, Workers: 4
[715.129s][debug][gc,phases      ] GC(28)     Dead                           Min: 0, Avg:  0.0, Max: 0, Diff: 0, Sum: 0, Workers: 4
[715.129s][debug][gc,phases      ] GC(28)     Total                          Min: 0, Avg:  1.0, Max: 4, Diff: 4, Sum: 4, Workers: 4
[715.129s][debug][gc,phases      ] GC(28)   JVMTI Tag Weak OopStorage      Min:  0.0, Avg:  0.0, Max:  0.0, Diff:  0.0, Sum:  0.0, Workers: 4
[715.129s][debug][gc,phases      ] GC(28)     Dead                           Min: 0, Avg:  0.0, Max: 0, Diff: 0, Sum: 0, Workers: 4
[715.129s][debug][gc,phases      ] GC(28)     Total                          Min: 0, Avg:  0.0, Max: 0, Diff: 0, Sum: 0, Workers: 4
[715.129s][debug][gc,phases      ] GC(28)   StringTable Weak               Min:  0.0, Avg:  0.2, Max:  0.3, Diff:  0.3, Sum:  0.8, Workers: 4
[715.129s][debug][gc,phases      ] GC(28)     Dead                           Min: 0, Avg:  0.0, Max: 0, Diff: 0, Sum: 0, Workers: 4
[715.129s][debug][gc,phases      ] GC(28)     Total                          Min: 0, Avg: 12345.5, Max: 16871, Diff: 16871, Sum: 49382, Workers: 4
[715.129s][debug][gc,phases      ] GC(28)   ResolvedMethodTable Weak       Min:  0.0, Avg:  0.1, Max:  0.1, Diff:  0.1, Sum:  0.2, Workers: 4
[715.129s][debug][gc,phases      ] GC(28)     Dead                           Min: 0, Avg:  0.0, Max: 0, Diff: 0, Sum: 0, Workers: 4
[715.129s][debug][gc,phases      ] GC(28)     Total                          Min: 0, Avg: 4074.2, Max: 5759, Diff: 5759, Sum: 16297, Workers: 4
[715.129s][debug][gc,phases      ] GC(28)   JNI Weak                       Min:  0.0, Avg:  0.0, Max:  0.0, Diff:  0.0, Sum:  0.0, Workers: 4
[715.129s][debug][gc,phases      ] GC(28)     Dead                           Min: 0, Avg:  0.0, Max: 0, Diff: 0, Sum: 0, Workers: 4
[715.129s][debug][gc,phases      ] GC(28)     Total                          Min: 0, Avg: 13.0, Max: 52, Diff: 52, Sum: 52, Workers: 4
[715.129s][debug][gc,phases      ] GC(28)   StringDedup Table Weak         Min:  0.0, Avg:  0.0, Max:  0.0, Diff:  0.0, Sum:  0.0, Workers: 4
[715.129s][debug][gc,phases      ] GC(28)     Dead                           Min: 0, Avg:  0.0, Max: 0, Diff: 0, Sum: 0, Workers: 4
[715.129s][debug][gc,phases      ] GC(28)     Total                          Min: 0, Avg:  0.0, Max: 0, Diff: 0, Sum: 0, Workers: 4
[715.129s][debug][gc,phases      ] GC(28)   StringDedup Requests0 Weak     Min:  0.0, Avg:  0.0, Max:  0.0, Diff:  0.0, Sum:  0.0, Workers: 4
[715.129s][debug][gc,phases      ] GC(28)     Dead                           Min: 0, Avg:  0.0, Max: 0, Diff: 0, Sum: 0, Workers: 4
[715.129s][debug][gc,phases      ] GC(28)     Total                          Min: 0, Avg:  0.0, Max: 0, Diff: 0, Sum: 0, Workers: 4
[715.129s][debug][gc,phases      ] GC(28)   StringDedup Requests1 Weak     Min:  0.0, Avg:  0.0, Max:  0.0, Diff:  0.0, Sum:  0.0, Workers: 4
[715.129s][debug][gc,phases      ] GC(28)     Dead                           Min: 0, Avg:  0.0, Max: 0, Diff: 0, Sum: 0, Workers: 4
[715.129s][debug][gc,phases      ] GC(28)     Total                          Min: 0, Avg:  0.0, Max: 0, Diff: 0, Sum: 0, Workers: 4
[715.129s][debug][gc,phases      ] GC(28)   Weak JFR Old Object Samples    Min:  0.0, Avg:  0.0, Max:  0.0, Diff:  0.0, Sum:  0.0, Workers: 4
[715.129s][debug][gc,phases      ] GC(28)     Dead                           Min: 0, Avg:  0.0, Max: 0, Diff: 0, Sum: 0, Workers: 4
[715.129s][debug][gc,phases      ] GC(28)     Total                          Min: 0, Avg:  0.0, Max: 0, Diff: 0, Sum: 0, Workers: 4
[715.129s][debug][gc,phases      ] GC(28) Weak Processing 0.588ms
[715.129s][debug][gc,phases      ] GC(28) ClassLoaderData 0.143ms
[715.129s][debug][gc,phases      ] GC(28) Trigger cleanups 0.000ms
[715.191s][debug][gc,phases      ] GC(28) Purge Unlinked NMethods 2.220ms
[715.191s][debug][gc,phases      ] GC(28) Unregister NMethods 0.001ms
[715.191s][debug][gc,phases      ] GC(28) Free Code Blobs 0.277ms
[715.191s][debug][gc,phases      ] GC(28) Class Unloading 62.438ms
[715.191s][debug][gc,phases      ] GC(28) Report Object Count 0.001ms
[715.191s][info ][gc,phases      ] GC(28) Marking Phase 190.958ms
[715.191s][info ][gc,phases,start] GC(28) Summary Phase
[715.191s][info ][gc,phases      ] GC(28) Summary Phase 0.018ms
[715.191s][info ][gc,phases,start] GC(28) Adjust Roots
[715.215s][info ][gc,phases      ] GC(28) Adjust Roots 23.747ms
[715.215s][info ][gc,phases,start] GC(28) Compaction Phase
[715.355s][info ][gc,phases      ] GC(28) Compaction Phase 139.891ms
[715.355s][info ][gc,phases,start] GC(28) Post Compact
[715.357s][debug][gc,phases      ] GC(28) Purge Class Loader Data 0.795ms
[715.357s][info ][gc,phases      ] GC(28) Post Compact 2.583ms
[715.357s][info ][gc,heap        ] GC(28) PSYoungGen: 2704K(1909760K)->0K(1909760K) Eden: 0K(1730048K)->0K(1730048K) From: 2704K(179712K)->0K(179712K)
[715.357s][info ][gc,heap        ] GC(28) ParOldGen: 440620K(440832K)->315066K(440832K)
[715.357s][info ][gc,metaspace   ] GC(28) Metaspace: 112546K(113920K)->112546K(113920K) NonClass: 95618K(96384K)->95618K(96384K) Class: 16928K(17536K)->16928K(17536K)
[715.357s][info ][gc             ] GC(28) Pause Full (CodeCache GC Threshold) 432M->307M(2295M) 357.358ms
[715.358s][info ][gc,cpu         ] GC(28) User=0.96s Sys=0.03s Real=0.36s
[715.358s][info ][safepoint      ] Safepoint "ParallelGCSystemGC", Time since last: 669664758 ns, Reaching safepoint: 101207 ns, Cleanup: 4100 ns, At safepoint: 363364758 ns, Total: 363470065 ns
[716.358s][info ][safepoint      ] Safepoint "Cleanup", Time since last: 1000092763 ns, Reaching safepoint: 6900 ns, Cleanup: 78905 ns, At safepoint: 2500 ns, Total: 88305 ns
[717.358s][info ][safepoint      ] Safepoint "Cleanup", Time since last: 1000113464 ns, Reaching safepoint: 5900 ns, Cleanup: 10101 ns, At safepoint: 25902 ns, Total: 41903 ns
[719.358s][info ][safepoint      ] Safepoint "Cleanup", Time since last: 2000173885 ns, Reaching safepoint: 6201 ns, Cleanup: 19301 ns, At safepoint: 2200 ns, Total: 27702 ns
[721.338s][info ][safepoint      ] Safepoint "Cleanup", Time since last: 1980244799 ns, Reaching safepoint: 87706 ns, Cleanup: 13001 ns, At safepoint: 8800 ns, Total: 109507 ns
[722.339s][info ][safepoint      ] Safepoint "Cleanup", Time since last: 1000140946 ns, Reaching safepoint: 86006 ns, Cleanup: 12300 ns, At safepoint: 8001 ns, Total: 106307 ns
[732.340s][info ][safepoint      ] Safepoint "Cleanup", Time since last: 10000863897 ns, Reaching safepoint: 85006 ns, Cleanup: 12000 ns, At safepoint: 7501 ns, Total: 104507 ns
[736.340s][info ][safepoint      ] Safepoint "Cleanup", Time since last: 4000373233 ns, Reaching safepoint: 81005 ns, Cleanup: 16501 ns, At safepoint: 6700 ns, Total: 104206 ns
[737.340s][info ][safepoint      ] Safepoint "Cleanup", Time since last: 1000124628 ns, Reaching safepoint: 80706 ns, Cleanup: 18401 ns, At safepoint: 6000 ns, Total: 105107 ns
[738.341s][info ][safepoint      ] Safepoint "Cleanup", Time since last: 1000144229 ns, Reaching safepoint: 83506 ns, Cleanup: 10900 ns, At safepoint: 8101 ns, Total: 102507 ns
[740.341s][info ][safepoint      ] Safepoint "Cleanup", Time since last: 2000226655 ns, Reaching safepoint: 85305 ns, Cleanup: 9601 ns, At safepoint: 9000 ns, Total: 103906 ns
[747.342s][info ][safepoint      ] Safepoint "Cleanup", Time since last: 7001323945 ns, Reaching safepoint: 99806 ns, Cleanup: 15901 ns, At safepoint: 8100 ns, Total: 123807 ns
[752.343s][info ][safepoint      ] Safepoint "Cleanup", Time since last: 5000421885 ns, Reaching safepoint: 6001 ns, Cleanup: 10300 ns, At safepoint: 2700 ns, Total: 19001 ns
[753.343s][info ][safepoint      ] Safepoint "Cleanup", Time since last: 1000114876 ns, Reaching safepoint: 77504 ns, Cleanup: 10501 ns, At safepoint: 8200 ns, Total: 96205 ns
[754.343s][info ][safepoint      ] Safepoint "Cleanup", Time since last: 1000118476 ns, Reaching safepoint: 95905 ns, Cleanup: 9701 ns, At safepoint: 6900 ns, Total: 112506 ns
[755.343s][info ][safepoint      ] Safepoint "Cleanup", Time since last: 1000106075 ns, Reaching safepoint: 6200 ns, Cleanup: 16701 ns, At safepoint: 2800 ns, Total: 25701 ns
[758.344s][info ][safepoint      ] Safepoint "Cleanup", Time since last: 3000263563 ns, Reaching safepoint: 7401 ns, Cleanup: 10800 ns, At safepoint: 2501 ns, Total: 20702 ns
[764.344s][info ][safepoint      ] Safepoint "Cleanup", Time since last: 6000487088 ns, Reaching safepoint: 6300 ns, Cleanup: 9801 ns, At safepoint: 2800 ns, Total: 18901 ns
[769.345s][info ][safepoint      ] Safepoint "Cleanup", Time since last: 5000424159 ns, Reaching safepoint: 6501 ns, Cleanup: 10000 ns, At safepoint: 2500 ns, Total: 19001 ns
[770.345s][info ][safepoint      ] Safepoint "Cleanup", Time since last: 1000144597 ns, Reaching safepoint: 6900 ns, Cleanup: 11401 ns, At safepoint: 2300 ns, Total: 20601 ns
[777.345s][info ][safepoint      ] Safepoint "Cleanup", Time since last: 7000551027 ns, Reaching safepoint: 6500 ns, Cleanup: 14301 ns, At safepoint: 2600 ns, Total: 23401 ns
[778.346s][info ][safepoint      ] Safepoint "Cleanup", Time since last: 1000128104 ns, Reaching safepoint: 84305 ns, Cleanup: 8501 ns, At safepoint: 10400 ns, Total: 103206 ns
[781.346s][info ][safepoint      ] Safepoint "Cleanup", Time since last: 3000264504 ns, Reaching safepoint: 6401 ns, Cleanup: 13901 ns, At safepoint: 2800 ns, Total: 23102 ns
[784.346s][info ][safepoint      ] Safepoint "Cleanup", Time since last: 3000264927 ns, Reaching safepoint: 8201 ns, Cleanup: 13200 ns, At safepoint: 2601 ns, Total: 24002 ns
[785.346s][info ][safepoint      ] Safepoint "Cleanup", Time since last: 1000127379 ns, Reaching safepoint: 6800 ns, Cleanup: 10601 ns, At safepoint: 2700 ns, Total: 20101 ns
[787.347s][info ][safepoint      ] Safepoint "Cleanup", Time since last: 2000187254 ns, Reaching safepoint: 6200 ns, Cleanup: 11301 ns, At safepoint: 2500 ns, Total: 20001 ns
[790.755s][info ][gc,start       ] GC(29) Pause Young (Allocation Failure)
[790.757s][debug][gc,phases      ] GC(29) Scavenge 1.453ms
[790.757s][debug][gc,ref         ] GC(29) ReferenceProcessor::execute queues: 1, RefProcThreadModel::Single, marks_oops_alive: false
[790.757s][debug][gc,ref         ] GC(29) Skipped KeepAliveFinalRefsPhase of Reference Processing: no references
[790.757s][debug][gc,ref         ] GC(29) ReferenceProcessor::execute queues: 1, RefProcThreadModel::Single, marks_oops_alive: false
[790.757s][debug][gc,phases      ] GC(29) Reference Processing 0.114ms
[790.757s][debug][gc,phases      ] GC(29)   VM Weak                        Min:  0.0, Avg:  0.0, Max:  0.0, Diff:  0.0, Sum:  0.0, Workers: 4
[790.757s][debug][gc,phases      ] GC(29)     Dead                           Min: 0, Avg:  0.0, Max: 0, Diff: 0, Sum: 0, Workers: 4
[790.757s][debug][gc,phases      ] GC(29)     Total                          Min: 0, Avg: 260.2, Max: 657, Diff: 657, Sum: 1041, Workers: 4
[790.757s][debug][gc,phases      ] GC(29)   ObjectSynchronizer Weak        Min:  0.0, Avg:  0.0, Max:  0.0, Diff:  0.0, Sum:  0.0, Workers: 4
[790.757s][debug][gc,phases      ] GC(29)     Dead                           Min: 0, Avg:  0.0, Max: 0, Diff: 0, Sum: 0, Workers: 4
[790.757s][debug][gc,phases      ] GC(29)     Total                          Min: 0, Avg:  0.8, Max: 3, Diff: 3, Sum: 3, Workers: 4
[790.757s][debug][gc,phases      ] GC(29)   JVMTI Tag Weak OopStorage      Min:  0.0, Avg:  0.0, Max:  0.0, Diff:  0.0, Sum:  0.0, Workers: 4
[790.757s][debug][gc,phases      ] GC(29)     Dead                           Min: 0, Avg:  0.0, Max: 0, Diff: 0, Sum: 0, Workers: 4
[790.757s][debug][gc,phases      ] GC(29)     Total                          Min: 0, Avg:  0.0, Max: 0, Diff: 0, Sum: 0, Workers: 4
[790.757s][debug][gc,phases      ] GC(29)   StringTable Weak               Min:  0.1, Avg:  0.1, Max:  0.1, Diff:  0.0, Sum:  0.4, Workers: 4
[790.757s][debug][gc,phases      ] GC(29)     Dead                           Min: 0, Avg:  0.2, Max: 1, Diff: 1, Sum: 1, Workers: 4
[790.757s][debug][gc,phases      ] GC(29)     Total                          Min: 11136, Avg: 12349.5, Max: 13247, Diff: 2111, Sum: 49398, Workers: 4
[790.757s][debug][gc,phases      ] GC(29)   ResolvedMethodTable Weak       Min:  0.0, Avg:  0.0, Max:  0.0, Diff:  0.0, Sum:  0.2, Workers: 4
[790.757s][debug][gc,phases      ] GC(29)     Dead                           Min: 0, Avg:  4.8, Max: 10, Diff: 10, Sum: 19, Workers: 4
[790.757s][debug][gc,phases      ] GC(29)     Total                          Min: 3804, Avg: 4083.2, Max: 4510, Diff: 706, Sum: 16333, Workers: 4
[790.757s][debug][gc,phases      ] GC(29)   JNI Weak                       Min:  0.0, Avg:  0.0, Max:  0.0, Diff:  0.0, Sum:  0.0, Workers: 4
[790.757s][debug][gc,phases      ] GC(29)     Dead                           Min: 0, Avg:  0.0, Max: 0, Diff: 0, Sum: 0, Workers: 4
[790.757s][debug][gc,phases      ] GC(29)     Total                          Min: 0, Avg: 13.0, Max: 52, Diff: 52, Sum: 52, Workers: 4
[790.757s][debug][gc,phases      ] GC(29)   StringDedup Table Weak         Min:  0.0, Avg:  0.0, Max:  0.0, Diff:  0.0, Sum:  0.0, Workers: 4
[790.757s][debug][gc,phases      ] GC(29)     Dead                           Min: 0, Avg:  0.0, Max: 0, Diff: 0, Sum: 0, Workers: 4
[790.757s][debug][gc,phases      ] GC(29)     Total                          Min: 0, Avg:  0.0, Max: 0, Diff: 0, Sum: 0, Workers: 4
[790.757s][debug][gc,phases      ] GC(29)   StringDedup Requests0 Weak     Min:  0.0, Avg:  0.0, Max:  0.0, Diff:  0.0, Sum:  0.0, Workers: 4
[790.757s][debug][gc,phases      ] GC(29)     Dead                           Min: 0, Avg:  0.0, Max: 0, Diff: 0, Sum: 0, Workers: 4
[790.757s][debug][gc,phases      ] GC(29)     Total                          Min: 0, Avg:  0.0, Max: 0, Diff: 0, Sum: 0, Workers: 4
[790.757s][debug][gc,phases      ] GC(29)   StringDedup Requests1 Weak     Min:  0.0, Avg:  0.0, Max:  0.0, Diff:  0.0, Sum:  0.0, Workers: 4
[790.757s][debug][gc,phases      ] GC(29)     Dead                           Min: 0, Avg:  0.0, Max: 0, Diff: 0, Sum: 0, Workers: 4
[790.757s][debug][gc,phases      ] GC(29)     Total                          Min: 0, Avg:  0.0, Max: 0, Diff: 0, Sum: 0, Workers: 4
[790.757s][debug][gc,phases      ] GC(29)   Weak JFR Old Object Samples    Min:  0.0, Avg:  0.0, Max:  0.0, Diff:  0.0, Sum:  0.0, Workers: 4
[790.757s][debug][gc,phases      ] GC(29)     Dead                           Min: 0, Avg:  0.0, Max: 0, Diff: 0, Sum: 0, Workers: 4
[790.757s][debug][gc,phases      ] GC(29)     Total                          Min: 0, Avg:  0.0, Max: 0, Diff: 0, Sum: 0, Workers: 4
[790.757s][debug][gc,phases      ] GC(29) Weak Processing 0.369ms
[790.757s][debug][gc,age         ] GC(29) Desired survivor size 167247872 bytes, new threshold 1 (max threshold 15)
[790.757s][info ][gc,heap        ] GC(29) PSYoungGen: 1730048K(1909760K)->2112K(1933824K) Eden: 1730048K(1730048K)->0K(1762304K) From: 0K(179712K)->2112K(171520K)
[790.757s][info ][gc,heap        ] GC(29) ParOldGen: 315066K(440832K)->315066K(440832K)
[790.757s][info ][gc,metaspace   ] GC(29) Metaspace: 112622K(113984K)->112622K(113984K) NonClass: 95683K(96448K)->95683K(96448K) Class: 16939K(17536K)->16939K(17536K)
[790.757s][info ][gc             ] GC(29) Pause Young (Allocation Failure) 1997M->309M(2319M) 2.039ms
[790.757s][info ][gc,cpu         ] GC(29) User=0.00s Sys=0.00s Real=0.00s
[790.757s][info ][safepoint      ] Safepoint "ParallelGCFailedAllocation", Time since last: 3408558158 ns, Reaching safepoint: 8200 ns, Cleanup: 5001 ns, At safepoint: 2107711 ns, Total: 2120912 ns
[791.757s][info ][safepoint      ] Safepoint "Cleanup", Time since last: 1000088125 ns, Reaching safepoint: 6300 ns, Cleanup: 10601 ns, At safepoint: 2600 ns, Total: 19501 ns
[795.758s][info ][safepoint      ] Safepoint "Cleanup", Time since last: 4000312086 ns, Reaching safepoint: 6100 ns, Cleanup: 12801 ns, At safepoint: 2600 ns, Total: 21501 ns
[806.758s][info ][safepoint      ] Safepoint "Cleanup", Time since last: 11000787453 ns, Reaching safepoint: 5500 ns, Cleanup: 12801 ns, At safepoint: 2700 ns, Total: 21001 ns
[814.759s][info ][safepoint      ] Safepoint "Cleanup", Time since last: 8000602038 ns, Reaching safepoint: 6300 ns, Cleanup: 14001 ns, At safepoint: 2600 ns, Total: 22901 ns
[815.759s][info ][safepoint      ] Safepoint "Cleanup", Time since last: 1000118040 ns, Reaching safepoint: 6001 ns, Cleanup: 11800 ns, At safepoint: 2400 ns, Total: 20201 ns
[817.759s][info ][safepoint      ] Safepoint "Cleanup", Time since last: 2000172977 ns, Reaching safepoint: 5100 ns, Cleanup: 6301 ns, At safepoint: 2600 ns, Total: 14001 ns
[818.760s][info ][safepoint      ] Safepoint "Cleanup", Time since last: 1000123740 ns, Reaching safepoint: 5200 ns, Cleanup: 11401 ns, At safepoint: 2100 ns, Total: 18701 ns
[819.760s][info ][safepoint      ] Safepoint "Cleanup", Time since last: 1000100739 ns, Reaching safepoint: 7001 ns, Cleanup: 25901 ns, At safepoint: 2600 ns, Total: 35502 ns
[821.760s][info ][safepoint      ] Safepoint "Cleanup", Time since last: 2000175777 ns, Reaching safepoint: 6600 ns, Cleanup: 13101 ns, At safepoint: 2200 ns, Total: 21901 ns
[827.760s][info ][safepoint      ] Safepoint "Cleanup", Time since last: 6000450359 ns, Reaching safepoint: 6400 ns, Cleanup: 14301 ns, At safepoint: 2800 ns, Total: 23501 ns
[828.761s][info ][safepoint      ] Safepoint "Cleanup", Time since last: 1000132296 ns, Reaching safepoint: 6301 ns, Cleanup: 21401 ns, At safepoint: 2900 ns, Total: 30602 ns
[836.761s][info ][safepoint      ] Safepoint "Cleanup", Time since last: 8000565367 ns, Reaching safepoint: 6700 ns, Cleanup: 19301 ns, At safepoint: 2401 ns, Total: 28402 ns
[837.761s][info ][safepoint      ] Safepoint "Cleanup", Time since last: 1000114799 ns, Reaching safepoint: 6300 ns, Cleanup: 12401 ns, At safepoint: 2400 ns, Total: 21101 ns
[838.761s][info ][safepoint      ] Safepoint "Cleanup", Time since last: 1000111370 ns, Reaching safepoint: 6800 ns, Cleanup: 13001 ns, At safepoint: 2700 ns, Total: 22501 ns
[848.374s][info ][safepoint      ] Safepoint "Cleanup", Time since last: 9612216032 ns, Reaching safepoint: 5800 ns, Cleanup: 11100 ns, At safepoint: 2300 ns, Total: 19200 ns
[852.374s][info ][safepoint      ] Safepoint "Cleanup", Time since last: 4000364760 ns, Reaching safepoint: 6800 ns, Cleanup: 11901 ns, At safepoint: 2400 ns, Total: 21101 ns
[863.341s][info ][gc,start       ] GC(30) Pause Young (Allocation Failure)
[863.347s][debug][gc,phases      ] GC(30) Scavenge 5.651ms
[863.347s][debug][gc,ref         ] GC(30) ReferenceProcessor::execute queues: 1, RefProcThreadModel::Single, marks_oops_alive: false
[863.347s][debug][gc,ref         ] GC(30) Skipped KeepAliveFinalRefsPhase of Reference Processing: no references
[863.347s][debug][gc,ref         ] GC(30) ReferenceProcessor::execute queues: 1, RefProcThreadModel::Single, marks_oops_alive: false
[863.347s][debug][gc,phases      ] GC(30) Reference Processing 0.124ms
[863.347s][debug][gc,phases      ] GC(30)   VM Weak                        Min:  0.0, Avg:  0.0, Max:  0.0, Diff:  0.0, Sum:  0.0, Workers: 4
[863.347s][debug][gc,phases      ] GC(30)     Dead                           Min: 0, Avg:  0.0, Max: 0, Diff: 0, Sum: 0, Workers: 4
[863.347s][debug][gc,phases      ] GC(30)     Total                          Min: 0, Avg: 262.2, Max: 729, Diff: 729, Sum: 1049, Workers: 4
[863.347s][debug][gc,phases      ] GC(30)   ObjectSynchronizer Weak        Min:  0.0, Avg:  0.0, Max:  0.0, Diff:  0.0, Sum:  0.0, Workers: 4
[863.347s][debug][gc,phases      ] GC(30)     Dead                           Min: 0, Avg:  0.0, Max: 0, Diff: 0, Sum: 0, Workers: 4
[863.347s][debug][gc,phases      ] GC(30)     Total                          Min: 0, Avg:  0.8, Max: 3, Diff: 3, Sum: 3, Workers: 4
[863.347s][debug][gc,phases      ] GC(30)   JVMTI Tag Weak OopStorage      Min:  0.0, Avg:  0.0, Max:  0.0, Diff:  0.0, Sum:  0.0, Workers: 4
[863.347s][debug][gc,phases      ] GC(30)     Dead                           Min: 0, Avg:  0.0, Max: 0, Diff: 0, Sum: 0, Workers: 4
[863.347s][debug][gc,phases      ] GC(30)     Total                          Min: 0, Avg:  0.0, Max: 0, Diff: 0, Sum: 0, Workers: 4
[863.347s][debug][gc,phases      ] GC(30)   StringTable Weak               Min:  0.0, Avg:  0.1, Max:  0.1, Diff:  0.1, Sum:  0.4, Workers: 4
[863.347s][debug][gc,phases      ] GC(30)     Dead                           Min: 0, Avg:  0.2, Max: 1, Diff: 1, Sum: 1, Workers: 4
[863.347s][debug][gc,phases      ] GC(30)     Total                          Min: 0, Avg: 12352.5, Max: 18048, Diff: 18048, Sum: 49410, Workers: 4
[863.347s][debug][gc,phases      ] GC(30)   ResolvedMethodTable Weak       Min:  0.0, Avg:  0.0, Max:  0.1, Diff:  0.1, Sum:  0.2, Workers: 4
[863.347s][debug][gc,phases      ] GC(30)     Dead                           Min: 0, Avg:  4.8, Max: 16, Diff: 16, Sum: 19, Workers: 4
[863.347s][debug][gc,phases      ] GC(30)     Total                          Min: 0, Avg: 4093.0, Max: 6593, Diff: 6593, Sum: 16372, Workers: 4
[863.347s][debug][gc,phases      ] GC(30)   JNI Weak                       Min:  0.0, Avg:  0.0, Max:  0.0, Diff:  0.0, Sum:  0.0, Workers: 4
[863.348s][debug][gc,phases      ] GC(30)     Dead                           Min: 0, Avg:  0.0, Max: 0, Diff: 0, Sum: 0, Workers: 4
[863.348s][debug][gc,phases      ] GC(30)     Total                          Min: 0, Avg: 13.0, Max: 52, Diff: 52, Sum: 52, Workers: 4
[863.348s][debug][gc,phases      ] GC(30)   StringDedup Table Weak         Min:  0.0, Avg:  0.0, Max:  0.0, Diff:  0.0, Sum:  0.0, Workers: 4
[863.348s][debug][gc,phases      ] GC(30)     Dead                           Min: 0, Avg:  0.0, Max: 0, Diff: 0, Sum: 0, Workers: 4
[863.348s][debug][gc,phases      ] GC(30)     Total                          Min: 0, Avg:  0.0, Max: 0, Diff: 0, Sum: 0, Workers: 4
[863.348s][debug][gc,phases      ] GC(30)   StringDedup Requests0 Weak     Min:  0.0, Avg:  0.0, Max:  0.0, Diff:  0.0, Sum:  0.0, Workers: 4
[863.348s][debug][gc,phases      ] GC(30)     Dead                           Min: 0, Avg:  0.0, Max: 0, Diff: 0, Sum: 0, Workers: 4
[863.348s][debug][gc,phases      ] GC(30)     Total                          Min: 0, Avg:  0.0, Max: 0, Diff: 0, Sum: 0, Workers: 4
[863.348s][debug][gc,phases      ] GC(30)   StringDedup Requests1 Weak     Min:  0.0, Avg:  0.0, Max:  0.0, Diff:  0.0, Sum:  0.0, Workers: 4
[863.348s][debug][gc,phases      ] GC(30)     Dead                           Min: 0, Avg:  0.0, Max: 0, Diff: 0, Sum: 0, Workers: 4
[863.348s][debug][gc,phases      ] GC(30)     Total                          Min: 0, Avg:  0.0, Max: 0, Diff: 0, Sum: 0, Workers: 4
[863.348s][debug][gc,phases      ] GC(30)   Weak JFR Old Object Samples    Min:  0.0, Avg:  0.0, Max:  0.0, Diff:  0.0, Sum:  0.0, Workers: 4
[863.348s][debug][gc,phases      ] GC(30)     Dead                           Min: 0, Avg:  0.0, Max: 0, Diff: 0, Sum: 0, Workers: 4
[863.348s][debug][gc,phases      ] GC(30)     Total                          Min: 0, Avg:  0.0, Max: 0, Diff: 0, Sum: 0, Workers: 4
[863.348s][debug][gc,phases      ] GC(30) Weak Processing 0.436ms
[863.348s][debug][gc,age         ] GC(30) Desired survivor size 157810688 bytes, new threshold 1 (max threshold 15)
[863.348s][info ][gc,heap        ] GC(30) PSYoungGen: 1764416K(1933824K)->5520K(1925632K) Eden: 1762304K(1762304K)->0K(1762304K) From: 2112K(171520K)->5520K(163328K)
[863.348s][info ][gc,heap        ] GC(30) ParOldGen: 315066K(440832K)->315238K(440832K)
[863.348s][info ][gc,metaspace   ] GC(30) Metaspace: 112697K(114112K)->112697K(114112K) NonClass: 95747K(96576K)->95747K(96576K) Class: 16950K(17536K)->16950K(17536K)
[863.348s][info ][gc             ] GC(30) Pause Young (Allocation Failure) 2030M->313M(2311M) 6.367ms
[863.348s][info ][gc,cpu         ] GC(30) User=0.02s Sys=0.00s Real=0.01s
[863.348s][info ][safepoint      ] Safepoint "ParallelGCFailedAllocation", Time since last: 10967169541 ns, Reaching safepoint: 7701 ns, Cleanup: 11001 ns, At safepoint: 6442858 ns, Total: 6461560 ns
[864.348s][info ][safepoint      ] Safepoint "Cleanup", Time since last: 1000087983 ns, Reaching safepoint: 6500 ns, Cleanup: 25902 ns, At safepoint: 2800 ns, Total: 35202 ns
[865.348s][info ][safepoint      ] Safepoint "Cleanup", Time since last: 1000119784 ns, Reaching safepoint: 6400 ns, Cleanup: 18001 ns, At safepoint: 2601 ns, Total: 27002 ns
[868.348s][info ][safepoint      ] Safepoint "Cleanup", Time since last: 3000270048 ns, Reaching safepoint: 6600 ns, Cleanup: 10301 ns, At safepoint: 2700 ns, Total: 19601 ns
[872.349s][info ][safepoint      ] Safepoint "Cleanup", Time since last: 4000343080 ns, Reaching safepoint: 6300 ns, Cleanup: 16701 ns, At safepoint: 2300 ns, Total: 25301 ns
[878.349s][info ][safepoint      ] Safepoint "Cleanup", Time since last: 6000470515 ns, Reaching safepoint: 6301 ns, Cleanup: 15801 ns, At safepoint: 2300 ns, Total: 24402 ns
[879.349s][info ][safepoint      ] Safepoint "Cleanup", Time since last: 1000127369 ns, Reaching safepoint: 5300 ns, Cleanup: 26602 ns, At safepoint: 2400 ns, Total: 34302 ns
[880.349s][info ][safepoint      ] Safepoint "Cleanup", Time since last: 1000104257 ns, Reaching safepoint: 80005 ns, Cleanup: 11500 ns, At safepoint: 8201 ns, Total: 99706 ns
[882.350s][info ][safepoint      ] Safepoint "Cleanup", Time since last: 2000285619 ns, Reaching safepoint: 7101 ns, Cleanup: 11700 ns, At safepoint: 2700 ns, Total: 21501 ns
[884.350s][info ][safepoint      ] Safepoint "Cleanup", Time since last: 2000185314 ns, Reaching safepoint: 6501 ns, Cleanup: 10500 ns, At safepoint: 2600 ns, Total: 19601 ns
[887.350s][info ][safepoint      ] Safepoint "Cleanup", Time since last: 3000296870 ns, Reaching safepoint: 8000 ns, Cleanup: 12601 ns, At safepoint: 2900 ns, Total: 23501 ns
[888.350s][info ][safepoint      ] Safepoint "Cleanup", Time since last: 1000122858 ns, Reaching safepoint: 6500 ns, Cleanup: 11701 ns, At safepoint: 2600 ns, Total: 20801 ns
[890.351s][info ][safepoint      ] Safepoint "Cleanup", Time since last: 2000173012 ns, Reaching safepoint: 6000 ns, Cleanup: 17401 ns, At safepoint: 2600 ns, Total: 26001 ns
[891.351s][info ][safepoint      ] Safepoint "Cleanup", Time since last: 1000114657 ns, Reaching safepoint: 6401 ns, Cleanup: 26001 ns, At safepoint: 2600 ns, Total: 35002 ns
[892.351s][info ][safepoint      ] Safepoint "Cleanup", Time since last: 1000124534 ns, Reaching safepoint: 8400 ns, Cleanup: 18102 ns, At safepoint: 3000 ns, Total: 29502 ns
[893.351s][info ][safepoint      ] Safepoint "Cleanup", Time since last: 1000127513 ns, Reaching safepoint: 86605 ns, Cleanup: 26002 ns, At safepoint: 17601 ns, Total: 130208 ns
[893.781s][info ][gc,start       ] GC(31) Pause Young (Allocation Failure)
[893.798s][debug][gc,phases      ] GC(31) Scavenge 17.192ms
[893.798s][debug][gc,ref         ] GC(31) ReferenceProcessor::execute queues: 1, RefProcThreadModel::Single, marks_oops_alive: false
[893.798s][debug][gc,ref         ] GC(31) Skipped KeepAliveFinalRefsPhase of Reference Processing: no references
[893.798s][debug][gc,ref         ] GC(31) ReferenceProcessor::execute queues: 1, RefProcThreadModel::Single, marks_oops_alive: false
[893.798s][debug][gc,phases      ] GC(31) Reference Processing 0.116ms
[893.799s][debug][gc,phases      ] GC(31)   VM Weak                        Min:  0.0, Avg:  0.0, Max:  0.0, Diff:  0.0, Sum:  0.0, Workers: 4
[893.799s][debug][gc,phases      ] GC(31)     Dead                           Min: 0, Avg:  0.0, Max: 0, Diff: 0, Sum: 0, Workers: 4
[893.799s][debug][gc,phases      ] GC(31)     Total                          Min: 0, Avg: 262.2, Max: 704, Diff: 704, Sum: 1049, Workers: 4
[893.799s][debug][gc,phases      ] GC(31)   ObjectSynchronizer Weak        Min:  0.0, Avg:  0.0, Max:  0.0, Diff:  0.0, Sum:  0.0, Workers: 4
[893.799s][debug][gc,phases      ] GC(31)     Dead                           Min: 0, Avg:  0.0, Max: 0, Diff: 0, Sum: 0, Workers: 4
[893.799s][debug][gc,phases      ] GC(31)     Total                          Min: 0, Avg:  2.0, Max: 8, Diff: 8, Sum: 8, Workers: 4
[893.799s][debug][gc,phases      ] GC(31)   JVMTI Tag Weak OopStorage      Min:  0.0, Avg:  0.0, Max:  0.0, Diff:  0.0, Sum:  0.0, Workers: 4
[893.799s][debug][gc,phases      ] GC(31)     Dead                           Min: 0, Avg:  0.0, Max: 0, Diff: 0, Sum: 0, Workers: 4
[893.799s][debug][gc,phases      ] GC(31)     Total                          Min: 0, Avg:  0.0, Max: 0, Diff: 0, Sum: 0, Workers: 4
[893.799s][debug][gc,phases      ] GC(31)   StringTable Weak               Min:  0.0, Avg:  0.1, Max:  0.3, Diff:  0.3, Sum:  0.6, Workers: 4
[893.799s][debug][gc,phases      ] GC(31)     Dead                           Min: 0, Avg:  0.0, Max: 0, Diff: 0, Sum: 0, Workers: 4
[893.799s][debug][gc,phases      ] GC(31)     Total                          Min: 0, Avg: 12355.5, Max: 26318, Diff: 26318, Sum: 49422, Workers: 4
[893.799s][debug][gc,phases      ] GC(31)   ResolvedMethodTable Weak       Min:  0.0, Avg:  0.0, Max:  0.1, Diff:  0.1, Sum:  0.2, Workers: 4
[893.799s][debug][gc,phases      ] GC(31)     Dead                           Min: 0, Avg:  4.0, Max: 9, Diff: 9, Sum: 16, Workers: 4
[893.799s][debug][gc,phases      ] GC(31)     Total                          Min: 0, Avg: 4093.0, Max: 8210, Diff: 8210, Sum: 16372, Workers: 4
[893.799s][debug][gc,phases      ] GC(31)   JNI Weak                       Min:  0.0, Avg:  0.0, Max:  0.0, Diff:  0.0, Sum:  0.0, Workers: 4
[893.799s][debug][gc,phases      ] GC(31)     Dead                           Min: 0, Avg:  0.0, Max: 0, Diff: 0, Sum: 0, Workers: 4
[893.799s][debug][gc,phases      ] GC(31)     Total                          Min: 0, Avg: 13.0, Max: 52, Diff: 52, Sum: 52, Workers: 4
[893.799s][debug][gc,phases      ] GC(31)   StringDedup Table Weak         Min:  0.0, Avg:  0.0, Max:  0.0, Diff:  0.0, Sum:  0.0, Workers: 4
[893.799s][debug][gc,phases      ] GC(31)     Dead                           Min: 0, Avg:  0.0, Max: 0, Diff: 0, Sum: 0, Workers: 4
[893.799s][debug][gc,phases      ] GC(31)     Total                          Min: 0, Avg:  0.0, Max: 0, Diff: 0, Sum: 0, Workers: 4
[893.799s][debug][gc,phases      ] GC(31)   StringDedup Requests0 Weak     Min:  0.0, Avg:  0.0, Max:  0.0, Diff:  0.0, Sum:  0.0, Workers: 4
[893.799s][debug][gc,phases      ] GC(31)     Dead                           Min: 0, Avg:  0.0, Max: 0, Diff: 0, Sum: 0, Workers: 4
[893.799s][debug][gc,phases      ] GC(31)     Total                          Min: 0, Avg:  0.0, Max: 0, Diff: 0, Sum: 0, Workers: 4
[893.799s][debug][gc,phases      ] GC(31)   StringDedup Requests1 Weak     Min:  0.0, Avg:  0.0, Max:  0.0, Diff:  0.0, Sum:  0.0, Workers: 4
[893.799s][debug][gc,phases      ] GC(31)     Dead                           Min: 0, Avg:  0.0, Max: 0, Diff: 0, Sum: 0, Workers: 4
[893.799s][debug][gc,phases      ] GC(31)     Total                          Min: 0, Avg:  0.0, Max: 0, Diff: 0, Sum: 0, Workers: 4
[893.799s][debug][gc,phases      ] GC(31)   Weak JFR Old Object Samples    Min:  0.0, Avg:  0.0, Max:  0.0, Diff:  0.0, Sum:  0.0, Workers: 4
[893.799s][debug][gc,phases      ] GC(31)     Dead                           Min: 0, Avg:  0.0, Max: 0, Diff: 0, Sum: 0, Workers: 4
[893.799s][debug][gc,phases      ] GC(31)     Total                          Min: 0, Avg:  0.0, Max: 0, Diff: 0, Sum: 0, Workers: 4
[893.799s][debug][gc,phases      ] GC(31) Weak Processing 0.585ms
[893.799s][debug][gc,age         ] GC(31) Desired survivor size 146276352 bytes, new threshold 1 (max threshold 15)
[893.799s][info ][gc,heap        ] GC(31) PSYoungGen: 1767824K(1925632K)->21968K(1954304K) Eden: 1762304K(1762304K)->0K(1800192K) From: 5520K(163328K)->21968K(154112K)
[893.799s][info ][gc,heap        ] GC(31) ParOldGen: 315238K(440832K)->317802K(440832K)
[893.799s][info ][gc,metaspace   ] GC(31) Metaspace: 112741K(114112K)->112741K(114112K) NonClass: 95789K(96576K)->95789K(96576K) Class: 16951K(17536K)->16951K(17536K)
[893.799s][info ][gc             ] GC(31) Pause Young (Allocation Failure) 2034M->331M(2339M) 18.020ms
[893.799s][info ][gc,cpu         ] GC(31) User=0.05s Sys=0.00s Real=0.02s
[893.799s][info ][safepoint      ] Safepoint "ParallelGCFailedAllocation", Time since last: 428800558 ns, Reaching safepoint: 942553 ns, Cleanup: 15401 ns, At safepoint: 18113616 ns, Total: 19071570 ns
[894.799s][info ][safepoint      ] Safepoint "Cleanup", Time since last: 1000089897 ns, Reaching safepoint: 7300 ns, Cleanup: 30402 ns, At safepoint: 3400 ns, Total: 41102 ns
[896.799s][info ][safepoint      ] Safepoint "Cleanup", Time since last: 2000185282 ns, Reaching safepoint: 7501 ns, Cleanup: 12600 ns, At safepoint: 2601 ns, Total: 22702 ns
[897.800s][info ][safepoint      ] Safepoint "Cleanup", Time since last: 1000128092 ns, Reaching safepoint: 6901 ns, Cleanup: 14101 ns, At safepoint: 2400 ns, Total: 23402 ns
[898.800s][info ][safepoint      ] Safepoint "Cleanup", Time since last: 1000112992 ns, Reaching safepoint: 7100 ns, Cleanup: 11201 ns, At safepoint: 2500 ns, Total: 20801 ns
[900.392s][info ][safepoint      ] Safepoint "Cleanup", Time since last: 1591801591 ns, Reaching safepoint: 32101 ns, Cleanup: 11101 ns, At safepoint: 7900 ns, Total: 51102 ns
[902.393s][info ][safepoint      ] Safepoint "Cleanup", Time since last: 2000983167 ns, Reaching safepoint: 87405 ns, Cleanup: 10501 ns, At safepoint: 17301 ns, Total: 115207 ns
[903.395s][info ][safepoint      ] Safepoint "Cleanup", Time since last: 1001893227 ns, Reaching safepoint: 90505 ns, Cleanup: 20301 ns, At safepoint: 21301 ns, Total: 132107 ns
[904.395s][info ][safepoint      ] Safepoint "Cleanup", Time since last: 1000130023 ns, Reaching safepoint: 8200 ns, Cleanup: 10501 ns, At safepoint: 2700 ns, Total: 21401 ns
[905.398s][info ][safepoint      ] Safepoint "Cleanup", Time since last: 1003183379 ns, Reaching safepoint: 91205 ns, Cleanup: 17101 ns, At safepoint: 11500 ns, Total: 119806 ns
[906.398s][info ][safepoint      ] Safepoint "Cleanup", Time since last: 1000134223 ns, Reaching safepoint: 10601 ns, Cleanup: 19601 ns, At safepoint: 3000 ns, Total: 33202 ns
[906.591s][info ][gc,start       ] GC(32) Pause Young (Allocation Failure)
[906.611s][debug][gc,phases      ] GC(32) Scavenge 20.019ms
[906.611s][debug][gc,ref         ] GC(32) ReferenceProcessor::execute queues: 1, RefProcThreadModel::Single, marks_oops_alive: false
[906.611s][debug][gc,ref         ] GC(32) Skipped KeepAliveFinalRefsPhase of Reference Processing: no references
[906.611s][debug][gc,ref         ] GC(32) ReferenceProcessor::execute queues: 1, RefProcThreadModel::Single, marks_oops_alive: false
[906.611s][debug][gc,phases      ] GC(32) Reference Processing 0.121ms
[906.612s][debug][gc,phases      ] GC(32)   VM Weak                        Min:  0.0, Avg:  0.0, Max:  0.0, Diff:  0.0, Sum:  0.0, Workers: 4
[906.612s][debug][gc,phases      ] GC(32)     Dead                           Min: 0, Avg:  0.0, Max: 0, Diff: 0, Sum: 0, Workers: 4
[906.612s][debug][gc,phases      ] GC(32)     Total                          Min: 0, Avg: 262.2, Max: 768, Diff: 768, Sum: 1049, Workers: 4
[906.612s][debug][gc,phases      ] GC(32)   ObjectSynchronizer Weak        Min:  0.0, Avg:  0.0, Max:  0.0, Diff:  0.0, Sum:  0.0, Workers: 4
[906.612s][debug][gc,phases      ] GC(32)     Dead                           Min: 0, Avg:  0.0, Max: 0, Diff: 0, Sum: 0, Workers: 4
[906.612s][debug][gc,phases      ] GC(32)     Total                          Min: 0, Avg:  1.0, Max: 4, Diff: 4, Sum: 4, Workers: 4
[906.612s][debug][gc,phases      ] GC(32)   JVMTI Tag Weak OopStorage      Min:  0.0, Avg:  0.0, Max:  0.0, Diff:  0.0, Sum:  0.0, Workers: 4
[906.612s][debug][gc,phases      ] GC(32)     Dead                           Min: 0, Avg:  0.0, Max: 0, Diff: 0, Sum: 0, Workers: 4
[906.612s][debug][gc,phases      ] GC(32)     Total                          Min: 0, Avg:  0.0, Max: 0, Diff: 0, Sum: 0, Workers: 4
[906.612s][debug][gc,phases      ] GC(32)   StringTable Weak               Min:  0.0, Avg:  0.1, Max:  0.2, Diff:  0.2, Sum:  0.5, Workers: 4
[906.612s][debug][gc,phases      ] GC(32)     Dead                           Min: 0, Avg:  0.0, Max: 0, Diff: 0, Sum: 0, Workers: 4
[906.612s][debug][gc,phases      ] GC(32)     Total                          Min: 0, Avg: 12356.8, Max: 17683, Diff: 17683, Sum: 49427, Workers: 4
[906.612s][debug][gc,phases      ] GC(32)   ResolvedMethodTable Weak       Min:  0.0, Avg:  0.0, Max:  0.1, Diff:  0.1, Sum:  0.2, Workers: 4
[906.612s][debug][gc,phases      ] GC(32)     Dead                           Min: 0, Avg:  4.0, Max: 16, Diff: 16, Sum: 16, Workers: 4
[906.612s][debug][gc,phases      ] GC(32)     Total                          Min: 0, Avg: 4094.0, Max: 6074, Diff: 6074, Sum: 16376, Workers: 4
[906.612s][debug][gc,phases      ] GC(32)   JNI Weak                       Min:  0.0, Avg:  0.0, Max:  0.0, Diff:  0.0, Sum:  0.0, Workers: 4
[906.612s][debug][gc,phases      ] GC(32)     Dead                           Min: 0, Avg:  0.0, Max: 0, Diff: 0, Sum: 0, Workers: 4
[906.612s][debug][gc,phases      ] GC(32)     Total                          Min: 0, Avg: 13.0, Max: 52, Diff: 52, Sum: 52, Workers: 4
[906.612s][debug][gc,phases      ] GC(32)   StringDedup Table Weak         Min:  0.0, Avg:  0.0, Max:  0.0, Diff:  0.0, Sum:  0.0, Workers: 4
[906.612s][debug][gc,phases      ] GC(32)     Dead                           Min: 0, Avg:  0.0, Max: 0, Diff: 0, Sum: 0, Workers: 4
[906.612s][debug][gc,phases      ] GC(32)     Total                          Min: 0, Avg:  0.0, Max: 0, Diff: 0, Sum: 0, Workers: 4
[906.612s][debug][gc,phases      ] GC(32)   StringDedup Requests0 Weak     Min:  0.0, Avg:  0.0, Max:  0.0, Diff:  0.0, Sum:  0.0, Workers: 4
[906.612s][debug][gc,phases      ] GC(32)     Dead                           Min: 0, Avg:  0.0, Max: 0, Diff: 0, Sum: 0, Workers: 4
[906.612s][debug][gc,phases      ] GC(32)     Total                          Min: 0, Avg:  0.0, Max: 0, Diff: 0, Sum: 0, Workers: 4
[906.612s][debug][gc,phases      ] GC(32)   StringDedup Requests1 Weak     Min:  0.0, Avg:  0.0, Max:  0.0, Diff:  0.0, Sum:  0.0, Workers: 4
[906.612s][debug][gc,phases      ] GC(32)     Dead                           Min: 0, Avg:  0.0, Max: 0, Diff: 0, Sum: 0, Workers: 4
[906.612s][debug][gc,phases      ] GC(32)     Total                          Min: 0, Avg:  0.0, Max: 0, Diff: 0, Sum: 0, Workers: 4
[906.612s][debug][gc,phases      ] GC(32)   Weak JFR Old Object Samples    Min:  0.0, Avg:  0.0, Max:  0.0, Diff:  0.0, Sum:  0.0, Workers: 4
[906.612s][debug][gc,phases      ] GC(32)     Dead                           Min: 0, Avg:  0.0, Max: 0, Diff: 0, Sum: 0, Workers: 4
[906.612s][debug][gc,phases      ] GC(32)     Total                          Min: 0, Avg:  0.0, Max: 0, Diff: 0, Sum: 0, Workers: 4
[906.612s][debug][gc,phases      ] GC(32) Weak Processing 0.453ms
[906.612s][debug][gc,age         ] GC(32) Desired survivor size 134742016 bytes, new threshold 1 (max threshold 15)
[906.612s][info ][gc,heap        ] GC(32) PSYoungGen: 1822160K(1954304K)->27920K(1943040K) Eden: 1800192K(1800192K)->0K(1800192K) From: 21968K(154112K)->27920K(142848K)
[906.612s][info ][gc,heap        ] GC(32) ParOldGen: 317802K(440832K)->329482K(440832K)
[906.612s][info ][gc,metaspace   ] GC(32) Metaspace: 112761K(114176K)->112761K(114176K) NonClass: 95807K(96576K)->95807K(96576K) Class: 16953K(17600K)->16953K(17600K)
[906.612s][info ][gc             ] GC(32) Pause Young (Allocation Failure) 2089M->349M(2328M) 20.739ms
[906.612s][info ][gc,cpu         ] GC(32) User=0.06s Sys=0.01s Real=0.02s
[906.612s][info ][safepoint      ] Safepoint "ParallelGCFailedAllocation", Time since last: 192771754 ns, Reaching safepoint: 88004 ns, Cleanup: 4901 ns, At safepoint: 20828264 ns, Total: 20921169 ns
[907.612s][info ][safepoint      ] Safepoint "Cleanup", Time since last: 1000092821 ns, Reaching safepoint: 84305 ns, Cleanup: 35201 ns, At safepoint: 13801 ns, Total: 133307 ns
[908.612s][info ][safepoint      ] Safepoint "Cleanup", Time since last: 1000134523 ns, Reaching safepoint: 6801 ns, Cleanup: 44802 ns, At safepoint: 2600 ns, Total: 54203 ns
[909.613s][info ][safepoint      ] Safepoint "Cleanup", Time since last: 1000130612 ns, Reaching safepoint: 12401 ns, Cleanup: 79804 ns, At safepoint: 6301 ns, Total: 98506 ns
[910.613s][info ][safepoint      ] Safepoint "Cleanup", Time since last: 1000103218 ns, Reaching safepoint: 7000 ns, Cleanup: 55803 ns, At safepoint: 4900 ns, Total: 67703 ns
[911.613s][info ][safepoint      ] Safepoint "Cleanup", Time since last: 1000249250 ns, Reaching safepoint: 85305 ns, Cleanup: 54603 ns, At safepoint: 16600 ns, Total: 156508 ns
[911.849s][info ][gc,start       ] GC(33) Pause Young (Allocation Failure)
[911.870s][debug][gc,phases      ] GC(33) Scavenge 21.436ms
[911.870s][debug][gc,ref         ] GC(33) ReferenceProcessor::execute queues: 1, RefProcThreadModel::Single, marks_oops_alive: false
[911.870s][debug][gc,ref         ] GC(33) Skipped KeepAliveFinalRefsPhase of Reference Processing: no references
[911.870s][debug][gc,ref         ] GC(33) ReferenceProcessor::execute queues: 1, RefProcThreadModel::Single, marks_oops_alive: false
[911.870s][debug][gc,phases      ] GC(33) Reference Processing 0.117ms
[911.871s][debug][gc,phases      ] GC(33)   VM Weak                        Min:  0.0, Avg:  0.0, Max:  0.0, Diff:  0.0, Sum:  0.0, Workers: 4
[911.871s][debug][gc,phases      ] GC(33)     Dead                           Min: 0, Avg:  0.0, Max: 0, Diff: 0, Sum: 0, Workers: 4
[911.871s][debug][gc,phases      ] GC(33)     Total                          Min: 0, Avg: 263.2, Max: 448, Diff: 448, Sum: 1053, Workers: 4
[911.871s][debug][gc,phases      ] GC(33)   ObjectSynchronizer Weak        Min:  0.0, Avg:  0.0, Max:  0.0, Diff:  0.0, Sum:  0.0, Workers: 4
[911.871s][debug][gc,phases      ] GC(33)     Dead                           Min: 0, Avg:  0.0, Max: 0, Diff: 0, Sum: 0, Workers: 4
[911.871s][debug][gc,phases      ] GC(33)     Total                          Min: 0, Avg:  1.8, Max: 7, Diff: 7, Sum: 7, Workers: 4
[911.871s][debug][gc,phases      ] GC(33)   JVMTI Tag Weak OopStorage      Min:  0.0, Avg:  0.0, Max:  0.0, Diff:  0.0, Sum:  0.0, Workers: 4
[911.871s][debug][gc,phases      ] GC(33)     Dead                           Min: 0, Avg:  0.0, Max: 0, Diff: 0, Sum: 0, Workers: 4
[911.871s][debug][gc,phases      ] GC(33)     Total                          Min: 0, Avg:  0.0, Max: 0, Diff: 0, Sum: 0, Workers: 4
[911.871s][debug][gc,phases      ] GC(33)   StringTable Weak               Min:  0.0, Avg:  0.1, Max:  0.2, Diff:  0.2, Sum:  0.5, Workers: 4
[911.871s][debug][gc,phases      ] GC(33)     Dead                           Min: 0, Avg:  0.0, Max: 0, Diff: 0, Sum: 0, Workers: 4
[911.871s][debug][gc,phases      ] GC(33)     Total                          Min: 0, Avg: 12357.2, Max: 17173, Diff: 17173, Sum: 49429, Workers: 4
[911.871s][debug][gc,phases      ] GC(33)   ResolvedMethodTable Weak       Min:  0.0, Avg:  0.0, Max:  0.1, Diff:  0.1, Sum:  0.2, Workers: 4
[911.871s][debug][gc,phases      ] GC(33)     Dead                           Min: 0, Avg:  0.0, Max: 0, Diff: 0, Sum: 0, Workers: 4
[911.871s][debug][gc,phases      ] GC(33)     Total                          Min: 0, Avg: 4096.2, Max: 6401, Diff: 6401, Sum: 16385, Workers: 4
[911.871s][debug][gc,phases      ] GC(33)   JNI Weak                       Min:  0.0, Avg:  0.0, Max:  0.0, Diff:  0.0, Sum:  0.0, Workers: 4
[911.871s][debug][gc,phases      ] GC(33)     Dead                           Min: 0, Avg:  0.0, Max: 0, Diff: 0, Sum: 0, Workers: 4
[911.871s][debug][gc,phases      ] GC(33)     Total                          Min: 0, Avg: 13.0, Max: 52, Diff: 52, Sum: 52, Workers: 4
[911.871s][debug][gc,phases      ] GC(33)   StringDedup Table Weak         Min:  0.0, Avg:  0.0, Max:  0.0, Diff:  0.0, Sum:  0.0, Workers: 4
[911.871s][debug][gc,phases      ] GC(33)     Dead                           Min: 0, Avg:  0.0, Max: 0, Diff: 0, Sum: 0, Workers: 4
[911.871s][debug][gc,phases      ] GC(33)     Total                          Min: 0, Avg:  0.0, Max: 0, Diff: 0, Sum: 0, Workers: 4
[911.871s][debug][gc,phases      ] GC(33)   StringDedup Requests0 Weak     Min:  0.0, Avg:  0.0, Max:  0.0, Diff:  0.0, Sum:  0.0, Workers: 4
[911.871s][debug][gc,phases      ] GC(33)     Dead                           Min: 0, Avg:  0.0, Max: 0, Diff: 0, Sum: 0, Workers: 4
[911.871s][debug][gc,phases      ] GC(33)     Total                          Min: 0, Avg:  0.0, Max: 0, Diff: 0, Sum: 0, Workers: 4
[911.871s][debug][gc,phases      ] GC(33)   StringDedup Requests1 Weak     Min:  0.0, Avg:  0.0, Max:  0.0, Diff:  0.0, Sum:  0.0, Workers: 4
[911.871s][debug][gc,phases      ] GC(33)     Dead                           Min: 0, Avg:  0.0, Max: 0, Diff: 0, Sum: 0, Workers: 4
[911.871s][debug][gc,phases      ] GC(33)     Total                          Min: 0, Avg:  0.0, Max: 0, Diff: 0, Sum: 0, Workers: 4
[911.871s][debug][gc,phases      ] GC(33)   Weak JFR Old Object Samples    Min:  0.0, Avg:  0.0, Max:  0.0, Diff:  0.0, Sum:  0.0, Workers: 4
[911.871s][debug][gc,phases      ] GC(33)     Dead                           Min: 0, Avg:  0.0, Max: 0, Diff: 0, Sum: 0, Workers: 4
[911.871s][debug][gc,phases      ] GC(33)     Total                          Min: 0, Avg:  0.0, Max: 0, Diff: 0, Sum: 0, Workers: 4
[911.871s][debug][gc,phases      ] GC(33) Weak Processing 0.454ms
[911.871s][debug][gc,age         ] GC(33) Desired survivor size 128974848 bytes, new threshold 1 (max threshold 15)
[911.871s][info ][gc,heap        ] GC(33) PSYoungGen: 1828112K(1943040K)->40960K(1971200K) Eden: 1800192K(1800192K)->0K(1839616K) From: 27920K(142848K)->40960K(131584K)
[911.871s][info ][gc,heap        ] GC(33) ParOldGen: 329482K(440832K)->355919K(440832K)
[911.871s][info ][gc,metaspace   ] GC(33) Metaspace: 112843K(114304K)->112843K(114304K) NonClass: 95887K(96704K)->95887K(96704K) Class: 16956K(17600K)->16956K(17600K)
[911.871s][info ][gc             ] GC(33) Pause Young (Allocation Failure) 2107M->387M(2355M) 22.159ms
[911.871s][info ][gc,cpu         ] GC(33) User=0.08s Sys=0.00s Real=0.02s
[911.871s][info ][safepoint      ] Safepoint "ParallelGCFailedAllocation", Time since last: 235473901 ns, Reaching safepoint: 8400 ns, Cleanup: 15001 ns, At safepoint: 22242200 ns, Total: 22265601 ns
[912.871s][info ][safepoint      ] Safepoint "Cleanup", Time since last: 1000086241 ns, Reaching safepoint: 6100 ns, Cleanup: 17201 ns, At safepoint: 2600 ns, Total: 25901 ns
[913.871s][info ][safepoint      ] Safepoint "Cleanup", Time since last: 1000114542 ns, Reaching safepoint: 7101 ns, Cleanup: 39402 ns, At safepoint: 2400 ns, Total: 48903 ns
[914.871s][info ][safepoint      ] Safepoint "Cleanup", Time since last: 1000113142 ns, Reaching safepoint: 5800 ns, Cleanup: 35502 ns, At safepoint: 5200 ns, Total: 46502 ns
[915.872s][info ][safepoint      ] Safepoint "Cleanup", Time since last: 1000097842 ns, Reaching safepoint: 7500 ns, Cleanup: 46203 ns, At safepoint: 2400 ns, Total: 56103 ns
[916.872s][info ][safepoint      ] Safepoint "Cleanup", Time since last: 1000118442 ns, Reaching safepoint: 6801 ns, Cleanup: 14100 ns, At safepoint: 2401 ns, Total: 23302 ns
[916.897s][info ][gc,start       ] GC(34) Pause Young (Allocation Failure)
[916.917s][debug][gc,phases      ] GC(34) Scavenge 20.121ms
[916.917s][debug][gc,ref         ] GC(34) ReferenceProcessor::execute queues: 1, RefProcThreadModel::Single, marks_oops_alive: false
[916.917s][debug][gc,ref         ] GC(34) Skipped KeepAliveFinalRefsPhase of Reference Processing: no references
[916.917s][debug][gc,ref         ] GC(34) ReferenceProcessor::execute queues: 1, RefProcThreadModel::Single, marks_oops_alive: false
[916.917s][debug][gc,phases      ] GC(34) Reference Processing 0.121ms
[916.918s][debug][gc,phases      ] GC(34)   VM Weak                        Min:  0.0, Avg:  0.0, Max:  0.0, Diff:  0.0, Sum:  0.0, Workers: 4
[916.918s][debug][gc,phases      ] GC(34)     Dead                           Min: 0, Avg:  0.0, Max: 0, Diff: 0, Sum: 0, Workers: 4
[916.918s][debug][gc,phases      ] GC(34)     Total                          Min: 0, Avg: 264.2, Max: 960, Diff: 960, Sum: 1057, Workers: 4
[916.918s][debug][gc,phases      ] GC(34)   ObjectSynchronizer Weak        Min:  0.0, Avg:  0.0, Max:  0.0, Diff:  0.0, Sum:  0.0, Workers: 4
[916.918s][debug][gc,phases      ] GC(34)     Dead                           Min: 0, Avg:  0.0, Max: 0, Diff: 0, Sum: 0, Workers: 4
[916.918s][debug][gc,phases      ] GC(34)     Total                          Min: 0, Avg:  1.8, Max: 7, Diff: 7, Sum: 7, Workers: 4
[916.918s][debug][gc,phases      ] GC(34)   JVMTI Tag Weak OopStorage      Min:  0.0, Avg:  0.0, Max:  0.0, Diff:  0.0, Sum:  0.0, Workers: 4
[916.918s][debug][gc,phases      ] GC(34)     Dead                           Min: 0, Avg:  0.0, Max: 0, Diff: 0, Sum: 0, Workers: 4
[916.918s][debug][gc,phases      ] GC(34)     Total                          Min: 0, Avg:  0.0, Max: 0, Diff: 0, Sum: 0, Workers: 4
[916.918s][debug][gc,phases      ] GC(34)   StringTable Weak               Min:  0.0, Avg:  0.1, Max:  0.2, Diff:  0.2, Sum:  0.5, Workers: 4
[916.918s][debug][gc,phases      ] GC(34)     Dead                           Min: 0, Avg:  0.0, Max: 0, Diff: 0, Sum: 0, Workers: 4
[916.918s][debug][gc,phases      ] GC(34)     Total                          Min: 0, Avg: 12358.2, Max: 17088, Diff: 17088, Sum: 49433, Workers: 4
[916.918s][debug][gc,phases      ] GC(34)   ResolvedMethodTable Weak       Min:  0.0, Avg:  0.0, Max:  0.1, Diff:  0.1, Sum:  0.2, Workers: 4
[916.918s][debug][gc,phases      ] GC(34)     Dead                           Min: 0, Avg:  0.2, Max: 1, Diff: 1, Sum: 1, Workers: 4
[916.918s][debug][gc,phases      ] GC(34)     Total                          Min: 0, Avg: 3919.2, Max: 5891, Diff: 5891, Sum: 15677, Workers: 4
[916.918s][debug][gc,phases      ] GC(34)   JNI Weak                       Min:  0.0, Avg:  0.0, Max:  0.0, Diff:  0.0, Sum:  0.0, Workers: 4
[916.918s][debug][gc,phases      ] GC(34)     Dead                           Min: 0, Avg:  0.0, Max: 0, Diff: 0, Sum: 0, Workers: 4
[916.918s][debug][gc,phases      ] GC(34)     Total                          Min: 0, Avg: 13.0, Max: 52, Diff: 52, Sum: 52, Workers: 4
[916.918s][debug][gc,phases      ] GC(34)   StringDedup Table Weak         Min:  0.0, Avg:  0.0, Max:  0.0, Diff:  0.0, Sum:  0.0, Workers: 4
[916.918s][debug][gc,phases      ] GC(34)     Dead                           Min: 0, Avg:  0.0, Max: 0, Diff: 0, Sum: 0, Workers: 4
[916.918s][debug][gc,phases      ] GC(34)     Total                          Min: 0, Avg:  0.0, Max: 0, Diff: 0, Sum: 0, Workers: 4
[916.918s][debug][gc,phases      ] GC(34)   StringDedup Requests0 Weak     Min:  0.0, Avg:  0.0, Max:  0.0, Diff:  0.0, Sum:  0.0, Workers: 4
[916.918s][debug][gc,phases      ] GC(34)     Dead                           Min: 0, Avg:  0.0, Max: 0, Diff: 0, Sum: 0, Workers: 4
[916.918s][debug][gc,phases      ] GC(34)     Total                          Min: 0, Avg:  0.0, Max: 0, Diff: 0, Sum: 0, Workers: 4
[916.918s][debug][gc,phases      ] GC(34)   StringDedup Requests1 Weak     Min:  0.0, Avg:  0.0, Max:  0.0, Diff:  0.0, Sum:  0.0, Workers: 4
[916.918s][debug][gc,phases      ] GC(34)     Dead                           Min: 0, Avg:  0.0, Max: 0, Diff: 0, Sum: 0, Workers: 4
[916.918s][debug][gc,phases      ] GC(34)     Total                          Min: 0, Avg:  0.0, Max: 0, Diff: 0, Sum: 0, Workers: 4
[916.918s][debug][gc,phases      ] GC(34)   Weak JFR Old Object Samples    Min:  0.0, Avg:  0.0, Max:  0.0, Diff:  0.0, Sum:  0.0, Workers: 4
[916.918s][debug][gc,phases      ] GC(34)     Dead                           Min: 0, Avg:  0.0, Max: 0, Diff: 0, Sum: 0, Workers: 4
[916.918s][debug][gc,phases      ] GC(34)     Total                          Min: 0, Avg:  0.0, Max: 0, Diff: 0, Sum: 0, Workers: 4
[916.918s][debug][gc,phases      ] GC(34) Weak Processing 0.446ms
[916.918s][debug][gc,age         ] GC(34) Desired survivor size 120061952 bytes, new threshold 1 (max threshold 15)
[916.918s][info ][gc,heap        ] GC(34) PSYoungGen: 1880576K(1971200K)->22672K(1965568K) Eden: 1839616K(1839616K)->0K(1839616K) From: 40960K(131584K)->22672K(125952K)
[916.918s][info ][gc,heap        ] GC(34) ParOldGen: 355919K(440832K)->396723K(440832K)
[916.918s][info ][gc,metaspace   ] GC(34) Metaspace: 112892K(114304K)->112892K(114304K) NonClass: 95932K(96704K)->95932K(96704K) Class: 16959K(17600K)->16959K(17600K)
[916.918s][info ][gc             ] GC(34) Pause Young (Allocation Failure) 2184M->409M(2350M) 20.827ms
[916.918s][info ][gc,cpu         ] GC(34) User=0.08s Sys=0.00s Real=0.02s
[916.918s][info ][safepoint      ] Safepoint "ParallelGCFailedAllocation", Time since last: 25234461 ns, Reaching safepoint: 7800 ns, Cleanup: 4300 ns, At safepoint: 20900828 ns, Total: 20912928 ns
[917.918s][info ][safepoint      ] Safepoint "Cleanup", Time since last: 1000086740 ns, Reaching safepoint: 6801 ns, Cleanup: 21201 ns, At safepoint: 2700 ns, Total: 30702 ns
[918.918s][info ][safepoint      ] Safepoint "Cleanup", Time since last: 1000113168 ns, Reaching safepoint: 7601 ns, Cleanup: 21301 ns, At safepoint: 2500 ns, Total: 31402 ns
[919.918s][info ][safepoint      ] Safepoint "Cleanup", Time since last: 1000113298 ns, Reaching safepoint: 7400 ns, Cleanup: 10301 ns, At safepoint: 2300 ns, Total: 20001 ns
[920.918s][info ][safepoint      ] Safepoint "Cleanup", Time since last: 1000113698 ns, Reaching safepoint: 6900 ns, Cleanup: 11701 ns, At safepoint: 2800 ns, Total: 21401 ns
[921.918s][info ][safepoint      ] Safepoint "Cleanup", Time since last: 1000124398 ns, Reaching safepoint: 6900 ns, Cleanup: 9101 ns, At safepoint: 2100 ns, Total: 18101 ns
[922.919s][info ][safepoint      ] Safepoint "Cleanup", Time since last: 1000124598 ns, Reaching safepoint: 7801 ns, Cleanup: 8600 ns, At safepoint: 2700 ns, Total: 19101 ns
[923.919s][info ][safepoint      ] Safepoint "Cleanup", Time since last: 1000118398 ns, Reaching safepoint: 8401 ns, Cleanup: 17101 ns, At safepoint: 2800 ns, Total: 28302 ns
[924.919s][info ][safepoint      ] Safepoint "Cleanup", Time since last: 1000116198 ns, Reaching safepoint: 6600 ns, Cleanup: 42202 ns, At safepoint: 2900 ns, Total: 51702 ns
[925.697s][info ][gc,start       ] GC(35) Pause Young (Allocation Failure)
[925.706s][debug][gc,phases      ] GC(35) Scavenge 8.415ms
[925.706s][debug][gc,ref         ] GC(35) ReferenceProcessor::execute queues: 1, RefProcThreadModel::Single, marks_oops_alive: false
[925.706s][debug][gc,ref         ] GC(35) Skipped KeepAliveFinalRefsPhase of Reference Processing: no references
[925.706s][debug][gc,ref         ] GC(35) ReferenceProcessor::execute queues: 1, RefProcThreadModel::Single, marks_oops_alive: false
[925.706s][debug][gc,phases      ] GC(35) Reference Processing 0.132ms
[925.706s][debug][gc,phases      ] GC(35)   VM Weak                        Min:  0.0, Avg:  0.0, Max:  0.0, Diff:  0.0, Sum:  0.0, Workers: 4
[925.706s][debug][gc,phases      ] GC(35)     Dead                           Min: 0, Avg:  0.0, Max: 0, Diff: 0, Sum: 0, Workers: 4
[925.706s][debug][gc,phases      ] GC(35)     Total                          Min: 0, Avg: 264.2, Max: 640, Diff: 640, Sum: 1057, Workers: 4
[925.706s][debug][gc,phases      ] GC(35)   ObjectSynchronizer Weak        Min:  0.0, Avg:  0.0, Max:  0.0, Diff:  0.0, Sum:  0.0, Workers: 4
[925.706s][debug][gc,phases      ] GC(35)     Dead                           Min: 0, Avg:  0.0, Max: 0, Diff: 0, Sum: 0, Workers: 4
[925.706s][debug][gc,phases      ] GC(35)     Total                          Min: 0, Avg:  1.8, Max: 7, Diff: 7, Sum: 7, Workers: 4
[925.706s][debug][gc,phases      ] GC(35)   JVMTI Tag Weak OopStorage      Min:  0.0, Avg:  0.0, Max:  0.0, Diff:  0.0, Sum:  0.0, Workers: 4
[925.706s][debug][gc,phases      ] GC(35)     Dead                           Min: 0, Avg:  0.0, Max: 0, Diff: 0, Sum: 0, Workers: 4
[925.706s][debug][gc,phases      ] GC(35)     Total                          Min: 0, Avg:  0.0, Max: 0, Diff: 0, Sum: 0, Workers: 4
[925.706s][debug][gc,phases      ] GC(35)   StringTable Weak               Min:  0.0, Avg:  0.1, Max:  0.2, Diff:  0.2, Sum:  0.5, Workers: 4
[925.706s][debug][gc,phases      ] GC(35)     Dead                           Min: 0, Avg:  0.2, Max: 1, Diff: 1, Sum: 1, Workers: 4
[925.706s][debug][gc,phases      ] GC(35)     Total                          Min: 0, Avg: 12358.8, Max: 16860, Diff: 16860, Sum: 49435, Workers: 4
[925.706s][debug][gc,phases      ] GC(35)   ResolvedMethodTable Weak       Min:  0.0, Avg:  0.0, Max:  0.1, Diff:  0.1, Sum:  0.2, Workers: 4
[925.706s][debug][gc,phases      ] GC(35)     Dead                           Min: 0, Avg:  0.2, Max: 1, Diff: 1, Sum: 1, Workers: 4
[925.706s][debug][gc,phases      ] GC(35)     Total                          Min: 0, Avg: 3920.2, Max: 5610, Diff: 5610, Sum: 15681, Workers: 4
[925.706s][debug][gc,phases      ] GC(35)   JNI Weak                       Min:  0.0, Avg:  0.0, Max:  0.0, Diff:  0.0, Sum:  0.0, Workers: 4
[925.706s][debug][gc,phases      ] GC(35)     Dead                           Min: 0, Avg:  0.0, Max: 0, Diff: 0, Sum: 0, Workers: 4
[925.706s][debug][gc,phases      ] GC(35)     Total                          Min: 0, Avg: 13.0, Max: 52, Diff: 52, Sum: 52, Workers: 4
[925.706s][debug][gc,phases      ] GC(35)   StringDedup Table Weak         Min:  0.0, Avg:  0.0, Max:  0.0, Diff:  0.0, Sum:  0.0, Workers: 4
[925.706s][debug][gc,phases      ] GC(35)     Dead                           Min: 0, Avg:  0.0, Max: 0, Diff: 0, Sum: 0, Workers: 4
[925.706s][debug][gc,phases      ] GC(35)     Total                          Min: 0, Avg:  0.0, Max: 0, Diff: 0, Sum: 0, Workers: 4
[925.706s][debug][gc,phases      ] GC(35)   StringDedup Requests0 Weak     Min:  0.0, Avg:  0.0, Max:  0.0, Diff:  0.0, Sum:  0.0, Workers: 4
[925.706s][debug][gc,phases      ] GC(35)     Dead                           Min: 0, Avg:  0.0, Max: 0, Diff: 0, Sum: 0, Workers: 4
[925.706s][debug][gc,phases      ] GC(35)     Total                          Min: 0, Avg:  0.0, Max: 0, Diff: 0, Sum: 0, Workers: 4
[925.706s][debug][gc,phases      ] GC(35)   StringDedup Requests1 Weak     Min:  0.0, Avg:  0.0, Max:  0.0, Diff:  0.0, Sum:  0.0, Workers: 4
[925.706s][debug][gc,phases      ] GC(35)     Dead                           Min: 0, Avg:  0.0, Max: 0, Diff: 0, Sum: 0, Workers: 4
[925.706s][debug][gc,phases      ] GC(35)     Total                          Min: 0, Avg:  0.0, Max: 0, Diff: 0, Sum: 0, Workers: 4
[925.706s][debug][gc,phases      ] GC(35)   Weak JFR Old Object Samples    Min:  0.0, Avg:  0.0, Max:  0.0, Diff:  0.0, Sum:  0.0, Workers: 4
[925.706s][debug][gc,phases      ] GC(35)     Dead                           Min: 0, Avg:  0.0, Max: 0, Diff: 0, Sum: 0, Workers: 4
[925.706s][debug][gc,phases      ] GC(35)     Total                          Min: 0, Avg:  0.0, Max: 0, Diff: 0, Sum: 0, Workers: 4
[925.706s][debug][gc,phases      ] GC(35) Weak Processing 0.446ms
[925.706s][debug][gc,age         ] GC(35) Desired survivor size 115343360 bytes, new threshold 1 (max threshold 15)
[925.706s][info ][gc,heap        ] GC(35) PSYoungGen: 1862288K(1965568K)->3856K(1984512K) Eden: 1839616K(1839616K)->0K(1867264K) From: 22672K(125952K)->3856K(117248K)
[925.706s][info ][gc,heap        ] GC(35) ParOldGen: 396723K(440832K)->417720K(440832K)
[925.706s][info ][gc,metaspace   ] GC(35) Metaspace: 112925K(114368K)->112925K(114368K) NonClass: 95965K(96768K)->95965K(96768K) Class: 16960K(17600K)->16960K(17600K)
[925.706s][info ][gc             ] GC(35) Pause Young (Allocation Failure) 2206M->411M(2368M) 9.147ms
[925.707s][info ][gc,cpu         ] GC(35) User=0.04s Sys=0.00s Real=0.01s
[925.707s][info ][safepoint      ] Safepoint "ParallelGCFailedAllocation", Time since last: 778380570 ns, Reaching safepoint: 8301 ns, Cleanup: 4400 ns, At safepoint: 9222988 ns, Total: 9235689 ns
[926.707s][info ][safepoint      ] Safepoint "Cleanup", Time since last: 1000096748 ns, Reaching safepoint: 82804 ns, Cleanup: 13500 ns, At safepoint: 7401 ns, Total: 103705 ns
[927.707s][info ][safepoint      ] Safepoint "Cleanup", Time since last: 1000123606 ns, Reaching safepoint: 81303 ns, Cleanup: 13101 ns, At safepoint: 7100 ns, Total: 101504 ns
[929.707s][info ][safepoint      ] Safepoint "Cleanup", Time since last: 2000186409 ns, Reaching safepoint: 79904 ns, Cleanup: 12201 ns, At safepoint: 6800 ns, Total: 98905 ns
[930.707s][info ][safepoint      ] Safepoint "Cleanup", Time since last: 1000125906 ns, Reaching safepoint: 81604 ns, Cleanup: 10800 ns, At safepoint: 6101 ns, Total: 98505 ns
[933.708s][info ][safepoint      ] Safepoint "Cleanup", Time since last: 3000252068 ns, Reaching safepoint: 81205 ns, Cleanup: 17401 ns, At safepoint: 6600 ns, Total: 105206 ns
[934.708s][info ][safepoint      ] Safepoint "Cleanup", Time since last: 1000126336 ns, Reaching safepoint: 82804 ns, Cleanup: 17001 ns, At safepoint: 7401 ns, Total: 107206 ns
[934.994s][info ][gc,start       ] GC(36) Pause Young (Allocation Failure)
[934.997s][debug][gc,phases      ] GC(36) Scavenge 3.306ms
[934.997s][debug][gc,ref         ] GC(36) ReferenceProcessor::execute queues: 1, RefProcThreadModel::Single, marks_oops_alive: false
[934.997s][debug][gc,ref         ] GC(36) Skipped KeepAliveFinalRefsPhase of Reference Processing: no references
[934.997s][debug][gc,ref         ] GC(36) ReferenceProcessor::execute queues: 1, RefProcThreadModel::Single, marks_oops_alive: false
[934.997s][debug][gc,phases      ] GC(36) Reference Processing 0.118ms
[934.998s][debug][gc,phases      ] GC(36)   VM Weak                        Min:  0.0, Avg:  0.0, Max:  0.0, Diff:  0.0, Sum:  0.0, Workers: 4
[934.998s][debug][gc,phases      ] GC(36)     Dead                           Min: 0, Avg:  0.0, Max: 0, Diff: 0, Sum: 0, Workers: 4
[934.998s][debug][gc,phases      ] GC(36)     Total                          Min: 0, Avg: 264.2, Max: 512, Diff: 512, Sum: 1057, Workers: 4
[934.998s][debug][gc,phases      ] GC(36)   ObjectSynchronizer Weak        Min:  0.0, Avg:  0.0, Max:  0.0, Diff:  0.0, Sum:  0.0, Workers: 4
[934.998s][debug][gc,phases      ] GC(36)     Dead                           Min: 0, Avg:  0.0, Max: 0, Diff: 0, Sum: 0, Workers: 4
[934.998s][debug][gc,phases      ] GC(36)     Total                          Min: 0, Avg:  1.8, Max: 7, Diff: 7, Sum: 7, Workers: 4
[934.998s][debug][gc,phases      ] GC(36)   JVMTI Tag Weak OopStorage      Min:  0.0, Avg:  0.0, Max:  0.0, Diff:  0.0, Sum:  0.0, Workers: 4
[934.998s][debug][gc,phases      ] GC(36)     Dead                           Min: 0, Avg:  0.0, Max: 0, Diff: 0, Sum: 0, Workers: 4
[934.998s][debug][gc,phases      ] GC(36)     Total                          Min: 0, Avg:  0.0, Max: 0, Diff: 0, Sum: 0, Workers: 4
[934.998s][debug][gc,phases      ] GC(36)   StringTable Weak               Min:  0.0, Avg:  0.1, Max:  0.2, Diff:  0.2, Sum:  0.5, Workers: 4
[934.998s][debug][gc,phases      ] GC(36)     Dead                           Min: 0, Avg:  0.0, Max: 0, Diff: 0, Sum: 0, Workers: 4
[934.998s][debug][gc,phases      ] GC(36)     Total                          Min: 0, Avg: 12359.0, Max: 18879, Diff: 18879, Sum: 49436, Workers: 4
[934.998s][debug][gc,phases      ] GC(36)   ResolvedMethodTable Weak       Min:  0.0, Avg:  0.0, Max:  0.0, Diff:  0.0, Sum:  0.1, Workers: 4
[934.998s][debug][gc,phases      ] GC(36)     Dead                           Min: 0, Avg:  4.0, Max: 14, Diff: 14, Sum: 16, Workers: 4
[934.998s][debug][gc,phases      ] GC(36)     Total                          Min: 0, Avg: 3924.5, Max: 5701, Diff: 5701, Sum: 15698, Workers: 4
[934.998s][debug][gc,phases      ] GC(36)   JNI Weak                       Min:  0.0, Avg:  0.0, Max:  0.0, Diff:  0.0, Sum:  0.0, Workers: 4
[934.998s][debug][gc,phases      ] GC(36)     Dead                           Min: 0, Avg:  0.0, Max: 0, Diff: 0, Sum: 0, Workers: 4
[934.998s][debug][gc,phases      ] GC(36)     Total                          Min: 0, Avg: 13.0, Max: 52, Diff: 52, Sum: 52, Workers: 4
[934.998s][debug][gc,phases      ] GC(36)   StringDedup Table Weak         Min:  0.0, Avg:  0.0, Max:  0.0, Diff:  0.0, Sum:  0.0, Workers: 4
[934.998s][debug][gc,phases      ] GC(36)     Dead                           Min: 0, Avg:  0.0, Max: 0, Diff: 0, Sum: 0, Workers: 4
[934.998s][debug][gc,phases      ] GC(36)     Total                          Min: 0, Avg:  0.0, Max: 0, Diff: 0, Sum: 0, Workers: 4
[934.998s][debug][gc,phases      ] GC(36)   StringDedup Requests0 Weak     Min:  0.0, Avg:  0.0, Max:  0.0, Diff:  0.0, Sum:  0.0, Workers: 4
[934.998s][debug][gc,phases      ] GC(36)     Dead                           Min: 0, Avg:  0.0, Max: 0, Diff: 0, Sum: 0, Workers: 4
[934.998s][debug][gc,phases      ] GC(36)     Total                          Min: 0, Avg:  0.0, Max: 0, Diff: 0, Sum: 0, Workers: 4
[934.998s][debug][gc,phases      ] GC(36)   StringDedup Requests1 Weak     Min:  0.0, Avg:  0.0, Max:  0.0, Diff:  0.0, Sum:  0.0, Workers: 4
[934.998s][debug][gc,phases      ] GC(36)     Dead                           Min: 0, Avg:  0.0, Max: 0, Diff: 0, Sum: 0, Workers: 4
[934.998s][debug][gc,phases      ] GC(36)     Total                          Min: 0, Avg:  0.0, Max: 0, Diff: 0, Sum: 0, Workers: 4
[934.998s][debug][gc,phases      ] GC(36)   Weak JFR Old Object Samples    Min:  0.0, Avg:  0.0, Max:  0.0, Diff:  0.0, Sum:  0.0, Workers: 4
[934.998s][debug][gc,phases      ] GC(36)     Dead                           Min: 0, Avg:  0.0, Max: 0, Diff: 0, Sum: 0, Workers: 4
[934.998s][debug][gc,phases      ] GC(36)     Total                          Min: 0, Avg:  0.0, Max: 0, Diff: 0, Sum: 0, Workers: 4
[934.998s][debug][gc,phases      ] GC(36) Weak Processing 0.417ms
[934.998s][debug][gc,age         ] GC(36) Desired survivor size 111149056 bytes, new threshold 1 (max threshold 15)
[934.998s][info ][gc,heap        ] GC(36) PSYoungGen: 1871120K(1984512K)->1008K(1979904K) Eden: 1867264K(1867264K)->0K(1867264K) From: 3856K(117248K)->1008K(112640K)
[934.998s][info ][gc,heap        ] GC(36) ParOldGen: 417720K(440832K)->420796K(440832K)
[934.998s][info ][gc,metaspace   ] GC(36) Metaspace: 112949K(114368K)->112949K(114368K) NonClass: 95988K(96768K)->95988K(96768K) Class: 16961K(17600K)->16961K(17600K)
[934.998s][info ][gc             ] GC(36) Pause Young (Allocation Failure) 2235M->411M(2364M) 4.003ms
[934.998s][info ][gc,cpu         ] GC(36) User=0.02s Sys=0.00s Real=0.01s
[934.998s][info ][safepoint      ] Safepoint "ParallelGCFailedAllocation", Time since last: 285564375 ns, Reaching safepoint: 101005 ns, Cleanup: 11201 ns, At safepoint: 4085227 ns, Total: 4197433 ns
[935.998s][info ][safepoint      ] Safepoint "Cleanup", Time since last: 1000102498 ns, Reaching safepoint: 83904 ns, Cleanup: 10001 ns, At safepoint: 7200 ns, Total: 101105 ns
[936.998s][info ][safepoint      ] Safepoint "Cleanup", Time since last: 1000120899 ns, Reaching safepoint: 78604 ns, Cleanup: 11901 ns, At safepoint: 6600 ns, Total: 97105 ns
[937.998s][info ][safepoint      ] Safepoint "Cleanup", Time since last: 1000118398 ns, Reaching safepoint: 85705 ns, Cleanup: 12701 ns, At safepoint: 6100 ns, Total: 104506 ns
[938.999s][info ][safepoint      ] Safepoint "Cleanup", Time since last: 1000127399 ns, Reaching safepoint: 80304 ns, Cleanup: 12301 ns, At safepoint: 6700 ns, Total: 99305 ns
[939.999s][info ][safepoint      ] Safepoint "Cleanup", Time since last: 1000137500 ns, Reaching safepoint: 87605 ns, Cleanup: 23401 ns, At safepoint: 7900 ns, Total: 118906 ns
[940.999s][info ][safepoint      ] Safepoint "Cleanup", Time since last: 1000123999 ns, Reaching safepoint: 80404 ns, Cleanup: 12901 ns, At safepoint: 7000 ns, Total: 100305 ns
[941.999s][info ][safepoint      ] Safepoint "Cleanup", Time since last: 1000111398 ns, Reaching safepoint: 79805 ns, Cleanup: 10800 ns, At safepoint: 6901 ns, Total: 97506 ns
[943.000s][info ][safepoint      ] Safepoint "Cleanup", Time since last: 1000124041 ns, Reaching safepoint: 78804 ns, Cleanup: 17901 ns, At safepoint: 8500 ns, Total: 105205 ns
[943.965s][info ][safepoint      ] Safepoint "ParallelGCFailedAllocation", Time since last: 964901623 ns, Reaching safepoint: 85804 ns, Cleanup: 9901 ns, At safepoint: 17601 ns, Total: 113306 ns
[943.965s][info ][gc,start       ] GC(37) Pause Young (GCLocker Initiated GC)
[943.967s][debug][gc,phases      ] GC(37) Scavenge 2.464ms
[943.967s][debug][gc,ref         ] GC(37) Skipped SoftWeakFinalRefsPhase of Reference Processing: no references
[943.967s][debug][gc,ref         ] GC(37) Skipped KeepAliveFinalRefsPhase of Reference Processing: no references
[943.967s][debug][gc,ref         ] GC(37) Skipped PhantomRefsPhase of Reference Processing: no references
[943.967s][debug][gc,phases      ] GC(37) Reference Processing 0.032ms
[943.968s][debug][gc,phases      ] GC(37)   VM Weak                        Min:  0.0, Avg:  0.0, Max:  0.0, Diff:  0.0, Sum:  0.0, Workers: 4
[943.968s][debug][gc,phases      ] GC(37)     Dead                           Min: 0, Avg:  0.0, Max: 0, Diff: 0, Sum: 0, Workers: 4
[943.968s][debug][gc,phases      ] GC(37)     Total                          Min: 0, Avg: 264.2, Max: 768, Diff: 768, Sum: 1057, Workers: 4
[943.968s][debug][gc,phases      ] GC(37)   ObjectSynchronizer Weak        Min:  0.0, Avg:  0.0, Max:  0.0, Diff:  0.0, Sum:  0.0, Workers: 4
[943.968s][debug][gc,phases      ] GC(37)     Dead                           Min: 0, Avg:  0.0, Max: 0, Diff: 0, Sum: 0, Workers: 4
[943.968s][debug][gc,phases      ] GC(37)     Total                          Min: 0, Avg:  1.8, Max: 7, Diff: 7, Sum: 7, Workers: 4
[943.968s][debug][gc,phases      ] GC(37)   JVMTI Tag Weak OopStorage      Min:  0.0, Avg:  0.0, Max:  0.0, Diff:  0.0, Sum:  0.0, Workers: 4
[943.968s][debug][gc,phases      ] GC(37)     Dead                           Min: 0, Avg:  0.0, Max: 0, Diff: 0, Sum: 0, Workers: 4
[943.968s][debug][gc,phases      ] GC(37)     Total                          Min: 0, Avg:  0.0, Max: 0, Diff: 0, Sum: 0, Workers: 4
[943.968s][debug][gc,phases      ] GC(37)   StringTable Weak               Min:  0.1, Avg:  0.1, Max:  0.1, Diff:  0.0, Sum:  0.5, Workers: 4
[943.968s][debug][gc,phases      ] GC(37)     Dead                           Min: 0, Avg:  0.0, Max: 0, Diff: 0, Sum: 0, Workers: 4
[943.968s][debug][gc,phases      ] GC(37)     Total                          Min: 9216, Avg: 12359.0, Max: 15104, Diff: 5888, Sum: 49436, Workers: 4
[943.968s][debug][gc,phases      ] GC(37)   ResolvedMethodTable Weak       Min:  0.0, Avg:  0.0, Max:  0.0, Diff:  0.0, Sum:  0.2, Workers: 4
[943.968s][debug][gc,phases      ] GC(37)     Dead                           Min: 0, Avg:  0.0, Max: 0, Diff: 0, Sum: 0, Workers: 4
[943.968s][debug][gc,phases      ] GC(37)     Total                          Min: 3604, Avg: 3924.5, Max: 4163, Diff: 559, Sum: 15698, Workers: 4
[943.968s][debug][gc,phases      ] GC(37)   JNI Weak                       Min:  0.0, Avg:  0.0, Max:  0.0, Diff:  0.0, Sum:  0.0, Workers: 4
[943.968s][debug][gc,phases      ] GC(37)     Dead                           Min: 0, Avg:  0.0, Max: 0, Diff: 0, Sum: 0, Workers: 4
[943.968s][debug][gc,phases      ] GC(37)     Total                          Min: 0, Avg: 13.0, Max: 52, Diff: 52, Sum: 52, Workers: 4
[943.968s][debug][gc,phases      ] GC(37)   StringDedup Table Weak         Min:  0.0, Avg:  0.0, Max:  0.0, Diff:  0.0, Sum:  0.0, Workers: 4
[943.968s][debug][gc,phases      ] GC(37)     Dead                           Min: 0, Avg:  0.0, Max: 0, Diff: 0, Sum: 0, Workers: 4
[943.968s][debug][gc,phases      ] GC(37)     Total                          Min: 0, Avg:  0.0, Max: 0, Diff: 0, Sum: 0, Workers: 4
[943.968s][debug][gc,phases      ] GC(37)   StringDedup Requests0 Weak     Min:  0.0, Avg:  0.0, Max:  0.0, Diff:  0.0, Sum:  0.0, Workers: 4
[943.968s][debug][gc,phases      ] GC(37)     Dead                           Min: 0, Avg:  0.0, Max: 0, Diff: 0, Sum: 0, Workers: 4
[943.968s][debug][gc,phases      ] GC(37)     Total                          Min: 0, Avg:  0.0, Max: 0, Diff: 0, Sum: 0, Workers: 4
[943.968s][debug][gc,phases      ] GC(37)   StringDedup Requests1 Weak     Min:  0.0, Avg:  0.0, Max:  0.0, Diff:  0.0, Sum:  0.0, Workers: 4
[943.968s][debug][gc,phases      ] GC(37)     Dead                           Min: 0, Avg:  0.0, Max: 0, Diff: 0, Sum: 0, Workers: 4
[943.968s][debug][gc,phases      ] GC(37)     Total                          Min: 0, Avg:  0.0, Max: 0, Diff: 0, Sum: 0, Workers: 4
[943.968s][debug][gc,phases      ] GC(37)   Weak JFR Old Object Samples    Min:  0.0, Avg:  0.0, Max:  0.0, Diff:  0.0, Sum:  0.0, Workers: 4
[943.968s][debug][gc,phases      ] GC(37)     Dead                           Min: 0, Avg:  0.0, Max: 0, Diff: 0, Sum: 0, Workers: 4
[943.968s][debug][gc,phases      ] GC(37)     Total                          Min: 0, Avg:  0.0, Max: 0, Diff: 0, Sum: 0, Workers: 4
[943.968s][debug][gc,phases      ] GC(37) Weak Processing 0.390ms
[943.968s][debug][gc,age         ] GC(37) Desired survivor size 105906176 bytes, new threshold 1 (max threshold 15)
[943.968s][info ][gc,heap        ] GC(37) PSYoungGen: 1868272K(1979904K)->2026K(1993728K) Eden: 1867264K(1867264K)->0K(1885184K) From: 1008K(112640K)->2026K(108544K)
[943.968s][info ][gc,heap        ] GC(37) ParOldGen: 420797K(440832K)->420997K(440832K)
[943.968s][info ][gc,metaspace   ] GC(37) Metaspace: 112973K(114432K)->112973K(114432K) NonClass: 96011K(96832K)->96011K(96832K) Class: 16961K(17600K)->16961K(17600K)
[943.968s][info ][gc             ] GC(37) Pause Young (GCLocker Initiated GC) 2235M->413M(2377M) 2.974ms
[943.968s][info ][gc,cpu         ] GC(37) User=0.01s Sys=0.00s Real=0.00s
[943.968s][info ][safepoint      ] Safepoint "ParallelGCSystemGC", Time since last: 83604 ns, Reaching safepoint: 74704 ns, Cleanup: 900 ns, At safepoint: 3043660 ns, Total: 3119264 ns
[947.968s][info ][safepoint      ] Safepoint "Cleanup", Time since last: 4000305887 ns, Reaching safepoint: 7100 ns, Cleanup: 12101 ns, At safepoint: 2800 ns, Total: 22001 ns
[952.969s][info ][safepoint      ] Safepoint "Cleanup", Time since last: 5000414137 ns, Reaching safepoint: 7800 ns, Cleanup: 26301 ns, At safepoint: 2400 ns, Total: 36501 ns
[953.200s][info ][gc,start       ] GC(38) Pause Young (Allocation Failure)
[953.202s][debug][gc,phases      ] GC(38) Scavenge 2.584ms
[953.202s][debug][gc,ref         ] GC(38) Skipped SoftWeakFinalRefsPhase of Reference Processing: no references
[953.202s][debug][gc,ref         ] GC(38) Skipped KeepAliveFinalRefsPhase of Reference Processing: no references
[953.202s][debug][gc,ref         ] GC(38) Skipped PhantomRefsPhase of Reference Processing: no references
[953.202s][debug][gc,phases      ] GC(38) Reference Processing 0.020ms
[953.202s][debug][gc,phases      ] GC(38)   VM Weak                        Min:  0.0, Avg:  0.0, Max:  0.0, Diff:  0.0, Sum:  0.0, Workers: 4
[953.202s][debug][gc,phases      ] GC(38)     Dead                           Min: 0, Avg:  0.0, Max: 0, Diff: 0, Sum: 0, Workers: 4
[953.202s][debug][gc,phases      ] GC(38)     Total                          Min: 0, Avg: 264.2, Max: 801, Diff: 801, Sum: 1057, Workers: 4
[953.202s][debug][gc,phases      ] GC(38)   ObjectSynchronizer Weak        Min:  0.0, Avg:  0.0, Max:  0.0, Diff:  0.0, Sum:  0.0, Workers: 4
[953.202s][debug][gc,phases      ] GC(38)     Dead                           Min: 0, Avg:  0.0, Max: 0, Diff: 0, Sum: 0, Workers: 4
[953.202s][debug][gc,phases      ] GC(38)     Total                          Min: 0, Avg:  1.8, Max: 7, Diff: 7, Sum: 7, Workers: 4
[953.203s][debug][gc,phases      ] GC(38)   JVMTI Tag Weak OopStorage      Min:  0.0, Avg:  0.0, Max:  0.0, Diff:  0.0, Sum:  0.0, Workers: 4
[953.203s][debug][gc,phases      ] GC(38)     Dead                           Min: 0, Avg:  0.0, Max: 0, Diff: 0, Sum: 0, Workers: 4
[953.203s][debug][gc,phases      ] GC(38)     Total                          Min: 0, Avg:  0.0, Max: 0, Diff: 0, Sum: 0, Workers: 4
[953.203s][debug][gc,phases      ] GC(38)   StringTable Weak               Min:  0.0, Avg:  0.1, Max:  0.1, Diff:  0.1, Sum:  0.4, Workers: 4
[953.203s][debug][gc,phases      ] GC(38)     Dead                           Min: 0, Avg:  0.0, Max: 0, Diff: 0, Sum: 0, Workers: 4
[953.203s][debug][gc,phases      ] GC(38)     Total                          Min: 0, Avg: 12359.0, Max: 19264, Diff: 19264, Sum: 49436, Workers: 4
[953.203s][debug][gc,phases      ] GC(38)   ResolvedMethodTable Weak       Min:  0.0, Avg:  0.0, Max:  0.1, Diff:  0.1, Sum:  0.1, Workers: 4
[953.203s][debug][gc,phases      ] GC(38)     Dead                           Min: 0, Avg:  4.0, Max: 9, Diff: 9, Sum: 16, Workers: 4
[953.203s][debug][gc,phases      ] GC(38)     Total                          Min: 0, Avg: 3924.5, Max: 5758, Diff: 5758, Sum: 15698, Workers: 4
[953.203s][debug][gc,phases      ] GC(38)   JNI Weak                       Min:  0.0, Avg:  0.0, Max:  0.0, Diff:  0.0, Sum:  0.0, Workers: 4
[953.203s][debug][gc,phases      ] GC(38)     Dead                           Min: 0, Avg:  0.0, Max: 0, Diff: 0, Sum: 0, Workers: 4
[953.203s][debug][gc,phases      ] GC(38)     Total                          Min: 0, Avg: 13.0, Max: 52, Diff: 52, Sum: 52, Workers: 4
[953.203s][debug][gc,phases      ] GC(38)   StringDedup Table Weak         Min:  0.0, Avg:  0.0, Max:  0.0, Diff:  0.0, Sum:  0.0, Workers: 4
[953.203s][debug][gc,phases      ] GC(38)     Dead                           Min: 0, Avg:  0.0, Max: 0, Diff: 0, Sum: 0, Workers: 4
[953.203s][debug][gc,phases      ] GC(38)     Total                          Min: 0, Avg:  0.0, Max: 0, Diff: 0, Sum: 0, Workers: 4
[953.203s][debug][gc,phases      ] GC(38)   StringDedup Requests0 Weak     Min:  0.0, Avg:  0.0, Max:  0.0, Diff:  0.0, Sum:  0.0, Workers: 4
[953.203s][debug][gc,phases      ] GC(38)     Dead                           Min: 0, Avg:  0.0, Max: 0, Diff: 0, Sum: 0, Workers: 4
[953.203s][debug][gc,phases      ] GC(38)     Total                          Min: 0, Avg:  0.0, Max: 0, Diff: 0, Sum: 0, Workers: 4
[953.203s][debug][gc,phases      ] GC(38)   StringDedup Requests1 Weak     Min:  0.0, Avg:  0.0, Max:  0.0, Diff:  0.0, Sum:  0.0, Workers: 4
[953.203s][debug][gc,phases      ] GC(38)     Dead                           Min: 0, Avg:  0.0, Max: 0, Diff: 0, Sum: 0, Workers: 4
[953.203s][debug][gc,phases      ] GC(38)     Total                          Min: 0, Avg:  0.0, Max: 0, Diff: 0, Sum: 0, Workers: 4
[953.203s][debug][gc,phases      ] GC(38)   Weak JFR Old Object Samples    Min:  0.0, Avg:  0.0, Max:  0.0, Diff:  0.0, Sum:  0.0, Workers: 4
[953.203s][debug][gc,phases      ] GC(38)     Dead                           Min: 0, Avg:  0.0, Max: 0, Diff: 0, Sum: 0, Workers: 4
[953.203s][debug][gc,phases      ] GC(38)     Total                          Min: 0, Avg:  0.0, Max: 0, Diff: 0, Sum: 0, Workers: 4
[953.203s][debug][gc,phases      ] GC(38) Weak Processing 0.420ms
[953.203s][debug][gc,age         ] GC(38) Desired survivor size 101187584 bytes, new threshold 1 (max threshold 15)
[953.203s][info ][gc,heap        ] GC(38) PSYoungGen: 1887210K(1993728K)->1328K(1988608K) Eden: 1885184K(1885184K)->0K(1885184K) From: 2026K(108544K)->1328K(103424K)
[953.203s][info ][gc,heap        ] GC(38) ParOldGen: 420998K(440832K)->421815K(440832K)
[953.203s][info ][gc,metaspace   ] GC(38) Metaspace: 112981K(114432K)->112981K(114432K) NonClass: 96020K(96832K)->96020K(96832K) Class: 16961K(17600K)->16961K(17600K)
[953.203s][info ][gc             ] GC(38) Pause Young (Allocation Failure) 2254M->413M(2372M) 3.133ms
[953.203s][info ][gc,cpu         ] GC(38) User=0.01s Sys=0.00s Real=0.00s
[953.203s][info ][safepoint      ] Safepoint "ParallelGCFailedAllocation", Time since last: 230854078 ns, Reaching safepoint: 6800 ns, Cleanup: 20701 ns, At safepoint: 3200566 ns, Total: 3228067 ns
[954.203s][info ][safepoint      ] Safepoint "Cleanup", Time since last: 1000125889 ns, Reaching safepoint: 117206 ns, Cleanup: 15101 ns, At safepoint: 10601 ns, Total: 142908 ns
[955.203s][info ][safepoint      ] Safepoint "Cleanup", Time since last: 1000125789 ns, Reaching safepoint: 81004 ns, Cleanup: 8300 ns, At safepoint: 6801 ns, Total: 96105 ns
[956.203s][info ][safepoint      ] Safepoint "Cleanup", Time since last: 1000125389 ns, Reaching safepoint: 83704 ns, Cleanup: 12701 ns, At safepoint: 6600 ns, Total: 103005 ns
[958.204s][info ][safepoint      ] Safepoint "Cleanup", Time since last: 2000199876 ns, Reaching safepoint: 80104 ns, Cleanup: 18301 ns, At safepoint: 6900 ns, Total: 105305 ns
[959.204s][info ][safepoint      ] Safepoint "Cleanup", Time since last: 1000117204 ns, Reaching safepoint: 80304 ns, Cleanup: 12101 ns, At safepoint: 6200 ns, Total: 98605 ns
[960.204s][info ][safepoint      ] Safepoint "Cleanup", Time since last: 1000120188 ns, Reaching safepoint: 83104 ns, Cleanup: 10301 ns, At safepoint: 6300 ns, Total: 99705 ns
[962.416s][info ][safepoint      ] Safepoint "Cleanup", Time since last: 2211643997 ns, Reaching safepoint: 78504 ns, Cleanup: 9801 ns, At safepoint: 7800 ns, Total: 96105 ns
[962.546s][info ][gc,start       ] GC(39) Pause Young (Allocation Failure)
[962.549s][debug][gc,phases      ] GC(39) Scavenge 2.357ms
[962.549s][debug][gc,ref         ] GC(39) ReferenceProcessor::execute queues: 1, RefProcThreadModel::Single, marks_oops_alive: false
[962.549s][debug][gc,ref         ] GC(39) Skipped KeepAliveFinalRefsPhase of Reference Processing: no references
[962.549s][debug][gc,ref         ] GC(39) Skipped PhantomRefsPhase of Reference Processing: no references
[962.549s][debug][gc,phases      ] GC(39) Reference Processing 0.112ms
[962.549s][debug][gc,phases      ] GC(39)   VM Weak                        Min:  0.0, Avg:  0.0, Max:  0.0, Diff:  0.0, Sum:  0.0, Workers: 4
[962.549s][debug][gc,phases      ] GC(39)     Dead                           Min: 0, Avg:  0.0, Max: 0, Diff: 0, Sum: 0, Workers: 4
[962.549s][debug][gc,phases      ] GC(39)     Total                          Min: 128, Avg: 264.2, Max: 512, Diff: 384, Sum: 1057, Workers: 4
[962.549s][debug][gc,phases      ] GC(39)   ObjectSynchronizer Weak        Min:  0.0, Avg:  0.0, Max:  0.0, Diff:  0.0, Sum:  0.0, Workers: 4
[962.549s][debug][gc,phases      ] GC(39)     Dead                           Min: 0, Avg:  0.0, Max: 0, Diff: 0, Sum: 0, Workers: 4
[962.549s][debug][gc,phases      ] GC(39)     Total                          Min: 0, Avg:  0.8, Max: 3, Diff: 3, Sum: 3, Workers: 4
[962.549s][debug][gc,phases      ] GC(39)   JVMTI Tag Weak OopStorage      Min:  0.0, Avg:  0.0, Max:  0.0, Diff:  0.0, Sum:  0.0, Workers: 4
[962.549s][debug][gc,phases      ] GC(39)     Dead                           Min: 0, Avg:  0.0, Max: 0, Diff: 0, Sum: 0, Workers: 4
[962.549s][debug][gc,phases      ] GC(39)     Total                          Min: 0, Avg:  0.0, Max: 0, Diff: 0, Sum: 0, Workers: 4
[962.549s][debug][gc,phases      ] GC(39)   StringTable Weak               Min:  0.1, Avg:  0.1, Max:  0.1, Diff:  0.0, Sum:  0.5, Workers: 4
[962.549s][debug][gc,phases      ] GC(39)     Dead                           Min: 0, Avg:  0.0, Max: 0, Diff: 0, Sum: 0, Workers: 4
[962.549s][debug][gc,phases      ] GC(39)     Total                          Min: 12032, Avg: 12359.5, Max: 12863, Diff: 831, Sum: 49438, Workers: 4
[962.549s][debug][gc,phases      ] GC(39)   ResolvedMethodTable Weak       Min:  0.0, Avg:  0.0, Max:  0.0, Diff:  0.0, Sum:  0.2, Workers: 4
[962.549s][debug][gc,phases      ] GC(39)     Dead                           Min: 0, Avg:  0.0, Max: 0, Diff: 0, Sum: 0, Workers: 4
[962.549s][debug][gc,phases      ] GC(39)     Total                          Min: 3567, Avg: 3924.5, Max: 4202, Diff: 635, Sum: 15698, Workers: 4
[962.549s][debug][gc,phases      ] GC(39)   JNI Weak                       Min:  0.0, Avg:  0.0, Max:  0.0, Diff:  0.0, Sum:  0.0, Workers: 4
[962.549s][debug][gc,phases      ] GC(39)     Dead                           Min: 0, Avg:  0.0, Max: 0, Diff: 0, Sum: 0, Workers: 4
[962.549s][debug][gc,phases      ] GC(39)     Total                          Min: 0, Avg: 13.0, Max: 52, Diff: 52, Sum: 52, Workers: 4
[962.549s][debug][gc,phases      ] GC(39)   StringDedup Table Weak         Min:  0.0, Avg:  0.0, Max:  0.0, Diff:  0.0, Sum:  0.0, Workers: 4
[962.549s][debug][gc,phases      ] GC(39)     Dead                           Min: 0, Avg:  0.0, Max: 0, Diff: 0, Sum: 0, Workers: 4
[962.549s][debug][gc,phases      ] GC(39)     Total                          Min: 0, Avg:  0.0, Max: 0, Diff: 0, Sum: 0, Workers: 4
[962.549s][debug][gc,phases      ] GC(39)   StringDedup Requests0 Weak     Min:  0.0, Avg:  0.0, Max:  0.0, Diff:  0.0, Sum:  0.0, Workers: 4
[962.549s][debug][gc,phases      ] GC(39)     Dead                           Min: 0, Avg:  0.0, Max: 0, Diff: 0, Sum: 0, Workers: 4
[962.549s][debug][gc,phases      ] GC(39)     Total                          Min: 0, Avg:  0.0, Max: 0, Diff: 0, Sum: 0, Workers: 4
[962.549s][debug][gc,phases      ] GC(39)   StringDedup Requests1 Weak     Min:  0.0, Avg:  0.0, Max:  0.0, Diff:  0.0, Sum:  0.0, Workers: 4
[962.549s][debug][gc,phases      ] GC(39)     Dead                           Min: 0, Avg:  0.0, Max: 0, Diff: 0, Sum: 0, Workers: 4
[962.549s][debug][gc,phases      ] GC(39)     Total                          Min: 0, Avg:  0.0, Max: 0, Diff: 0, Sum: 0, Workers: 4
[962.549s][debug][gc,phases      ] GC(39)   Weak JFR Old Object Samples    Min:  0.0, Avg:  0.0, Max:  0.0, Diff:  0.0, Sum:  0.0, Workers: 4
[962.549s][debug][gc,phases      ] GC(39)     Dead                           Min: 0, Avg:  0.0, Max: 0, Diff: 0, Sum: 0, Workers: 4
[962.549s][debug][gc,phases      ] GC(39)     Total                          Min: 0, Avg:  0.0, Max: 0, Diff: 0, Sum: 0, Workers: 4
[962.549s][debug][gc,phases      ] GC(39) Weak Processing 0.363ms
[962.549s][debug][gc,age         ] GC(39) Desired survivor size 95944704 bytes, new threshold 1 (max threshold 15)
[962.549s][info ][gc,heap        ] GC(39) PSYoungGen: 1886512K(1988608K)->2912K(2003456K) Eden: 1885184K(1885184K)->0K(1904640K) From: 1328K(103424K)->2912K(98816K)
[962.549s][info ][gc,heap        ] GC(39) ParOldGen: 421815K(440832K)->422519K(440832K)
[962.549s][info ][gc,metaspace   ] GC(39) Metaspace: 112992K(114432K)->112992K(114432K) NonClass: 96030K(96832K)->96030K(96832K) Class: 16961K(17600K)->16961K(17600K)
[962.549s][info ][gc             ] GC(39) Pause Young (Allocation Failure) 2254M->415M(2387M) 2.962ms
[962.549s][info ][gc,cpu         ] GC(39) User=0.01s Sys=0.00s Real=0.00s
[962.549s][info ][safepoint      ] Safepoint "ParallelGCFailedAllocation", Time since last: 130332818 ns, Reaching safepoint: 7101 ns, Cleanup: 4700 ns, At safepoint: 3032861 ns, Total: 3044662 ns
[968.550s][info ][safepoint      ] Safepoint "Cleanup", Time since last: 6000442239 ns, Reaching safepoint: 79704 ns, Cleanup: 10601 ns, At safepoint: 6400 ns, Total: 96705 ns
[971.550s][info ][safepoint      ] Safepoint "Cleanup", Time since last: 3000275758 ns, Reaching safepoint: 80804 ns, Cleanup: 10201 ns, At safepoint: 7000 ns, Total: 98005 ns
[972.007s][info ][gc,start       ] GC(40) Pause Young (Allocation Failure)
[972.009s][debug][gc,phases      ] GC(40) Scavenge 2.225ms
[972.009s][debug][gc,ref         ] GC(40) Skipped SoftWeakFinalRefsPhase of Reference Processing: no references
[972.009s][debug][gc,ref         ] GC(40) Skipped KeepAliveFinalRefsPhase of Reference Processing: no references
[972.009s][debug][gc,ref         ] GC(40) Skipped PhantomRefsPhase of Reference Processing: no references
[972.009s][debug][gc,phases      ] GC(40) Reference Processing 0.024ms
[972.009s][debug][gc,phases      ] GC(40)   VM Weak                        Min:  0.0, Avg:  0.0, Max:  0.0, Diff:  0.0, Sum:  0.0, Workers: 4
[972.009s][debug][gc,phases      ] GC(40)     Dead                           Min: 0, Avg:  0.0, Max: 0, Diff: 0, Sum: 0, Workers: 4
[972.009s][debug][gc,phases      ] GC(40)     Total                          Min: 0, Avg: 264.2, Max: 929, Diff: 929, Sum: 1057, Workers: 4
[972.009s][debug][gc,phases      ] GC(40)   ObjectSynchronizer Weak        Min:  0.0, Avg:  0.0, Max:  0.0, Diff:  0.0, Sum:  0.0, Workers: 4
[972.009s][debug][gc,phases      ] GC(40)     Dead                           Min: 0, Avg:  0.0, Max: 0, Diff: 0, Sum: 0, Workers: 4
[972.009s][debug][gc,phases      ] GC(40)     Total                          Min: 0, Avg:  0.8, Max: 3, Diff: 3, Sum: 3, Workers: 4
[972.009s][debug][gc,phases      ] GC(40)   JVMTI Tag Weak OopStorage      Min:  0.0, Avg:  0.0, Max:  0.0, Diff:  0.0, Sum:  0.0, Workers: 4
[972.009s][debug][gc,phases      ] GC(40)     Dead                           Min: 0, Avg:  0.0, Max: 0, Diff: 0, Sum: 0, Workers: 4
[972.009s][debug][gc,phases      ] GC(40)     Total                          Min: 0, Avg:  0.0, Max: 0, Diff: 0, Sum: 0, Workers: 4
[972.009s][debug][gc,phases      ] GC(40)   StringTable Weak               Min:  0.0, Avg:  0.1, Max:  0.1, Diff:  0.1, Sum:  0.4, Workers: 4
[972.009s][debug][gc,phases      ] GC(40)     Dead                           Min: 0, Avg:  0.0, Max: 0, Diff: 0, Sum: 0, Workers: 4
[972.009s][debug][gc,phases      ] GC(40)     Total                          Min: 0, Avg: 12359.5, Max: 17920, Diff: 17920, Sum: 49438, Workers: 4
[972.009s][debug][gc,phases      ] GC(40)   ResolvedMethodTable Weak       Min:  0.0, Avg:  0.0, Max:  0.0, Diff:  0.0, Sum:  0.1, Workers: 4
[972.009s][debug][gc,phases      ] GC(40)     Dead                           Min: 0, Avg:  0.0, Max: 0, Diff: 0, Sum: 0, Workers: 4
[972.009s][debug][gc,phases      ] GC(40)     Total                          Min: 0, Avg: 3924.5, Max: 5681, Diff: 5681, Sum: 15698, Workers: 4
[972.009s][debug][gc,phases      ] GC(40)   JNI Weak                       Min:  0.0, Avg:  0.0, Max:  0.0, Diff:  0.0, Sum:  0.0, Workers: 4
[972.009s][debug][gc,phases      ] GC(40)     Dead                           Min: 0, Avg:  0.0, Max: 0, Diff: 0, Sum: 0, Workers: 4
[972.009s][debug][gc,phases      ] GC(40)     Total                          Min: 0, Avg: 13.0, Max: 52, Diff: 52, Sum: 52, Workers: 4
[972.009s][debug][gc,phases      ] GC(40)   StringDedup Table Weak         Min:  0.0, Avg:  0.0, Max:  0.0, Diff:  0.0, Sum:  0.0, Workers: 4
[972.009s][debug][gc,phases      ] GC(40)     Dead                           Min: 0, Avg:  0.0, Max: 0, Diff: 0, Sum: 0, Workers: 4
[972.009s][debug][gc,phases      ] GC(40)     Total                          Min: 0, Avg:  0.0, Max: 0, Diff: 0, Sum: 0, Workers: 4
[972.009s][debug][gc,phases      ] GC(40)   StringDedup Requests0 Weak     Min:  0.0, Avg:  0.0, Max:  0.0, Diff:  0.0, Sum:  0.0, Workers: 4
[972.009s][debug][gc,phases      ] GC(40)     Dead                           Min: 0, Avg:  0.0, Max: 0, Diff: 0, Sum: 0, Workers: 4
[972.009s][debug][gc,phases      ] GC(40)     Total                          Min: 0, Avg:  0.0, Max: 0, Diff: 0, Sum: 0, Workers: 4
[972.009s][debug][gc,phases      ] GC(40)   StringDedup Requests1 Weak     Min:  0.0, Avg:  0.0, Max:  0.0, Diff:  0.0, Sum:  0.0, Workers: 4
[972.009s][debug][gc,phases      ] GC(40)     Dead                           Min: 0, Avg:  0.0, Max: 0, Diff: 0, Sum: 0, Workers: 4
[972.009s][debug][gc,phases      ] GC(40)     Total                          Min: 0, Avg:  0.0, Max: 0, Diff: 0, Sum: 0, Workers: 4
[972.009s][debug][gc,phases      ] GC(40)   Weak JFR Old Object Samples    Min:  0.0, Avg:  0.0, Max:  0.0, Diff:  0.0, Sum:  0.0, Workers: 4
[972.009s][debug][gc,phases      ] GC(40)     Dead                           Min: 0, Avg:  0.0, Max: 0, Diff: 0, Sum: 0, Workers: 4
[972.009s][debug][gc,phases      ] GC(40)     Total                          Min: 0, Avg:  0.0, Max: 0, Diff: 0, Sum: 0, Workers: 4
[972.009s][debug][gc,phases      ] GC(40) Weak Processing 0.419ms
[972.009s][debug][gc,age         ] GC(40) Desired survivor size 91226112 bytes, new threshold 1 (max threshold 15)
[972.009s][info ][gc,heap        ] GC(40) PSYoungGen: 1907552K(2003456K)->896K(1998336K) Eden: 1904640K(1904640K)->0K(1904640K) From: 2912K(98816K)->896K(93696K)
[972.009s][info ][gc,heap        ] GC(40) ParOldGen: 422519K(440832K)->424631K(440832K)
[972.009s][info ][gc,metaspace   ] GC(40) Metaspace: 113003K(114432K)->113003K(114432K) NonClass: 96042K(96832K)->96042K(96832K) Class: 16961K(17600K)->16961K(17600K)
[972.009s][info ][gc             ] GC(40) Pause Young (Allocation Failure) 2275M->415M(2382M) 2.800ms
[972.009s][info ][gc,cpu         ] GC(40) User=0.01s Sys=0.00s Real=0.00s
[972.009s][info ][safepoint      ] Safepoint "ParallelGCFailedAllocation", Time since last: 456252501 ns, Reaching safepoint: 10300 ns, Cleanup: 5401 ns, At safepoint: 2889053 ns, Total: 2904754 ns
[973.010s][info ][safepoint      ] Safepoint "Cleanup", Time since last: 1000087419 ns, Reaching safepoint: 81104 ns, Cleanup: 10101 ns, At safepoint: 6400 ns, Total: 97605 ns
[975.010s][info ][safepoint      ] Safepoint "Cleanup", Time since last: 2000205199 ns, Reaching safepoint: 82904 ns, Cleanup: 10801 ns, At safepoint: 6600 ns, Total: 100305 ns
[976.010s][info ][safepoint      ] Safepoint "Cleanup", Time since last: 1000117311 ns, Reaching safepoint: 78304 ns, Cleanup: 11001 ns, At safepoint: 7500 ns, Total: 96805 ns
[977.010s][info ][safepoint      ] Safepoint "Cleanup", Time since last: 1000121512 ns, Reaching safepoint: 78604 ns, Cleanup: 12100 ns, At safepoint: 7001 ns, Total: 97705 ns
[978.010s][info ][safepoint      ] Safepoint "Cleanup", Time since last: 1000118911 ns, Reaching safepoint: 78304 ns, Cleanup: 10601 ns, At safepoint: 17900 ns, Total: 106805 ns
[980.011s][info ][safepoint      ] Safepoint "Cleanup", Time since last: 2000188320 ns, Reaching safepoint: 79104 ns, Cleanup: 9901 ns, At safepoint: 6800 ns, Total: 95805 ns
[981.493s][info ][gc,start       ] GC(41) Pause Young (Allocation Failure)
[981.495s][debug][gc,phases      ] GC(41) Scavenge 2.338ms
[981.495s][debug][gc,ref         ] GC(41) Skipped SoftWeakFinalRefsPhase of Reference Processing: no references
[981.495s][debug][gc,ref         ] GC(41) Skipped KeepAliveFinalRefsPhase of Reference Processing: no references
[981.495s][debug][gc,ref         ] GC(41) Skipped PhantomRefsPhase of Reference Processing: no references
[981.495s][debug][gc,phases      ] GC(41) Reference Processing 0.020ms
[981.496s][debug][gc,phases      ] GC(41)   VM Weak                        Min:  0.0, Avg:  0.0, Max:  0.0, Diff:  0.0, Sum:  0.0, Workers: 4
[981.496s][debug][gc,phases      ] GC(41)     Dead                           Min: 0, Avg:  0.0, Max: 0, Diff: 0, Sum: 0, Workers: 4
[981.496s][debug][gc,phases      ] GC(41)     Total                          Min: 0, Avg: 264.2, Max: 704, Diff: 704, Sum: 1057, Workers: 4
[981.496s][debug][gc,phases      ] GC(41)   ObjectSynchronizer Weak        Min:  0.0, Avg:  0.0, Max:  0.0, Diff:  0.0, Sum:  0.0, Workers: 4
[981.496s][debug][gc,phases      ] GC(41)     Dead                           Min: 0, Avg:  0.0, Max: 0, Diff: 0, Sum: 0, Workers: 4
[981.496s][debug][gc,phases      ] GC(41)     Total                          Min: 0, Avg:  0.8, Max: 3, Diff: 3, Sum: 3, Workers: 4
[981.496s][debug][gc,phases      ] GC(41)   JVMTI Tag Weak OopStorage      Min:  0.0, Avg:  0.0, Max:  0.0, Diff:  0.0, Sum:  0.0, Workers: 4
[981.496s][debug][gc,phases      ] GC(41)     Dead                           Min: 0, Avg:  0.0, Max: 0, Diff: 0, Sum: 0, Workers: 4
[981.496s][debug][gc,phases      ] GC(41)     Total                          Min: 0, Avg:  0.0, Max: 0, Diff: 0, Sum: 0, Workers: 4
[981.496s][debug][gc,phases      ] GC(41)   StringTable Weak               Min:  0.0, Avg:  0.1, Max:  0.2, Diff:  0.2, Sum:  0.5, Workers: 4
[981.496s][debug][gc,phases      ] GC(41)     Dead                           Min: 0, Avg:  0.0, Max: 0, Diff: 0, Sum: 0, Workers: 4
[981.496s][debug][gc,phases      ] GC(41)     Total                          Min: 0, Avg: 12359.5, Max: 17151, Diff: 17151, Sum: 49438, Workers: 4
[981.496s][debug][gc,phases      ] GC(41)   ResolvedMethodTable Weak       Min:  0.0, Avg:  0.0, Max:  0.0, Diff:  0.0, Sum:  0.1, Workers: 4
[981.496s][debug][gc,phases      ] GC(41)     Dead                           Min: 0, Avg:  4.0, Max: 11, Diff: 11, Sum: 16, Workers: 4
[981.496s][debug][gc,phases      ] GC(41)     Total                          Min: 0, Avg: 3924.5, Max: 5643, Diff: 5643, Sum: 15698, Workers: 4
[981.496s][debug][gc,phases      ] GC(41)   JNI Weak                       Min:  0.0, Avg:  0.0, Max:  0.0, Diff:  0.0, Sum:  0.0, Workers: 4
[981.496s][debug][gc,phases      ] GC(41)     Dead                           Min: 0, Avg:  0.0, Max: 0, Diff: 0, Sum: 0, Workers: 4
[981.496s][debug][gc,phases      ] GC(41)     Total                          Min: 0, Avg: 13.0, Max: 52, Diff: 52, Sum: 52, Workers: 4
[981.496s][debug][gc,phases      ] GC(41)   StringDedup Table Weak         Min:  0.0, Avg:  0.0, Max:  0.0, Diff:  0.0, Sum:  0.0, Workers: 4
[981.496s][debug][gc,phases      ] GC(41)     Dead                           Min: 0, Avg:  0.0, Max: 0, Diff: 0, Sum: 0, Workers: 4
[981.496s][debug][gc,phases      ] GC(41)     Total                          Min: 0, Avg:  0.0, Max: 0, Diff: 0, Sum: 0, Workers: 4
[981.496s][debug][gc,phases      ] GC(41)   StringDedup Requests0 Weak     Min:  0.0, Avg:  0.0, Max:  0.0, Diff:  0.0, Sum:  0.0, Workers: 4
[981.496s][debug][gc,phases      ] GC(41)     Dead                           Min: 0, Avg:  0.0, Max: 0, Diff: 0, Sum: 0, Workers: 4
[981.496s][debug][gc,phases      ] GC(41)     Total                          Min: 0, Avg:  0.0, Max: 0, Diff: 0, Sum: 0, Workers: 4
[981.496s][debug][gc,phases      ] GC(41)   StringDedup Requests1 Weak     Min:  0.0, Avg:  0.0, Max:  0.0, Diff:  0.0, Sum:  0.0, Workers: 4
[981.496s][debug][gc,phases      ] GC(41)     Dead                           Min: 0, Avg:  0.0, Max: 0, Diff: 0, Sum: 0, Workers: 4
[981.496s][debug][gc,phases      ] GC(41)     Total                          Min: 0, Avg:  0.0, Max: 0, Diff: 0, Sum: 0, Workers: 4
[981.496s][debug][gc,phases      ] GC(41)   Weak JFR Old Object Samples    Min:  0.0, Avg:  0.0, Max:  0.0, Diff:  0.0, Sum:  0.0, Workers: 4
[981.496s][debug][gc,phases      ] GC(41)     Dead                           Min: 0, Avg:  0.0, Max: 0, Diff: 0, Sum: 0, Workers: 4
[981.496s][debug][gc,phases      ] GC(41)     Total                          Min: 0, Avg:  0.0, Max: 0, Diff: 0, Sum: 0, Workers: 4
[981.496s][debug][gc,phases      ] GC(41) Weak Processing 0.417ms
[981.496s][debug][gc,age         ] GC(41) Desired survivor size 85983232 bytes, new threshold 1 (max threshold 15)
[981.496s][info ][gc,heap        ] GC(41) PSYoungGen: 1905536K(1998336K)->2784K(2013184K) Eden: 1904640K(1904640K)->0K(1924096K) From: 896K(93696K)->2784K(89088K)
[981.496s][info ][gc,heap        ] GC(41) ParOldGen: 424631K(440832K)->424923K(440832K)
[981.496s][info ][gc,metaspace   ] GC(41) Metaspace: 113021K(114432K)->113021K(114432K) NonClass: 96060K(96832K)->96060K(96832K) Class: 16961K(17600K)->16961K(17600K)
[981.496s][info ][gc             ] GC(41) Pause Young (Allocation Failure) 2275M->417M(2396M) 2.916ms
[981.496s][info ][gc,cpu         ] GC(41) User=0.01s Sys=0.00s Real=0.01s
[981.496s][info ][safepoint      ] Safepoint "ParallelGCFailedAllocation", Time since last: 1482150135 ns, Reaching safepoint: 9400 ns, Cleanup: 5501 ns, At safepoint: 2997355 ns, Total: 3012256 ns
[982.496s][info ][safepoint      ] Safepoint "Cleanup", Time since last: 1000095510 ns, Reaching safepoint: 79704 ns, Cleanup: 14100 ns, At safepoint: 6501 ns, Total: 100305 ns
[985.496s][info ][safepoint      ] Safepoint "Cleanup", Time since last: 3000259405 ns, Reaching safepoint: 78304 ns, Cleanup: 19801 ns, At safepoint: 6001 ns, Total: 104106 ns
[986.497s][info ][safepoint      ] Safepoint "Cleanup", Time since last: 1000127858 ns, Reaching safepoint: 79004 ns, Cleanup: 16701 ns, At safepoint: 7001 ns, Total: 102706 ns
[987.497s][info ][safepoint      ] Safepoint "Cleanup", Time since last: 1000124558 ns, Reaching safepoint: 79604 ns, Cleanup: 10301 ns, At safepoint: 6300 ns, Total: 96205 ns
[989.497s][info ][safepoint      ] Safepoint "Cleanup", Time since last: 2000194615 ns, Reaching safepoint: 82404 ns, Cleanup: 15001 ns, At safepoint: 6900 ns, Total: 104305 ns
[990.497s][info ][safepoint      ] Safepoint "Cleanup", Time since last: 1000131759 ns, Reaching safepoint: 80304 ns, Cleanup: 10701 ns, At safepoint: 25601 ns, Total: 116606 ns
[991.149s][info ][gc,start       ] GC(42) Pause Young (Allocation Failure)
[991.152s][debug][gc,phases      ] GC(42) Scavenge 2.314ms
[991.152s][debug][gc,ref         ] GC(42) Skipped SoftWeakFinalRefsPhase of Reference Processing: no references
[991.152s][debug][gc,ref         ] GC(42) Skipped KeepAliveFinalRefsPhase of Reference Processing: no references
[991.152s][debug][gc,ref         ] GC(42) Skipped PhantomRefsPhase of Reference Processing: no references
[991.152s][debug][gc,phases      ] GC(42) Reference Processing 0.022ms
[991.152s][debug][gc,phases      ] GC(42)   VM Weak                        Min:  0.0, Avg:  0.0, Max:  0.0, Diff:  0.0, Sum:  0.0, Workers: 4
[991.152s][debug][gc,phases      ] GC(42)     Dead                           Min: 0, Avg:  0.0, Max: 0, Diff: 0, Sum: 0, Workers: 4
[991.152s][debug][gc,phases      ] GC(42)     Total                          Min: 0, Avg: 264.2, Max: 768, Diff: 768, Sum: 1057, Workers: 4
[991.152s][debug][gc,phases      ] GC(42)   ObjectSynchronizer Weak        Min:  0.0, Avg:  0.0, Max:  0.0, Diff:  0.0, Sum:  0.0, Workers: 4
[991.152s][debug][gc,phases      ] GC(42)     Dead                           Min: 0, Avg:  0.0, Max: 0, Diff: 0, Sum: 0, Workers: 4
[991.152s][debug][gc,phases      ] GC(42)     Total                          Min: 0, Avg:  0.8, Max: 3, Diff: 3, Sum: 3, Workers: 4
[991.152s][debug][gc,phases      ] GC(42)   JVMTI Tag Weak OopStorage      Min:  0.0, Avg:  0.0, Max:  0.0, Diff:  0.0, Sum:  0.0, Workers: 4
[991.152s][debug][gc,phases      ] GC(42)     Dead                           Min: 0, Avg:  0.0, Max: 0, Diff: 0, Sum: 0, Workers: 4
[991.152s][debug][gc,phases      ] GC(42)     Total                          Min: 0, Avg:  0.0, Max: 0, Diff: 0, Sum: 0, Workers: 4
[991.152s][debug][gc,phases      ] GC(42)   StringTable Weak               Min:  0.0, Avg:  0.1, Max:  0.2, Diff:  0.2, Sum:  0.5, Workers: 4
[991.152s][debug][gc,phases      ] GC(42)     Dead                           Min: 0, Avg:  0.0, Max: 0, Diff: 0, Sum: 0, Workers: 4
[991.152s][debug][gc,phases      ] GC(42)     Total                          Min: 0, Avg: 12360.5, Max: 17251, Diff: 17251, Sum: 49442, Workers: 4
[991.152s][debug][gc,phases      ] GC(42)   ResolvedMethodTable Weak       Min:  0.0, Avg:  0.0, Max:  0.1, Diff:  0.1, Sum:  0.2, Workers: 4
[991.152s][debug][gc,phases      ] GC(42)     Dead                           Min: 0, Avg:  0.0, Max: 0, Diff: 0, Sum: 0, Workers: 4
[991.152s][debug][gc,phases      ] GC(42)     Total                          Min: 0, Avg: 3924.5, Max: 5577, Diff: 5577, Sum: 15698, Workers: 4
[991.152s][debug][gc,phases      ] GC(42)   JNI Weak                       Min:  0.0, Avg:  0.0, Max:  0.0, Diff:  0.0, Sum:  0.0, Workers: 4
[991.152s][debug][gc,phases      ] GC(42)     Dead                           Min: 0, Avg:  0.0, Max: 0, Diff: 0, Sum: 0, Workers: 4
[991.152s][debug][gc,phases      ] GC(42)     Total                          Min: 0, Avg: 13.0, Max: 52, Diff: 52, Sum: 52, Workers: 4
[991.152s][debug][gc,phases      ] GC(42)   StringDedup Table Weak         Min:  0.0, Avg:  0.0, Max:  0.0, Diff:  0.0, Sum:  0.0, Workers: 4
[991.152s][debug][gc,phases      ] GC(42)     Dead                           Min: 0, Avg:  0.0, Max: 0, Diff: 0, Sum: 0, Workers: 4
[991.152s][debug][gc,phases      ] GC(42)     Total                          Min: 0, Avg:  0.0, Max: 0, Diff: 0, Sum: 0, Workers: 4
[991.152s][debug][gc,phases      ] GC(42)   StringDedup Requests0 Weak     Min:  0.0, Avg:  0.0, Max:  0.0, Diff:  0.0, Sum:  0.0, Workers: 4
[991.152s][debug][gc,phases      ] GC(42)     Dead                           Min: 0, Avg:  0.0, Max: 0, Diff: 0, Sum: 0, Workers: 4
[991.152s][debug][gc,phases      ] GC(42)     Total                          Min: 0, Avg:  0.0, Max: 0, Diff: 0, Sum: 0, Workers: 4
[991.152s][debug][gc,phases      ] GC(42)   StringDedup Requests1 Weak     Min:  0.0, Avg:  0.0, Max:  0.0, Diff:  0.0, Sum:  0.0, Workers: 4
[991.152s][debug][gc,phases      ] GC(42)     Dead                           Min: 0, Avg:  0.0, Max: 0, Diff: 0, Sum: 0, Workers: 4
[991.152s][debug][gc,phases      ] GC(42)     Total                          Min: 0, Avg:  0.0, Max: 0, Diff: 0, Sum: 0, Workers: 4
[991.152s][debug][gc,phases      ] GC(42)   Weak JFR Old Object Samples    Min:  0.0, Avg:  0.0, Max:  0.0, Diff:  0.0, Sum:  0.0, Workers: 4
[991.152s][debug][gc,phases      ] GC(42)     Dead                           Min: 0, Avg:  0.0, Max: 0, Diff: 0, Sum: 0, Workers: 4
[991.152s][debug][gc,phases      ] GC(42)     Total                          Min: 0, Avg:  0.0, Max: 0, Diff: 0, Sum: 0, Workers: 4
[991.152s][debug][gc,phases      ] GC(42) Weak Processing 0.425ms
[991.152s][debug][gc,age         ] GC(42) Desired survivor size 81264640 bytes, new threshold 1 (max threshold 15)
[991.152s][info ][gc,heap        ] GC(42) PSYoungGen: 1926880K(2013184K)->928K(2008064K) Eden: 1924096K(1924096K)->0K(1924096K) From: 2784K(89088K)->928K(83968K)
[991.152s][info ][gc,heap        ] GC(42) ParOldGen: 424923K(440832K)->426959K(440832K)
[991.152s][info ][gc,metaspace   ] GC(42) Metaspace: 113027K(114432K)->113027K(114432K) NonClass: 96066K(96832K)->96066K(96832K) Class: 16961K(17600K)->16961K(17600K)
[991.152s][info ][gc             ] GC(42) Pause Young (Allocation Failure) 2296M->417M(2391M) 2.904ms
[991.152s][info ][gc,cpu         ] GC(42) User=0.01s Sys=0.00s Real=0.00s
[991.152s][info ][safepoint      ] Safepoint "ParallelGCFailedAllocation", Time since last: 651889820 ns, Reaching safepoint: 6700 ns, Cleanup: 12900 ns, At safepoint: 2978239 ns, Total: 2997839 ns
[992.153s][info ][safepoint      ] Safepoint "Cleanup", Time since last: 1000119950 ns, Reaching safepoint: 84104 ns, Cleanup: 9401 ns, At safepoint: 7500 ns, Total: 101005 ns
[997.153s][info ][safepoint      ] Safepoint "Cleanup", Time since last: 5000401958 ns, Reaching safepoint: 76304 ns, Cleanup: 12501 ns, At safepoint: 5900 ns, Total: 94705 ns
[999.153s][info ][safepoint      ] Safepoint "Cleanup", Time since last: 2000187812 ns, Reaching safepoint: 78504 ns, Cleanup: 12001 ns, At safepoint: 6400 ns, Total: 96905 ns
[1000.154s][info ][safepoint      ] Safepoint "Cleanup", Time since last: 1000108276 ns, Reaching safepoint: 77704 ns, Cleanup: 5900 ns, At safepoint: 6300 ns, Total: 89904 ns
[1000.639s][info ][gc,start       ] GC(43) Pause Young (Allocation Failure)
[1000.643s][debug][gc,phases      ] GC(43) Scavenge 3.879ms
[1000.643s][debug][gc,ref         ] GC(43) ReferenceProcessor::execute queues: 1, RefProcThreadModel::Single, marks_oops_alive: false
[1000.643s][debug][gc,ref         ] GC(43) Skipped KeepAliveFinalRefsPhase of Reference Processing: no references
[1000.643s][debug][gc,ref         ] GC(43) Skipped PhantomRefsPhase of Reference Processing: no references
[1000.643s][debug][gc,phases      ] GC(43) Reference Processing 0.108ms
[1000.644s][debug][gc,phases      ] GC(43)   VM Weak                        Min:  0.0, Avg:  0.0, Max:  0.0, Diff:  0.0, Sum:  0.0, Workers: 4
[1000.644s][debug][gc,phases      ] GC(43)     Dead                           Min: 0, Avg:  0.0, Max: 0, Diff: 0, Sum: 0, Workers: 4
[1000.644s][debug][gc,phases      ] GC(43)     Total                          Min: 0, Avg: 264.2, Max: 481, Diff: 481, Sum: 1057, Workers: 4
[1000.644s][debug][gc,phases      ] GC(43)   ObjectSynchronizer Weak        Min:  0.0, Avg:  0.0, Max:  0.0, Diff:  0.0, Sum:  0.0, Workers: 4
[1000.644s][debug][gc,phases      ] GC(43)     Dead                           Min: 0, Avg:  0.0, Max: 0, Diff: 0, Sum: 0, Workers: 4
[1000.644s][debug][gc,phases      ] GC(43)     Total                          Min: 0, Avg:  0.8, Max: 3, Diff: 3, Sum: 3, Workers: 4
[1000.644s][debug][gc,phases      ] GC(43)   JVMTI Tag Weak OopStorage      Min:  0.0, Avg:  0.0, Max:  0.0, Diff:  0.0, Sum:  0.0, Workers: 4
[1000.644s][debug][gc,phases      ] GC(43)     Dead                           Min: 0, Avg:  0.0, Max: 0, Diff: 0, Sum: 0, Workers: 4
[1000.644s][debug][gc,phases      ] GC(43)     Total                          Min: 0, Avg:  0.0, Max: 0, Diff: 0, Sum: 0, Workers: 4
[1000.644s][debug][gc,phases      ] GC(43)   StringTable Weak               Min:  0.0, Avg:  0.1, Max:  0.2, Diff:  0.2, Sum:  0.5, Workers: 4
[1000.644s][debug][gc,phases      ] GC(43)     Dead                           Min: 0, Avg:  0.0, Max: 0, Diff: 0, Sum: 0, Workers: 4
[1000.644s][debug][gc,phases      ] GC(43)     Total                          Min: 0, Avg: 12361.8, Max: 18560, Diff: 18560, Sum: 49447, Workers: 4
[1000.644s][debug][gc,phases      ] GC(43)   ResolvedMethodTable Weak       Min:  0.0, Avg:  0.0, Max:  0.1, Diff:  0.1, Sum:  0.2, Workers: 4
[1000.644s][debug][gc,phases      ] GC(43)     Dead                           Min: 0, Avg:  4.2, Max: 17, Diff: 17, Sum: 17, Workers: 4
[1000.644s][debug][gc,phases      ] GC(43)     Total                          Min: 0, Avg: 3928.8, Max: 5932, Diff: 5932, Sum: 15715, Workers: 4
[1000.644s][debug][gc,phases      ] GC(43)   JNI Weak                       Min:  0.0, Avg:  0.0, Max:  0.0, Diff:  0.0, Sum:  0.0, Workers: 4
[1000.644s][debug][gc,phases      ] GC(43)     Dead                           Min: 0, Avg:  0.0, Max: 0, Diff: 0, Sum: 0, Workers: 4
[1000.644s][debug][gc,phases      ] GC(43)     Total                          Min: 0, Avg: 13.0, Max: 52, Diff: 52, Sum: 52, Workers: 4
[1000.644s][debug][gc,phases      ] GC(43)   StringDedup Table Weak         Min:  0.0, Avg:  0.0, Max:  0.0, Diff:  0.0, Sum:  0.0, Workers: 4
[1000.644s][debug][gc,phases      ] GC(43)     Dead                           Min: 0, Avg:  0.0, Max: 0, Diff: 0, Sum: 0, Workers: 4
[1000.644s][debug][gc,phases      ] GC(43)     Total                          Min: 0, Avg:  0.0, Max: 0, Diff: 0, Sum: 0, Workers: 4
[1000.644s][debug][gc,phases      ] GC(43)   StringDedup Requests0 Weak     Min:  0.0, Avg:  0.0, Max:  0.0, Diff:  0.0, Sum:  0.0, Workers: 4
[1000.644s][debug][gc,phases      ] GC(43)     Dead                           Min: 0, Avg:  0.0, Max: 0, Diff: 0, Sum: 0, Workers: 4
[1000.644s][debug][gc,phases      ] GC(43)     Total                          Min: 0, Avg:  0.0, Max: 0, Diff: 0, Sum: 0, Workers: 4
[1000.644s][debug][gc,phases      ] GC(43)   StringDedup Requests1 Weak     Min:  0.0, Avg:  0.0, Max:  0.0, Diff:  0.0, Sum:  0.0, Workers: 4
[1000.644s][debug][gc,phases      ] GC(43)     Dead                           Min: 0, Avg:  0.0, Max: 0, Diff: 0, Sum: 0, Workers: 4
[1000.644s][debug][gc,phases      ] GC(43)     Total                          Min: 0, Avg:  0.0, Max: 0, Diff: 0, Sum: 0, Workers: 4
[1000.644s][debug][gc,phases      ] GC(43)   Weak JFR Old Object Samples    Min:  0.0, Avg:  0.0, Max:  0.0, Diff:  0.0, Sum:  0.0, Workers: 4
[1000.644s][debug][gc,phases      ] GC(43)     Dead                           Min: 0, Avg:  0.0, Max: 0, Diff: 0, Sum: 0, Workers: 4
[1000.644s][debug][gc,phases      ] GC(43)     Total                          Min: 0, Avg:  0.0, Max: 0, Diff: 0, Sum: 0, Workers: 4
[1000.644s][debug][gc,phases      ] GC(43) Weak Processing 0.425ms
[1000.644s][debug][gc,age         ] GC(43) Desired survivor size 76546048 bytes, new threshold 1 (max threshold 15)
[1000.644s][info ][gc,heap        ] GC(43) PSYoungGen: 1925024K(2008064K)->1152K(2022400K) Eden: 1924096K(1924096K)->0K(1943040K) From: 928K(83968K)->1152K(79360K)
[1000.644s][info ][gc,heap        ] GC(43) ParOldGen: 426959K(440832K)->427400K(440832K)
[1000.644s][info ][gc,metaspace   ] GC(43) Metaspace: 113036K(114496K)->113036K(114496K) NonClass: 96074K(96896K)->96074K(96896K) Class: 16961K(17600K)->16961K(17600K)
[1000.644s][info ][gc             ] GC(43) Pause Young (Allocation Failure) 2296M->418M(2405M) 4.573ms
[1000.644s][info ][gc,cpu         ] GC(43) User=0.01s Sys=0.00s Real=0.00s
[1000.644s][info ][safepoint      ] Safepoint "ParallelGCFailedAllocation", Time since last: 485552249 ns, Reaching safepoint: 85604 ns, Cleanup: 39502 ns, At safepoint: 4653737 ns, Total: 4778843 ns
[1001.644s][info ][safepoint      ] Safepoint "Cleanup", Time since last: 1000107776 ns, Reaching safepoint: 86704 ns, Cleanup: 17901 ns, At safepoint: 9801 ns, Total: 114406 ns
[1002.644s][info ][safepoint      ] Safepoint "Cleanup", Time since last: 1000130077 ns, Reaching safepoint: 81504 ns, Cleanup: 13800 ns, At safepoint: 7101 ns, Total: 102405 ns
[1004.645s][info ][safepoint      ] Safepoint "Cleanup", Time since last: 2000209451 ns, Reaching safepoint: 79604 ns, Cleanup: 14100 ns, At safepoint: 7001 ns, Total: 100705 ns
[1006.645s][info ][safepoint      ] Safepoint "Cleanup", Time since last: 2000191850 ns, Reaching safepoint: 80604 ns, Cleanup: 12401 ns, At safepoint: 6800 ns, Total: 99805 ns
[1007.645s][info ][safepoint      ] Safepoint "Cleanup", Time since last: 1000138772 ns, Reaching safepoint: 90304 ns, Cleanup: 11601 ns, At safepoint: 9800 ns, Total: 111705 ns
[1009.646s][info ][safepoint      ] Safepoint "Cleanup", Time since last: 2000206107 ns, Reaching safepoint: 82304 ns, Cleanup: 11700 ns, At safepoint: 6100 ns, Total: 100104 ns
[1010.239s][info ][gc,start       ] GC(44) Pause Young (Allocation Failure)
[1010.243s][debug][gc,phases      ] GC(44) Scavenge 3.944ms
[1010.243s][debug][gc,ref         ] GC(44) Skipped SoftWeakFinalRefsPhase of Reference Processing: no references
[1010.243s][debug][gc,ref         ] GC(44) Skipped KeepAliveFinalRefsPhase of Reference Processing: no references
[1010.243s][debug][gc,ref         ] GC(44) Skipped PhantomRefsPhase of Reference Processing: no references
[1010.243s][debug][gc,phases      ] GC(44) Reference Processing 0.026ms
[1010.244s][debug][gc,phases      ] GC(44)   VM Weak                        Min:  0.0, Avg:  0.0, Max:  0.0, Diff:  0.0, Sum:  0.0, Workers: 4
[1010.244s][debug][gc,phases      ] GC(44)     Dead                           Min: 0, Avg:  0.0, Max: 0, Diff: 0, Sum: 0, Workers: 4
[1010.244s][debug][gc,phases      ] GC(44)     Total                          Min: 0, Avg: 264.2, Max: 609, Diff: 609, Sum: 1057, Workers: 4
[1010.244s][debug][gc,phases      ] GC(44)   ObjectSynchronizer Weak        Min:  0.0, Avg:  0.0, Max:  0.0, Diff:  0.0, Sum:  0.0, Workers: 4
[1010.244s][debug][gc,phases      ] GC(44)     Dead                           Min: 0, Avg:  0.0, Max: 0, Diff: 0, Sum: 0, Workers: 4
[1010.244s][debug][gc,phases      ] GC(44)     Total                          Min: 0, Avg:  0.8, Max: 3, Diff: 3, Sum: 3, Workers: 4
[1010.244s][debug][gc,phases      ] GC(44)   JVMTI Tag Weak OopStorage      Min:  0.0, Avg:  0.0, Max:  0.0, Diff:  0.0, Sum:  0.0, Workers: 4
[1010.244s][debug][gc,phases      ] GC(44)     Dead                           Min: 0, Avg:  0.0, Max: 0, Diff: 0, Sum: 0, Workers: 4
[1010.244s][debug][gc,phases      ] GC(44)     Total                          Min: 0, Avg:  0.0, Max: 0, Diff: 0, Sum: 0, Workers: 4
[1010.244s][debug][gc,phases      ] GC(44)   StringTable Weak               Min:  0.0, Avg:  0.1, Max:  0.2, Diff:  0.2, Sum:  0.4, Workers: 4
[1010.244s][debug][gc,phases      ] GC(44)     Dead                           Min: 0, Avg:  0.0, Max: 0, Diff: 0, Sum: 0, Workers: 4
[1010.244s][debug][gc,phases      ] GC(44)     Total                          Min: 0, Avg: 12362.0, Max: 25471, Diff: 25471, Sum: 49448, Workers: 4
[1010.244s][debug][gc,phases      ] GC(44)   ResolvedMethodTable Weak       Min:  0.0, Avg:  0.0, Max:  0.1, Diff:  0.1, Sum:  0.1, Workers: 4
[1010.244s][debug][gc,phases      ] GC(44)     Dead                           Min: 0, Avg:  4.0, Max: 14, Diff: 14, Sum: 16, Workers: 4
[1010.244s][debug][gc,phases      ] GC(44)     Total                          Min: 0, Avg: 3928.8, Max: 8458, Diff: 8458, Sum: 15715, Workers: 4
[1010.244s][debug][gc,phases      ] GC(44)   JNI Weak                       Min:  0.0, Avg:  0.0, Max:  0.0, Diff:  0.0, Sum:  0.0, Workers: 4
[1010.244s][debug][gc,phases      ] GC(44)     Dead                           Min: 0, Avg:  0.0, Max: 0, Diff: 0, Sum: 0, Workers: 4
[1010.244s][debug][gc,phases      ] GC(44)     Total                          Min: 0, Avg: 13.0, Max: 52, Diff: 52, Sum: 52, Workers: 4
[1010.244s][debug][gc,phases      ] GC(44)   StringDedup Table Weak         Min:  0.0, Avg:  0.0, Max:  0.0, Diff:  0.0, Sum:  0.0, Workers: 4
[1010.244s][debug][gc,phases      ] GC(44)     Dead                           Min: 0, Avg:  0.0, Max: 0, Diff: 0, Sum: 0, Workers: 4
[1010.244s][debug][gc,phases      ] GC(44)     Total                          Min: 0, Avg:  0.0, Max: 0, Diff: 0, Sum: 0, Workers: 4
[1010.244s][debug][gc,phases      ] GC(44)   StringDedup Requests0 Weak     Min:  0.0, Avg:  0.0, Max:  0.0, Diff:  0.0, Sum:  0.0, Workers: 4
[1010.244s][debug][gc,phases      ] GC(44)     Dead                           Min: 0, Avg:  0.0, Max: 0, Diff: 0, Sum: 0, Workers: 4
[1010.244s][debug][gc,phases      ] GC(44)     Total                          Min: 0, Avg:  0.0, Max: 0, Diff: 0, Sum: 0, Workers: 4
[1010.244s][debug][gc,phases      ] GC(44)   StringDedup Requests1 Weak     Min:  0.0, Avg:  0.0, Max:  0.0, Diff:  0.0, Sum:  0.0, Workers: 4
[1010.244s][debug][gc,phases      ] GC(44)     Dead                           Min: 0, Avg:  0.0, Max: 0, Diff: 0, Sum: 0, Workers: 4
[1010.244s][debug][gc,phases      ] GC(44)     Total                          Min: 0, Avg:  0.0, Max: 0, Diff: 0, Sum: 0, Workers: 4
[1010.244s][debug][gc,phases      ] GC(44)   Weak JFR Old Object Samples    Min:  0.0, Avg:  0.0, Max:  0.0, Diff:  0.0, Sum:  0.0, Workers: 4
[1010.244s][debug][gc,phases      ] GC(44)     Dead                           Min: 0, Avg:  0.0, Max: 0, Diff: 0, Sum: 0, Workers: 4
[1010.244s][debug][gc,phases      ] GC(44)     Total                          Min: 0, Avg:  0.0, Max: 0, Diff: 0, Sum: 0, Workers: 4
[1010.244s][debug][gc,phases      ] GC(44) Weak Processing 0.551ms
[1010.244s][debug][gc,age         ] GC(44) Desired survivor size 72351744 bytes, new threshold 1 (max threshold 15)
[1010.244s][info ][gc,heap        ] GC(44) PSYoungGen: 1944192K(2022400K)->1344K(2017792K) Eden: 1943040K(1943040K)->0K(1943040K) From: 1152K(79360K)->1344K(74752K)
[1010.244s][info ][gc,heap        ] GC(44) ParOldGen: 427400K(440832K)->427864K(440832K)
[1010.244s][info ][gc,metaspace   ] GC(44) Metaspace: 113053K(114496K)->113053K(114496K) NonClass: 96092K(96896K)->96092K(96896K) Class: 16961K(17600K)->16961K(17600K)
[1010.244s][info ][gc             ] GC(44) Pause Young (Allocation Failure) 2316M->419M(2401M) 4.667ms
[1010.244s][info ][gc,cpu         ] GC(44) User=0.01s Sys=0.01s Real=0.00s
[1010.244s][info ][safepoint      ] Safepoint "ParallelGCFailedAllocation", Time since last: 593423206 ns, Reaching safepoint: 80204 ns, Cleanup: 11300 ns, At safepoint: 4749827 ns, Total: 4841331 ns
[1014.244s][info ][safepoint      ] Safepoint "Cleanup", Time since last: 4000371214 ns, Reaching safepoint: 81305 ns, Cleanup: 11700 ns, At safepoint: 6001 ns, Total: 99006 ns
[1015.245s][info ][safepoint      ] Safepoint "Cleanup", Time since last: 1000147817 ns, Reaching safepoint: 88505 ns, Cleanup: 11400 ns, At safepoint: 8601 ns, Total: 108506 ns
[1016.245s][info ][safepoint      ] Safepoint "Cleanup", Time since last: 1000133275 ns, Reaching safepoint: 83005 ns, Cleanup: 11700 ns, At safepoint: 6701 ns, Total: 101406 ns
[1019.245s][info ][safepoint      ] Safepoint "Cleanup", Time since last: 3000284421 ns, Reaching safepoint: 84704 ns, Cleanup: 17201 ns, At safepoint: 7700 ns, Total: 109605 ns
[1019.639s][info ][gc,start       ] GC(45) Pause Young (Allocation Failure)
[1019.644s][debug][gc,phases      ] GC(45) Scavenge 4.537ms
[1019.644s][debug][gc,ref         ] GC(45) Skipped SoftWeakFinalRefsPhase of Reference Processing: no references
[1019.644s][debug][gc,ref         ] GC(45) Skipped KeepAliveFinalRefsPhase of Reference Processing: no references
[1019.644s][debug][gc,ref         ] GC(45) Skipped PhantomRefsPhase of Reference Processing: no references
[1019.644s][debug][gc,phases      ] GC(45) Reference Processing 0.020ms
[1019.644s][debug][gc,phases      ] GC(45)   VM Weak                        Min:  0.0, Avg:  0.0, Max:  0.0, Diff:  0.0, Sum:  0.0, Workers: 4
[1019.644s][debug][gc,phases      ] GC(45)     Dead                           Min: 0, Avg:  0.0, Max: 0, Diff: 0, Sum: 0, Workers: 4
[1019.644s][debug][gc,phases      ] GC(45)     Total                          Min: 0, Avg: 264.2, Max: 832, Diff: 832, Sum: 1057, Workers: 4
[1019.644s][debug][gc,phases      ] GC(45)   ObjectSynchronizer Weak        Min:  0.0, Avg:  0.0, Max:  0.0, Diff:  0.0, Sum:  0.0, Workers: 4
[1019.644s][debug][gc,phases      ] GC(45)     Dead                           Min: 0, Avg:  0.0, Max: 0, Diff: 0, Sum: 0, Workers: 4
[1019.644s][debug][gc,phases      ] GC(45)     Total                          Min: 0, Avg:  1.0, Max: 4, Diff: 4, Sum: 4, Workers: 4
[1019.644s][debug][gc,phases      ] GC(45)   JVMTI Tag Weak OopStorage      Min:  0.0, Avg:  0.0, Max:  0.0, Diff:  0.0, Sum:  0.0, Workers: 4
[1019.644s][debug][gc,phases      ] GC(45)     Dead                           Min: 0, Avg:  0.0, Max: 0, Diff: 0, Sum: 0, Workers: 4
[1019.644s][debug][gc,phases      ] GC(45)     Total                          Min: 0, Avg:  0.0, Max: 0, Diff: 0, Sum: 0, Workers: 4
[1019.644s][debug][gc,phases      ] GC(45)   StringTable Weak               Min:  0.0, Avg:  0.1, Max:  0.2, Diff:  0.2, Sum:  0.5, Workers: 4
[1019.644s][debug][gc,phases      ] GC(45)     Dead                           Min: 0, Avg:  0.0, Max: 0, Diff: 0, Sum: 0, Workers: 4
[1019.644s][debug][gc,phases      ] GC(45)     Total                          Min: 0, Avg: 12362.2, Max: 17919, Diff: 17919, Sum: 49449, Workers: 4
[1019.644s][debug][gc,phases      ] GC(45)   ResolvedMethodTable Weak       Min:  0.0, Avg:  0.0, Max:  0.1, Diff:  0.1, Sum:  0.2, Workers: 4
[1019.644s][debug][gc,phases      ] GC(45)     Dead                           Min: 0, Avg:  0.0, Max: 0, Diff: 0, Sum: 0, Workers: 4
[1019.644s][debug][gc,phases      ] GC(45)     Total                          Min: 0, Avg: 3928.8, Max: 5482, Diff: 5482, Sum: 15715, Workers: 4
[1019.644s][debug][gc,phases      ] GC(45)   JNI Weak                       Min:  0.0, Avg:  0.0, Max:  0.0, Diff:  0.0, Sum:  0.0, Workers: 4
[1019.644s][debug][gc,phases      ] GC(45)     Dead                           Min: 0, Avg:  0.0, Max: 0, Diff: 0, Sum: 0, Workers: 4
[1019.644s][debug][gc,phases      ] GC(45)     Total                          Min: 0, Avg: 13.0, Max: 52, Diff: 52, Sum: 52, Workers: 4
[1019.644s][debug][gc,phases      ] GC(45)   StringDedup Table Weak         Min:  0.0, Avg:  0.0, Max:  0.0, Diff:  0.0, Sum:  0.0, Workers: 4
[1019.644s][debug][gc,phases      ] GC(45)     Dead                           Min: 0, Avg:  0.0, Max: 0, Diff: 0, Sum: 0, Workers: 4
[1019.644s][debug][gc,phases      ] GC(45)     Total                          Min: 0, Avg:  0.0, Max: 0, Diff: 0, Sum: 0, Workers: 4
[1019.644s][debug][gc,phases      ] GC(45)   StringDedup Requests0 Weak     Min:  0.0, Avg:  0.0, Max:  0.0, Diff:  0.0, Sum:  0.0, Workers: 4
[1019.644s][debug][gc,phases      ] GC(45)     Dead                           Min: 0, Avg:  0.0, Max: 0, Diff: 0, Sum: 0, Workers: 4
[1019.644s][debug][gc,phases      ] GC(45)     Total                          Min: 0, Avg:  0.0, Max: 0, Diff: 0, Sum: 0, Workers: 4
[1019.644s][debug][gc,phases      ] GC(45)   StringDedup Requests1 Weak     Min:  0.0, Avg:  0.0, Max:  0.0, Diff:  0.0, Sum:  0.0, Workers: 4
[1019.644s][debug][gc,phases      ] GC(45)     Dead                           Min: 0, Avg:  0.0, Max: 0, Diff: 0, Sum: 0, Workers: 4
[1019.644s][debug][gc,phases      ] GC(45)     Total                          Min: 0, Avg:  0.0, Max: 0, Diff: 0, Sum: 0, Workers: 4
[1019.644s][debug][gc,phases      ] GC(45)   Weak JFR Old Object Samples    Min:  0.0, Avg:  0.0, Max:  0.0, Diff:  0.0, Sum:  0.0, Workers: 4
[1019.644s][debug][gc,phases      ] GC(45)     Dead                           Min: 0, Avg:  0.0, Max: 0, Diff: 0, Sum: 0, Workers: 4
[1019.644s][debug][gc,phases      ] GC(45)     Total                          Min: 0, Avg:  0.0, Max: 0, Diff: 0, Sum: 0, Workers: 4
[1019.644s][debug][gc,phases      ] GC(45) Weak Processing 0.423ms
[1019.644s][debug][gc,age         ] GC(45) Desired survivor size 67633152 bytes, new threshold 1 (max threshold 15)
[1019.644s][info ][gc,heap        ] GC(45) PSYoungGen: 1944384K(2017792K)->2800K(2031104K) Eden: 1943040K(1943040K)->0K(1960448K) From: 1344K(74752K)->2800K(70656K)
[1019.644s][info ][gc,heap        ] GC(45) ParOldGen: 427864K(440832K)->428616K(440832K)
[1019.644s][info ][gc,metaspace   ] GC(45) Metaspace: 113057K(114496K)->113057K(114496K) NonClass: 96096K(96896K)->96096K(96896K) Class: 16961K(17600K)->16961K(17600K)
[1019.644s][info ][gc             ] GC(45) Pause Young (Allocation Failure) 2316M->421M(2414M) 5.115ms
[1019.644s][info ][gc,cpu         ] GC(45) User=0.01s Sys=0.00s Real=0.00s
[1019.644s][info ][safepoint      ] Safepoint "ParallelGCFailedAllocation", Time since last: 393701560 ns, Reaching safepoint: 85105 ns, Cleanup: 3700 ns, At safepoint: 5190370 ns, Total: 5279175 ns
[1021.434s][info ][safepoint      ] Safepoint "Cleanup", Time since last: 1789513798 ns, Reaching safepoint: 8901 ns, Cleanup: 12901 ns, At safepoint: 3000 ns, Total: 24802 ns
[1023.434s][info ][safepoint      ] Safepoint "Cleanup", Time since last: 2000204068 ns, Reaching safepoint: 9301 ns, Cleanup: 17701 ns, At safepoint: 3000 ns, Total: 30002 ns
[1025.434s][info ][safepoint      ] Safepoint "Cleanup", Time since last: 2000206931 ns, Reaching safepoint: 11501 ns, Cleanup: 19001 ns, At safepoint: 3000 ns, Total: 33502 ns
[1027.434s][info ][safepoint      ] Safepoint "Cleanup", Time since last: 2000207431 ns, Reaching safepoint: 12001 ns, Cleanup: 19601 ns, At safepoint: 2900 ns, Total: 34502 ns
[1028.435s][info ][safepoint      ] Safepoint "Cleanup", Time since last: 1000137267 ns, Reaching safepoint: 11701 ns, Cleanup: 29901 ns, At safepoint: 3400 ns, Total: 45002 ns
[1029.389s][info ][gc,start       ] GC(46) Pause Young (Allocation Failure)
[1029.393s][debug][gc,phases      ] GC(46) Scavenge 4.290ms
[1029.394s][debug][gc,ref         ] GC(46) ReferenceProcessor::execute queues: 1, RefProcThreadModel::Single, marks_oops_alive: false
[1029.394s][debug][gc,ref         ] GC(46) Skipped KeepAliveFinalRefsPhase of Reference Processing: no references
[1029.394s][debug][gc,ref         ] GC(46) ReferenceProcessor::execute queues: 1, RefProcThreadModel::Single, marks_oops_alive: false
[1029.394s][debug][gc,phases      ] GC(46) Reference Processing 0.147ms
[1029.394s][debug][gc,phases      ] GC(46)   VM Weak                        Min:  0.0, Avg:  0.0, Max:  0.0, Diff:  0.0, Sum:  0.0, Workers: 4
[1029.394s][debug][gc,phases      ] GC(46)     Dead                           Min: 0, Avg:  0.0, Max: 0, Diff: 0, Sum: 0, Workers: 4
[1029.394s][debug][gc,phases      ] GC(46)     Total                          Min: 0, Avg: 264.2, Max: 704, Diff: 704, Sum: 1057, Workers: 4
[1029.394s][debug][gc,phases      ] GC(46)   ObjectSynchronizer Weak        Min:  0.0, Avg:  0.0, Max:  0.0, Diff:  0.0, Sum:  0.0, Workers: 4
[1029.394s][debug][gc,phases      ] GC(46)     Dead                           Min: 0, Avg:  0.0, Max: 0, Diff: 0, Sum: 0, Workers: 4
[1029.394s][debug][gc,phases      ] GC(46)     Total                          Min: 0, Avg:  0.8, Max: 3, Diff: 3, Sum: 3, Workers: 4
[1029.394s][debug][gc,phases      ] GC(46)   JVMTI Tag Weak OopStorage      Min:  0.0, Avg:  0.0, Max:  0.0, Diff:  0.0, Sum:  0.0, Workers: 4
[1029.394s][debug][gc,phases      ] GC(46)     Dead                           Min: 0, Avg:  0.0, Max: 0, Diff: 0, Sum: 0, Workers: 4
[1029.394s][debug][gc,phases      ] GC(46)     Total                          Min: 0, Avg:  0.0, Max: 0, Diff: 0, Sum: 0, Workers: 4
[1029.394s][debug][gc,phases      ] GC(46)   StringTable Weak               Min:  0.0, Avg:  0.1, Max:  0.2, Diff:  0.2, Sum:  0.5, Workers: 4
[1029.394s][debug][gc,phases      ] GC(46)     Dead                           Min: 0, Avg:  0.2, Max: 1, Diff: 1, Sum: 1, Workers: 4
[1029.394s][debug][gc,phases      ] GC(46)     Total                          Min: 0, Avg: 12363.0, Max: 19245, Diff: 19245, Sum: 49452, Workers: 4
[1029.394s][debug][gc,phases      ] GC(46)   ResolvedMethodTable Weak       Min:  0.0, Avg:  0.0, Max:  0.1, Diff:  0.1, Sum:  0.2, Workers: 4
[1029.394s][debug][gc,phases      ] GC(46)     Dead                           Min: 0, Avg:  4.2, Max: 17, Diff: 17, Sum: 17, Workers: 4
[1029.394s][debug][gc,phases      ] GC(46)     Total                          Min: 0, Avg: 3929.8, Max: 5956, Diff: 5956, Sum: 15719, Workers: 4
[1029.394s][debug][gc,phases      ] GC(46)   JNI Weak                       Min:  0.0, Avg:  0.0, Max:  0.0, Diff:  0.0, Sum:  0.0, Workers: 4
[1029.394s][debug][gc,phases      ] GC(46)     Dead                           Min: 0, Avg:  0.0, Max: 0, Diff: 0, Sum: 0, Workers: 4
[1029.394s][debug][gc,phases      ] GC(46)     Total                          Min: 0, Avg: 13.0, Max: 52, Diff: 52, Sum: 52, Workers: 4
[1029.394s][debug][gc,phases      ] GC(46)   StringDedup Table Weak         Min:  0.0, Avg:  0.0, Max:  0.0, Diff:  0.0, Sum:  0.0, Workers: 4
[1029.394s][debug][gc,phases      ] GC(46)     Dead                           Min: 0, Avg:  0.0, Max: 0, Diff: 0, Sum: 0, Workers: 4
[1029.394s][debug][gc,phases      ] GC(46)     Total                          Min: 0, Avg:  0.0, Max: 0, Diff: 0, Sum: 0, Workers: 4
[1029.394s][debug][gc,phases      ] GC(46)   StringDedup Requests0 Weak     Min:  0.0, Avg:  0.0, Max:  0.0, Diff:  0.0, Sum:  0.0, Workers: 4
[1029.394s][debug][gc,phases      ] GC(46)     Dead                           Min: 0, Avg:  0.0, Max: 0, Diff: 0, Sum: 0, Workers: 4
[1029.394s][debug][gc,phases      ] GC(46)     Total                          Min: 0, Avg:  0.0, Max: 0, Diff: 0, Sum: 0, Workers: 4
[1029.394s][debug][gc,phases      ] GC(46)   StringDedup Requests1 Weak     Min:  0.0, Avg:  0.0, Max:  0.0, Diff:  0.0, Sum:  0.0, Workers: 4
[1029.394s][debug][gc,phases      ] GC(46)     Dead                           Min: 0, Avg:  0.0, Max: 0, Diff: 0, Sum: 0, Workers: 4
[1029.394s][debug][gc,phases      ] GC(46)     Total                          Min: 0, Avg:  0.0, Max: 0, Diff: 0, Sum: 0, Workers: 4
[1029.394s][debug][gc,phases      ] GC(46)   Weak JFR Old Object Samples    Min:  0.0, Avg:  0.0, Max:  0.0, Diff:  0.0, Sum:  0.0, Workers: 4
[1029.394s][debug][gc,phases      ] GC(46)     Dead                           Min: 0, Avg:  0.0, Max: 0, Diff: 0, Sum: 0, Workers: 4
[1029.394s][debug][gc,phases      ] GC(46)     Total                          Min: 0, Avg:  0.0, Max: 0, Diff: 0, Sum: 0, Workers: 4
[1029.394s][debug][gc,phases      ] GC(46) Weak Processing 0.420ms
[1029.394s][debug][gc,age         ] GC(46) Desired survivor size 62914560 bytes, new threshold 1 (max threshold 15)
[1029.394s][info ][gc,heap        ] GC(46) PSYoungGen: 1963248K(2031104K)->2688K(2026496K) Eden: 1960448K(1960448K)->0K(1960448K) From: 2800K(70656K)->2688K(66048K)
[1029.394s][info ][gc,heap        ] GC(46) ParOldGen: 428616K(440832K)->429144K(440832K)
[1029.394s][info ][gc,metaspace   ] GC(46) Metaspace: 113073K(114496K)->113073K(114496K) NonClass: 96110K(96896K)->96110K(96896K) Class: 16962K(17600K)->16962K(17600K)
[1029.394s][info ][gc             ] GC(46) Pause Young (Allocation Failure) 2335M->421M(2409M) 5.009ms
[1029.394s][info ][gc,cpu         ] GC(46) User=0.01s Sys=0.00s Real=0.00s
[1029.394s][info ][safepoint      ] Safepoint "ParallelGCFailedAllocation", Time since last: 954311328 ns, Reaching safepoint: 84004 ns, Cleanup: 5400 ns, At safepoint: 5085760 ns, Total: 5175164 ns
[1034.395s][info ][safepoint      ] Safepoint "Cleanup", Time since last: 5000419147 ns, Reaching safepoint: 100605 ns, Cleanup: 19001 ns, At safepoint: 6300 ns, Total: 125906 ns
[1035.395s][info ][safepoint      ] Safepoint "Cleanup", Time since last: 1000147016 ns, Reaching safepoint: 86205 ns, Cleanup: 14701 ns, At safepoint: 7600 ns, Total: 108506 ns
[1037.395s][info ][safepoint      ] Safepoint "Cleanup", Time since last: 2000217328 ns, Reaching safepoint: 86204 ns, Cleanup: 13001 ns, At safepoint: 8200 ns, Total: 107405 ns
[1038.395s][info ][safepoint      ] Safepoint "Cleanup", Time since last: 1000157117 ns, Reaching safepoint: 87704 ns, Cleanup: 15001 ns, At safepoint: 3700 ns, Total: 106405 ns
[1039.107s][info ][gc,start       ] GC(47) Pause Young (Allocation Failure)
[1039.109s][debug][gc,phases      ] GC(47) Scavenge 2.246ms
[1039.109s][debug][gc,ref         ] GC(47) Skipped SoftWeakFinalRefsPhase of Reference Processing: no references
[1039.109s][debug][gc,ref         ] GC(47) Skipped KeepAliveFinalRefsPhase of Reference Processing: no references
[1039.109s][debug][gc,ref         ] GC(47) Skipped PhantomRefsPhase of Reference Processing: no references
[1039.109s][debug][gc,phases      ] GC(47) Reference Processing 0.021ms
[1039.109s][debug][gc,phases      ] GC(47)   VM Weak                        Min:  0.0, Avg:  0.0, Max:  0.0, Diff:  0.0, Sum:  0.0, Workers: 4
[1039.109s][debug][gc,phases      ] GC(47)     Dead                           Min: 0, Avg:  0.0, Max: 0, Diff: 0, Sum: 0, Workers: 4
[1039.109s][debug][gc,phases      ] GC(47)     Total                          Min: 0, Avg: 264.2, Max: 609, Diff: 609, Sum: 1057, Workers: 4
[1039.109s][debug][gc,phases      ] GC(47)   ObjectSynchronizer Weak        Min:  0.0, Avg:  0.0, Max:  0.0, Diff:  0.0, Sum:  0.0, Workers: 4
[1039.109s][debug][gc,phases      ] GC(47)     Dead                           Min: 0, Avg:  0.0, Max: 0, Diff: 0, Sum: 0, Workers: 4
[1039.109s][debug][gc,phases      ] GC(47)     Total                          Min: 0, Avg:  0.8, Max: 3, Diff: 3, Sum: 3, Workers: 4
[1039.109s][debug][gc,phases      ] GC(47)   JVMTI Tag Weak OopStorage      Min:  0.0, Avg:  0.0, Max:  0.0, Diff:  0.0, Sum:  0.0, Workers: 4
[1039.109s][debug][gc,phases      ] GC(47)     Dead                           Min: 0, Avg:  0.0, Max: 0, Diff: 0, Sum: 0, Workers: 4
[1039.109s][debug][gc,phases      ] GC(47)     Total                          Min: 0, Avg:  0.0, Max: 0, Diff: 0, Sum: 0, Workers: 4
[1039.109s][debug][gc,phases      ] GC(47)   StringTable Weak               Min:  0.1, Avg:  0.1, Max:  0.1, Diff:  0.0, Sum:  0.4, Workers: 4
[1039.109s][debug][gc,phases      ] GC(47)     Dead                           Min: 0, Avg:  0.0, Max: 0, Diff: 0, Sum: 0, Workers: 4
[1039.109s][debug][gc,phases      ] GC(47)     Total                          Min: 11648, Avg: 12363.0, Max: 13037, Diff: 1389, Sum: 49452, Workers: 4
[1039.109s][debug][gc,phases      ] GC(47)   ResolvedMethodTable Weak       Min:  0.0, Avg:  0.0, Max:  0.0, Diff:  0.0, Sum:  0.2, Workers: 4
[1039.109s][debug][gc,phases      ] GC(47)     Dead                           Min: 0, Avg:  0.0, Max: 0, Diff: 0, Sum: 0, Workers: 4
[1039.109s][debug][gc,phases      ] GC(47)     Total                          Min: 3475, Avg: 3929.8, Max: 4394, Diff: 919, Sum: 15719, Workers: 4
[1039.109s][debug][gc,phases      ] GC(47)   JNI Weak                       Min:  0.0, Avg:  0.0, Max:  0.0, Diff:  0.0, Sum:  0.0, Workers: 4
[1039.110s][debug][gc,phases      ] GC(47)     Dead                           Min: 0, Avg:  0.0, Max: 0, Diff: 0, Sum: 0, Workers: 4
[1039.110s][debug][gc,phases      ] GC(47)     Total                          Min: 0, Avg: 13.0, Max: 52, Diff: 52, Sum: 52, Workers: 4
[1039.110s][debug][gc,phases      ] GC(47)   StringDedup Table Weak         Min:  0.0, Avg:  0.0, Max:  0.0, Diff:  0.0, Sum:  0.0, Workers: 4
[1039.110s][debug][gc,phases      ] GC(47)     Dead                           Min: 0, Avg:  0.0, Max: 0, Diff: 0, Sum: 0, Workers: 4
[1039.110s][debug][gc,phases      ] GC(47)     Total                          Min: 0, Avg:  0.0, Max: 0, Diff: 0, Sum: 0, Workers: 4
[1039.110s][debug][gc,phases      ] GC(47)   StringDedup Requests0 Weak     Min:  0.0, Avg:  0.0, Max:  0.0, Diff:  0.0, Sum:  0.0, Workers: 4
[1039.110s][debug][gc,phases      ] GC(47)     Dead                           Min: 0, Avg:  0.0, Max: 0, Diff: 0, Sum: 0, Workers: 4
[1039.110s][debug][gc,phases      ] GC(47)     Total                          Min: 0, Avg:  0.0, Max: 0, Diff: 0, Sum: 0, Workers: 4
[1039.110s][debug][gc,phases      ] GC(47)   StringDedup Requests1 Weak     Min:  0.0, Avg:  0.0, Max:  0.0, Diff:  0.0, Sum:  0.0, Workers: 4
[1039.110s][debug][gc,phases      ] GC(47)     Dead                           Min: 0, Avg:  0.0, Max: 0, Diff: 0, Sum: 0, Workers: 4
[1039.110s][debug][gc,phases      ] GC(47)     Total                          Min: 0, Avg:  0.0, Max: 0, Diff: 0, Sum: 0, Workers: 4
[1039.110s][debug][gc,phases      ] GC(47)   Weak JFR Old Object Samples    Min:  0.0, Avg:  0.0, Max:  0.0, Diff:  0.0, Sum:  0.0, Workers: 4
[1039.110s][debug][gc,phases      ] GC(47)     Dead                           Min: 0, Avg:  0.0, Max: 0, Diff: 0, Sum: 0, Workers: 4
[1039.110s][debug][gc,phases      ] GC(47)     Total                          Min: 0, Avg:  0.0, Max: 0, Diff: 0, Sum: 0, Workers: 4
[1039.110s][debug][gc,phases      ] GC(47) Weak Processing 0.414ms
[1039.110s][debug][gc,age         ] GC(47) Desired survivor size 59244544 bytes, new threshold 1 (max threshold 15)
[1039.110s][info ][gc,heap        ] GC(47) PSYoungGen: 1963136K(2026496K)->928K(2039296K) Eden: 1960448K(1960448K)->0K(1977856K) From: 2688K(66048K)->928K(61440K)
[1039.110s][info ][gc,heap        ] GC(47) ParOldGen: 429144K(440832K)->431048K(440832K)
[1039.110s][info ][gc,metaspace   ] GC(47) Metaspace: 113076K(114496K)->113076K(114496K) NonClass: 96113K(96896K)->96113K(96896K) Class: 16962K(17600K)->16962K(17600K)
[1039.110s][info ][gc             ] GC(47) Pause Young (Allocation Failure) 2336M->421M(2422M) 2.808ms
[1039.110s][info ][gc,cpu         ] GC(47) User=0.01s Sys=0.00s Real=0.00s
[1039.110s][info ][safepoint      ] Safepoint "ParallelGCFailedAllocation", Time since last: 711335044 ns, Reaching safepoint: 6700 ns, Cleanup: 4300 ns, At safepoint: 2877149 ns, Total: 2888149 ns
[1040.110s][info ][safepoint      ] Safepoint "Cleanup", Time since last: 1000094147 ns, Reaching safepoint: 82104 ns, Cleanup: 14201 ns, At safepoint: 8500 ns, Total: 104805 ns
[1041.110s][info ][safepoint      ] Safepoint "Cleanup", Time since last: 1000142049 ns, Reaching safepoint: 92005 ns, Cleanup: 14701 ns, At safepoint: 6600 ns, Total: 113306 ns
[1042.110s][info ][safepoint      ] Safepoint "Cleanup", Time since last: 1000140449 ns, Reaching safepoint: 81205 ns, Cleanup: 12900 ns, At safepoint: 7001 ns, Total: 101106 ns
[1044.111s][info ][safepoint      ] Safepoint "Cleanup", Time since last: 2000225295 ns, Reaching safepoint: 83304 ns, Cleanup: 12801 ns, At safepoint: 8001 ns, Total: 104106 ns
[1045.111s][info ][safepoint      ] Safepoint "Cleanup", Time since last: 1000125648 ns, Reaching safepoint: 84804 ns, Cleanup: 10601 ns, At safepoint: 6700 ns, Total: 102105 ns
[1048.620s][info ][safepoint      ] Safepoint "ParallelGCFailedAllocation", Time since last: 3508818517 ns, Reaching safepoint: 83804 ns, Cleanup: 9601 ns, At safepoint: 20401 ns, Total: 113806 ns
[1048.620s][info ][gc,start       ] GC(48) Pause Young (GCLocker Initiated GC)
[1048.624s][debug][gc,phases      ] GC(48) Scavenge 3.483ms
[1048.624s][debug][gc,ref         ] GC(48) Skipped SoftWeakFinalRefsPhase of Reference Processing: no references
[1048.624s][debug][gc,ref         ] GC(48) Skipped KeepAliveFinalRefsPhase of Reference Processing: no references
[1048.624s][debug][gc,ref         ] GC(48) ReferenceProcessor::execute queues: 1, RefProcThreadModel::Single, marks_oops_alive: false
[1048.624s][debug][gc,phases      ] GC(48) Reference Processing 0.111ms
[1048.624s][debug][gc,phases      ] GC(48)   VM Weak                        Min:  0.0, Avg:  0.0, Max:  0.0, Diff:  0.0, Sum:  0.0, Workers: 4
[1048.624s][debug][gc,phases      ] GC(48)     Dead                           Min: 0, Avg:  0.0, Max: 0, Diff: 0, Sum: 0, Workers: 4
[1048.624s][debug][gc,phases      ] GC(48)     Total                          Min: 33, Avg: 264.2, Max: 576, Diff: 543, Sum: 1057, Workers: 4
[1048.624s][debug][gc,phases      ] GC(48)   ObjectSynchronizer Weak        Min:  0.0, Avg:  0.0, Max:  0.0, Diff:  0.0, Sum:  0.0, Workers: 4
[1048.624s][debug][gc,phases      ] GC(48)     Dead                           Min: 0, Avg:  0.0, Max: 0, Diff: 0, Sum: 0, Workers: 4
[1048.624s][debug][gc,phases      ] GC(48)     Total                          Min: 0, Avg:  1.0, Max: 4, Diff: 4, Sum: 4, Workers: 4
[1048.624s][debug][gc,phases      ] GC(48)   JVMTI Tag Weak OopStorage      Min:  0.0, Avg:  0.0, Max:  0.0, Diff:  0.0, Sum:  0.0, Workers: 4
[1048.624s][debug][gc,phases      ] GC(48)     Dead                           Min: 0, Avg:  0.0, Max: 0, Diff: 0, Sum: 0, Workers: 4
[1048.624s][debug][gc,phases      ] GC(48)     Total                          Min: 0, Avg:  0.0, Max: 0, Diff: 0, Sum: 0, Workers: 4
[1048.624s][debug][gc,phases      ] GC(48)   StringTable Weak               Min:  0.1, Avg:  0.1, Max:  0.1, Diff:  0.0, Sum:  0.5, Workers: 4
[1048.624s][debug][gc,phases      ] GC(48)     Dead                           Min: 0, Avg:  0.0, Max: 0, Diff: 0, Sum: 0, Workers: 4
[1048.624s][debug][gc,phases      ] GC(48)     Total                          Min: 11776, Avg: 12363.0, Max: 12863, Diff: 1087, Sum: 49452, Workers: 4
[1048.624s][debug][gc,phases      ] GC(48)   ResolvedMethodTable Weak       Min:  0.0, Avg:  0.0, Max:  0.0, Diff:  0.0, Sum:  0.2, Workers: 4
[1048.624s][debug][gc,phases      ] GC(48)     Dead                           Min: 0, Avg:  0.0, Max: 0, Diff: 0, Sum: 0, Workers: 4
[1048.624s][debug][gc,phases      ] GC(48)     Total                          Min: 3707, Avg: 3929.8, Max: 4061, Diff: 354, Sum: 15719, Workers: 4
[1048.624s][debug][gc,phases      ] GC(48)   JNI Weak                       Min:  0.0, Avg:  0.0, Max:  0.0, Diff:  0.0, Sum:  0.0, Workers: 4
[1048.624s][debug][gc,phases      ] GC(48)     Dead                           Min: 0, Avg:  0.0, Max: 0, Diff: 0, Sum: 0, Workers: 4
[1048.624s][debug][gc,phases      ] GC(48)     Total                          Min: 0, Avg: 13.0, Max: 52, Diff: 52, Sum: 52, Workers: 4
[1048.624s][debug][gc,phases      ] GC(48)   StringDedup Table Weak         Min:  0.0, Avg:  0.0, Max:  0.0, Diff:  0.0, Sum:  0.0, Workers: 4
[1048.624s][debug][gc,phases      ] GC(48)     Dead                           Min: 0, Avg:  0.0, Max: 0, Diff: 0, Sum: 0, Workers: 4
[1048.624s][debug][gc,phases      ] GC(48)     Total                          Min: 0, Avg:  0.0, Max: 0, Diff: 0, Sum: 0, Workers: 4
[1048.624s][debug][gc,phases      ] GC(48)   StringDedup Requests0 Weak     Min:  0.0, Avg:  0.0, Max:  0.0, Diff:  0.0, Sum:  0.0, Workers: 4
[1048.624s][debug][gc,phases      ] GC(48)     Dead                           Min: 0, Avg:  0.0, Max: 0, Diff: 0, Sum: 0, Workers: 4
[1048.624s][debug][gc,phases      ] GC(48)     Total                          Min: 0, Avg:  0.0, Max: 0, Diff: 0, Sum: 0, Workers: 4
[1048.624s][debug][gc,phases      ] GC(48)   StringDedup Requests1 Weak     Min:  0.0, Avg:  0.0, Max:  0.0, Diff:  0.0, Sum:  0.0, Workers: 4
[1048.624s][debug][gc,phases      ] GC(48)     Dead                           Min: 0, Avg:  0.0, Max: 0, Diff: 0, Sum: 0, Workers: 4
[1048.624s][debug][gc,phases      ] GC(48)     Total                          Min: 0, Avg:  0.0, Max: 0, Diff: 0, Sum: 0, Workers: 4
[1048.624s][debug][gc,phases      ] GC(48)   Weak JFR Old Object Samples    Min:  0.0, Avg:  0.0, Max:  0.0, Diff:  0.0, Sum:  0.0, Workers: 4
[1048.624s][debug][gc,phases      ] GC(48)     Dead                           Min: 0, Avg:  0.0, Max: 0, Diff: 0, Sum: 0, Workers: 4
[1048.624s][debug][gc,phases      ] GC(48)     Total                          Min: 0, Avg:  0.0, Max: 0, Diff: 0, Sum: 0, Workers: 4
[1048.624s][debug][gc,phases      ] GC(48) Weak Processing 0.359ms
[1048.624s][debug][gc,age         ] GC(48) Desired survivor size 55050240 bytes, new threshold 1 (max threshold 15)
[1048.624s][info ][gc,heap        ] GC(48) PSYoungGen: 1978642K(2039296K)->3014K(2035712K) Eden: 1977714K(1977856K)->0K(1977856K) From: 928K(61440K)->3014K(57856K)
[1048.625s][info ][gc,heap        ] GC(48) ParOldGen: 433352K(440832K)->433656K(440832K)
[1048.625s][info ][gc,metaspace   ] GC(48) Metaspace: 113077K(114496K)->113077K(114496K) NonClass: 96114K(96896K)->96114K(96896K) Class: 16962K(17600K)->16962K(17600K)
[1048.625s][info ][gc             ] GC(48) Pause Young (GCLocker Initiated GC) 2355M->426M(2418M) 4.098ms
[1048.625s][info ][gc,cpu         ] GC(48) User=0.02s Sys=0.00s Real=0.01s
[1048.625s][info ][safepoint      ] Safepoint "ParallelGCSystemGC", Time since last: 533729 ns, Reaching safepoint: 2500 ns, Cleanup: 1200 ns, At safepoint: 4178323 ns, Total: 4182023 ns
[1052.625s][info ][safepoint      ] Safepoint "Cleanup", Time since last: 4000314844 ns, Reaching safepoint: 8201 ns, Cleanup: 11301 ns, At safepoint: 2700 ns, Total: 22202 ns
[1054.625s][info ][safepoint      ] Safepoint "Cleanup", Time since last: 2000194774 ns, Reaching safepoint: 7300 ns, Cleanup: 13901 ns, At safepoint: 2300 ns, Total: 23501 ns
[1056.625s][info ][safepoint      ] Safepoint "Cleanup", Time since last: 2000185002 ns, Reaching safepoint: 7001 ns, Cleanup: 10601 ns, At safepoint: 2200 ns, Total: 19802 ns
[1057.625s][info ][safepoint      ] Safepoint "Cleanup", Time since last: 1000115673 ns, Reaching safepoint: 7201 ns, Cleanup: 12001 ns, At safepoint: 2601 ns, Total: 21803 ns
[1058.190s][info ][gc,start       ] GC(49) Pause Young (Allocation Failure)
[1058.195s][debug][gc,phases      ] GC(49) Scavenge 5.013ms
[1058.195s][debug][gc,ref         ] GC(49) ReferenceProcessor::execute queues: 1, RefProcThreadModel::Single, marks_oops_alive: false
[1058.195s][debug][gc,ref         ] GC(49) Skipped KeepAliveFinalRefsPhase of Reference Processing: no references
[1058.195s][debug][gc,ref         ] GC(49) Skipped PhantomRefsPhase of Reference Processing: no references
[1058.195s][debug][gc,phases      ] GC(49) Reference Processing 0.120ms
[1058.195s][debug][gc,phases      ] GC(49)   VM Weak                        Min:  0.0, Avg:  0.0, Max:  0.0, Diff:  0.0, Sum:  0.0, Workers: 4
[1058.195s][debug][gc,phases      ] GC(49)     Dead                           Min: 0, Avg:  0.0, Max: 0, Diff: 0, Sum: 0, Workers: 4
[1058.195s][debug][gc,phases      ] GC(49)     Total                          Min: 0, Avg: 264.2, Max: 704, Diff: 704, Sum: 1057, Workers: 4
[1058.195s][debug][gc,phases      ] GC(49)   ObjectSynchronizer Weak        Min:  0.0, Avg:  0.0, Max:  0.0, Diff:  0.0, Sum:  0.0, Workers: 4
[1058.195s][debug][gc,phases      ] GC(49)     Dead                           Min: 0, Avg:  0.0, Max: 0, Diff: 0, Sum: 0, Workers: 4
[1058.195s][debug][gc,phases      ] GC(49)     Total                          Min: 0, Avg:  1.0, Max: 4, Diff: 4, Sum: 4, Workers: 4
[1058.195s][debug][gc,phases      ] GC(49)   JVMTI Tag Weak OopStorage      Min:  0.0, Avg:  0.0, Max:  0.0, Diff:  0.0, Sum:  0.0, Workers: 4
[1058.195s][debug][gc,phases      ] GC(49)     Dead                           Min: 0, Avg:  0.0, Max: 0, Diff: 0, Sum: 0, Workers: 4
[1058.195s][debug][gc,phases      ] GC(49)     Total                          Min: 0, Avg:  0.0, Max: 0, Diff: 0, Sum: 0, Workers: 4
[1058.195s][debug][gc,phases      ] GC(49)   StringTable Weak               Min:  0.0, Avg:  0.1, Max:  0.2, Diff:  0.2, Sum:  0.5, Workers: 4
[1058.195s][debug][gc,phases      ] GC(49)     Dead                           Min: 0, Avg:  0.0, Max: 0, Diff: 0, Sum: 0, Workers: 4
[1058.195s][debug][gc,phases      ] GC(49)     Total                          Min: 0, Avg: 12363.0, Max: 25535, Diff: 25535, Sum: 49452, Workers: 4
[1058.195s][debug][gc,phases      ] GC(49)   ResolvedMethodTable Weak       Min:  0.0, Avg:  0.0, Max:  0.1, Diff:  0.1, Sum:  0.2, Workers: 4
[1058.195s][debug][gc,phases      ] GC(49)     Dead                           Min: 0, Avg:  4.0, Max: 16, Diff: 16, Sum: 16, Workers: 4
[1058.195s][debug][gc,phases      ] GC(49)     Total                          Min: 0, Avg: 3929.8, Max: 8070, Diff: 8070, Sum: 15719, Workers: 4
[1058.195s][debug][gc,phases      ] GC(49)   JNI Weak                       Min:  0.0, Avg:  0.0, Max:  0.0, Diff:  0.0, Sum:  0.0, Workers: 4
[1058.195s][debug][gc,phases      ] GC(49)     Dead                           Min: 0, Avg:  0.0, Max: 0, Diff: 0, Sum: 0, Workers: 4
[1058.195s][debug][gc,phases      ] GC(49)     Total                          Min: 0, Avg: 13.0, Max: 52, Diff: 52, Sum: 52, Workers: 4
[1058.195s][debug][gc,phases      ] GC(49)   StringDedup Table Weak         Min:  0.0, Avg:  0.0, Max:  0.0, Diff:  0.0, Sum:  0.0, Workers: 4
[1058.195s][debug][gc,phases      ] GC(49)     Dead                           Min: 0, Avg:  0.0, Max: 0, Diff: 0, Sum: 0, Workers: 4
[1058.195s][debug][gc,phases      ] GC(49)     Total                          Min: 0, Avg:  0.0, Max: 0, Diff: 0, Sum: 0, Workers: 4
[1058.195s][debug][gc,phases      ] GC(49)   StringDedup Requests0 Weak     Min:  0.0, Avg:  0.0, Max:  0.0, Diff:  0.0, Sum:  0.0, Workers: 4
[1058.195s][debug][gc,phases      ] GC(49)     Dead                           Min: 0, Avg:  0.0, Max: 0, Diff: 0, Sum: 0, Workers: 4
[1058.195s][debug][gc,phases      ] GC(49)     Total                          Min: 0, Avg:  0.0, Max: 0, Diff: 0, Sum: 0, Workers: 4
[1058.195s][debug][gc,phases      ] GC(49)   StringDedup Requests1 Weak     Min:  0.0, Avg:  0.0, Max:  0.0, Diff:  0.0, Sum:  0.0, Workers: 4
[1058.195s][debug][gc,phases      ] GC(49)     Dead                           Min: 0, Avg:  0.0, Max: 0, Diff: 0, Sum: 0, Workers: 4
[1058.195s][debug][gc,phases      ] GC(49)     Total                          Min: 0, Avg:  0.0, Max: 0, Diff: 0, Sum: 0, Workers: 4
[1058.195s][debug][gc,phases      ] GC(49)   Weak JFR Old Object Samples    Min:  0.0, Avg:  0.0, Max:  0.0, Diff:  0.0, Sum:  0.0, Workers: 4
[1058.195s][debug][gc,phases      ] GC(49)     Dead                           Min: 0, Avg:  0.0, Max: 0, Diff: 0, Sum: 0, Workers: 4
[1058.195s][debug][gc,phases      ] GC(49)     Total                          Min: 0, Avg:  0.0, Max: 0, Diff: 0, Sum: 0, Workers: 4
[1058.195s][debug][gc,phases      ] GC(49) Weak Processing 0.596ms
[1058.195s][debug][gc,age         ] GC(49) Desired survivor size 51380224 bytes, new threshold 1 (max threshold 15)
[1058.195s][info ][gc,heap        ] GC(49) PSYoungGen: 1980870K(2035712K)->3056K(2046976K) Eden: 1977856K(1977856K)->0K(1993216K) From: 3014K(57856K)->3056K(53760K)
[1058.195s][info ][gc,heap        ] GC(49) ParOldGen: 433658K(440832K)->435258K(440832K)
[1058.195s][info ][gc,metaspace   ] GC(49) Metaspace: 113082K(114496K)->113082K(114496K) NonClass: 96120K(96896K)->96120K(96896K) Class: 16962K(17600K)->16962K(17600K)
[1058.195s][info ][gc             ] GC(49) Pause Young (Allocation Failure) 2357M->428M(2429M) 5.877ms
[1058.195s][info ][gc,cpu         ] GC(49) User=0.01s Sys=0.00s Real=0.01s
[1058.195s][info ][safepoint      ] Safepoint "ParallelGCFailedAllocation", Time since last: 563918135 ns, Reaching safepoint: 85111 ns, Cleanup: 5100 ns, At safepoint: 5970848 ns, Total: 6061059 ns
[1061.196s][info ][safepoint      ] Safepoint "Cleanup", Time since last: 3000246551 ns, Reaching safepoint: 79204 ns, Cleanup: 10500 ns, At safepoint: 6701 ns, Total: 96405 ns
[1062.196s][info ][safepoint      ] Safepoint "Cleanup", Time since last: 1000127123 ns, Reaching safepoint: 84304 ns, Cleanup: 10701 ns, At safepoint: 7200 ns, Total: 102205 ns
[1065.196s][info ][safepoint      ] Safepoint "Cleanup", Time since last: 3000311575 ns, Reaching safepoint: 79904 ns, Cleanup: 12201 ns, At safepoint: 6800 ns, Total: 98905 ns
[1068.139s][info ][gc,start       ] GC(50) Pause Young (Allocation Failure)
[1068.144s][debug][gc,phases      ] GC(50) Scavenge 4.692ms
[1068.144s][debug][gc,ref         ] GC(50) ReferenceProcessor::execute queues: 1, RefProcThreadModel::Single, marks_oops_alive: false
[1068.144s][debug][gc,ref         ] GC(50) Skipped KeepAliveFinalRefsPhase of Reference Processing: no references
[1068.144s][debug][gc,ref         ] GC(50) ReferenceProcessor::execute queues: 1, RefProcThreadModel::Single, marks_oops_alive: false
[1068.144s][debug][gc,phases      ] GC(50) Reference Processing 0.109ms
[1068.144s][debug][gc,phases      ] GC(50)   VM Weak                        Min:  0.0, Avg:  0.0, Max:  0.0, Diff:  0.0, Sum:  0.0, Workers: 4
[1068.144s][debug][gc,phases      ] GC(50)     Dead                           Min: 0, Avg:  0.0, Max: 0, Diff: 0, Sum: 0, Workers: 4
[1068.144s][debug][gc,phases      ] GC(50)     Total                          Min: 0, Avg: 264.2, Max: 865, Diff: 865, Sum: 1057, Workers: 4
[1068.144s][debug][gc,phases      ] GC(50)   ObjectSynchronizer Weak        Min:  0.0, Avg:  0.0, Max:  0.0, Diff:  0.0, Sum:  0.0, Workers: 4
[1068.144s][debug][gc,phases      ] GC(50)     Dead                           Min: 0, Avg:  0.0, Max: 0, Diff: 0, Sum: 0, Workers: 4
[1068.144s][debug][gc,phases      ] GC(50)     Total                          Min: 0, Avg:  1.0, Max: 4, Diff: 4, Sum: 4, Workers: 4
[1068.144s][debug][gc,phases      ] GC(50)   JVMTI Tag Weak OopStorage      Min:  0.0, Avg:  0.0, Max:  0.0, Diff:  0.0, Sum:  0.0, Workers: 4
[1068.144s][debug][gc,phases      ] GC(50)     Dead                           Min: 0, Avg:  0.0, Max: 0, Diff: 0, Sum: 0, Workers: 4
[1068.144s][debug][gc,phases      ] GC(50)     Total                          Min: 0, Avg:  0.0, Max: 0, Diff: 0, Sum: 0, Workers: 4
[1068.144s][debug][gc,phases      ] GC(50)   StringTable Weak               Min:  0.0, Avg:  0.1, Max:  0.1, Diff:  0.1, Sum:  0.4, Workers: 4
[1068.144s][debug][gc,phases      ] GC(50)     Dead                           Min: 0, Avg:  0.2, Max: 1, Diff: 1, Sum: 1, Workers: 4
[1068.144s][debug][gc,phases      ] GC(50)     Total                          Min: 0, Avg: 12363.8, Max: 18943, Diff: 18943, Sum: 49455, Workers: 4
[1068.144s][debug][gc,phases      ] GC(50)   ResolvedMethodTable Weak       Min:  0.0, Avg:  0.0, Max:  0.0, Diff:  0.0, Sum:  0.1, Workers: 4
[1068.144s][debug][gc,phases      ] GC(50)     Dead                           Min: 0, Avg:  0.0, Max: 0, Diff: 0, Sum: 0, Workers: 4
[1068.144s][debug][gc,phases      ] GC(50)     Total                          Min: 0, Avg: 3931.2, Max: 6315, Diff: 6315, Sum: 15725, Workers: 4
[1068.144s][debug][gc,phases      ] GC(50)   JNI Weak                       Min:  0.0, Avg:  0.0, Max:  0.0, Diff:  0.0, Sum:  0.0, Workers: 4
[1068.144s][debug][gc,phases      ] GC(50)     Dead                           Min: 0, Avg:  0.0, Max: 0, Diff: 0, Sum: 0, Workers: 4
[1068.144s][debug][gc,phases      ] GC(50)     Total                          Min: 0, Avg: 13.0, Max: 52, Diff: 52, Sum: 52, Workers: 4
[1068.144s][debug][gc,phases      ] GC(50)   StringDedup Table Weak         Min:  0.0, Avg:  0.0, Max:  0.0, Diff:  0.0, Sum:  0.0, Workers: 4
[1068.144s][debug][gc,phases      ] GC(50)     Dead                           Min: 0, Avg:  0.0, Max: 0, Diff: 0, Sum: 0, Workers: 4
[1068.144s][debug][gc,phases      ] GC(50)     Total                          Min: 0, Avg:  0.0, Max: 0, Diff: 0, Sum: 0, Workers: 4
[1068.144s][debug][gc,phases      ] GC(50)   StringDedup Requests0 Weak     Min:  0.0, Avg:  0.0, Max:  0.0, Diff:  0.0, Sum:  0.0, Workers: 4
[1068.144s][debug][gc,phases      ] GC(50)     Dead                           Min: 0, Avg:  0.0, Max: 0, Diff: 0, Sum: 0, Workers: 4
[1068.144s][debug][gc,phases      ] GC(50)     Total                          Min: 0, Avg:  0.0, Max: 0, Diff: 0, Sum: 0, Workers: 4
[1068.144s][debug][gc,phases      ] GC(50)   StringDedup Requests1 Weak     Min:  0.0, Avg:  0.0, Max:  0.0, Diff:  0.0, Sum:  0.0, Workers: 4
[1068.144s][debug][gc,phases      ] GC(50)     Dead                           Min: 0, Avg:  0.0, Max: 0, Diff: 0, Sum: 0, Workers: 4
[1068.144s][debug][gc,phases      ] GC(50)     Total                          Min: 0, Avg:  0.0, Max: 0, Diff: 0, Sum: 0, Workers: 4
[1068.144s][debug][gc,phases      ] GC(50)   Weak JFR Old Object Samples    Min:  0.0, Avg:  0.0, Max:  0.0, Diff:  0.0, Sum:  0.0, Workers: 4
[1068.144s][debug][gc,phases      ] GC(50)     Dead                           Min: 0, Avg:  0.0, Max: 0, Diff: 0, Sum: 0, Workers: 4
[1068.144s][debug][gc,phases      ] GC(50)     Total                          Min: 0, Avg:  0.0, Max: 0, Diff: 0, Sum: 0, Workers: 4
[1068.144s][debug][gc,phases      ] GC(50) Weak Processing 0.395ms
[1068.144s][debug][gc,age         ] GC(50) Desired survivor size 48234496 bytes, new threshold 1 (max threshold 15)
[1068.144s][info ][gc,heap        ] GC(50) PSYoungGen: 1996272K(2046976K)->1664K(2043392K) Eden: 1993216K(1993216K)->0K(1993216K) From: 3056K(53760K)->1664K(50176K)
[1068.144s][info ][gc,heap        ] GC(50) ParOldGen: 435258K(440832K)->437662K(440832K)
[1068.144s][info ][gc,metaspace   ] GC(50) Metaspace: 113100K(114496K)->113100K(114496K) NonClass: 96136K(96896K)->96136K(96896K) Class: 16964K(17600K)->16964K(17600K)
[1068.144s][info ][gc             ] GC(50) Pause Young (Allocation Failure) 2374M->429M(2426M) 5.337ms
[1068.144s][info ][gc,cpu         ] GC(50) User=0.01s Sys=0.00s Real=0.00s
[1068.144s][info ][safepoint      ] Safepoint "ParallelGCFailedAllocation", Time since last: 2942236247 ns, Reaching safepoint: 85005 ns, Cleanup: 29602 ns, At safepoint: 5413005 ns, Total: 5527612 ns
[1071.145s][info ][safepoint      ] Safepoint "Cleanup", Time since last: 3000222669 ns, Reaching safepoint: 79408 ns, Cleanup: 15101 ns, At safepoint: 7401 ns, Total: 101910 ns
[1075.145s][info ][safepoint      ] Safepoint "Cleanup", Time since last: 4000383454 ns, Reaching safepoint: 80105 ns, Cleanup: 11701 ns, At safepoint: 7701 ns, Total: 99507 ns
[1078.089s][info ][gc,start       ] GC(51) Pause Young (Allocation Failure)
[1078.093s][debug][gc,phases      ] GC(51) Scavenge 3.903ms
[1078.093s][debug][gc,ref         ] GC(51) Skipped SoftWeakFinalRefsPhase of Reference Processing: no references
[1078.093s][debug][gc,ref         ] GC(51) Skipped KeepAliveFinalRefsPhase of Reference Processing: no references
[1078.093s][debug][gc,ref         ] GC(51) ReferenceProcessor::execute queues: 1, RefProcThreadModel::Single, marks_oops_alive: false
[1078.093s][debug][gc,phases      ] GC(51) Reference Processing 0.133ms
[1078.093s][debug][gc,phases      ] GC(51)   VM Weak                        Min:  0.0, Avg:  0.0, Max:  0.0, Diff:  0.0, Sum:  0.0, Workers: 4
[1078.093s][debug][gc,phases      ] GC(51)     Dead                           Min: 0, Avg:  0.0, Max: 0, Diff: 0, Sum: 0, Workers: 4
[1078.093s][debug][gc,phases      ] GC(51)     Total                          Min: 0, Avg: 264.2, Max: 801, Diff: 801, Sum: 1057, Workers: 4
[1078.093s][debug][gc,phases      ] GC(51)   ObjectSynchronizer Weak        Min:  0.0, Avg:  0.0, Max:  0.0, Diff:  0.0, Sum:  0.0, Workers: 4
[1078.093s][debug][gc,phases      ] GC(51)     Dead                           Min: 0, Avg:  0.0, Max: 0, Diff: 0, Sum: 0, Workers: 4
[1078.093s][debug][gc,phases      ] GC(51)     Total                          Min: 0, Avg:  1.0, Max: 4, Diff: 4, Sum: 4, Workers: 4
[1078.093s][debug][gc,phases      ] GC(51)   JVMTI Tag Weak OopStorage      Min:  0.0, Avg:  0.0, Max:  0.0, Diff:  0.0, Sum:  0.0, Workers: 4
[1078.093s][debug][gc,phases      ] GC(51)     Dead                           Min: 0, Avg:  0.0, Max: 0, Diff: 0, Sum: 0, Workers: 4
[1078.093s][debug][gc,phases      ] GC(51)     Total                          Min: 0, Avg:  0.0, Max: 0, Diff: 0, Sum: 0, Workers: 4
[1078.093s][debug][gc,phases      ] GC(51)   StringTable Weak               Min:  0.0, Avg:  0.1, Max:  0.2, Diff:  0.2, Sum:  0.5, Workers: 4
[1078.093s][debug][gc,phases      ] GC(51)     Dead                           Min: 0, Avg:  0.0, Max: 0, Diff: 0, Sum: 0, Workers: 4
[1078.093s][debug][gc,phases      ] GC(51)     Total                          Min: 0, Avg: 12363.8, Max: 17584, Diff: 17584, Sum: 49455, Workers: 4
[1078.093s][debug][gc,phases      ] GC(51)   ResolvedMethodTable Weak       Min:  0.0, Avg:  0.0, Max:  0.1, Diff:  0.1, Sum:  0.2, Workers: 4
[1078.093s][debug][gc,phases      ] GC(51)     Dead                           Min: 0, Avg:  4.0, Max: 15, Diff: 15, Sum: 16, Workers: 4
[1078.093s][debug][gc,phases      ] GC(51)     Total                          Min: 0, Avg: 3931.2, Max: 5440, Diff: 5440, Sum: 15725, Workers: 4
[1078.093s][debug][gc,phases      ] GC(51)   JNI Weak                       Min:  0.0, Avg:  0.0, Max:  0.0, Diff:  0.0, Sum:  0.0, Workers: 4
[1078.093s][debug][gc,phases      ] GC(51)     Dead                           Min: 0, Avg:  0.0, Max: 0, Diff: 0, Sum: 0, Workers: 4
[1078.093s][debug][gc,phases      ] GC(51)     Total                          Min: 0, Avg: 13.0, Max: 52, Diff: 52, Sum: 52, Workers: 4
[1078.093s][debug][gc,phases      ] GC(51)   StringDedup Table Weak         Min:  0.0, Avg:  0.0, Max:  0.0, Diff:  0.0, Sum:  0.0, Workers: 4
[1078.093s][debug][gc,phases      ] GC(51)     Dead                           Min: 0, Avg:  0.0, Max: 0, Diff: 0, Sum: 0, Workers: 4
[1078.093s][debug][gc,phases      ] GC(51)     Total                          Min: 0, Avg:  0.0, Max: 0, Diff: 0, Sum: 0, Workers: 4
[1078.093s][debug][gc,phases      ] GC(51)   StringDedup Requests0 Weak     Min:  0.0, Avg:  0.0, Max:  0.0, Diff:  0.0, Sum:  0.0, Workers: 4
[1078.093s][debug][gc,phases      ] GC(51)     Dead                           Min: 0, Avg:  0.0, Max: 0, Diff: 0, Sum: 0, Workers: 4
[1078.093s][debug][gc,phases      ] GC(51)     Total                          Min: 0, Avg:  0.0, Max: 0, Diff: 0, Sum: 0, Workers: 4
[1078.093s][debug][gc,phases      ] GC(51)   StringDedup Requests1 Weak     Min:  0.0, Avg:  0.0, Max:  0.0, Diff:  0.0, Sum:  0.0, Workers: 4
[1078.093s][debug][gc,phases      ] GC(51)     Dead                           Min: 0, Avg:  0.0, Max: 0, Diff: 0, Sum: 0, Workers: 4
[1078.093s][debug][gc,phases      ] GC(51)     Total                          Min: 0, Avg:  0.0, Max: 0, Diff: 0, Sum: 0, Workers: 4
[1078.093s][debug][gc,phases      ] GC(51)   Weak JFR Old Object Samples    Min:  0.0, Avg:  0.0, Max:  0.0, Diff:  0.0, Sum:  0.0, Workers: 4
[1078.093s][debug][gc,phases      ] GC(51)     Dead                           Min: 0, Avg:  0.0, Max: 0, Diff: 0, Sum: 0, Workers: 4
[1078.093s][debug][gc,phases      ] GC(51)     Total                          Min: 0, Avg:  0.0, Max: 0, Diff: 0, Sum: 0, Workers: 4
[1078.093s][debug][gc,phases      ] GC(51) Weak Processing 0.454ms
[1078.093s][debug][gc,age         ] GC(51) Desired survivor size 45088768 bytes, new threshold 1 (max threshold 15)
[1078.093s][info ][gc,heap        ] GC(51) PSYoungGen: 1994880K(2043392K)->848K(2053120K) Eden: 1993216K(1993216K)->0K(2006016K) From: 1664K(50176K)->848K(47104K)
[1078.093s][info ][gc,heap        ] GC(51) ParOldGen: 437662K(440832K)->438578K(440832K)
[1078.093s][info ][gc,metaspace   ] GC(51) Metaspace: 113108K(114560K)->113108K(114560K) NonClass: 96143K(96960K)->96143K(96960K) Class: 16964K(17600K)->16964K(17600K)
[1078.093s][info ][gc             ] GC(51) Pause Young (Allocation Failure) 2375M->429M(2435M) 4.639ms
[1078.093s][info ][gc,cpu         ] GC(51) User=0.01s Sys=0.00s Real=0.00s
[1078.094s][info ][safepoint      ] Safepoint "ParallelGCFailedAllocation", Time since last: 2943688620 ns, Reaching safepoint: 88106 ns, Cleanup: 5600 ns, At safepoint: 4750710 ns, Total: 4844416 ns
[1080.094s][info ][safepoint      ] Safepoint "Cleanup", Time since last: 2000170177 ns, Reaching safepoint: 79606 ns, Cleanup: 13301 ns, At safepoint: 6901 ns, Total: 99808 ns
[1081.455s][info ][safepoint      ] Safepoint "Cleanup", Time since last: 1360704756 ns, Reaching safepoint: 80606 ns, Cleanup: 14501 ns, At safepoint: 6601 ns, Total: 101708 ns
[1082.455s][info ][safepoint      ] Safepoint "Cleanup", Time since last: 1000135021 ns, Reaching safepoint: 79707 ns, Cleanup: 20301 ns, At safepoint: 6101 ns, Total: 106109 ns
[1084.455s][info ][safepoint      ] Safepoint "Cleanup", Time since last: 2000193736 ns, Reaching safepoint: 80306 ns, Cleanup: 12902 ns, At safepoint: 6600 ns, Total: 99808 ns
[1087.456s][info ][safepoint      ] Safepoint "Cleanup", Time since last: 3000263812 ns, Reaching safepoint: 82408 ns, Cleanup: 21202 ns, At safepoint: 6701 ns, Total: 110311 ns
[1087.804s][info ][gc,start       ] GC(52) Pause Young (Allocation Failure)
[1087.807s][debug][gc,phases      ] GC(52) Scavenge 3.151ms
[1087.807s][debug][gc,ref         ] GC(52) ReferenceProcessor::execute queues: 1, RefProcThreadModel::Single, marks_oops_alive: false
[1087.807s][debug][gc,ref         ] GC(52) Skipped KeepAliveFinalRefsPhase of Reference Processing: no references
[1087.807s][debug][gc,ref         ] GC(52) Skipped PhantomRefsPhase of Reference Processing: no references
[1087.807s][debug][gc,phases      ] GC(52) Reference Processing 0.121ms
[1087.808s][debug][gc,phases      ] GC(52)   VM Weak                        Min:  0.0, Avg:  0.0, Max:  0.0, Diff:  0.0, Sum:  0.0, Workers: 4
[1087.808s][debug][gc,phases      ] GC(52)     Dead                           Min: 0, Avg:  0.0, Max: 0, Diff: 0, Sum: 0, Workers: 4
[1087.808s][debug][gc,phases      ] GC(52)     Total                          Min: 0, Avg: 264.2, Max: 865, Diff: 865, Sum: 1057, Workers: 4
[1087.808s][debug][gc,phases      ] GC(52)   ObjectSynchronizer Weak        Min:  0.0, Avg:  0.0, Max:  0.0, Diff:  0.0, Sum:  0.0, Workers: 4
[1087.808s][debug][gc,phases      ] GC(52)     Dead                           Min: 0, Avg:  0.0, Max: 0, Diff: 0, Sum: 0, Workers: 4
[1087.808s][debug][gc,phases      ] GC(52)     Total                          Min: 0, Avg:  1.0, Max: 4, Diff: 4, Sum: 4, Workers: 4
[1087.808s][debug][gc,phases      ] GC(52)   JVMTI Tag Weak OopStorage      Min:  0.0, Avg:  0.0, Max:  0.0, Diff:  0.0, Sum:  0.0, Workers: 4
[1087.808s][debug][gc,phases      ] GC(52)     Dead                           Min: 0, Avg:  0.0, Max: 0, Diff: 0, Sum: 0, Workers: 4
[1087.808s][debug][gc,phases      ] GC(52)     Total                          Min: 0, Avg:  0.0, Max: 0, Diff: 0, Sum: 0, Workers: 4
[1087.808s][debug][gc,phases      ] GC(52)   StringTable Weak               Min:  0.0, Avg:  0.1, Max:  0.2, Diff:  0.2, Sum:  0.5, Workers: 4
[1087.808s][debug][gc,phases      ] GC(52)     Dead                           Min: 0, Avg:  0.0, Max: 0, Diff: 0, Sum: 0, Workers: 4
[1087.808s][debug][gc,phases      ] GC(52)     Total                          Min: 0, Avg: 12363.8, Max: 17600, Diff: 17600, Sum: 49455, Workers: 4
[1087.808s][debug][gc,phases      ] GC(52)   ResolvedMethodTable Weak       Min:  0.0, Avg:  0.0, Max:  0.0, Diff:  0.0, Sum:  0.1, Workers: 4
[1087.808s][debug][gc,phases      ] GC(52)     Dead                           Min: 0, Avg:  0.0, Max: 0, Diff: 0, Sum: 0, Workers: 4
[1087.808s][debug][gc,phases      ] GC(52)     Total                          Min: 0, Avg: 3931.2, Max: 5971, Diff: 5971, Sum: 15725, Workers: 4
[1087.808s][debug][gc,phases      ] GC(52)   JNI Weak                       Min:  0.0, Avg:  0.0, Max:  0.0, Diff:  0.0, Sum:  0.0, Workers: 4
[1087.808s][debug][gc,phases      ] GC(52)     Dead                           Min: 0, Avg:  0.0, Max: 0, Diff: 0, Sum: 0, Workers: 4
[1087.808s][debug][gc,phases      ] GC(52)     Total                          Min: 0, Avg: 13.0, Max: 52, Diff: 52, Sum: 52, Workers: 4
[1087.808s][debug][gc,phases      ] GC(52)   StringDedup Table Weak         Min:  0.0, Avg:  0.0, Max:  0.0, Diff:  0.0, Sum:  0.0, Workers: 4
[1087.808s][debug][gc,phases      ] GC(52)     Dead                           Min: 0, Avg:  0.0, Max: 0, Diff: 0, Sum: 0, Workers: 4
[1087.808s][debug][gc,phases      ] GC(52)     Total                          Min: 0, Avg:  0.0, Max: 0, Diff: 0, Sum: 0, Workers: 4
[1087.808s][debug][gc,phases      ] GC(52)   StringDedup Requests0 Weak     Min:  0.0, Avg:  0.0, Max:  0.0, Diff:  0.0, Sum:  0.0, Workers: 4
[1087.808s][debug][gc,phases      ] GC(52)     Dead                           Min: 0, Avg:  0.0, Max: 0, Diff: 0, Sum: 0, Workers: 4
[1087.808s][debug][gc,phases      ] GC(52)     Total                          Min: 0, Avg:  0.0, Max: 0, Diff: 0, Sum: 0, Workers: 4
[1087.808s][debug][gc,phases      ] GC(52)   StringDedup Requests1 Weak     Min:  0.0, Avg:  0.0, Max:  0.0, Diff:  0.0, Sum:  0.0, Workers: 4
[1087.808s][debug][gc,phases      ] GC(52)     Dead                           Min: 0, Avg:  0.0, Max: 0, Diff: 0, Sum: 0, Workers: 4
[1087.808s][debug][gc,phases      ] GC(52)     Total                          Min: 0, Avg:  0.0, Max: 0, Diff: 0, Sum: 0, Workers: 4
[1087.808s][debug][gc,phases      ] GC(52)   Weak JFR Old Object Samples    Min:  0.0, Avg:  0.0, Max:  0.0, Diff:  0.0, Sum:  0.0, Workers: 4
[1087.808s][debug][gc,phases      ] GC(52)     Dead                           Min: 0, Avg:  0.0, Max: 0, Diff: 0, Sum: 0, Workers: 4
[1087.808s][debug][gc,phases      ] GC(52)     Total                          Min: 0, Avg:  0.0, Max: 0, Diff: 0, Sum: 0, Workers: 4
[1087.808s][debug][gc,phases      ] GC(52) Weak Processing 0.451ms
[1087.808s][debug][gc,age         ] GC(52) Desired survivor size 41943040 bytes, new threshold 1 (max threshold 15)
[1087.808s][info ][gc,heap        ] GC(52) PSYoungGen: 2006864K(2053120K)->2880K(2050048K) Eden: 2006016K(2006016K)->0K(2006016K) From: 848K(47104K)->2880K(44032K)
[1087.808s][info ][gc,heap        ] GC(52) ParOldGen: 438578K(440832K)->438934K(440832K)
[1087.808s][info ][gc,metaspace   ] GC(52) Metaspace: 113111K(114560K)->113111K(114560K) NonClass: 96146K(96960K)->96146K(96960K) Class: 16964K(17600K)->16964K(17600K)
[1087.808s][info ][gc             ] GC(52) Pause Young (Allocation Failure) 2388M->431M(2432M) 3.870ms
[1087.808s][info ][gc,cpu         ] GC(52) User=0.01s Sys=0.00s Real=0.01s
[1087.808s][info ][safepoint      ] Safepoint "ParallelGCFailedAllocation", Time since last: 348369487 ns, Reaching safepoint: 7401 ns, Cleanup: 21702 ns, At safepoint: 3941003 ns, Total: 3970106 ns
[1088.808s][info ][safepoint      ] Safepoint "Cleanup", Time since last: 1000089064 ns, Reaching safepoint: 81208 ns, Cleanup: 25503 ns, At safepoint: 5900 ns, Total: 112611 ns
[1089.808s][info ][safepoint      ] Safepoint "Cleanup", Time since last: 1000138469 ns, Reaching safepoint: 84609 ns, Cleanup: 19202 ns, At safepoint: 10401 ns, Total: 114212 ns
[1093.809s][info ][safepoint      ] Safepoint "Cleanup", Time since last: 4000356750 ns, Reaching safepoint: 78706 ns, Cleanup: 13801 ns, At safepoint: 7700 ns, Total: 100207 ns
[1094.809s][info ][safepoint      ] Safepoint "Cleanup", Time since last: 1000118441 ns, Reaching safepoint: 76908 ns, Cleanup: 13002 ns, At safepoint: 7000 ns, Total: 96910 ns
[1095.809s][info ][safepoint      ] Safepoint "Cleanup", Time since last: 1000123950 ns, Reaching safepoint: 82709 ns, Cleanup: 11501 ns, At safepoint: 7601 ns, Total: 101811 ns
[1096.809s][info ][safepoint      ] Safepoint "Cleanup", Time since last: 1000119049 ns, Reaching safepoint: 84409 ns, Cleanup: 12402 ns, At safepoint: 5700 ns, Total: 102511 ns
[1097.519s][info ][gc,start       ] GC(53) Pause Young (Allocation Failure)
[1097.523s][debug][gc,phases      ] GC(53) Scavenge 3.304ms
[1097.523s][debug][gc,ref         ] GC(53) ReferenceProcessor::execute queues: 1, RefProcThreadModel::Single, marks_oops_alive: false
[1097.523s][debug][gc,ref         ] GC(53) Skipped KeepAliveFinalRefsPhase of Reference Processing: no references
[1097.523s][debug][gc,ref         ] GC(53) ReferenceProcessor::execute queues: 1, RefProcThreadModel::Single, marks_oops_alive: false
[1097.523s][debug][gc,phases      ] GC(53) Reference Processing 0.112ms
[1097.523s][debug][gc,phases      ] GC(53)   VM Weak                        Min:  0.0, Avg:  0.0, Max:  0.0, Diff:  0.0, Sum:  0.0, Workers: 4
[1097.523s][debug][gc,phases      ] GC(53)     Dead                           Min: 0, Avg:  0.0, Max: 0, Diff: 0, Sum: 0, Workers: 4
[1097.523s][debug][gc,phases      ] GC(53)     Total                          Min: 0, Avg: 264.2, Max: 704, Diff: 704, Sum: 1057, Workers: 4
[1097.523s][debug][gc,phases      ] GC(53)   ObjectSynchronizer Weak        Min:  0.0, Avg:  0.0, Max:  0.0, Diff:  0.0, Sum:  0.0, Workers: 4
[1097.523s][debug][gc,phases      ] GC(53)     Dead                           Min: 0, Avg:  0.0, Max: 0, Diff: 0, Sum: 0, Workers: 4
[1097.523s][debug][gc,phases      ] GC(53)     Total                          Min: 0, Avg:  1.0, Max: 4, Diff: 4, Sum: 4, Workers: 4
[1097.523s][debug][gc,phases      ] GC(53)   JVMTI Tag Weak OopStorage      Min:  0.0, Avg:  0.0, Max:  0.0, Diff:  0.0, Sum:  0.0, Workers: 4
[1097.523s][debug][gc,phases      ] GC(53)     Dead                           Min: 0, Avg:  0.0, Max: 0, Diff: 0, Sum: 0, Workers: 4
[1097.523s][debug][gc,phases      ] GC(53)     Total                          Min: 0, Avg:  0.0, Max: 0, Diff: 0, Sum: 0, Workers: 4
[1097.523s][debug][gc,phases      ] GC(53)   StringTable Weak               Min:  0.1, Avg:  0.1, Max:  0.1, Diff:  0.0, Sum:  0.5, Workers: 4
[1097.523s][debug][gc,phases      ] GC(53)     Dead                           Min: 0, Avg:  0.5, Max: 2, Diff: 2, Sum: 2, Workers: 4
[1097.523s][debug][gc,phases      ] GC(53)     Total                          Min: 11775, Avg: 12366.5, Max: 14015, Diff: 2240, Sum: 49466, Workers: 4
[1097.523s][debug][gc,phases      ] GC(53)   ResolvedMethodTable Weak       Min:  0.0, Avg:  0.0, Max:  0.0, Diff:  0.0, Sum:  0.2, Workers: 4
[1097.523s][debug][gc,phases      ] GC(53)     Dead                           Min: 0, Avg:  1.5, Max: 4, Diff: 4, Sum: 6, Workers: 4
[1097.523s][debug][gc,phases      ] GC(53)     Total                          Min: 3583, Avg: 3934.8, Max: 4472, Diff: 889, Sum: 15739, Workers: 4
[1097.523s][debug][gc,phases      ] GC(53)   JNI Weak                       Min:  0.0, Avg:  0.0, Max:  0.0, Diff:  0.0, Sum:  0.0, Workers: 4
[1097.523s][debug][gc,phases      ] GC(53)     Dead                           Min: 0, Avg:  0.0, Max: 0, Diff: 0, Sum: 0, Workers: 4
[1097.523s][debug][gc,phases      ] GC(53)     Total                          Min: 0, Avg: 13.0, Max: 52, Diff: 52, Sum: 52, Workers: 4
[1097.523s][debug][gc,phases      ] GC(53)   StringDedup Table Weak         Min:  0.0, Avg:  0.0, Max:  0.0, Diff:  0.0, Sum:  0.0, Workers: 4
[1097.523s][debug][gc,phases      ] GC(53)     Dead                           Min: 0, Avg:  0.0, Max: 0, Diff: 0, Sum: 0, Workers: 4
[1097.523s][debug][gc,phases      ] GC(53)     Total                          Min: 0, Avg:  0.0, Max: 0, Diff: 0, Sum: 0, Workers: 4
[1097.523s][debug][gc,phases      ] GC(53)   StringDedup Requests0 Weak     Min:  0.0, Avg:  0.0, Max:  0.0, Diff:  0.0, Sum:  0.0, Workers: 4
[1097.523s][debug][gc,phases      ] GC(53)     Dead                           Min: 0, Avg:  0.0, Max: 0, Diff: 0, Sum: 0, Workers: 4
[1097.523s][debug][gc,phases      ] GC(53)     Total                          Min: 0, Avg:  0.0, Max: 0, Diff: 0, Sum: 0, Workers: 4
[1097.523s][debug][gc,phases      ] GC(53)   StringDedup Requests1 Weak     Min:  0.0, Avg:  0.0, Max:  0.0, Diff:  0.0, Sum:  0.0, Workers: 4
[1097.523s][debug][gc,phases      ] GC(53)     Dead                           Min: 0, Avg:  0.0, Max: 0, Diff: 0, Sum: 0, Workers: 4
[1097.523s][debug][gc,phases      ] GC(53)     Total                          Min: 0, Avg:  0.0, Max: 0, Diff: 0, Sum: 0, Workers: 4
[1097.523s][debug][gc,phases      ] GC(53)   Weak JFR Old Object Samples    Min:  0.0, Avg:  0.0, Max:  0.0, Diff:  0.0, Sum:  0.0, Workers: 4
[1097.523s][debug][gc,phases      ] GC(53)     Dead                           Min: 0, Avg:  0.0, Max: 0, Diff: 0, Sum: 0, Workers: 4
[1097.523s][debug][gc,phases      ] GC(53)     Total                          Min: 0, Avg:  0.0, Max: 0, Diff: 0, Sum: 0, Workers: 4
[1097.523s][debug][gc,phases      ] GC(53) Weak Processing 0.349ms
[1097.523s][debug][gc,age         ] GC(53) Desired survivor size 38797312 bytes, new threshold 1 (max threshold 15)
[1097.523s][info ][gc,heap        ] GC(53) PSYoungGen: 2008890K(2050048K)->2186K(2059264K) Eden: 2006009K(2006016K)->0K(2018304K) From: 2880K(44032K)->2186K(40960K)
[1097.523s][info ][gc,heap        ] GC(53) ParOldGen: 438934K(440832K)->440682K(440832K)
[1097.523s][info ][gc,metaspace   ] GC(53) Metaspace: 113148K(114560K)->113148K(114560K) NonClass: 96178K(96960K)->96178K(96960K) Class: 16969K(17600K)->16969K(17600K)
[1097.523s][info ][gc             ] GC(53) Pause Young (Allocation Failure) 2390M->432M(2441M) 3.878ms
[1097.523s][info ][gc,cpu         ] GC(53) User=0.01s Sys=0.00s Real=0.00s
[1097.523s][info ][safepoint      ] Safepoint "ParallelGCFailedAllocation", Time since last: 709859291 ns, Reaching safepoint: 5401 ns, Cleanup: 3700 ns, At safepoint: 3940938 ns, Total: 3950039 ns
[1098.523s][info ][safepoint      ] Safepoint "Cleanup", Time since last: 1000089145 ns, Reaching safepoint: 8201 ns, Cleanup: 12302 ns, At safepoint: 2700 ns, Total: 23203 ns
[1102.524s][info ][safepoint      ] Safepoint "Cleanup", Time since last: 4000329260 ns, Reaching safepoint: 6900 ns, Cleanup: 9901 ns, At safepoint: 2700 ns, Total: 19501 ns
[1107.524s][info ][safepoint      ] Safepoint "Cleanup", Time since last: 5000398714 ns, Reaching safepoint: 9201 ns, Cleanup: 13701 ns, At safepoint: 2700 ns, Total: 25602 ns
[1108.524s][info ][safepoint      ] Safepoint "Cleanup", Time since last: 1000122889 ns, Reaching safepoint: 9901 ns, Cleanup: 16802 ns, At safepoint: 2400 ns, Total: 29103 ns
[1109.524s][info ][safepoint      ] Safepoint "Cleanup", Time since last: 1000124989 ns, Reaching safepoint: 9001 ns, Cleanup: 12601 ns, At safepoint: 2700 ns, Total: 24302 ns
[1112.525s][info ][safepoint      ] Safepoint "Cleanup", Time since last: 3000262221 ns, Reaching safepoint: 8701 ns, Cleanup: 13001 ns, At safepoint: 2601 ns, Total: 24303 ns
[1112.950s][info ][gc,start       ] GC(54) Pause Young (Allocation Failure)
[1112.964s][debug][gc,phases      ] GC(54) Scavenge 13.894ms
[1112.964s][debug][gc,ref         ] GC(54) ReferenceProcessor::execute queues: 1, RefProcThreadModel::Single, marks_oops_alive: false
[1112.964s][debug][gc,ref         ] GC(54) Skipped KeepAliveFinalRefsPhase of Reference Processing: no references
[1112.964s][debug][gc,ref         ] GC(54) Skipped PhantomRefsPhase of Reference Processing: no references
[1112.964s][debug][gc,phases      ] GC(54) Reference Processing 0.127ms
[1112.964s][debug][gc,phases      ] GC(54)   VM Weak                        Min:  0.0, Avg:  0.0, Max:  0.0, Diff:  0.0, Sum:  0.0, Workers: 4
[1112.964s][debug][gc,phases      ] GC(54)     Dead                           Min: 0, Avg:  0.0, Max: 0, Diff: 0, Sum: 0, Workers: 4
[1112.964s][debug][gc,phases      ] GC(54)     Total                          Min: 33, Avg: 264.2, Max: 640, Diff: 607, Sum: 1057, Workers: 4
[1112.964s][debug][gc,phases      ] GC(54)   ObjectSynchronizer Weak        Min:  0.0, Avg:  0.0, Max:  0.0, Diff:  0.0, Sum:  0.0, Workers: 4
[1112.964s][debug][gc,phases      ] GC(54)     Dead                           Min: 0, Avg:  0.0, Max: 0, Diff: 0, Sum: 0, Workers: 4
[1112.964s][debug][gc,phases      ] GC(54)     Total                          Min: 0, Avg:  1.0, Max: 4, Diff: 4, Sum: 4, Workers: 4
[1112.964s][debug][gc,phases      ] GC(54)   JVMTI Tag Weak OopStorage      Min:  0.0, Avg:  0.0, Max:  0.0, Diff:  0.0, Sum:  0.0, Workers: 4
[1112.964s][debug][gc,phases      ] GC(54)     Dead                           Min: 0, Avg:  0.0, Max: 0, Diff: 0, Sum: 0, Workers: 4
[1112.964s][debug][gc,phases      ] GC(54)     Total                          Min: 0, Avg:  0.0, Max: 0, Diff: 0, Sum: 0, Workers: 4
[1112.964s][debug][gc,phases      ] GC(54)   StringTable Weak               Min:  0.1, Avg:  0.1, Max:  0.1, Diff:  0.0, Sum:  0.5, Workers: 4
[1112.964s][debug][gc,phases      ] GC(54)     Dead                           Min: 0, Avg:  0.0, Max: 0, Diff: 0, Sum: 0, Workers: 4
[1112.964s][debug][gc,phases      ] GC(54)     Total                          Min: 11838, Avg: 12366.5, Max: 12988, Diff: 1150, Sum: 49466, Workers: 4
[1112.964s][debug][gc,phases      ] GC(54)   ResolvedMethodTable Weak       Min:  0.0, Avg:  0.0, Max:  0.0, Diff:  0.0, Sum:  0.2, Workers: 4
[1112.964s][debug][gc,phases      ] GC(54)     Dead                           Min: 0, Avg:  4.0, Max: 16, Diff: 16, Sum: 16, Workers: 4
[1112.964s][debug][gc,phases      ] GC(54)     Total                          Min: 3595, Avg: 3934.8, Max: 4179, Diff: 584, Sum: 15739, Workers: 4
[1112.965s][debug][gc,phases      ] GC(54)   JNI Weak                       Min:  0.0, Avg:  0.0, Max:  0.0, Diff:  0.0, Sum:  0.0, Workers: 4
[1112.965s][debug][gc,phases      ] GC(54)     Dead                           Min: 0, Avg:  0.0, Max: 0, Diff: 0, Sum: 0, Workers: 4
[1112.965s][debug][gc,phases      ] GC(54)     Total                          Min: 0, Avg: 13.0, Max: 52, Diff: 52, Sum: 52, Workers: 4
[1112.965s][debug][gc,phases      ] GC(54)   StringDedup Table Weak         Min:  0.0, Avg:  0.0, Max:  0.0, Diff:  0.0, Sum:  0.0, Workers: 4
[1112.965s][debug][gc,phases      ] GC(54)     Dead                           Min: 0, Avg:  0.0, Max: 0, Diff: 0, Sum: 0, Workers: 4
[1112.965s][debug][gc,phases      ] GC(54)     Total                          Min: 0, Avg:  0.0, Max: 0, Diff: 0, Sum: 0, Workers: 4
[1112.965s][debug][gc,phases      ] GC(54)   StringDedup Requests0 Weak     Min:  0.0, Avg:  0.0, Max:  0.0, Diff:  0.0, Sum:  0.0, Workers: 4
[1112.965s][debug][gc,phases      ] GC(54)     Dead                           Min: 0, Avg:  0.0, Max: 0, Diff: 0, Sum: 0, Workers: 4
[1112.965s][debug][gc,phases      ] GC(54)     Total                          Min: 0, Avg:  0.0, Max: 0, Diff: 0, Sum: 0, Workers: 4
[1112.965s][debug][gc,phases      ] GC(54)   StringDedup Requests1 Weak     Min:  0.0, Avg:  0.0, Max:  0.0, Diff:  0.0, Sum:  0.0, Workers: 4
[1112.965s][debug][gc,phases      ] GC(54)     Dead                           Min: 0, Avg:  0.0, Max: 0, Diff: 0, Sum: 0, Workers: 4
[1112.965s][debug][gc,phases      ] GC(54)     Total                          Min: 0, Avg:  0.0, Max: 0, Diff: 0, Sum: 0, Workers: 4
[1112.965s][debug][gc,phases      ] GC(54)   Weak JFR Old Object Samples    Min:  0.0, Avg:  0.0, Max:  0.0, Diff:  0.0, Sum:  0.0, Workers: 4
[1112.965s][debug][gc,phases      ] GC(54)     Dead                           Min: 0, Avg:  0.0, Max: 0, Diff: 0, Sum: 0, Workers: 4
[1112.965s][debug][gc,phases      ] GC(54)     Total                          Min: 0, Avg:  0.0, Max: 0, Diff: 0, Sum: 0, Workers: 4
[1112.965s][debug][gc,phases      ] GC(54) Weak Processing 0.382ms
[1112.965s][debug][gc,age         ] GC(54) Desired survivor size 45613056 bytes, new threshold 1 (max threshold 15)
[1112.965s][info ][gc,heap        ] GC(54) PSYoungGen: 2020490K(2059264K)->31712K(2050048K) Eden: 2018304K(2018304K)->0K(2018304K) From: 2186K(40960K)->31712K(31744K)
[1112.965s][info ][gc,heap        ] GC(54) ParOldGen: 440682K(440832K)->441202K(441344K)
[1112.965s][info ][gc,metaspace   ] GC(54) Metaspace: 113159K(114560K)->113159K(114560K) NonClass: 96189K(96960K)->96189K(96960K) Class: 16969K(17600K)->16969K(17600K)
[1112.965s][info ][gc             ] GC(54) Pause Young (Allocation Failure) 2403M->461M(2433M) 14.543ms
[1112.965s][info ][gc,cpu         ] GC(54) User=0.05s Sys=0.00s Real=0.02s
[1112.965s][info ][safepoint      ] Safepoint "ParallelGCFailedAllocation", Time since last: 425234633 ns, Reaching safepoint: 81408 ns, Cleanup: 4100 ns, At safepoint: 14623260 ns, Total: 14708768 ns
[1114.965s][info ][safepoint      ] Safepoint "Cleanup", Time since last: 2000158653 ns, Reaching safepoint: 7301 ns, Cleanup: 9001 ns, At safepoint: 3000 ns, Total: 19302 ns
[1117.965s][info ][safepoint      ] Safepoint "Cleanup", Time since last: 3000269933 ns, Reaching safepoint: 11201 ns, Cleanup: 14501 ns, At safepoint: 3101 ns, Total: 28803 ns
[1119.965s][info ][safepoint      ] Safepoint "Cleanup", Time since last: 2000199063 ns, Reaching safepoint: 10301 ns, Cleanup: 13402 ns, At safepoint: 2800 ns, Total: 26503 ns
[1121.966s][info ][safepoint      ] Safepoint "Cleanup", Time since last: 2000213124 ns, Reaching safepoint: 10501 ns, Cleanup: 14402 ns, At safepoint: 2700 ns, Total: 27603 ns
[1124.966s][info ][safepoint      ] Safepoint "Cleanup", Time since last: 3000300285 ns, Reaching safepoint: 10101 ns, Cleanup: 20002 ns, At safepoint: 3300 ns, Total: 33403 ns
[1125.966s][info ][safepoint      ] Safepoint "Cleanup", Time since last: 1000119292 ns, Reaching safepoint: 11901 ns, Cleanup: 24702 ns, At safepoint: 3200 ns, Total: 39803 ns
[1126.966s][info ][safepoint      ] Safepoint "Cleanup", Time since last: 1000120917 ns, Reaching safepoint: 11201 ns, Cleanup: 15201 ns, At safepoint: 3500 ns, Total: 29902 ns
[1128.966s][info ][safepoint      ] Safepoint "Cleanup", Time since last: 2000184918 ns, Reaching safepoint: 10901 ns, Cleanup: 22702 ns, At safepoint: 2500 ns, Total: 36103 ns
[1130.967s][info ][safepoint      ] Safepoint "Cleanup", Time since last: 2000218220 ns, Reaching safepoint: 10801 ns, Cleanup: 14901 ns, At safepoint: 2901 ns, Total: 28603 ns
[1133.967s][info ][safepoint      ] Safepoint "Cleanup", Time since last: 3000262124 ns, Reaching safepoint: 10601 ns, Cleanup: 13702 ns, At safepoint: 3100 ns, Total: 27403 ns
[1135.967s][info ][safepoint      ] Safepoint "Cleanup", Time since last: 2000208689 ns, Reaching safepoint: 11201 ns, Cleanup: 14801 ns, At safepoint: 3400 ns, Total: 29402 ns
[1142.473s][info ][safepoint      ] Safepoint "Cleanup", Time since last: 6505911172 ns, Reaching safepoint: 8601 ns, Cleanup: 12101 ns, At safepoint: 7201 ns, Total: 27903 ns
[1143.473s][info ][safepoint      ] Safepoint "Cleanup", Time since last: 1000120154 ns, Reaching safepoint: 7800 ns, Cleanup: 11201 ns, At safepoint: 2600 ns, Total: 21601 ns
[1144.474s][info ][safepoint      ] Safepoint "Cleanup", Time since last: 1000178561 ns, Reaching safepoint: 12501 ns, Cleanup: 14801 ns, At safepoint: 3600 ns, Total: 30902 ns
[1146.474s][info ][safepoint      ] Safepoint "Cleanup", Time since last: 2000231212 ns, Reaching safepoint: 11701 ns, Cleanup: 24802 ns, At safepoint: 3200 ns, Total: 39703 ns
[1150.474s][info ][safepoint      ] Safepoint "Cleanup", Time since last: 4000340693 ns, Reaching safepoint: 8601 ns, Cleanup: 10001 ns, At safepoint: 2500 ns, Total: 21102 ns
[1152.474s][info ][safepoint      ] Safepoint "Cleanup", Time since last: 2000204248 ns, Reaching safepoint: 10601 ns, Cleanup: 12701 ns, At safepoint: 2900 ns, Total: 26202 ns
[1153.475s][info ][safepoint      ] Safepoint "Cleanup", Time since last: 1000123367 ns, Reaching safepoint: 11200 ns, Cleanup: 13901 ns, At safepoint: 3300 ns, Total: 28401 ns
[1155.475s][info ][safepoint      ] Safepoint "Cleanup", Time since last: 2000199492 ns, Reaching safepoint: 11301 ns, Cleanup: 21902 ns, At safepoint: 3501 ns, Total: 36704 ns
[1156.592s][info ][gc,start       ] GC(55) Pause Young (Allocation Failure)
[1156.616s][debug][gc,phases      ] GC(55) Scavenge 24.209ms
[1156.616s][debug][gc,ref         ] GC(55) ReferenceProcessor::execute queues: 1, RefProcThreadModel::Single, marks_oops_alive: false
[1156.616s][debug][gc,ref         ] GC(55) Skipped KeepAliveFinalRefsPhase of Reference Processing: no references
[1156.616s][debug][gc,ref         ] GC(55) ReferenceProcessor::execute queues: 1, RefProcThreadModel::Single, marks_oops_alive: false
[1156.616s][debug][gc,phases      ] GC(55) Reference Processing 0.121ms
[1156.616s][debug][gc,phases      ] GC(55)   VM Weak                        Min:  0.0, Avg:  0.0, Max:  0.0, Diff:  0.0, Sum:  0.0, Workers: 4
[1156.616s][debug][gc,phases      ] GC(55)     Dead                           Min: 0, Avg:  0.0, Max: 0, Diff: 0, Sum: 0, Workers: 4
[1156.616s][debug][gc,phases      ] GC(55)     Total                          Min: 0, Avg: 264.2, Max: 704, Diff: 704, Sum: 1057, Workers: 4
[1156.616s][debug][gc,phases      ] GC(55)   ObjectSynchronizer Weak        Min:  0.0, Avg:  0.0, Max:  0.0, Diff:  0.0, Sum:  0.0, Workers: 4
[1156.616s][debug][gc,phases      ] GC(55)     Dead                           Min: 0, Avg:  0.0, Max: 0, Diff: 0, Sum: 0, Workers: 4
[1156.616s][debug][gc,phases      ] GC(55)     Total                          Min: 0, Avg:  0.8, Max: 3, Diff: 3, Sum: 3, Workers: 4
[1156.616s][debug][gc,phases      ] GC(55)   JVMTI Tag Weak OopStorage      Min:  0.0, Avg:  0.0, Max:  0.0, Diff:  0.0, Sum:  0.0, Workers: 4
[1156.616s][debug][gc,phases      ] GC(55)     Dead                           Min: 0, Avg:  0.0, Max: 0, Diff: 0, Sum: 0, Workers: 4
[1156.616s][debug][gc,phases      ] GC(55)     Total                          Min: 0, Avg:  0.0, Max: 0, Diff: 0, Sum: 0, Workers: 4
[1156.616s][debug][gc,phases      ] GC(55)   StringTable Weak               Min:  0.0, Avg:  0.1, Max:  0.2, Diff:  0.2, Sum:  0.5, Workers: 4
[1156.616s][debug][gc,phases      ] GC(55)     Dead                           Min: 0, Avg:  0.2, Max: 1, Diff: 1, Sum: 1, Workers: 4
[1156.616s][debug][gc,phases      ] GC(55)     Total                          Min: 0, Avg: 12368.0, Max: 17792, Diff: 17792, Sum: 49472, Workers: 4
[1156.616s][debug][gc,phases      ] GC(55)   ResolvedMethodTable Weak       Min:  0.0, Avg:  0.0, Max:  0.1, Diff:  0.1, Sum:  0.2, Workers: 4
[1156.616s][debug][gc,phases      ] GC(55)     Dead                           Min: 0, Avg:  4.2, Max: 16, Diff: 16, Sum: 17, Workers: 4
[1156.616s][debug][gc,phases      ] GC(55)     Total                          Min: 0, Avg: 3936.2, Max: 5543, Diff: 5543, Sum: 15745, Workers: 4
[1156.616s][debug][gc,phases      ] GC(55)   JNI Weak                       Min:  0.0, Avg:  0.0, Max:  0.0, Diff:  0.0, Sum:  0.0, Workers: 4
[1156.616s][debug][gc,phases      ] GC(55)     Dead                           Min: 0, Avg:  0.0, Max: 0, Diff: 0, Sum: 0, Workers: 4
[1156.616s][debug][gc,phases      ] GC(55)     Total                          Min: 0, Avg: 13.0, Max: 52, Diff: 52, Sum: 52, Workers: 4
[1156.616s][debug][gc,phases      ] GC(55)   StringDedup Table Weak         Min:  0.0, Avg:  0.0, Max:  0.0, Diff:  0.0, Sum:  0.0, Workers: 4
[1156.616s][debug][gc,phases      ] GC(55)     Dead                           Min: 0, Avg:  0.0, Max: 0, Diff: 0, Sum: 0, Workers: 4
[1156.616s][debug][gc,phases      ] GC(55)     Total                          Min: 0, Avg:  0.0, Max: 0, Diff: 0, Sum: 0, Workers: 4
[1156.616s][debug][gc,phases      ] GC(55)   StringDedup Requests0 Weak     Min:  0.0, Avg:  0.0, Max:  0.0, Diff:  0.0, Sum:  0.0, Workers: 4
[1156.616s][debug][gc,phases      ] GC(55)     Dead                           Min: 0, Avg:  0.0, Max: 0, Diff: 0, Sum: 0, Workers: 4
[1156.616s][debug][gc,phases      ] GC(55)     Total                          Min: 0, Avg:  0.0, Max: 0, Diff: 0, Sum: 0, Workers: 4
[1156.616s][debug][gc,phases      ] GC(55)   StringDedup Requests1 Weak     Min:  0.0, Avg:  0.0, Max:  0.0, Diff:  0.0, Sum:  0.0, Workers: 4
[1156.616s][debug][gc,phases      ] GC(55)     Dead                           Min: 0, Avg:  0.0, Max: 0, Diff: 0, Sum: 0, Workers: 4
[1156.616s][debug][gc,phases      ] GC(55)     Total                          Min: 0, Avg:  0.0, Max: 0, Diff: 0, Sum: 0, Workers: 4
[1156.616s][debug][gc,phases      ] GC(55)   Weak JFR Old Object Samples    Min:  0.0, Avg:  0.0, Max:  0.0, Diff:  0.0, Sum:  0.0, Workers: 4
[1156.616s][debug][gc,phases      ] GC(55)     Dead                           Min: 0, Avg:  0.0, Max: 0, Diff: 0, Sum: 0, Workers: 4
[1156.616s][debug][gc,phases      ] GC(55)     Total                          Min: 0, Avg:  0.0, Max: 0, Diff: 0, Sum: 0, Workers: 4
[1156.616s][debug][gc,phases      ] GC(55) Weak Processing 0.431ms
[1156.616s][debug][gc,age         ] GC(55) Desired survivor size 46661632 bytes, new threshold 1 (max threshold 15)
[1156.616s][info ][gc,heap        ] GC(55) PSYoungGen: 2050016K(2050048K)->21232K(2050560K) Eden: 2018304K(2018304K)->0K(2006016K) From: 31712K(31744K)->21232K(44544K)
[1156.616s][info ][gc,heap        ] GC(55) ParOldGen: 441202K(441344K)->472675K(473088K)
[1156.616s][info ][gc,metaspace   ] GC(55) Metaspace: 113179K(114560K)->113179K(114560K) NonClass: 96207K(96960K)->96207K(96960K) Class: 16971K(17600K)->16971K(17600K)
[1156.616s][info ][gc             ] GC(55) Pause Young (Allocation Failure) 2432M->482M(2464M) 24.910ms
[1156.616s][info ][gc,cpu         ] GC(55) User=0.07s Sys=0.03s Real=0.03s
[1156.617s][info ][safepoint      ] Safepoint "ParallelGCFailedAllocation", Time since last: 1116727799 ns, Reaching safepoint: 6700 ns, Cleanup: 5301 ns, At safepoint: 25014048 ns, Total: 25026049 ns
[1157.617s][info ][safepoint      ] Safepoint "Cleanup", Time since last: 1000100784 ns, Reaching safepoint: 11201 ns, Cleanup: 14901 ns, At safepoint: 2900 ns, Total: 29002 ns
[1161.617s][info ][safepoint      ] Safepoint "Cleanup", Time since last: 4000337705 ns, Reaching safepoint: 11001 ns, Cleanup: 13901 ns, At safepoint: 2901 ns, Total: 27803 ns
[1164.617s][info ][safepoint      ] Safepoint "Cleanup", Time since last: 3000274932 ns, Reaching safepoint: 9101 ns, Cleanup: 11700 ns, At safepoint: 2301 ns, Total: 23102 ns
[1165.617s][info ][safepoint      ] Safepoint "Cleanup", Time since last: 1000115679 ns, Reaching safepoint: 8001 ns, Cleanup: 22601 ns, At safepoint: 20702 ns, Total: 51304 ns
[1173.618s][info ][safepoint      ] Safepoint "Cleanup", Time since last: 8000664640 ns, Reaching safepoint: 12001 ns, Cleanup: 33003 ns, At safepoint: 3600 ns, Total: 48604 ns
[1175.618s][info ][safepoint      ] Safepoint "Cleanup", Time since last: 2000214114 ns, Reaching safepoint: 11601 ns, Cleanup: 16601 ns, At safepoint: 3300 ns, Total: 31502 ns
[1177.619s][info ][safepoint      ] Safepoint "Cleanup", Time since last: 2000238024 ns, Reaching safepoint: 9801 ns, Cleanup: 18401 ns, At safepoint: 3200 ns, Total: 31402 ns
[1178.619s][info ][safepoint      ] Safepoint "Cleanup", Time since last: 1000133313 ns, Reaching safepoint: 11301 ns, Cleanup: 16901 ns, At safepoint: 3501 ns, Total: 31703 ns
[1179.619s][info ][safepoint      ] Safepoint "Cleanup", Time since last: 1000139213 ns, Reaching safepoint: 10001 ns, Cleanup: 14101 ns, At safepoint: 3200 ns, Total: 27302 ns
[1182.619s][info ][safepoint      ] Safepoint "Cleanup", Time since last: 3000284132 ns, Reaching safepoint: 11801 ns, Cleanup: 14602 ns, At safepoint: 2900 ns, Total: 29303 ns
[1183.620s][info ][safepoint      ] Safepoint "Cleanup", Time since last: 1000139343 ns, Reaching safepoint: 11001 ns, Cleanup: 16201 ns, At safepoint: 3200 ns, Total: 30402 ns
[1184.620s][info ][safepoint      ] Safepoint "Cleanup", Time since last: 1000125461 ns, Reaching safepoint: 9601 ns, Cleanup: 13801 ns, At safepoint: 3100 ns, Total: 26502 ns
[1188.620s][info ][safepoint      ] Safepoint "Cleanup", Time since last: 4000360832 ns, Reaching safepoint: 10801 ns, Cleanup: 14501 ns, At safepoint: 3600 ns, Total: 28902 ns
[1190.620s][info ][safepoint      ] Safepoint "Cleanup", Time since last: 2000200446 ns, Reaching safepoint: 10601 ns, Cleanup: 17301 ns, At safepoint: 2700 ns, Total: 30602 ns
[1195.621s][info ][safepoint      ] Safepoint "Cleanup", Time since last: 5000428224 ns, Reaching safepoint: 10401 ns, Cleanup: 15701 ns, At safepoint: 3801 ns, Total: 29903 ns
[1199.621s][info ][safepoint      ] Safepoint "Cleanup", Time since last: 4000382005 ns, Reaching safepoint: 9601 ns, Cleanup: 27602 ns, At safepoint: 3400 ns, Total: 40603 ns
[1203.493s][info ][safepoint      ] Safepoint "Cleanup", Time since last: 3871225420 ns, Reaching safepoint: 81706 ns, Cleanup: 13701 ns, At safepoint: 8801 ns, Total: 104208 ns
[1204.493s][info ][safepoint      ] Safepoint "Cleanup", Time since last: 1000131492 ns, Reaching safepoint: 84307 ns, Cleanup: 14101 ns, At safepoint: 6001 ns, Total: 104409 ns
[1205.493s][info ][safepoint      ] Safepoint "Cleanup", Time since last: 1000127692 ns, Reaching safepoint: 85907 ns, Cleanup: 25302 ns, At safepoint: 7600 ns, Total: 118809 ns
[1207.493s][info ][safepoint      ] Safepoint "Cleanup", Time since last: 2000202679 ns, Reaching safepoint: 7900 ns, Cleanup: 12001 ns, At safepoint: 2800 ns, Total: 22701 ns
[1208.493s][info ][safepoint      ] Safepoint "Cleanup", Time since last: 1000122458 ns, Reaching safepoint: 7300 ns, Cleanup: 11401 ns, At safepoint: 3400 ns, Total: 22101 ns
[1209.494s][info ][safepoint      ] Safepoint "Cleanup", Time since last: 1000132958 ns, Reaching safepoint: 84105 ns, Cleanup: 10601 ns, At safepoint: 11100 ns, Total: 105806 ns
[1212.494s][info ][safepoint      ] Safepoint "Cleanup", Time since last: 3000273763 ns, Reaching safepoint: 8501 ns, Cleanup: 13801 ns, At safepoint: 3200 ns, Total: 25502 ns
[1213.494s][info ][safepoint      ] Safepoint "Cleanup", Time since last: 1000149248 ns, Reaching safepoint: 82506 ns, Cleanup: 37203 ns, At safepoint: 9201 ns, Total: 128910 ns
[1214.494s][info ][safepoint      ] Safepoint "Cleanup", Time since last: 1000128246 ns, Reaching safepoint: 8001 ns, Cleanup: 12801 ns, At safepoint: 2900 ns, Total: 23702 ns
[1221.875s][info ][gc,start       ] GC(56) Pause Young (Allocation Failure)
[1221.893s][debug][gc,phases      ] GC(56) Scavenge 18.870ms
[1221.894s][debug][gc,ref         ] GC(56) ReferenceProcessor::execute queues: 1, RefProcThreadModel::Single, marks_oops_alive: false
[1221.894s][debug][gc,ref         ] GC(56) Skipped KeepAliveFinalRefsPhase of Reference Processing: no references
[1221.894s][debug][gc,ref         ] GC(56) ReferenceProcessor::execute queues: 1, RefProcThreadModel::Single, marks_oops_alive: false
[1221.894s][debug][gc,phases      ] GC(56) Reference Processing 0.134ms
[1221.894s][debug][gc,phases      ] GC(56)   VM Weak                        Min:  0.0, Avg:  0.0, Max:  0.0, Diff:  0.0, Sum:  0.0, Workers: 4
[1221.894s][debug][gc,phases      ] GC(56)     Dead                           Min: 0, Avg:  0.0, Max: 0, Diff: 0, Sum: 0, Workers: 4
[1221.894s][debug][gc,phases      ] GC(56)     Total                          Min: 0, Avg: 264.2, Max: 801, Diff: 801, Sum: 1057, Workers: 4
[1221.894s][debug][gc,phases      ] GC(56)   ObjectSynchronizer Weak        Min:  0.0, Avg:  0.0, Max:  0.0, Diff:  0.0, Sum:  0.0, Workers: 4
[1221.894s][debug][gc,phases      ] GC(56)     Dead                           Min: 0, Avg:  0.0, Max: 0, Diff: 0, Sum: 0, Workers: 4
[1221.894s][debug][gc,phases      ] GC(56)     Total                          Min: 0, Avg:  1.0, Max: 4, Diff: 4, Sum: 4, Workers: 4
[1221.894s][debug][gc,phases      ] GC(56)   JVMTI Tag Weak OopStorage      Min:  0.0, Avg:  0.0, Max:  0.0, Diff:  0.0, Sum:  0.0, Workers: 4
[1221.894s][debug][gc,phases      ] GC(56)     Dead                           Min: 0, Avg:  0.0, Max: 0, Diff: 0, Sum: 0, Workers: 4
[1221.894s][debug][gc,phases      ] GC(56)     Total                          Min: 0, Avg:  0.0, Max: 0, Diff: 0, Sum: 0, Workers: 4
[1221.894s][debug][gc,phases      ] GC(56)   StringTable Weak               Min:  0.0, Avg:  0.1, Max:  0.2, Diff:  0.2, Sum:  0.4, Workers: 4
[1221.894s][debug][gc,phases      ] GC(56)     Dead                           Min: 0, Avg:  0.0, Max: 0, Diff: 0, Sum: 0, Workers: 4
[1221.894s][debug][gc,phases      ] GC(56)     Total                          Min: 0, Avg: 12368.8, Max: 27584, Diff: 27584, Sum: 49475, Workers: 4
[1221.894s][debug][gc,phases      ] GC(56)   ResolvedMethodTable Weak       Min:  0.0, Avg:  0.0, Max:  0.1, Diff:  0.1, Sum:  0.2, Workers: 4
[1221.894s][debug][gc,phases      ] GC(56)     Dead                           Min: 0, Avg:  4.0, Max: 16, Diff: 16, Sum: 16, Workers: 4
[1221.894s][debug][gc,phases      ] GC(56)     Total                          Min: 0, Avg: 3936.8, Max: 8298, Diff: 8298, Sum: 15747, Workers: 4
[1221.894s][debug][gc,phases      ] GC(56)   JNI Weak                       Min:  0.0, Avg:  0.0, Max:  0.0, Diff:  0.0, Sum:  0.0, Workers: 4
[1221.894s][debug][gc,phases      ] GC(56)     Dead                           Min: 0, Avg:  0.0, Max: 0, Diff: 0, Sum: 0, Workers: 4
[1221.894s][debug][gc,phases      ] GC(56)     Total                          Min: 0, Avg: 13.0, Max: 52, Diff: 52, Sum: 52, Workers: 4
[1221.894s][debug][gc,phases      ] GC(56)   StringDedup Table Weak         Min:  0.0, Avg:  0.0, Max:  0.0, Diff:  0.0, Sum:  0.0, Workers: 4
[1221.894s][debug][gc,phases      ] GC(56)     Dead                           Min: 0, Avg:  0.0, Max: 0, Diff: 0, Sum: 0, Workers: 4
[1221.894s][debug][gc,phases      ] GC(56)     Total                          Min: 0, Avg:  0.0, Max: 0, Diff: 0, Sum: 0, Workers: 4
[1221.894s][debug][gc,phases      ] GC(56)   StringDedup Requests0 Weak     Min:  0.0, Avg:  0.0, Max:  0.0, Diff:  0.0, Sum:  0.0, Workers: 4
[1221.894s][debug][gc,phases      ] GC(56)     Dead                           Min: 0, Avg:  0.0, Max: 0, Diff: 0, Sum: 0, Workers: 4
[1221.894s][debug][gc,phases      ] GC(56)     Total                          Min: 0, Avg:  0.0, Max: 0, Diff: 0, Sum: 0, Workers: 4
[1221.894s][debug][gc,phases      ] GC(56)   StringDedup Requests1 Weak     Min:  0.0, Avg:  0.0, Max:  0.0, Diff:  0.0, Sum:  0.0, Workers: 4
[1221.894s][debug][gc,phases      ] GC(56)     Dead                           Min: 0, Avg:  0.0, Max: 0, Diff: 0, Sum: 0, Workers: 4
[1221.894s][debug][gc,phases      ] GC(56)     Total                          Min: 0, Avg:  0.0, Max: 0, Diff: 0, Sum: 0, Workers: 4
[1221.894s][debug][gc,phases      ] GC(56)   Weak JFR Old Object Samples    Min:  0.0, Avg:  0.0, Max:  0.0, Diff:  0.0, Sum:  0.0, Workers: 4
[1221.894s][debug][gc,phases      ] GC(56)     Dead                           Min: 0, Avg:  0.0, Max: 0, Diff: 0, Sum: 0, Workers: 4
[1221.894s][debug][gc,phases      ] GC(56)     Total                          Min: 0, Avg:  0.0, Max: 0, Diff: 0, Sum: 0, Workers: 4
[1221.894s][debug][gc,phases      ] GC(56) Weak Processing 0.497ms
[1221.894s][debug][gc,age         ] GC(56) Desired survivor size 43515904 bytes, new threshold 1 (max threshold 15)
[1221.894s][info ][gc,heap        ] GC(56) PSYoungGen: 2027248K(2050560K)->10064K(2051584K) Eden: 2006016K(2006016K)->0K(2006016K) From: 21232K(44544K)->10064K(45568K)
[1221.894s][info ][gc,heap        ] GC(56) ParOldGen: 472675K(473088K)->492779K(493056K)
[1221.894s][info ][gc,metaspace   ] GC(56) Metaspace: 113230K(114624K)->113230K(114624K) NonClass: 96254K(97024K)->96254K(97024K) Class: 16975K(17600K)->16975K(17600K)
[1221.894s][info ][gc             ] GC(56) Pause Young (Allocation Failure) 2441M->491M(2485M) 19.631ms
[1221.894s][info ][gc,cpu         ] GC(56) User=0.05s Sys=0.01s Real=0.01s
[1221.894s][info ][safepoint      ] Safepoint "ParallelGCFailedAllocation", Time since last: 7380109063 ns, Reaching safepoint: 9101 ns, Cleanup: 3800 ns, At safepoint: 19730318 ns, Total: 19743219 ns
[1223.895s][info ][safepoint      ] Safepoint "Cleanup", Time since last: 2000193541 ns, Reaching safepoint: 84506 ns, Cleanup: 42303 ns, At safepoint: 14901 ns, Total: 141710 ns
[1224.895s][info ][safepoint      ] Safepoint "Cleanup", Time since last: 1000138346 ns, Reaching safepoint: 9101 ns, Cleanup: 11901 ns, At safepoint: 3100 ns, Total: 24102 ns
[1227.895s][info ][safepoint      ] Safepoint "Cleanup", Time since last: 3000280528 ns, Reaching safepoint: 10600 ns, Cleanup: 15602 ns, At safepoint: 2800 ns, Total: 29002 ns
[1277.513s][info ][safepoint      ] Safepoint "Cleanup", Time since last: 49618155864 ns, Reaching safepoint: 11501 ns, Cleanup: 15401 ns, At safepoint: 3800 ns, Total: 30702 ns
[1279.513s][info ][safepoint      ] Safepoint "Cleanup", Time since last: 2000254711 ns, Reaching safepoint: 11801 ns, Cleanup: 15301 ns, At safepoint: 2900 ns, Total: 30002 ns
[1284.514s][info ][safepoint      ] Safepoint "Cleanup", Time since last: 5000522579 ns, Reaching safepoint: 12601 ns, Cleanup: 28702 ns, At safepoint: 3000 ns, Total: 44303 ns
[1327.534s][info ][safepoint      ] Safepoint "Cleanup", Time since last: 43019877815 ns, Reaching safepoint: 13101 ns, Cleanup: 15001 ns, At safepoint: 3400 ns, Total: 31502 ns
[1343.916s][info ][safepoint      ] Safepoint "Cleanup", Time since last: 16381988754 ns, Reaching safepoint: 3800 ns, Cleanup: 23402 ns, At safepoint: 8100 ns, Total: 35302 ns
[1343.942s][info ][safepoint      ] Safepoint "JFRCheckpoint", Time since last: 25245006 ns, Reaching safepoint: 713443 ns, Cleanup: 12501 ns, At safepoint: 38302 ns, Total: 764246 ns
[1343.946s][info ][gc,heap,exit   ] Heap
[1343.946s][info ][gc,heap,exit   ]  PSYoungGen      total 2051584K, used 320214K [0x0000000780000000, 0x0000000800000000, 0x0000000800000000)
[1343.946s][info ][gc,heap,exit   ]   eden space 2006016K, 15% used [0x0000000780000000,0x0000000792ee1a58,0x00000007fa700000)
[1343.946s][info ][gc,heap,exit   ]   from space 45568K, 22% used [0x00000007fa700000,0x00000007fb0d4108,0x00000007fd380000)
[1343.946s][info ][gc,heap,exit   ]   to   space 42496K, 0% used [0x00000007fd680000,0x00000007fd680000,0x0000000800000000)
[1343.946s][info ][gc,heap,exit   ]  ParOldGen       total 493056K, used 492779K [0x00000006c0000000, 0x00000006de180000, 0x0000000780000000)
[1343.946s][info ][gc,heap,exit   ]   object space 493056K, 99% used [0x00000006c0000000,0x00000006de13ac18,0x00000006de180000)
[1343.946s][info ][gc,heap,exit   ]  Metaspace       used 113410K, committed 114816K, reserved 1179648K
[1343.946s][info ][gc,heap,exit   ]   class space    used 17005K, committed 17600K, reserved 1048576K
